Component: Arm Compiler for Embedded 6.22 Tool: armlink [5ee90200]

==============================================================================

Section Cross References

    startup_at32f421.o(RESET) refers to startup_at32f421.o(STACK) for __initial_sp
    startup_at32f421.o(RESET) refers to startup_at32f421.o(.text) for Reset_Handler
    startup_at32f421.o(RESET) refers to lto-llvm-dfd08f.o(.text.NMI_Handler) for NMI_Handler
    startup_at32f421.o(RESET) refers to lto-llvm-dfd08f.o(.text.HardFault_Handler) for HardFault_Handler
    startup_at32f421.o(RESET) refers to lto-llvm-dfd08f.o(.text.MemManage_Handler) for MemManage_Handler
    startup_at32f421.o(RESET) refers to lto-llvm-dfd08f.o(.text.BusFault_Handler) for BusFault_Handler
    startup_at32f421.o(RESET) refers to lto-llvm-dfd08f.o(.text.UsageFault_Handler) for UsageFault_Handler
    startup_at32f421.o(RESET) refers to lto-llvm-dfd08f.o(.text.SVC_Handler) for SVC_Handler
    startup_at32f421.o(RESET) refers to lto-llvm-dfd08f.o(.text.DebugMon_Handler) for DebugMon_Handler
    startup_at32f421.o(RESET) refers to lto-llvm-dfd08f.o(.text.PendSV_Handler) for PendSV_Handler
    startup_at32f421.o(RESET) refers to systick_wrapper_gnu.o(.text) for SysTick_Handler
    startup_at32f421.o(RESET) refers to lto-llvm-dfd08f.o(.text.USART1_IRQHandler) for USART1_IRQHandler
    startup_at32f421.o(.text) refers to lto-llvm-dfd08f.o(.text.SystemInit) for SystemInit
    startup_at32f421.o(.text) refers to entry.o(.ARM.Collect$$$$00000000) for __main
    systick_wrapper_gnu.o(.text) refers to lto-llvm-dfd08f.o(.text.perfc_port_insert_to_system_timer_insert_ovf_handler) for perfc_port_insert_to_system_timer_insert_ovf_handler
    systick_wrapper_gnu.o(.text) refers to lto-llvm-dfd08f.o(.text.SysTick_Handler) for $Super$$SysTick_Handler
    entry.o(.ARM.Collect$$$$00000000) refers (Special) to entry10a.o(.ARM.Collect$$$$0000000D) for __rt_final_cpp
    entry.o(.ARM.Collect$$$$00000000) refers (Special) to entry11a.o(.ARM.Collect$$$$0000000F) for __rt_final_exit
    entry.o(.ARM.Collect$$$$00000000) refers (Special) to entry7b.o(.ARM.Collect$$$$00000008) for _main_clock
    entry.o(.ARM.Collect$$$$00000000) refers (Special) to entry8b.o(.ARM.Collect$$$$0000000A) for _main_cpp_init
    entry.o(.ARM.Collect$$$$00000000) refers (Special) to entry9a.o(.ARM.Collect$$$$0000000B) for _main_init
    entry.o(.ARM.Collect$$$$00000000) refers (Special) to entry5.o(.ARM.Collect$$$$00000004) for _main_scatterload
    entry.o(.ARM.Collect$$$$00000000) refers (Special) to entry2.o(.ARM.Collect$$$$00000001) for _main_stk
    fputs.o(i.fputs) refers to lto-llvm-dfd08f.o(.text.fputc) for fputc
    fputs_e.o(.text) refers to lto-llvm-dfd08f.o(.text.fputc) for fputc
    printfa.o(i.__0fprintf) refers (Special) to iusefp.o(.text) for __I$use$fp
    printfa.o(i.__0fprintf) refers to printfa.o(i._printf_core) for _printf_core
    printfa.o(i.__0fprintf) refers to lto-llvm-dfd08f.o(.text.fputc) for fputc
    printfa.o(i.__0printf) refers (Special) to iusefp.o(.text) for __I$use$fp
    printfa.o(i.__0printf) refers to printfa.o(i._printf_core) for _printf_core
    printfa.o(i.__0printf) refers to lto-llvm-dfd08f.o(.text.fputc) for fputc
    printfa.o(i.__0printf) refers to stdout.o(.data) for __stdout
    printfa.o(i.__0snprintf) refers (Special) to iusefp.o(.text) for __I$use$fp
    printfa.o(i.__0snprintf) refers to printfa.o(i._printf_core) for _printf_core
    printfa.o(i.__0snprintf) refers to printfa.o(i._snputc) for _snputc
    printfa.o(i.__0sprintf) refers (Special) to iusefp.o(.text) for __I$use$fp
    printfa.o(i.__0sprintf) refers to printfa.o(i._printf_core) for _printf_core
    printfa.o(i.__0sprintf) refers to printfa.o(i._sputc) for _sputc
    printfa.o(i.__0vfprintf) refers (Special) to iusefp.o(.text) for __I$use$fp
    printfa.o(i.__0vfprintf) refers to printfa.o(i._printf_core) for _printf_core
    printfa.o(i.__0vfprintf) refers to lto-llvm-dfd08f.o(.text.fputc) for fputc
    printfa.o(i.__0vprintf) refers (Special) to iusefp.o(.text) for __I$use$fp
    printfa.o(i.__0vprintf) refers to printfa.o(i._printf_core) for _printf_core
    printfa.o(i.__0vprintf) refers to lto-llvm-dfd08f.o(.text.fputc) for fputc
    printfa.o(i.__0vprintf) refers to stdout.o(.data) for __stdout
    printfa.o(i.__0vsnprintf) refers (Special) to iusefp.o(.text) for __I$use$fp
    printfa.o(i.__0vsnprintf) refers to printfa.o(i._printf_core) for _printf_core
    printfa.o(i.__0vsnprintf) refers to printfa.o(i._snputc) for _snputc
    printfa.o(i.__0vsprintf) refers (Special) to iusefp.o(.text) for __I$use$fp
    printfa.o(i.__0vsprintf) refers to printfa.o(i._printf_core) for _printf_core
    printfa.o(i.__0vsprintf) refers to printfa.o(i._sputc) for _sputc
    printfa.o(i._fp_digits) refers (Special) to iusefp.o(.text) for __I$use$fp
    printfa.o(i._fp_digits) refers to dmul.o(.text) for __aeabi_dmul
    printfa.o(i._fp_digits) refers to ddiv.o(.text) for __aeabi_ddiv
[...]
    lto-llvm-dfd08f.o(.init_array) refers to lto-llvm-dfd08f.o(.text.__perf_counter_init) for __perf_counter_init
    lto-llvm-dfd08f.o(.bss.g_nOffset) refers (Special) to systick_wrapper_gnu.o(.text) for __ensure_systick_wrapper
    lto-llvm-dfd08f.o(.bss.g_lLastTimeStamp) refers (Special) to systick_wrapper_gnu.o(.text) for __ensure_systick_wrapper
    lto-llvm-dfd08f.o(.bss.s_lSystemClockCounts) refers (Special) to systick_wrapper_gnu.o(.text) for __ensure_systick_wrapper
    lto-llvm-dfd08f.o(.bss.s_wMSResidule) refers (Special) to systick_wrapper_gnu.o(.text) for __ensure_systick_wrapper
    lto-llvm-dfd08f.o(.data.s_wMSUnit) refers (Special) to systick_wrapper_gnu.o(.text) for __ensure_systick_wrapper
    lto-llvm-dfd08f.o(.bss.s_lSystemMS) refers (Special) to systick_wrapper_gnu.o(.text) for __ensure_systick_wrapper
    lto-llvm-dfd08f.o(.bss.s_wUSResidule) refers (Special) to systick_wrapper_gnu.o(.text) for __ensure_systick_wrapper
    lto-llvm-dfd08f.o(.data.s_wUSUnit) refers (Special) to systick_wrapper_gnu.o(.text) for __ensure_systick_wrapper
    lto-llvm-dfd08f.o(.bss.s_lSystemUS) refers (Special) to systick_wrapper_gnu.o(.text) for __ensure_systick_wrapper
    lto-llvm-dfd08f.o(.bss.s_lOldTimestamp) refers (Special) to systick_wrapper_gnu.o(.text) for __ensure_systick_wrapper
    lto-llvm-dfd08f.o(.bss.s_lOldTimestampUS) refers (Special) to systick_wrapper_gnu.o(.text) for __ensure_systick_wrapper
    lto-llvm-dfd08f.o(.bss.s_lOldTimestampMS) refers (Special) to systick_wrapper_gnu.o(.text) for __ensure_systick_wrapper
    lto-llvm-dfd08f.o(.data.SystemCoreClock) refers (Special) to systick_wrapper_gnu.o(.text) for __ensure_systick_wrapper
    ldiv.o(.text) refers to uldiv.o(.text) for __aeabi_uldivmod
    cpp_init.o(.emb_text) refers (Special) to entry8a.o(.ARM.Collect$$$$00000009) for _main_cpp_init$empty
    cpp_init.o(.init_array) refers (Special) to entry8a.o(.ARM.Collect$$$$00000009) for _main_cpp_init$empty
    cpp_init.o(.dummy_text) refers (Special) to entry8a.o(.ARM.Collect$$$$00000009) for _main_cpp_init$empty
    cpp_init.o(.text) refers (Special) to entry8a.o(.ARM.Collect$$$$00000009) for _main_cpp_init$empty


==============================================================================

Removing Unused input sections from the image.

    Removing startup_at32f421.o(HEAP), (512 bytes).
    Removing lto-llvm-dfd08f.o(.text), (0 bytes).
    Removing lto-llvm-dfd08f.o(.ARM.exidx.text.NMI_Handler), (8 bytes).
    Removing lto-llvm-dfd08f.o(.ARM.exidx.text.HardFault_Handler), (8 bytes).
    Removing lto-llvm-dfd08f.o(.ARM.exidx.text.MemManage_Handler), (8 bytes).
    Removing lto-llvm-dfd08f.o(.ARM.exidx.text.BusFault_Handler), (8 bytes).
    Removing lto-llvm-dfd08f.o(.ARM.exidx.text.UsageFault_Handler), (8 bytes).
    Removing lto-llvm-dfd08f.o(.ARM.exidx.text.SVC_Handler), (8 bytes).
    Removing lto-llvm-dfd08f.o(.ARM.exidx.text.DebugMon_Handler), (8 bytes).
    Removing lto-llvm-dfd08f.o(.ARM.exidx.text.PendSV_Handler), (8 bytes).
    Removing lto-llvm-dfd08f.o(.ARM.exidx.text.SysTick_Handler), (8 bytes).
    Removing lto-llvm-dfd08f.o(.ARM.exidx.text.USART1_IRQHandler), (8 bytes).
    Removing lto-llvm-dfd08f.o(.ARM.exidx.text.wk_system_clock_config), (8 bytes).
    Removing lto-llvm-dfd08f.o(.ARM.exidx.text.wk_periph_clock_config), (8 bytes).
    Removing lto-llvm-dfd08f.o(.ARM.exidx.text.wk_nvic_config), (8 bytes).
    Removing lto-llvm-dfd08f.o(.ARM.exidx.text.__NVIC_GetPriorityGrouping), (8 bytes).
    Removing lto-llvm-dfd08f.o(.ARM.exidx.text.NVIC_EncodePriority), (8 bytes).
    Removing lto-llvm-dfd08f.o(.ARM.exidx.text.__NVIC_SetPriority), (8 bytes).
    Removing lto-llvm-dfd08f.o(.ARM.exidx.text.main), (8 bytes).
    Removing lto-llvm-dfd08f.o(.ARM.exidx.text.iap_task), (8 bytes).
    Removing lto-llvm-dfd08f.o(.ARM.exidx.text.led_task), (8 bytes).
    Removing lto-llvm-dfd08f.o(.ARM.exidx.text.sensor_task), (8 bytes).
    Removing lto-llvm-dfd08f.o(.ARM.exidx.text.wk_timebase_increase), (8 bytes).
    Removing lto-llvm-dfd08f.o(.ARM.exidx.text.wk_timebase_init), (8 bytes).
    Removing lto-llvm-dfd08f.o(.ARM.exidx.text.wk_timebase_handler), (8 bytes).
    Removing lto-llvm-dfd08f.o(.ARM.exidx.text.wk_usart1_init), (8 bytes).
    Removing lto-llvm-dfd08f.o(.ARM.exidx.text.iap_command_handle), (8 bytes).
    Removing lto-llvm-dfd08f.o(.ARM.exidx.text.iap_init), (8 bytes).
    Removing lto-llvm-dfd08f.o(.ARM.exidx.text.wk_gpio_config), (8 bytes).
    Removing lto-llvm-dfd08f.o(.ARM.exidx.text.tmt_init), (8 bytes).
    Removing lto-llvm-dfd08f.o(.ARM.exidx.text.tmt_run), (8 bytes).
    Removing lto-llvm-dfd08f.o(.ARM.exidx.text.tmt_update_tick), (8 bytes).
    Removing lto-llvm-dfd08f.o(.ARM.exidx.text.tmt_create), (8 bytes).
    Removing lto-llvm-dfd08f.o(.ARM.exidx.text.tmt_delete), (8 bytes).
    Removing lto-llvm-dfd08f.o(.ARM.exidx.text.tmt_time_ctrl), (8 bytes).
    Removing lto-llvm-dfd08f.o(.ARM.exidx.text.tmt_run_ctrl), (8 bytes).
    Removing lto-llvm-dfd08f.o(.ARM.exidx.text.crm_reset), (8 bytes).
    Removing lto-llvm-dfd08f.o(.ARM.exidx.text.crm_flag_get), (8 bytes).
    Removing lto-llvm-dfd08f.o(.ARM.exidx.text.crm_periph_clock_enable), (8 bytes).
    Removing lto-llvm-dfd08f.o(.ARM.exidx.text.crm_clock_source_enable), (8 bytes).
    Removing lto-llvm-dfd08f.o(.ARM.exidx.text.crm_ahb_div_set), (8 bytes).
    Removing lto-llvm-dfd08f.o(.ARM.exidx.text.crm_apb1_div_set), (8 bytes).
    Removing lto-llvm-dfd08f.o(.ARM.exidx.text.crm_apb2_div_set), (8 bytes).
    Removing lto-llvm-dfd08f.o(.ARM.exidx.text.crm_pll_config), (8 bytes).
    Removing lto-llvm-dfd08f.o(.ARM.exidx.text.crm_sysclk_switch), (8 bytes).
    Removing lto-llvm-dfd08f.o(.ARM.exidx.text.crm_sysclk_switch_status_get), (8 bytes).
    Removing lto-llvm-dfd08f.o(.ARM.exidx.text.crm_clocks_freq_get), (8 bytes).
    Removing lto-llvm-dfd08f.o(.ARM.exidx.text.crm_auto_step_mode_enable), (8 bytes).
    Removing lto-llvm-dfd08f.o(.ARM.exidx.text.gpio_init), (8 bytes).
    Removing lto-llvm-dfd08f.o(.ARM.exidx.text.gpio_default_para_init), (8 bytes).
    Removing lto-llvm-dfd08f.o(.ARM.exidx.text.gpio_output_data_bit_read), (8 bytes).
    Removing lto-llvm-dfd08f.o(.ARM.exidx.text.gpio_bits_set), (8 bytes).
    Removing lto-llvm-dfd08f.o(.ARM.exidx.text.gpio_bits_reset), (8 bytes).
    Removing lto-llvm-dfd08f.o(.ARM.exidx.text.gpio_pin_mux_config), (8 bytes).
    Removing lto-llvm-dfd08f.o(.ARM.exidx.text.usart_init), (8 bytes).
    Removing lto-llvm-dfd08f.o(.ARM.exidx.text.usart_parity_selection_config), (8 bytes).
    Removing lto-llvm-dfd08f.o(.ARM.exidx.text.usart_enable), (8 bytes).
    Removing lto-llvm-dfd08f.o(.ARM.exidx.text.usart_transmitter_enable), (8 bytes).
    Removing lto-llvm-dfd08f.o(.ARM.exidx.text.usart_receiver_enable), (8 bytes).
    Removing lto-llvm-dfd08f.o(.ARM.exidx.text.usart_interrupt_enable), (8 bytes).
    Removing lto-llvm-dfd08f.o(.ARM.exidx.text.usart_data_receive), (8 bytes).
    Removing lto-llvm-dfd08f.o(.ARM.exidx.text.usart_hardware_flow_control_set), (8 bytes).
    Removing lto-llvm-dfd08f.o(.ARM.exidx.text.usart_interrupt_flag_get), (8 bytes).
    Removing lto-llvm-dfd08f.o(.ARM.exidx.text.flash_operation_status_get), (8 bytes).
    Removing lto-llvm-dfd08f.o(.ARM.exidx.text.flash_operation_wait_for), (8 bytes).
    Removing lto-llvm-dfd08f.o(.ARM.exidx.text.flash_unlock), (8 bytes).
    Removing lto-llvm-dfd08f.o(.ARM.exidx.text.flash_lock), (8 bytes).
    Removing lto-llvm-dfd08f.o(.ARM.exidx.text.flash_sector_erase), (8 bytes).
    Removing lto-llvm-dfd08f.o(.ARM.exidx.text.flash_word_program), (8 bytes).
    Removing lto-llvm-dfd08f.o(.ARM.exidx.text.nvic_system_reset), (8 bytes).
    Removing lto-llvm-dfd08f.o(.ARM.exidx.text.__NVIC_SystemReset), (8 bytes).
    Removing lto-llvm-dfd08f.o(.ARM.exidx.text.nvic_irq_enable), (8 bytes).
    Removing lto-llvm-dfd08f.o(.ARM.exidx.text.__NVIC_GetPriorityGrouping.89), (8 bytes).
    Removing lto-llvm-dfd08f.o(.ARM.exidx.text.NVIC_EncodePriority.90), (8 bytes).
    Removing lto-llvm-dfd08f.o(.ARM.exidx.text.__NVIC_SetPriority.91), (8 bytes).
    Removing lto-llvm-dfd08f.o(.ARM.exidx.text.__NVIC_EnableIRQ), (8 bytes).
    Removing lto-llvm-dfd08f.o(.ARM.exidx.text.nvic_priority_group_config), (8 bytes).
    Removing lto-llvm-dfd08f.o(.ARM.exidx.text.__NVIC_SetPriorityGrouping), (8 bytes).
    Removing lto-llvm-dfd08f.o(.ARM.exidx.text.nvic_vector_table_set), (8 bytes).
    Removing lto-llvm-dfd08f.o(.ARM.exidx.text.systick_clock_source_config), (8 bytes).
    Removing lto-llvm-dfd08f.o(.ARM.exidx.text.SystemInit), (8 bytes).
    Removing lto-llvm-dfd08f.o(.ARM.exidx.text.system_core_clock_update), (8 bytes).
    Removing lto-llvm-dfd08f.o(.ARM.exidx.text.SensorProc), (8 bytes).
    Removing lto-llvm-dfd08f.o(.ARM.exidx.text.fputc), (8 bytes).
    Removing lto-llvm-dfd08f.o(.text.fgetc), (12 bytes).
    Removing lto-llvm-dfd08f.o(.ARM.exidx.text.fgetc), (8 bytes).
    Removing lto-llvm-dfd08f.o(.ARM.exidx.text.stdout_putchar), (8 bytes).
    Removing lto-llvm-dfd08f.o(.ARM.exidx.text.EventRecorderInitialize), (8 bytes).
    Removing lto-llvm-dfd08f.o(.ARM.exidx.text.crc16_ccitt), (8 bytes).
    Removing lto-llvm-dfd08f.o(.ARM.exidx.text.EventRecorderEnable), (8 bytes).
    Removing lto-llvm-dfd08f.o(.ARM.exidx.text.EventGetTS), (8 bytes).
    Removing lto-llvm-dfd08f.o(.ARM.exidx.text.EventRecordItem), (8 bytes).
    Removing lto-llvm-dfd08f.o(.ARM.exidx.text.EventRecorderStart), (8 bytes).
    Removing lto-llvm-dfd08f.o(.ARM.exidx.text.GetRecordIndex), (8 bytes).
    Removing lto-llvm-dfd08f.o(.ARM.exidx.text.LockRecord), (8 bytes).
    Removing lto-llvm-dfd08f.o(.ARM.exidx.text.UnlockRecord), (8 bytes).
    Removing lto-llvm-dfd08f.o(.ARM.exidx.text.IncrementRecordsWritten), (8 bytes).
    Removing lto-llvm-dfd08f.o(.ARM.exidx.text.IncrementRecordsDumped), (8 bytes).
    Removing lto-llvm-dfd08f.o(.ARM.exidx.text.atomic_inc_32), (8 bytes).
    Removing lto-llvm-dfd08f.o(.ARM.exidx.text.atomic_cmp_xch_32), (8 bytes).
    Removing lto-llvm-dfd08f.o(.ARM.exidx.text.EventRecordData), (8 bytes).
    Removing lto-llvm-dfd08f.o(.ARM.exidx.text.EventCheckFilter), (8 bytes).
    Removing lto-llvm-dfd08f.o(.ARM.exidx.text.GetContext), (8 bytes).
    Removing lto-llvm-dfd08f.o(.ARM.exidx.text.atomic_inc_8), (8 bytes).
    Removing lto-llvm-dfd08f.o(.ARM.exidx.text.__perf_counter_init), (8 bytes).
    Removing lto-llvm-dfd08f.o(.ARM.exidx.text.init_cycle_counter), (8 bytes).
    Removing lto-llvm-dfd08f.o(.ARM.exidx.text.perfc_port_disable_global_interrupt), (8 bytes).
    Removing lto-llvm-dfd08f.o(.ARM.exidx.text.perfc_port_resume_global_interrupt), (8 bytes).
    Removing lto-llvm-dfd08f.o(.ARM.exidx.text.update_perf_counter), (8 bytes).
    Removing lto-llvm-dfd08f.o(.text.__perf_os_patch_init), (2 bytes).
    Removing lto-llvm-dfd08f.o(.ARM.exidx.text.__perf_os_patch_init), (8 bytes).
    Removing lto-llvm-dfd08f.o(.ARM.exidx.text.get_system_ticks), (8 bytes).
    Removing lto-llvm-dfd08f.o(.ARM.exidx.text.check_systick), (8 bytes).
    Removing lto-llvm-dfd08f.o(.ARM.exidx.text.perfc_port_insert_to_system_timer_insert_ovf_handler), (8 bytes).
    Removing lto-llvm-dfd08f.o(.text.EventRecorderTimerSetup), (2 bytes).
    Removing lto-llvm-dfd08f.o(.ARM.exidx.text.EventRecorderTimerSetup), (8 bytes).
    Removing lto-llvm-dfd08f.o(.ARM.exidx.text.EventRecorderTimerGetFreq), (8 bytes).
    Removing lto-llvm-dfd08f.o(.ARM.exidx.text.EventRecorderTimerGetCount), (8 bytes).
    Removing lto-llvm-dfd08f.o(.ARM.exidx.text.perfc_port_init_system_timer), (8 bytes).
    Removing lto-llvm-dfd08f.o(.ARM.exidx.text.perfc_port_disable_global_interrupt.122), (8 bytes).
    Removing lto-llvm-dfd08f.o(.ARM.exidx.text.perfc_port_resume_global_interrupt.123), (8 bytes).
    Removing lto-llvm-dfd08f.o(.ARM.exidx.text.perfc_port_get_system_timer_freq), (8 bytes).
    Removing lto-llvm-dfd08f.o(.ARM.exidx.text.perfc_port_is_system_timer_ovf_pending), (8 bytes).
    Removing lto-llvm-dfd08f.o(.ARM.exidx.text.perfc_port_get_system_timer_top), (8 bytes).
    Removing lto-llvm-dfd08f.o(.ARM.exidx.text.perfc_port_get_system_timer_elapsed), (8 bytes).
    Removing lto-llvm-dfd08f.o(.ARM.exidx.text.perfc_port_clear_system_timer_ovf_pending), (8 bytes).
    Removing lto-llvm-dfd08f.o(.ARM.use_no_argv), (4 bytes).

127 unused section(s) (total 1500 bytes) removed from the image.

==============================================================================

Image Symbol Table

    Local Symbols

    Symbol Name                              Value     Ov Type        Size  Object(Section)

    ../clib/division.s                       0x00000000   Number         0  aeabi_sdiv.o ABSOLUTE
    ../clib/microlib/cpp/cpp_init.c          0x00000000   Number         0  cpp_init.o ABSOLUTE
    ../clib/microlib/cpp/cpp_init.c          0x00000000   Number         0  cpp_init.o ABSOLUTE
    ../clib/microlib/division.c              0x00000000   Number         0  uidiv.o ABSOLUTE
    ../clib/microlib/division.c              0x00000000   Number         0  uldiv.o ABSOLUTE
    ../clib/microlib/division.c              0x00000000   Number         0  ldiv.o ABSOLUTE
    ../clib/microlib/init/entry.s            0x00000000   Number         0  entry.o ABSOLUTE
    ../clib/microlib/init/entry.s            0x00000000   Number         0  entry2.o ABSOLUTE
    ../clib/microlib/init/entry.s            0x00000000   Number         0  entry5.o ABSOLUTE
    ../clib/microlib/init/entry.s            0x00000000   Number         0  entry7a.o ABSOLUTE
    ../clib/microlib/init/entry.s            0x00000000   Number         0  entry7b.o ABSOLUTE
    ../clib/microlib/init/entry.s            0x00000000   Number         0  entry8a.o ABSOLUTE
    ../clib/microlib/init/entry.s            0x00000000   Number         0  entry8b.o ABSOLUTE
    ../clib/microlib/init/entry.s            0x00000000   Number         0  entry9a.o ABSOLUTE
    ../clib/microlib/init/entry.s            0x00000000   Number         0  entry9b.o ABSOLUTE
    ../clib/microlib/init/entry.s            0x00000000   Number         0  entry10a.o ABSOLUTE
    ../clib/microlib/init/entry.s            0x00000000   Number         0  entry10b.o ABSOLUTE
    ../clib/microlib/init/entry.s            0x00000000   Number         0  entry11a.o ABSOLUTE
    ../clib/microlib/init/entry.s            0x00000000   Number         0  entry11b.o ABSOLUTE
    ../clib/microlib/longlong.c              0x00000000   Number         0  llshl.o ABSOLUTE
    ../clib/microlib/longlong.c              0x00000000   Number         0  llushr.o ABSOLUTE
    ../clib/microlib/longlong.c              0x00000000   Number         0  llsshr.o ABSOLUTE
    ../clib/microlib/printf/printf.c         0x00000000   Number         0  printfa.o ABSOLUTE
    ../clib/microlib/stdio/fputs.c           0x00000000   Number         0  fputs.o ABSOLUTE
    ../clib/microlib/stdio/fputs.c           0x00000000   Number         0  fputs_e.o ABSOLUTE
    ../clib/microlib/stdio/streams.c         0x00000000   Number         0  stdout.o ABSOLUTE
    ../clib/microlib/stdio/streams.c         0x00000000   Number         0  stderr.o ABSOLUTE
    ../clib/microlib/string/memcpy.c         0x00000000   Number         0  memcpya.o ABSOLUTE
    ../clib/microlib/string/memcpy.c         0x00000000   Number         0  memcpyb.o ABSOLUTE
    ../clib/microlib/string/memset.c         0x00000000   Number         0  memseta.o ABSOLUTE
    ../clib/microlib/stubs.s                 0x00000000   Number         0  iusefp.o ABSOLUTE
    ../clib/r_arm_target.c                   0x00000000   Number         0  __ARM_resolve_target1.o ABSOLUTE
    ../clib/r_arm_target.c                   0x00000000   Number         0  __ARM_resolve_target1_abs32.o ABSOLUTE
    ../fplib/microlib/fpadd.c                0x00000000   Number         0  dadd.o ABSOLUTE
    ../fplib/microlib/fpdiv.c                0x00000000   Number         0  ddiv.o ABSOLUTE
    ../fplib/microlib/fpepilogue.c           0x00000000   Number         0  depilogue.o ABSOLUTE
    ../fplib/microlib/fpfix.c                0x00000000   Number         0  dfixul.o ABSOLUTE
    ../fplib/microlib/fpmul.c                0x00000000   Number         0  dmul.o ABSOLUTE
    cdrcmple.s                               0x00000000   Number         0  cdrcmple.o ABSOLUTE
    dc.s                                     0x00000000   Number         0  dc.o ABSOLUTE
    handlers.s                               0x00000000   Number         0  handlers.o ABSOLUTE
    init.s                                   0x00000000   Number         0  init.o ABSOLUTE
    ld-temp.o                                0x00000000   Number         0  lto-llvm-dfd08f.o ABSOLUTE
    startup_at32f421.s                       0x00000000   Number         0  startup_at32f421.o ABSOLUTE
    RESET                                    0x08004000   Section      204  startup_at32f421.o(RESET)
    .ARM.Collect$$$$00000000                 0x080040cc   Section        0  entry.o(.ARM.Collect$$$$00000000)
    .ARM.Collect$$$$00000001                 0x080040cc   Section        4  entry2.o(.ARM.Collect$$$$00000001)
    .ARM.Collect$$$$00000004                 0x080040d0   Section        4  entry5.o(.ARM.Collect$$$$00000004)
    .ARM.Collect$$$$00000008                 0x080040d4   Section        0  entry7b.o(.ARM.Collect$$$$00000008)
    .ARM.Collect$$$$00000009                 0x080040d4   Section        4  entry8a.o(.ARM.Collect$$$$00000009)
    .ARM.Collect$$$$0000000A                 0x080040d8   Section        0  entry8b.o(.ARM.Collect$$$$0000000A)
    .ARM.Collect$$$$0000000B                 0x080040d8   Section        8  entry9a.o(.ARM.Collect$$$$0000000B)
    __lit__00000000                          0x080040e0   Data           4  entry2.o(.ARM.Collect$$$$00002712)
    .ARM.Collect$$$$0000000D                 0x080040e0   Section        0  entry10a.o(.ARM.Collect$$$$0000000D)
    .ARM.Collect$$$$0000000F                 0x080040e0   Section        0  entry11a.o(.ARM.Collect$$$$0000000F)
    .ARM.Collect$$$$00002712                 0x080040e0   Section        4  entry2.o(.ARM.Collect$$$$00002712)
    .text                                    0x080040e4   Section       36  startup_at32f421.o(.text)
    [Anonymous Symbol]                       0x08004108   Section        0  systick_wrapper_gnu.o(.text)
    .text                                    0x08004124   Section        0  uidiv.o(.text)
    .text                                    0x08004150   Section        0  uldiv.o(.text)
    .text                                    0x080041b2   Section        0  iusefp.o(.text)
    .text                                    0x080041b2   Section        0  dadd.o(.text)
    .text                                    0x08004300   Section        0  dmul.o(.text)
    .text                                    0x080043e4   Section        0  ddiv.o(.text)
    .text                                    0x080044c2   Section        0  dfixul.o(.text)
    .text                                    0x080044f4   Section       48  cdrcmple.o(.text)
    .text                                    0x08004524   Section       48  init.o(.text)
    .text                                    0x08004554   Section        0  llshl.o(.text)
    .text                                    0x08004572   Section        0  llushr.o(.text)
    .text                                    0x08004592   Section        0  llsshr.o(.text)
    .text                                    0x080045b6   Section        0  depilogue.o(.text)
    .text                                    0x08004670   Section        0  ldiv.o(.text)
    .text                                    0x080046d2   Section        0  memcpya.o(.text)
    .text                                    0x080046f6   Section        0  memseta.o(.text)
    .text                                    0x0800471c   Section        0  cpp_init.o(.text)
    [Anonymous Symbol]                       0x08004744   Section        0  lto-llvm-dfd08f.o(.text.BusFault_Handler)
    [Anonymous Symbol]                       0x08004748   Section        0  lto-llvm-dfd08f.o(.text.DebugMon_Handler)
    EventCheckFilter                         0x0800474d   Thumb Code    62  lto-llvm-dfd08f.o(.text.EventCheckFilter)
    [Anonymous Symbol]                       0x0800474c   Section        0  lto-llvm-dfd08f.o(.text.EventCheckFilter)
    EventGetTS                               0x0800478d   Thumb Code   146  lto-llvm-dfd08f.o(.text.EventGetTS)
    [Anonymous Symbol]                       0x0800478c   Section        0  lto-llvm-dfd08f.o(.text.EventGetTS)
    EventRecordData                          0x08004821   Thumb Code   400  lto-llvm-dfd08f.o(.text.EventRecordData)
    [Anonymous Symbol]                       0x08004820   Section        0  lto-llvm-dfd08f.o(.text.EventRecordData)
    EventRecordItem                          0x080049b1   Thumb Code   240  lto-llvm-dfd08f.o(.text.EventRecordItem)
    [Anonymous Symbol]                       0x080049b0   Section        0  lto-llvm-dfd08f.o(.text.EventRecordItem)
    EventRecorderEnable                      0x08004aa1   Thumb Code   144  lto-llvm-dfd08f.o(.text.EventRecorderEnable)
    [Anonymous Symbol]                       0x08004aa0   Section        0  lto-llvm-dfd08f.o(.text.EventRecorderEnable)
    EventRecorderInitialize                  0x08004b31   Thumb Code   464  lto-llvm-dfd08f.o(.text.EventRecorderInitialize)
    [Anonymous Symbol]                       0x08004b30   Section        0  lto-llvm-dfd08f.o(.text.EventRecorderInitialize)
    EventRecorderStart                       0x08004d01   Thumb Code    68  lto-llvm-dfd08f.o(.text.EventRecorderStart)
    [Anonymous Symbol]                       0x08004d00   Section        0  lto-llvm-dfd08f.o(.text.EventRecorderStart)
    EventRecorderTimerGetCount               0x08004d45   Thumb Code     8  lto-llvm-dfd08f.o(.text.EventRecorderTimerGetCount)
    [Anonymous Symbol]                       0x08004d44   Section        0  lto-llvm-dfd08f.o(.text.EventRecorderTimerGetCount)
    EventRecorderTimerGetFreq                0x08004d4d   Thumb Code     8  lto-llvm-dfd08f.o(.text.EventRecorderTimerGetFreq)
    [Anonymous Symbol]                       0x08004d4c   Section        0  lto-llvm-dfd08f.o(.text.EventRecorderTimerGetFreq)
    GetContext                               0x08004d55   Thumb Code     8  lto-llvm-dfd08f.o(.text.GetContext)
    [Anonymous Symbol]                       0x08004d54   Section        0  lto-llvm-dfd08f.o(.text.GetContext)
    GetRecordIndex                           0x08004d5d   Thumb Code    18  lto-llvm-dfd08f.o(.text.GetRecordIndex)
    [Anonymous Symbol]                       0x08004d5c   Section        0  lto-llvm-dfd08f.o(.text.GetRecordIndex)
    [Anonymous Symbol]                       0x08004d70   Section        0  lto-llvm-dfd08f.o(.text.HardFault_Handler)
    IncrementRecordsDumped                   0x08004d75   Thumb Code    18  lto-llvm-dfd08f.o(.text.IncrementRecordsDumped)
    [Anonymous Symbol]                       0x08004d74   Section        0  lto-llvm-dfd08f.o(.text.IncrementRecordsDumped)
    IncrementRecordsWritten                  0x08004d89   Thumb Code    18  lto-llvm-dfd08f.o(.text.IncrementRecordsWritten)
    [Anonymous Symbol]                       0x08004d88   Section        0  lto-llvm-dfd08f.o(.text.IncrementRecordsWritten)
    LockRecord                               0x08004d9d   Thumb Code   142  lto-llvm-dfd08f.o(.text.LockRecord)
    [Anonymous Symbol]                       0x08004d9c   Section        0  lto-llvm-dfd08f.o(.text.LockRecord)
    [Anonymous Symbol]                       0x08004e2c   Section        0  lto-llvm-dfd08f.o(.text.MemManage_Handler)
    [Anonymous Symbol]                       0x08004e30   Section        0  lto-llvm-dfd08f.o(.text.NMI_Handler)
    NVIC_EncodePriority                      0x08004e35   Thumb Code   100  lto-llvm-dfd08f.o(.text.NVIC_EncodePriority)
    [Anonymous Symbol]                       0x08004e34   Section        0  lto-llvm-dfd08f.o(.text.NVIC_EncodePriority)
    NVIC_EncodePriority.90                   0x08004e99   Thumb Code    98  lto-llvm-dfd08f.o(.text.NVIC_EncodePriority.90)
    [Anonymous Symbol]                       0x08004e98   Section        0  lto-llvm-dfd08f.o(.text.NVIC_EncodePriority.90)
    [Anonymous Symbol]                       0x08004efc   Section        0  lto-llvm-dfd08f.o(.text.PendSV_Handler)
    [Anonymous Symbol]                       0x08004f00   Section        0  lto-llvm-dfd08f.o(.text.SVC_Handler)
    SensorProc                               0x08004f05   Thumb Code   156  lto-llvm-dfd08f.o(.text.SensorProc)
    [Anonymous Symbol]                       0x08004f04   Section        0  lto-llvm-dfd08f.o(.text.SensorProc)
    [Anonymous Symbol]                       0x08004fa0   Section        0  lto-llvm-dfd08f.o(.text.SysTick_Handler)
    [Anonymous Symbol]                       0x08004fb4   Section        0  lto-llvm-dfd08f.o(.text.SystemInit)
    [Anonymous Symbol]                       0x08005060   Section        0  lto-llvm-dfd08f.o(.text.USART1_IRQHandler)
    UnlockRecord                             0x080050d9   Thumb Code    48  lto-llvm-dfd08f.o(.text.UnlockRecord)
    [Anonymous Symbol]                       0x080050d8   Section        0  lto-llvm-dfd08f.o(.text.UnlockRecord)
    [Anonymous Symbol]                       0x08005108   Section        0  lto-llvm-dfd08f.o(.text.UsageFault_Handler)
    __NVIC_EnableIRQ                         0x0800510d   Thumb Code    50  lto-llvm-dfd08f.o(.text.__NVIC_EnableIRQ)
    [Anonymous Symbol]                       0x0800510c   Section        0  lto-llvm-dfd08f.o(.text.__NVIC_EnableIRQ)
    __NVIC_GetPriorityGrouping               0x08005141   Thumb Code    16  lto-llvm-dfd08f.o(.text.__NVIC_GetPriorityGrouping)
    [Anonymous Symbol]                       0x08005140   Section        0  lto-llvm-dfd08f.o(.text.__NVIC_GetPriorityGrouping)
    __NVIC_GetPriorityGrouping.89            0x08005151   Thumb Code    16  lto-llvm-dfd08f.o(.text.__NVIC_GetPriorityGrouping.89)
    [Anonymous Symbol]                       0x08005150   Section        0  lto-llvm-dfd08f.o(.text.__NVIC_GetPriorityGrouping.89)
    __NVIC_SetPriority                       0x08005161   Thumb Code    66  lto-llvm-dfd08f.o(.text.__NVIC_SetPriority)
    [Anonymous Symbol]                       0x08005160   Section        0  lto-llvm-dfd08f.o(.text.__NVIC_SetPriority)
    __NVIC_SetPriority.91                    0x080051a5   Thumb Code    66  lto-llvm-dfd08f.o(.text.__NVIC_SetPriority.91)
    [Anonymous Symbol]                       0x080051a4   Section        0  lto-llvm-dfd08f.o(.text.__NVIC_SetPriority.91)
    __NVIC_SetPriorityGrouping               0x080051e9   Thumb Code    60  lto-llvm-dfd08f.o(.text.__NVIC_SetPriorityGrouping)
    [Anonymous Symbol]                       0x080051e8   Section        0  lto-llvm-dfd08f.o(.text.__NVIC_SetPriorityGrouping)
    __NVIC_SystemReset                       0x08005225   Thumb Code    38  lto-llvm-dfd08f.o(.text.__NVIC_SystemReset)
    [Anonymous Symbol]                       0x08005224   Section        0  lto-llvm-dfd08f.o(.text.__NVIC_SystemReset)
    __perf_counter_init                      0x0800524d   Thumb Code     8  lto-llvm-dfd08f.o(.text.__perf_counter_init)
    [Anonymous Symbol]                       0x0800524c   Section        0  lto-llvm-dfd08f.o(.text.__perf_counter_init)
    atomic_cmp_xch_32                        0x08005255   Thumb Code   110  lto-llvm-dfd08f.o(.text.atomic_cmp_xch_32)
    [Anonymous Symbol]                       0x08005254   Section        0  lto-llvm-dfd08f.o(.text.atomic_cmp_xch_32)
    atomic_inc_32                            0x080052c5   Thumb Code    42  lto-llvm-dfd08f.o(.text.atomic_inc_32)
    [Anonymous Symbol]                       0x080052c4   Section        0  lto-llvm-dfd08f.o(.text.atomic_inc_32)
    atomic_inc_8                             0x080052f1   Thumb Code    58  lto-llvm-dfd08f.o(.text.atomic_inc_8)
    [Anonymous Symbol]                       0x080052f0   Section        0  lto-llvm-dfd08f.o(.text.atomic_inc_8)
    check_systick                            0x0800532d   Thumb Code    60  lto-llvm-dfd08f.o(.text.check_systick)
    [Anonymous Symbol]                       0x0800532c   Section        0  lto-llvm-dfd08f.o(.text.check_systick)
    crc16_ccitt                              0x08005369   Thumb Code   140  lto-llvm-dfd08f.o(.text.crc16_ccitt)
    [Anonymous Symbol]                       0x08005368   Section        0  lto-llvm-dfd08f.o(.text.crc16_ccitt)
    crm_ahb_div_set                          0x080053f5   Thumb Code    40  lto-llvm-dfd08f.o(.text.crm_ahb_div_set)
    [Anonymous Symbol]                       0x080053f4   Section        0  lto-llvm-dfd08f.o(.text.crm_ahb_div_set)
    crm_apb1_div_set                         0x0800541d   Thumb Code    40  lto-llvm-dfd08f.o(.text.crm_apb1_div_set)
    [Anonymous Symbol]                       0x0800541c   Section        0  lto-llvm-dfd08f.o(.text.crm_apb1_div_set)
    crm_apb2_div_set                         0x08005445   Thumb Code    40  lto-llvm-dfd08f.o(.text.crm_apb2_div_set)
    [Anonymous Symbol]                       0x08005444   Section        0  lto-llvm-dfd08f.o(.text.crm_apb2_div_set)
    crm_auto_step_mode_enable                0x0800546d   Thumb Code    56  lto-llvm-dfd08f.o(.text.crm_auto_step_mode_enable)
    [Anonymous Symbol]                       0x0800546c   Section        0  lto-llvm-dfd08f.o(.text.crm_auto_step_mode_enable)
    crm_clock_source_enable                  0x080054a5   Thumb Code   162  lto-llvm-dfd08f.o(.text.crm_clock_source_enable)
    [Anonymous Symbol]                       0x080054a4   Section        0  lto-llvm-dfd08f.o(.text.crm_clock_source_enable)
    crm_clocks_freq_get                      0x08005549   Thumb Code   610  lto-llvm-dfd08f.o(.text.crm_clocks_freq_get)
    [Anonymous Symbol]                       0x08005548   Section        0  lto-llvm-dfd08f.o(.text.crm_clocks_freq_get)
    crm_flag_get                             0x080057ad   Thumb Code    62  lto-llvm-dfd08f.o(.text.crm_flag_get)
    [Anonymous Symbol]                       0x080057ac   Section        0  lto-llvm-dfd08f.o(.text.crm_flag_get)
    crm_periph_clock_enable                  0x080057ed   Thumb Code    86  lto-llvm-dfd08f.o(.text.crm_periph_clock_enable)
    [Anonymous Symbol]                       0x080057ec   Section        0  lto-llvm-dfd08f.o(.text.crm_periph_clock_enable)
    crm_pll_config                           0x08005845   Thumb Code   486  lto-llvm-dfd08f.o(.text.crm_pll_config)
    [Anonymous Symbol]                       0x08005844   Section        0  lto-llvm-dfd08f.o(.text.crm_pll_config)
    crm_reset                                0x08005a2d   Thumb Code   156  lto-llvm-dfd08f.o(.text.crm_reset)
    [Anonymous Symbol]                       0x08005a2c   Section        0  lto-llvm-dfd08f.o(.text.crm_reset)
    crm_sysclk_switch                        0x08005ac9   Thumb Code    72  lto-llvm-dfd08f.o(.text.crm_sysclk_switch)
    [Anonymous Symbol]                       0x08005ac8   Section        0  lto-llvm-dfd08f.o(.text.crm_sysclk_switch)
    crm_sysclk_switch_status_get             0x08005b11   Thumb Code    16  lto-llvm-dfd08f.o(.text.crm_sysclk_switch_status_get)
    [Anonymous Symbol]                       0x08005b10   Section        0  lto-llvm-dfd08f.o(.text.crm_sysclk_switch_status_get)
    flash_lock                               0x08005b21   Thumb Code    18  lto-llvm-dfd08f.o(.text.flash_lock)
    [Anonymous Symbol]                       0x08005b20   Section        0  lto-llvm-dfd08f.o(.text.flash_lock)
    flash_operation_status_get               0x08005b35   Thumb Code   104  lto-llvm-dfd08f.o(.text.flash_operation_status_get)
    [Anonymous Symbol]                       0x08005b34   Section        0  lto-llvm-dfd08f.o(.text.flash_operation_status_get)
    flash_operation_wait_for                 0x08005b9d   Thumb Code    86  lto-llvm-dfd08f.o(.text.flash_operation_wait_for)
    [Anonymous Symbol]                       0x08005b9c   Section        0  lto-llvm-dfd08f.o(.text.flash_operation_wait_for)
    flash_sector_erase                       0x08005bf5   Thumb Code    80  lto-llvm-dfd08f.o(.text.flash_sector_erase)
    [Anonymous Symbol]                       0x08005bf4   Section        0  lto-llvm-dfd08f.o(.text.flash_sector_erase)
    flash_unlock                             0x08005c45   Thumb Code    30  lto-llvm-dfd08f.o(.text.flash_unlock)
    [Anonymous Symbol]                       0x08005c44   Section        0  lto-llvm-dfd08f.o(.text.flash_unlock)
    flash_word_program                       0x08005c65   Thumb Code    76  lto-llvm-dfd08f.o(.text.flash_word_program)
    [Anonymous Symbol]                       0x08005c64   Section        0  lto-llvm-dfd08f.o(.text.flash_word_program)
    [Anonymous Symbol]                       0x08005cb0   Section        0  lto-llvm-dfd08f.o(.text.fputc)
    get_system_ticks                         0x08005ce1   Thumb Code   134  lto-llvm-dfd08f.o(.text.get_system_ticks)
    [Anonymous Symbol]                       0x08005ce0   Section        0  lto-llvm-dfd08f.o(.text.get_system_ticks)
    gpio_bits_reset                          0x08005d69   Thumb Code    32  lto-llvm-dfd08f.o(.text.gpio_bits_reset)
    [Anonymous Symbol]                       0x08005d68   Section        0  lto-llvm-dfd08f.o(.text.gpio_bits_reset)
    gpio_bits_set                            0x08005d89   Thumb Code    32  lto-llvm-dfd08f.o(.text.gpio_bits_set)
    [Anonymous Symbol]                       0x08005d88   Section        0  lto-llvm-dfd08f.o(.text.gpio_bits_set)
    gpio_default_para_init                   0x08005da9   Thumb Code    36  lto-llvm-dfd08f.o(.text.gpio_default_para_init)
    [Anonymous Symbol]                       0x08005da8   Section        0  lto-llvm-dfd08f.o(.text.gpio_default_para_init)
    gpio_init                                0x08005dcd   Thumb Code   230  lto-llvm-dfd08f.o(.text.gpio_init)
    [Anonymous Symbol]                       0x08005dcc   Section        0  lto-llvm-dfd08f.o(.text.gpio_init)
    gpio_output_data_bit_read                0x08005eb5   Thumb Code    64  lto-llvm-dfd08f.o(.text.gpio_output_data_bit_read)
    [Anonymous Symbol]                       0x08005eb4   Section        0  lto-llvm-dfd08f.o(.text.gpio_output_data_bit_read)
    gpio_pin_mux_config                      0x08005ef5   Thumb Code   146  lto-llvm-dfd08f.o(.text.gpio_pin_mux_config)
    [Anonymous Symbol]                       0x08005ef4   Section        0  lto-llvm-dfd08f.o(.text.gpio_pin_mux_config)
    iap_command_handle                       0x08005f89   Thumb Code    42  lto-llvm-dfd08f.o(.text.iap_command_handle)
    [Anonymous Symbol]                       0x08005f88   Section        0  lto-llvm-dfd08f.o(.text.iap_command_handle)
    iap_init                                 0x08005fb5   Thumb Code    42  lto-llvm-dfd08f.o(.text.iap_init)
    [Anonymous Symbol]                       0x08005fb4   Section        0  lto-llvm-dfd08f.o(.text.iap_init)
    iap_task                                 0x08005fe1   Thumb Code     8  lto-llvm-dfd08f.o(.text.iap_task)
    [Anonymous Symbol]                       0x08005fe0   Section        0  lto-llvm-dfd08f.o(.text.iap_task)
    init_cycle_counter                       0x08005fe9   Thumb Code   154  lto-llvm-dfd08f.o(.text.init_cycle_counter)
    [Anonymous Symbol]                       0x08005fe8   Section        0  lto-llvm-dfd08f.o(.text.init_cycle_counter)
    led_task                                 0x08006085   Thumb Code    24  lto-llvm-dfd08f.o(.text.led_task)
    [Anonymous Symbol]                       0x08006084   Section        0  lto-llvm-dfd08f.o(.text.led_task)
    [Anonymous Symbol]                       0x0800609c   Section        0  lto-llvm-dfd08f.o(.text.main)
    nvic_irq_enable                          0x08006131   Thumb Code    54  lto-llvm-dfd08f.o(.text.nvic_irq_enable)
    [Anonymous Symbol]                       0x08006130   Section        0  lto-llvm-dfd08f.o(.text.nvic_irq_enable)
    nvic_priority_group_config               0x08006169   Thumb Code    22  lto-llvm-dfd08f.o(.text.nvic_priority_group_config)
    [Anonymous Symbol]                       0x08006168   Section        0  lto-llvm-dfd08f.o(.text.nvic_priority_group_config)
    nvic_system_reset                        0x08006181   Thumb Code     4  lto-llvm-dfd08f.o(.text.nvic_system_reset)
    [Anonymous Symbol]                       0x08006180   Section        0  lto-llvm-dfd08f.o(.text.nvic_system_reset)
    nvic_vector_table_set                    0x08006185   Thumb Code    44  lto-llvm-dfd08f.o(.text.nvic_vector_table_set)
    [Anonymous Symbol]                       0x08006184   Section        0  lto-llvm-dfd08f.o(.text.nvic_vector_table_set)
    perfc_port_clear_system_timer_ovf_pending 0x080061b1   Thumb Code    16  lto-llvm-dfd08f.o(.text.perfc_port_clear_system_timer_ovf_pending)
    [Anonymous Symbol]                       0x080061b0   Section        0  lto-llvm-dfd08f.o(.text.perfc_port_clear_system_timer_ovf_pending)
    perfc_port_disable_global_interrupt      0x080061c1   Thumb Code    20  lto-llvm-dfd08f.o(.text.perfc_port_disable_global_interrupt)
    [Anonymous Symbol]                       0x080061c0   Section        0  lto-llvm-dfd08f.o(.text.perfc_port_disable_global_interrupt)
    perfc_port_disable_global_interrupt.122  0x080061d5   Thumb Code    20  lto-llvm-dfd08f.o(.text.perfc_port_disable_global_interrupt.122)
    [Anonymous Symbol]                       0x080061d4   Section        0  lto-llvm-dfd08f.o(.text.perfc_port_disable_global_interrupt.122)
    perfc_port_get_system_timer_elapsed      0x080061e9   Thumb Code    32  lto-llvm-dfd08f.o(.text.perfc_port_get_system_timer_elapsed)
    [Anonymous Symbol]                       0x080061e8   Section        0  lto-llvm-dfd08f.o(.text.perfc_port_get_system_timer_elapsed)
    perfc_port_get_system_timer_freq         0x08006209   Thumb Code    12  lto-llvm-dfd08f.o(.text.perfc_port_get_system_timer_freq)
    [Anonymous Symbol]                       0x08006208   Section        0  lto-llvm-dfd08f.o(.text.perfc_port_get_system_timer_freq)
    perfc_port_get_system_timer_top          0x08006215   Thumb Code    14  lto-llvm-dfd08f.o(.text.perfc_port_get_system_timer_top)
    [Anonymous Symbol]                       0x08006214   Section        0  lto-llvm-dfd08f.o(.text.perfc_port_get_system_timer_top)
    perfc_port_init_system_timer             0x08006225   Thumb Code   100  lto-llvm-dfd08f.o(.text.perfc_port_init_system_timer)
    [Anonymous Symbol]                       0x08006224   Section        0  lto-llvm-dfd08f.o(.text.perfc_port_init_system_timer)
    [Anonymous Symbol]                       0x08006288   Section        0  lto-llvm-dfd08f.o(.text.perfc_port_insert_to_system_timer_insert_ovf_handler)
    perfc_port_is_system_timer_ovf_pending   0x080063a9   Thumb Code    16  lto-llvm-dfd08f.o(.text.perfc_port_is_system_timer_ovf_pending)
    [Anonymous Symbol]                       0x080063a8   Section        0  lto-llvm-dfd08f.o(.text.perfc_port_is_system_timer_ovf_pending)
    perfc_port_resume_global_interrupt       0x080063b9   Thumb Code    18  lto-llvm-dfd08f.o(.text.perfc_port_resume_global_interrupt)
    [Anonymous Symbol]                       0x080063b8   Section        0  lto-llvm-dfd08f.o(.text.perfc_port_resume_global_interrupt)
    perfc_port_resume_global_interrupt.123   0x080063cd   Thumb Code    18  lto-llvm-dfd08f.o(.text.perfc_port_resume_global_interrupt.123)
    [Anonymous Symbol]                       0x080063cc   Section        0  lto-llvm-dfd08f.o(.text.perfc_port_resume_global_interrupt.123)
    sensor_task                              0x080063e1   Thumb Code     8  lto-llvm-dfd08f.o(.text.sensor_task)
    [Anonymous Symbol]                       0x080063e0   Section        0  lto-llvm-dfd08f.o(.text.sensor_task)
    stdout_putchar                           0x080063e9   Thumb Code   104  lto-llvm-dfd08f.o(.text.stdout_putchar)
    [Anonymous Symbol]                       0x080063e8   Section        0  lto-llvm-dfd08f.o(.text.stdout_putchar)
    system_core_clock_update                 0x08006451   Thumb Code   552  lto-llvm-dfd08f.o(.text.system_core_clock_update)
    [Anonymous Symbol]                       0x08006450   Section        0  lto-llvm-dfd08f.o(.text.system_core_clock_update)
    systick_clock_source_config              0x08006679   Thumb Code    58  lto-llvm-dfd08f.o(.text.systick_clock_source_config)
    [Anonymous Symbol]                       0x08006678   Section        0  lto-llvm-dfd08f.o(.text.systick_clock_source_config)
    tmt_create                               0x080066b5   Thumb Code   136  lto-llvm-dfd08f.o(.text.tmt_create)
    [Anonymous Symbol]                       0x080066b4   Section        0  lto-llvm-dfd08f.o(.text.tmt_create)
    tmt_delete                               0x0800673d   Thumb Code   300  lto-llvm-dfd08f.o(.text.tmt_delete)
    [Anonymous Symbol]                       0x0800673c   Section        0  lto-llvm-dfd08f.o(.text.tmt_delete)
    tmt_init                                 0x08006869   Thumb Code   118  lto-llvm-dfd08f.o(.text.tmt_init)
    [Anonymous Symbol]                       0x08006868   Section        0  lto-llvm-dfd08f.o(.text.tmt_init)
    tmt_run                                  0x080068e1   Thumb Code   178  lto-llvm-dfd08f.o(.text.tmt_run)
    [Anonymous Symbol]                       0x080068e0   Section        0  lto-llvm-dfd08f.o(.text.tmt_run)
    tmt_run_ctrl                             0x08006995   Thumb Code   134  lto-llvm-dfd08f.o(.text.tmt_run_ctrl)
    [Anonymous Symbol]                       0x08006994   Section        0  lto-llvm-dfd08f.o(.text.tmt_run_ctrl)
    tmt_time_ctrl                            0x08006a1d   Thumb Code   152  lto-llvm-dfd08f.o(.text.tmt_time_ctrl)
    [Anonymous Symbol]                       0x08006a1c   Section        0  lto-llvm-dfd08f.o(.text.tmt_time_ctrl)
    tmt_update_tick                          0x08006ab5   Thumb Code   106  lto-llvm-dfd08f.o(.text.tmt_update_tick)
    [Anonymous Symbol]                       0x08006ab4   Section        0  lto-llvm-dfd08f.o(.text.tmt_update_tick)
    update_perf_counter                      0x08006b21   Thumb Code   154  lto-llvm-dfd08f.o(.text.update_perf_counter)
    [Anonymous Symbol]                       0x08006b20   Section        0  lto-llvm-dfd08f.o(.text.update_perf_counter)
    usart_data_receive                       0x08006bbd   Thumb Code    22  lto-llvm-dfd08f.o(.text.usart_data_receive)
    [Anonymous Symbol]                       0x08006bbc   Section        0  lto-llvm-dfd08f.o(.text.usart_data_receive)
    usart_enable                             0x08006bd5   Thumb Code    44  lto-llvm-dfd08f.o(.text.usart_enable)
    [Anonymous Symbol]                       0x08006bd4   Section        0  lto-llvm-dfd08f.o(.text.usart_enable)
    usart_hardware_flow_control_set          0x08006c01   Thumb Code   154  lto-llvm-dfd08f.o(.text.usart_hardware_flow_control_set)
    [Anonymous Symbol]                       0x08006c00   Section        0  lto-llvm-dfd08f.o(.text.usart_hardware_flow_control_set)
    usart_init                               0x08006c9d   Thumb Code   212  lto-llvm-dfd08f.o(.text.usart_init)
    [Anonymous Symbol]                       0x08006c9c   Section        0  lto-llvm-dfd08f.o(.text.usart_init)
    usart_interrupt_enable                   0x08006d71   Thumb Code    90  lto-llvm-dfd08f.o(.text.usart_interrupt_enable)
    [Anonymous Symbol]                       0x08006d70   Section        0  lto-llvm-dfd08f.o(.text.usart_interrupt_enable)
    usart_interrupt_flag_get                 0x08006dcd   Thumb Code   296  lto-llvm-dfd08f.o(.text.usart_interrupt_flag_get)
    [Anonymous Symbol]                       0x08006dcc   Section        0  lto-llvm-dfd08f.o(.text.usart_interrupt_flag_get)
    usart_parity_selection_config            0x08006ef5   Thumb Code   120  lto-llvm-dfd08f.o(.text.usart_parity_selection_config)
    [Anonymous Symbol]                       0x08006ef4   Section        0  lto-llvm-dfd08f.o(.text.usart_parity_selection_config)
    usart_receiver_enable                    0x08006f6d   Thumb Code    44  lto-llvm-dfd08f.o(.text.usart_receiver_enable)
    [Anonymous Symbol]                       0x08006f6c   Section        0  lto-llvm-dfd08f.o(.text.usart_receiver_enable)
    usart_transmitter_enable                 0x08006f99   Thumb Code    44  lto-llvm-dfd08f.o(.text.usart_transmitter_enable)
    [Anonymous Symbol]                       0x08006f98   Section        0  lto-llvm-dfd08f.o(.text.usart_transmitter_enable)
    wk_gpio_config                           0x08006fc5   Thumb Code    62  lto-llvm-dfd08f.o(.text.wk_gpio_config)
    [Anonymous Symbol]                       0x08006fc4   Section        0  lto-llvm-dfd08f.o(.text.wk_gpio_config)
    wk_nvic_config                           0x08007005   Thumb Code   152  lto-llvm-dfd08f.o(.text.wk_nvic_config)
    [Anonymous Symbol]                       0x08007004   Section        0  lto-llvm-dfd08f.o(.text.wk_nvic_config)
    wk_periph_clock_config                   0x0800709d   Thumb Code    34  lto-llvm-dfd08f.o(.text.wk_periph_clock_config)
    [Anonymous Symbol]                       0x0800709c   Section        0  lto-llvm-dfd08f.o(.text.wk_periph_clock_config)
    wk_system_clock_config                   0x080070c1   Thumb Code   142  lto-llvm-dfd08f.o(.text.wk_system_clock_config)
    [Anonymous Symbol]                       0x080070c0   Section        0  lto-llvm-dfd08f.o(.text.wk_system_clock_config)
    wk_timebase_handler                      0x08007151   Thumb Code     8  lto-llvm-dfd08f.o(.text.wk_timebase_handler)
    [Anonymous Symbol]                       0x08007150   Section        0  lto-llvm-dfd08f.o(.text.wk_timebase_handler)
    wk_timebase_increase                     0x08007159   Thumb Code    16  lto-llvm-dfd08f.o(.text.wk_timebase_increase)
    [Anonymous Symbol]                       0x08007158   Section        0  lto-llvm-dfd08f.o(.text.wk_timebase_increase)
    wk_timebase_init                         0x08007169   Thumb Code    86  lto-llvm-dfd08f.o(.text.wk_timebase_init)
    [Anonymous Symbol]                       0x08007168   Section        0  lto-llvm-dfd08f.o(.text.wk_timebase_init)
    wk_usart1_init                           0x080071c1   Thumb Code   124  lto-llvm-dfd08f.o(.text.wk_usart1_init)
    [Anonymous Symbol]                       0x080071c0   Section        0  lto-llvm-dfd08f.o(.text.wk_usart1_init)
    i.__0printf                              0x0800723c   Section        0  printfa.o(i.__0printf)
    i.__scatterload_copy                     0x0800725c   Section       14  handlers.o(i.__scatterload_copy)
    i.__scatterload_null                     0x0800726a   Section        2  handlers.o(i.__scatterload_null)
    i.__scatterload_zeroinit                 0x0800726c   Section       14  handlers.o(i.__scatterload_zeroinit)
    _fp_digits                               0x0800727d   Thumb Code   366  printfa.o(i._fp_digits)
    i._fp_digits                             0x0800727c   Section        0  printfa.o(i._fp_digits)
    _printf_core                             0x08007401   Thumb Code  1744  printfa.o(i._printf_core)
    i._printf_core                           0x08007400   Section        0  printfa.o(i._printf_core)
    _printf_post_padding                     0x08007add   Thumb Code    36  printfa.o(i._printf_post_padding)
    i._printf_post_padding                   0x08007adc   Section        0  printfa.o(i._printf_post_padding)
    _printf_pre_padding                      0x08007b01   Thumb Code    46  printfa.o(i._printf_pre_padding)
    i._printf_pre_padding                    0x08007b00   Section        0  printfa.o(i._printf_pre_padding)
    __tagsym$$used.0                         0x08007b30   Number         0  lto-llvm-dfd08f.o(.rodata.EventRecorderInfo)
    system_core_clock_update.sys_ahb_div_table 0x08007b48   Data          16  lto-llvm-dfd08f.o(.rodata.cst16)
    [Anonymous Symbol]                       0x08007b48   Section        0  lto-llvm-dfd08f.o(.rodata.cst16)
    crm_clocks_freq_get.ahb_apb2_div_table   0x08007b58   Data           8  lto-llvm-dfd08f.o(.rodata.cst8)
    [Anonymous Symbol]                       0x08007b58   Section        0  lto-llvm-dfd08f.o(.rodata.cst8)
    crm_clocks_freq_get.adc_div_table        0x08007b60   Data           8  lto-llvm-dfd08f.o(.rodata.cst8)
    .L.str                                   0x08007b68   Data          12  lto-llvm-dfd08f.o(.rodata.str1.1)
    [Anonymous Symbol]                       0x08007b68   Section        0  lto-llvm-dfd08f.o(.rodata.str1.1)
    .init_array                              0x08007b98   Section        0  cpp_init.o(.init_array)
    .data                                    0x20000000   Section        4  stdout.o(.data)
    SystemCoreClock                          0x20000004   Data           4  lto-llvm-dfd08f.o(.data.SystemCoreClock)
    [Anonymous Symbol]                       0x20000004   Section        0  lto-llvm-dfd08f.o(.data.SystemCoreClock)
    s_wMSUnit                                0x20000008   Data           4  lto-llvm-dfd08f.o(.data.s_wMSUnit)
    [Anonymous Symbol]                       0x20000008   Section        0  lto-llvm-dfd08f.o(.data.s_wMSUnit)
    s_wUSUnit                                0x2000000c   Data           4  lto-llvm-dfd08f.o(.data.s_wUSUnit)
    [Anonymous Symbol]                       0x2000000c   Section        0  lto-llvm-dfd08f.o(.data.s_wUSUnit)
    SensorProc.s_SensorStartTime             0x20000040   Data           8  lto-llvm-dfd08f.o(.bss.SensorProc.s_SensorStartTime)
    [Anonymous Symbol]                       0x20000040   Section        0  lto-llvm-dfd08f.o(.bss.SensorProc.s_SensorStartTime)
    SensorProc.s_tate                        0x20000048   Data           1  lto-llvm-dfd08f.o(.bss.SensorProc.s_tate)
    [Anonymous Symbol]                       0x20000048   Section        0  lto-llvm-dfd08f.o(.bss.SensorProc.s_tate)
    g_lLastTimeStamp                         0x20000050   Data           8  lto-llvm-dfd08f.o(.bss.g_lLastTimeStamp)
    [Anonymous Symbol]                       0x20000050   Section        0  lto-llvm-dfd08f.o(.bss.g_lLastTimeStamp)
    g_nOffset                                0x20000058   Data           4  lto-llvm-dfd08f.o(.bss.g_nOffset)
    [Anonymous Symbol]                       0x20000058   Section        0  lto-llvm-dfd08f.o(.bss.g_nOffset)
    iap_flag                                 0x2000005c   Data           1  lto-llvm-dfd08f.o(.bss.iap_flag)
    [Anonymous Symbol]                       0x2000005c   Section        0  lto-llvm-dfd08f.o(.bss.iap_flag)
    EventBuffer                              0x20000080   Data        1024  lto-llvm-dfd08f.o(.bss.noinit)
    [Anonymous Symbol]                       0x20000080   Section        0  lto-llvm-dfd08f.o(.bss.noinit)
    EventFilter                              0x20000480   Data         128  lto-llvm-dfd08f.o(.bss.noinit)
    EventStatus                              0x20000500   Data          36  lto-llvm-dfd08f.o(.bss.noinit)
    object                                   0x20000524   Data         124  lto-llvm-dfd08f.o(.bss.object)
    [Anonymous Symbol]                       0x20000524   Section        0  lto-llvm-dfd08f.o(.bss.object)
    s_lOldTimestamp                          0x200005a0   Data           8  lto-llvm-dfd08f.o(.bss.s_lOldTimestamp)
    [Anonymous Symbol]                       0x200005a0   Section        0  lto-llvm-dfd08f.o(.bss.s_lOldTimestamp)
    s_lOldTimestampMS                        0x200005a8   Data           8  lto-llvm-dfd08f.o(.bss.s_lOldTimestampMS)
    [Anonymous Symbol]                       0x200005a8   Section        0  lto-llvm-dfd08f.o(.bss.s_lOldTimestampMS)
    s_lOldTimestampUS                        0x200005b0   Data           8  lto-llvm-dfd08f.o(.bss.s_lOldTimestampUS)
    [Anonymous Symbol]                       0x200005b0   Section        0  lto-llvm-dfd08f.o(.bss.s_lOldTimestampUS)
    s_lSystemClockCounts                     0x200005b8   Data           8  lto-llvm-dfd08f.o(.bss.s_lSystemClockCounts)
    [Anonymous Symbol]                       0x200005b8   Section        0  lto-llvm-dfd08f.o(.bss.s_lSystemClockCounts)
    s_lSystemMS                              0x200005c0   Data           8  lto-llvm-dfd08f.o(.bss.s_lSystemMS)
    [Anonymous Symbol]                       0x200005c0   Section        0  lto-llvm-dfd08f.o(.bss.s_lSystemMS)
    s_lSystemUS                              0x200005c8   Data           8  lto-llvm-dfd08f.o(.bss.s_lSystemUS)
    [Anonymous Symbol]                       0x200005c8   Section        0  lto-llvm-dfd08f.o(.bss.s_lSystemUS)
    s_wMSResidule                            0x200005d0   Data           4  lto-llvm-dfd08f.o(.bss.s_wMSResidule)
    [Anonymous Symbol]                       0x200005d0   Section        0  lto-llvm-dfd08f.o(.bss.s_wMSResidule)
    s_wUSResidule                            0x200005d4   Data           4  lto-llvm-dfd08f.o(.bss.s_wUSResidule)
    [Anonymous Symbol]                       0x200005d4   Section        0  lto-llvm-dfd08f.o(.bss.s_wUSResidule)
    stdout_putchar.buffer                    0x200005d8   Data           8  lto-llvm-dfd08f.o(.bss.stdout_putchar.buffer)
    [Anonymous Symbol]                       0x200005d8   Section        0  lto-llvm-dfd08f.o(.bss.stdout_putchar.buffer)
    stdout_putchar.index                     0x200005e0   Data           4  lto-llvm-dfd08f.o(.bss.stdout_putchar.index)
    [Anonymous Symbol]                       0x200005e0   Section        0  lto-llvm-dfd08f.o(.bss.stdout_putchar.index)
    timebase_ticks                           0x200005e4   Data           4  lto-llvm-dfd08f.o(.bss.timebase_ticks)
    [Anonymous Symbol]                       0x200005e4   Section        0  lto-llvm-dfd08f.o(.bss.timebase_ticks)
    tmt                                      0x200005e8   Data          24  lto-llvm-dfd08f.o(.bss.tmt)
    [Anonymous Symbol]                       0x200005e8   Section        0  lto-llvm-dfd08f.o(.bss.tmt)
    STACK                                    0x20000600   Section     1024  startup_at32f421.o(STACK)

    Global Symbols

    Symbol Name                              Value     Ov Type        Size  Object(Section)

    BuildAttributes$$THM_ISAv4$E$P$D$K$B$S$7EM$PE$A:L22UL41UL21$X:L11$S22US41US21$IEEE1$IW$~IW$USESV6$~STKCKD$USESV7$~SHL$OSPACE$ROPI$IEEEF$EBA8$MICROLIB$REQ8$PRES8$EABIv2 0x00000000   Number         0  anon$$obj.o ABSOLUTE
    __cxa_finalize                            - Undefined Weak Reference
    __decompress                              - Undefined Weak Reference
    _clock_init                               - Undefined Weak Reference
    _microlib_exit                            - Undefined Weak Reference
    __Vectors_Size                           0x000000cc   Number         0  startup_at32f421.o ABSOLUTE
    __Vectors                                0x08004000   Data           4  startup_at32f421.o(RESET)
    __Vectors_End                            0x080040cc   Data           0  startup_at32f421.o(RESET)
    __main                                   0x080040cd   Thumb Code     0  entry.o(.ARM.Collect$$$$00000000)
    _main_stk                                0x080040cd   Thumb Code     0  entry2.o(.ARM.Collect$$$$00000001)
    _main_scatterload                        0x080040d1   Thumb Code     0  entry5.o(.ARM.Collect$$$$00000004)
    __main_after_scatterload                 0x080040d5   Thumb Code     0  entry5.o(.ARM.Collect$$$$00000004)
    _main_clock                              0x080040d5   Thumb Code     0  entry7b.o(.ARM.Collect$$$$00000008)
    _main_cpp_init$empty                     0x080040d5   Thumb Code     0  entry8a.o(.ARM.Collect$$$$00000009)
    _main_cpp_init                           0x080040d9   Thumb Code     0  entry8b.o(.ARM.Collect$$$$0000000A)
    _main_init                               0x080040d9   Thumb Code     0  entry9a.o(.ARM.Collect$$$$0000000B)
    __rt_final_cpp                           0x080040e1   Thumb Code     0  entry10a.o(.ARM.Collect$$$$0000000D)
    __rt_final_exit                          0x080040e1   Thumb Code     0  entry11a.o(.ARM.Collect$$$$0000000F)
    Reset_Handler                            0x080040e5   Thumb Code     8  startup_at32f421.o(.text)
    ADC1_CMP_IRQHandler                      0x080040ff   Thumb Code     0  startup_at32f421.o(.text)
    CRM_IRQHandler                           0x080040ff   Thumb Code     0  startup_at32f421.o(.text)
    DMA1_Channel1_IRQHandler                 0x080040ff   Thumb Code     0  startup_at32f421.o(.text)
    DMA1_Channel3_2_IRQHandler               0x080040ff   Thumb Code     0  startup_at32f421.o(.text)
    DMA1_Channel5_4_IRQHandler               0x080040ff   Thumb Code     0  startup_at32f421.o(.text)
    ERTC_IRQHandler                          0x080040ff   Thumb Code     0  startup_at32f421.o(.text)
    EXINT15_4_IRQHandler                     0x080040ff   Thumb Code     0  startup_at32f421.o(.text)
    EXINT1_0_IRQHandler                      0x080040ff   Thumb Code     0  startup_at32f421.o(.text)
    EXINT3_2_IRQHandler                      0x080040ff   Thumb Code     0  startup_at32f421.o(.text)
    FLASH_IRQHandler                         0x080040ff   Thumb Code     0  startup_at32f421.o(.text)
    I2C1_ERR_IRQHandler                      0x080040ff   Thumb Code     0  startup_at32f421.o(.text)
    I2C1_EVT_IRQHandler                      0x080040ff   Thumb Code     0  startup_at32f421.o(.text)
    I2C2_ERR_IRQHandler                      0x080040ff   Thumb Code     0  startup_at32f421.o(.text)
    I2C2_EVT_IRQHandler                      0x080040ff   Thumb Code     0  startup_at32f421.o(.text)
    PVM_IRQHandler                           0x080040ff   Thumb Code     0  startup_at32f421.o(.text)
    SPI1_IRQHandler                          0x080040ff   Thumb Code     0  startup_at32f421.o(.text)
    SPI2_IRQHandler                          0x080040ff   Thumb Code     0  startup_at32f421.o(.text)
    TMR14_GLOBAL_IRQHandler                  0x080040ff   Thumb Code     0  startup_at32f421.o(.text)
    TMR15_GLOBAL_IRQHandler                  0x080040ff   Thumb Code     0  startup_at32f421.o(.text)
    TMR16_GLOBAL_IRQHandler                  0x080040ff   Thumb Code     0  startup_at32f421.o(.text)
    TMR17_GLOBAL_IRQHandler                  0x080040ff   Thumb Code     0  startup_at32f421.o(.text)
    TMR1_BRK_OVF_TRG_HALL_IRQHandler         0x080040ff   Thumb Code     0  startup_at32f421.o(.text)
    TMR1_CH_IRQHandler                       0x080040ff   Thumb Code     0  startup_at32f421.o(.text)
    TMR3_GLOBAL_IRQHandler                   0x080040ff   Thumb Code     0  startup_at32f421.o(.text)
    TMR6_GLOBAL_IRQHandler                   0x080040ff   Thumb Code     0  startup_at32f421.o(.text)
    USART2_IRQHandler                        0x080040ff   Thumb Code     0  startup_at32f421.o(.text)
    WWDT_IRQHandler                          0x080040ff   Thumb Code     0  startup_at32f421.o(.text)
    SysTick_Handler                          0x08004109   Thumb Code     0  systick_wrapper_gnu.o(.text)
    __ensure_systick_wrapper                 0x0800411b   Thumb Code     0  systick_wrapper_gnu.o(.text)
    __aeabi_uidiv                            0x08004125   Thumb Code     0  uidiv.o(.text)
    __aeabi_uidivmod                         0x08004125   Thumb Code    44  uidiv.o(.text)
    __aeabi_uldivmod                         0x08004151   Thumb Code    98  uldiv.o(.text)
    __I$use$fp                               0x080041b3   Thumb Code     0  iusefp.o(.text)
    __aeabi_dadd                             0x080041b3   Thumb Code   322  dadd.o(.text)
    __aeabi_dsub                             0x080042f5   Thumb Code     6  dadd.o(.text)
    __aeabi_drsub                            0x080042fb   Thumb Code     6  dadd.o(.text)
    __aeabi_dmul                             0x08004301   Thumb Code   228  dmul.o(.text)
    __aeabi_ddiv                             0x080043e5   Thumb Code   222  ddiv.o(.text)
    __aeabi_d2ulz                            0x080044c3   Thumb Code    48  dfixul.o(.text)
    __aeabi_cdrcmple                         0x080044f5   Thumb Code    48  cdrcmple.o(.text)
    __scatterload                            0x08004525   Thumb Code    38  init.o(.text)
    __scatterload_rt2                        0x08004525   Thumb Code     0  init.o(.text)
    __aeabi_llsl                             0x08004555   Thumb Code    30  llshl.o(.text)
    _ll_shift_l                              0x08004555   Thumb Code     0  llshl.o(.text)
    __aeabi_llsr                             0x08004573   Thumb Code    32  llushr.o(.text)
    _ll_ushift_r                             0x08004573   Thumb Code     0  llushr.o(.text)
    __aeabi_lasr                             0x08004593   Thumb Code    36  llsshr.o(.text)
    _ll_sshift_r                             0x08004593   Thumb Code     0  llsshr.o(.text)
    _double_round                            0x080045b7   Thumb Code    30  depilogue.o(.text)
    _double_epilogue                         0x080045d5   Thumb Code   156  depilogue.o(.text)
    __aeabi_ldivmod                          0x08004671   Thumb Code    98  ldiv.o(.text)
    __aeabi_memcpy                           0x080046d3   Thumb Code    36  memcpya.o(.text)
    __aeabi_memcpy4                          0x080046d3   Thumb Code     0  memcpya.o(.text)
    __aeabi_memcpy8                          0x080046d3   Thumb Code     0  memcpya.o(.text)
    __aeabi_memset                           0x080046f7   Thumb Code    14  memseta.o(.text)
    __aeabi_memset4                          0x080046f7   Thumb Code     0  memseta.o(.text)
    __aeabi_memset8                          0x080046f7   Thumb Code     0  memseta.o(.text)
    __aeabi_memclr                           0x08004705   Thumb Code     4  memseta.o(.text)
    __aeabi_memclr4                          0x08004705   Thumb Code     0  memseta.o(.text)
    __aeabi_memclr8                          0x08004705   Thumb Code     0  memseta.o(.text)
    _memset$wrapper                          0x08004709   Thumb Code    18  memseta.o(.text)
    __cpp_initialize__aeabi_                 0x0800471d   Thumb Code    32  cpp_init.o(.text)
    BusFault_Handler                         0x08004745   Thumb Code     4  lto-llvm-dfd08f.o(.text.BusFault_Handler)
    DebugMon_Handler                         0x08004749   Thumb Code     2  lto-llvm-dfd08f.o(.text.DebugMon_Handler)
    HardFault_Handler                        0x08004d71   Thumb Code     4  lto-llvm-dfd08f.o(.text.HardFault_Handler)
    MemManage_Handler                        0x08004e2d   Thumb Code     4  lto-llvm-dfd08f.o(.text.MemManage_Handler)
    NMI_Handler                              0x08004e31   Thumb Code     2  lto-llvm-dfd08f.o(.text.NMI_Handler)
    PendSV_Handler                           0x08004efd   Thumb Code     2  lto-llvm-dfd08f.o(.text.PendSV_Handler)
    SVC_Handler                              0x08004f01   Thumb Code     2  lto-llvm-dfd08f.o(.text.SVC_Handler)
    $Super$$SysTick_Handler                  0x08004fa1   Thumb Code    20  lto-llvm-dfd08f.o(.text.SysTick_Handler)
    SystemInit                               0x08004fb5   Thumb Code   170  lto-llvm-dfd08f.o(.text.SystemInit)
    USART1_IRQHandler                        0x08005061   Thumb Code   120  lto-llvm-dfd08f.o(.text.USART1_IRQHandler)
    UsageFault_Handler                       0x08005109   Thumb Code     4  lto-llvm-dfd08f.o(.text.UsageFault_Handler)
    fputc                                    0x08005cb1   Thumb Code    48  lto-llvm-dfd08f.o(.text.fputc)
    main                                     0x0800609d   Thumb Code   148  lto-llvm-dfd08f.o(.text.main)
    perfc_port_insert_to_system_timer_insert_ovf_handler 0x08006289   Thumb Code   286  lto-llvm-dfd08f.o(.text.perfc_port_insert_to_system_timer_insert_ovf_handler)
    __0printf                                0x0800723d   Thumb Code    22  printfa.o(i.__0printf)
    __1printf                                0x0800723d   Thumb Code     0  printfa.o(i.__0printf)
    __2printf                                0x0800723d   Thumb Code     0  printfa.o(i.__0printf)
    __c89printf                              0x0800723d   Thumb Code     0  printfa.o(i.__0printf)
    printf                                   0x0800723d   Thumb Code     0  printfa.o(i.__0printf)
    __scatterload_copy                       0x0800725d   Thumb Code    14  handlers.o(i.__scatterload_copy)
    __scatterload_null                       0x0800726b   Thumb Code     2  handlers.o(i.__scatterload_null)
    __scatterload_zeroinit                   0x0800726d   Thumb Code    14  handlers.o(i.__scatterload_zeroinit)
    EventRecorderInfo                        0x08007b30   Data          24  lto-llvm-dfd08f.o(.rodata.EventRecorderInfo)
    Region$$Table$$Base                      0x08007b74   Number         0  anon$$obj.o(Region$$Table)
    Region$$Table$$Limit                     0x08007b94   Number         0  anon$$obj.o(Region$$Table)
    SHT$$INIT_ARRAY$$Base                    0x08007b94   Number         0  lto-llvm-dfd08f.o(.init_array)
    SHT$$INIT_ARRAY$$Limit                   0x08007b98   Number         0  cpp_init.o(.init_array)
    __stdout                                 0x20000000   Data           4  stdout.o(.data)
    __initial_sp                             0x20000a00   Data           0  startup_at32f421.o(STACK)



==============================================================================

Memory Map of the image

  Image Entry point : 0x080040cd

  Load Region LR_IROM1 (Base: 0x08004000, Size: 0x00003c00, Max: 0x00010000, ABSOLUTE)

    Execution Region ER_IROM1 (Exec base: 0x08004000, Load base: 0x08004000, Size: 0x00003b98, Max: 0x00010000, ABSOLUTE)

    Exec Addr    Load Addr    Size         Type   Attr      Idx    E Section Name        Object

    0x08004000   0x08004000   0x000000cc   Data   RO           19    RESET               startup_at32f421.o
    0x080040cc   0x080040cc   0x00000000   Code   RO           37  * .ARM.Collect$$$$00000000  mc_w.l(entry.o)
    0x080040cc   0x080040cc   0x00000004   Code   RO           74    .ARM.Collect$$$$00000001  mc_w.l(entry2.o)
    0x080040d0   0x080040d0   0x00000004   Code   RO           77    .ARM.Collect$$$$00000004  mc_w.l(entry5.o)
    0x080040d4   0x080040d4   0x00000000   Code   RO           79    .ARM.Collect$$$$00000008  mc_w.l(entry7b.o)
    0x080040d4   0x080040d4   0x00000004   Code   RO           80    .ARM.Collect$$$$00000009  mc_w.l(entry8a.o)
    0x080040d8   0x080040d8   0x00000000   Code   RO           81    .ARM.Collect$$$$0000000A  mc_w.l(entry8b.o)
    0x080040d8   0x080040d8   0x00000008   Code   RO           82    .ARM.Collect$$$$0000000B  mc_w.l(entry9a.o)
    0x080040e0   0x080040e0   0x00000000   Code   RO           84    .ARM.Collect$$$$0000000D  mc_w.l(entry10a.o)
    0x080040e0   0x080040e0   0x00000000   Code   RO           86    .ARM.Collect$$$$0000000F  mc_w.l(entry11a.o)
    0x080040e0   0x080040e0   0x00000004   Code   RO           75    .ARM.Collect$$$$00002712  mc_w.l(entry2.o)
    0x080040e4   0x080040e4   0x00000024   Code   RO           20    .text               startup_at32f421.o
    0x08004108   0x08004108   0x0000001c   Code   RO           32    .text               systick_wrapper_gnu.o
    0x08004124   0x08004124   0x0000002c   Code   RO           97    .text               mc_w.l(uidiv.o)
    0x08004150   0x08004150   0x00000062   Code   RO           99    .text               mc_w.l(uldiv.o)
    0x080041b2   0x080041b2   0x00000000   Code   RO          101    .text               mc_w.l(iusefp.o)
    0x080041b2   0x080041b2   0x0000014e   Code   RO          102    .text               mf_w.l(dadd.o)
    0x08004300   0x08004300   0x000000e4   Code   RO          104    .text               mf_w.l(dmul.o)
    0x080043e4   0x080043e4   0x000000de   Code   RO          106    .text               mf_w.l(ddiv.o)
    0x080044c2   0x080044c2   0x00000030   Code   RO          108    .text               mf_w.l(dfixul.o)
    0x080044f2   0x080044f2   0x00000002   PAD
    0x080044f4   0x080044f4   0x00000030   Code   RO          110    .text               mf_w.l(cdrcmple.o)
    0x08004524   0x08004524   0x00000030   Code   RO          112    .text               mc_w.l(init.o)
    0x08004554   0x08004554   0x0000001e   Code   RO          114    .text               mc_w.l(llshl.o)
    0x08004572   0x08004572   0x00000020   Code   RO          116    .text               mc_w.l(llushr.o)
    0x08004592   0x08004592   0x00000024   Code   RO          118    .text               mc_w.l(llsshr.o)
    0x080045b6   0x080045b6   0x000000ba   Code   RO          120    .text               mf_w.l(depilogue.o)
    0x08004670   0x08004670   0x00000062   Code   RO          399    .text               mc_w.l(ldiv.o)
    0x080046d2   0x080046d2   0x00000024   Code   RO          401    .text               mc_w.l(memcpya.o)
    0x080046f6   0x080046f6   0x00000024   Code   RO          403    .text               mc_w.l(memseta.o)
    0x0800471a   0x0800471a   0x00000002   PAD
    0x0800471c   0x0800471c   0x00000028   Code   RO          410    .text               mc_w.l(cpp_init.o)
    0x08004744   0x08004744   0x00000004   Code   RO          129    .text.BusFault_Handler  lto-llvm-dfd08f.o
    0x08004748   0x08004748   0x00000002   Code   RO          135    .text.DebugMon_Handler  lto-llvm-dfd08f.o
    0x0800474a   0x0800474a   0x00000002   PAD
    0x0800474c   0x0800474c   0x0000003e   Code   RO          319    .text.EventCheckFilter  lto-llvm-dfd08f.o
    0x0800478a   0x0800478a   0x00000002   PAD
    0x0800478c   0x0800478c   0x00000092   Code   RO          297    .text.EventGetTS    lto-llvm-dfd08f.o
    0x0800481e   0x0800481e   0x00000002   PAD
    0x08004820   0x08004820   0x00000190   Code   RO          317    .text.EventRecordData  lto-llvm-dfd08f.o
    0x080049b0   0x080049b0   0x000000f0   Code   RO          299    .text.EventRecordItem  lto-llvm-dfd08f.o
    0x08004aa0   0x08004aa0   0x00000090   Code   RO          295    .text.EventRecorderEnable  lto-llvm-dfd08f.o
    0x08004b30   0x08004b30   0x000001d0   Code   RO          291    .text.EventRecorderInitialize  lto-llvm-dfd08f.o
    0x08004d00   0x08004d00   0x00000044   Code   RO          301    .text.EventRecorderStart  lto-llvm-dfd08f.o
    0x08004d44   0x08004d44   0x00000008   Code   RO          347    .text.EventRecorderTimerGetCount  lto-llvm-dfd08f.o
    0x08004d4c   0x08004d4c   0x00000008   Code   RO          345    .text.EventRecorderTimerGetFreq  lto-llvm-dfd08f.o
    0x08004d54   0x08004d54   0x00000008   Code   RO          321    .text.GetContext    lto-llvm-dfd08f.o
    0x08004d5c   0x08004d5c   0x00000012   Code   RO          303    .text.GetRecordIndex  lto-llvm-dfd08f.o
    0x08004d6e   0x08004d6e   0x00000002   PAD
    0x08004d70   0x08004d70   0x00000004   Code   RO          125    .text.HardFault_Handler  lto-llvm-dfd08f.o
    0x08004d74   0x08004d74   0x00000012   Code   RO          311    .text.IncrementRecordsDumped  lto-llvm-dfd08f.o
    0x08004d86   0x08004d86   0x00000002   PAD
    0x08004d88   0x08004d88   0x00000012   Code   RO          309    .text.IncrementRecordsWritten  lto-llvm-dfd08f.o
    0x08004d9a   0x08004d9a   0x00000002   PAD
    0x08004d9c   0x08004d9c   0x0000008e   Code   RO          305    .text.LockRecord    lto-llvm-dfd08f.o
    0x08004e2a   0x08004e2a   0x00000002   PAD
    0x08004e2c   0x08004e2c   0x00000004   Code   RO          127    .text.MemManage_Handler  lto-llvm-dfd08f.o
    0x08004e30   0x08004e30   0x00000002   Code   RO          123    .text.NMI_Handler   lto-llvm-dfd08f.o
    0x08004e32   0x08004e32   0x00000002   PAD
    0x08004e34   0x08004e34   0x00000064   Code   RO          151    .text.NVIC_EncodePriority  lto-llvm-dfd08f.o
    0x08004e98   0x08004e98   0x00000062   Code   RO          265    .text.NVIC_EncodePriority.90  lto-llvm-dfd08f.o
    0x08004efa   0x08004efa   0x00000002   PAD
    0x08004efc   0x08004efc   0x00000002   Code   RO          137    .text.PendSV_Handler  lto-llvm-dfd08f.o
    0x08004efe   0x08004efe   0x00000002   PAD
    0x08004f00   0x08004f00   0x00000002   Code   RO          133    .text.SVC_Handler   lto-llvm-dfd08f.o
    0x08004f02   0x08004f02   0x00000002   PAD
    0x08004f04   0x08004f04   0x0000009c   Code   RO          283    .text.SensorProc    lto-llvm-dfd08f.o
    0x08004fa0   0x08004fa0   0x00000014   Code   RO          139    .text.SysTick_Handler  lto-llvm-dfd08f.o
    0x08004fb4   0x08004fb4   0x000000aa   Code   RO          279    .text.SystemInit    lto-llvm-dfd08f.o
    0x0800505e   0x0800505e   0x00000002   PAD
    0x08005060   0x08005060   0x00000078   Code   RO          141    .text.USART1_IRQHandler  lto-llvm-dfd08f.o
    0x080050d8   0x080050d8   0x00000030   Code   RO          307    .text.UnlockRecord  lto-llvm-dfd08f.o
    0x08005108   0x08005108   0x00000004   Code   RO          131    .text.UsageFault_Handler  lto-llvm-dfd08f.o
    0x0800510c   0x0800510c   0x00000032   Code   RO          269    .text.__NVIC_EnableIRQ  lto-llvm-dfd08f.o
    0x0800513e   0x0800513e   0x00000002   PAD
    0x08005140   0x08005140   0x00000010   Code   RO          149    .text.__NVIC_GetPriorityGrouping  lto-llvm-dfd08f.o
    0x08005150   0x08005150   0x00000010   Code   RO          263    .text.__NVIC_GetPriorityGrouping.89  lto-llvm-dfd08f.o
    0x08005160   0x08005160   0x00000042   Code   RO          153    .text.__NVIC_SetPriority  lto-llvm-dfd08f.o
    0x080051a2   0x080051a2   0x00000002   PAD
    0x080051a4   0x080051a4   0x00000042   Code   RO          267    .text.__NVIC_SetPriority.91  lto-llvm-dfd08f.o
    0x080051e6   0x080051e6   0x00000002   PAD
    0x080051e8   0x080051e8   0x0000003c   Code   RO          273    .text.__NVIC_SetPriorityGrouping  lto-llvm-dfd08f.o
    0x08005224   0x08005224   0x00000026   Code   RO          259    .text.__NVIC_SystemReset  lto-llvm-dfd08f.o
    0x0800524a   0x0800524a   0x00000002   PAD
    0x0800524c   0x0800524c   0x00000008   Code   RO          325    .text.__perf_counter_init  lto-llvm-dfd08f.o
    0x08005254   0x08005254   0x0000006e   Code   RO          315    .text.atomic_cmp_xch_32  lto-llvm-dfd08f.o
    0x080052c2   0x080052c2   0x00000002   PAD
    0x080052c4   0x080052c4   0x0000002a   Code   RO          313    .text.atomic_inc_32  lto-llvm-dfd08f.o
    0x080052ee   0x080052ee   0x00000002   PAD
    0x080052f0   0x080052f0   0x0000003a   Code   RO          323    .text.atomic_inc_8  lto-llvm-dfd08f.o
    0x0800532a   0x0800532a   0x00000002   PAD
    0x0800532c   0x0800532c   0x0000003c   Code   RO          339    .text.check_systick  lto-llvm-dfd08f.o
    0x08005368   0x08005368   0x0000008c   Code   RO          293    .text.crc16_ccitt   lto-llvm-dfd08f.o
    0x080053f4   0x080053f4   0x00000028   Code   RO          199    .text.crm_ahb_div_set  lto-llvm-dfd08f.o
    0x0800541c   0x0800541c   0x00000028   Code   RO          201    .text.crm_apb1_div_set  lto-llvm-dfd08f.o
    0x08005444   0x08005444   0x00000028   Code   RO          203    .text.crm_apb2_div_set  lto-llvm-dfd08f.o
    0x0800546c   0x0800546c   0x00000038   Code   RO          213    .text.crm_auto_step_mode_enable  lto-llvm-dfd08f.o
    0x080054a4   0x080054a4   0x000000a2   Code   RO          197    .text.crm_clock_source_enable  lto-llvm-dfd08f.o
    0x08005546   0x08005546   0x00000002   PAD
    0x08005548   0x08005548   0x00000262   Code   RO          211    .text.crm_clocks_freq_get  lto-llvm-dfd08f.o
    0x080057aa   0x080057aa   0x00000002   PAD
    0x080057ac   0x080057ac   0x0000003e   Code   RO          193    .text.crm_flag_get  lto-llvm-dfd08f.o
    0x080057ea   0x080057ea   0x00000002   PAD
    0x080057ec   0x080057ec   0x00000056   Code   RO          195    .text.crm_periph_clock_enable  lto-llvm-dfd08f.o
    0x08005842   0x08005842   0x00000002   PAD
    0x08005844   0x08005844   0x000001e6   Code   RO          205    .text.crm_pll_config  lto-llvm-dfd08f.o
    0x08005a2a   0x08005a2a   0x00000002   PAD
    0x08005a2c   0x08005a2c   0x0000009c   Code   RO          191    .text.crm_reset     lto-llvm-dfd08f.o
    0x08005ac8   0x08005ac8   0x00000048   Code   RO          207    .text.crm_sysclk_switch  lto-llvm-dfd08f.o
    0x08005b10   0x08005b10   0x00000010   Code   RO          209    .text.crm_sysclk_switch_status_get  lto-llvm-dfd08f.o
    0x08005b20   0x08005b20   0x00000012   Code   RO          251    .text.flash_lock    lto-llvm-dfd08f.o
    0x08005b32   0x08005b32   0x00000002   PAD
    0x08005b34   0x08005b34   0x00000068   Code   RO          245    .text.flash_operation_status_get  lto-llvm-dfd08f.o
    0x08005b9c   0x08005b9c   0x00000056   Code   RO          247    .text.flash_operation_wait_for  lto-llvm-dfd08f.o
    0x08005bf2   0x08005bf2   0x00000002   PAD
    0x08005bf4   0x08005bf4   0x00000050   Code   RO          253    .text.flash_sector_erase  lto-llvm-dfd08f.o
    0x08005c44   0x08005c44   0x0000001e   Code   RO          249    .text.flash_unlock  lto-llvm-dfd08f.o
    0x08005c62   0x08005c62   0x00000002   PAD
    0x08005c64   0x08005c64   0x0000004c   Code   RO          255    .text.flash_word_program  lto-llvm-dfd08f.o
    0x08005cb0   0x08005cb0   0x00000030   Code   RO          285    .text.fputc         lto-llvm-dfd08f.o
    0x08005ce0   0x08005ce0   0x00000086   Code   RO          337    .text.get_system_ticks  lto-llvm-dfd08f.o
    0x08005d66   0x08005d66   0x00000002   PAD
    0x08005d68   0x08005d68   0x00000020   Code   RO          223    .text.gpio_bits_reset  lto-llvm-dfd08f.o
    0x08005d88   0x08005d88   0x00000020   Code   RO          221    .text.gpio_bits_set  lto-llvm-dfd08f.o
    0x08005da8   0x08005da8   0x00000024   Code   RO          217    .text.gpio_default_para_init  lto-llvm-dfd08f.o
    0x08005dcc   0x08005dcc   0x000000e6   Code   RO          215    .text.gpio_init     lto-llvm-dfd08f.o
    0x08005eb2   0x08005eb2   0x00000002   PAD
    0x08005eb4   0x08005eb4   0x00000040   Code   RO          219    .text.gpio_output_data_bit_read  lto-llvm-dfd08f.o
    0x08005ef4   0x08005ef4   0x00000092   Code   RO          225    .text.gpio_pin_mux_config  lto-llvm-dfd08f.o
    0x08005f86   0x08005f86   0x00000002   PAD
    0x08005f88   0x08005f88   0x0000002a   Code   RO          171    .text.iap_command_handle  lto-llvm-dfd08f.o
    0x08005fb2   0x08005fb2   0x00000002   PAD
    0x08005fb4   0x08005fb4   0x0000002a   Code   RO          173    .text.iap_init      lto-llvm-dfd08f.o
    0x08005fde   0x08005fde   0x00000002   PAD
    0x08005fe0   0x08005fe0   0x00000008   Code   RO          157    .text.iap_task      lto-llvm-dfd08f.o
    0x08005fe8   0x08005fe8   0x0000009a   Code   RO          327    .text.init_cycle_counter  lto-llvm-dfd08f.o
    0x08006082   0x08006082   0x00000002   PAD
    0x08006084   0x08006084   0x00000018   Code   RO          159    .text.led_task      lto-llvm-dfd08f.o
    0x0800609c   0x0800609c   0x00000094   Code   RO          155    .text.main          lto-llvm-dfd08f.o
    0x08006130   0x08006130   0x00000036   Code   RO          261    .text.nvic_irq_enable  lto-llvm-dfd08f.o
    0x08006166   0x08006166   0x00000002   PAD
    0x08006168   0x08006168   0x00000016   Code   RO          271    .text.nvic_priority_group_config  lto-llvm-dfd08f.o
    0x0800617e   0x0800617e   0x00000002   PAD
    0x08006180   0x08006180   0x00000004   Code   RO          257    .text.nvic_system_reset  lto-llvm-dfd08f.o
    0x08006184   0x08006184   0x0000002c   Code   RO          275    .text.nvic_vector_table_set  lto-llvm-dfd08f.o
    0x080061b0   0x080061b0   0x00000010   Code   RO          363    .text.perfc_port_clear_system_timer_ovf_pending  lto-llvm-dfd08f.o
    0x080061c0   0x080061c0   0x00000014   Code   RO          329    .text.perfc_port_disable_global_interrupt  lto-llvm-dfd08f.o
    0x080061d4   0x080061d4   0x00000014   Code   RO          351    .text.perfc_port_disable_global_interrupt.122  lto-llvm-dfd08f.o
    0x080061e8   0x080061e8   0x00000020   Code   RO          361    .text.perfc_port_get_system_timer_elapsed  lto-llvm-dfd08f.o
    0x08006208   0x08006208   0x0000000c   Code   RO          355    .text.perfc_port_get_system_timer_freq  lto-llvm-dfd08f.o
    0x08006214   0x08006214   0x0000000e   Code   RO          359    .text.perfc_port_get_system_timer_top  lto-llvm-dfd08f.o
    0x08006222   0x08006222   0x00000002   PAD
    0x08006224   0x08006224   0x00000064   Code   RO          349    .text.perfc_port_init_system_timer  lto-llvm-dfd08f.o
    0x08006288   0x08006288   0x0000011e   Code   RO          341    .text.perfc_port_insert_to_system_timer_insert_ovf_handler  lto-llvm-dfd08f.o
    0x080063a6   0x080063a6   0x00000002   PAD
    0x080063a8   0x080063a8   0x00000010   Code   RO          357    .text.perfc_port_is_system_timer_ovf_pending  lto-llvm-dfd08f.o
    0x080063b8   0x080063b8   0x00000012   Code   RO          331    .text.perfc_port_resume_global_interrupt  lto-llvm-dfd08f.o
    0x080063ca   0x080063ca   0x00000002   PAD
    0x080063cc   0x080063cc   0x00000012   Code   RO          353    .text.perfc_port_resume_global_interrupt.123  lto-llvm-dfd08f.o
    0x080063de   0x080063de   0x00000002   PAD
    0x080063e0   0x080063e0   0x00000008   Code   RO          161    .text.sensor_task   lto-llvm-dfd08f.o
    0x080063e8   0x080063e8   0x00000068   Code   RO          289    .text.stdout_putchar  lto-llvm-dfd08f.o
    0x08006450   0x08006450   0x00000228   Code   RO          281    .text.system_core_clock_update  lto-llvm-dfd08f.o
    0x08006678   0x08006678   0x0000003a   Code   RO          277    .text.systick_clock_source_config  lto-llvm-dfd08f.o
    0x080066b2   0x080066b2   0x00000002   PAD
    0x080066b4   0x080066b4   0x00000088   Code   RO          183    .text.tmt_create    lto-llvm-dfd08f.o
    0x0800673c   0x0800673c   0x0000012c   Code   RO          185    .text.tmt_delete    lto-llvm-dfd08f.o
    0x08006868   0x08006868   0x00000076   Code   RO          177    .text.tmt_init      lto-llvm-dfd08f.o
    0x080068de   0x080068de   0x00000002   PAD
    0x080068e0   0x080068e0   0x000000b2   Code   RO          179    .text.tmt_run       lto-llvm-dfd08f.o
    0x08006992   0x08006992   0x00000002   PAD
    0x08006994   0x08006994   0x00000086   Code   RO          189    .text.tmt_run_ctrl  lto-llvm-dfd08f.o
    0x08006a1a   0x08006a1a   0x00000002   PAD
    0x08006a1c   0x08006a1c   0x00000098   Code   RO          187    .text.tmt_time_ctrl  lto-llvm-dfd08f.o
    0x08006ab4   0x08006ab4   0x0000006a   Code   RO          181    .text.tmt_update_tick  lto-llvm-dfd08f.o
    0x08006b1e   0x08006b1e   0x00000002   PAD
    0x08006b20   0x08006b20   0x0000009a   Code   RO          333    .text.update_perf_counter  lto-llvm-dfd08f.o
    0x08006bba   0x08006bba   0x00000002   PAD
    0x08006bbc   0x08006bbc   0x00000016   Code   RO          239    .text.usart_data_receive  lto-llvm-dfd08f.o
    0x08006bd2   0x08006bd2   0x00000002   PAD
    0x08006bd4   0x08006bd4   0x0000002c   Code   RO          231    .text.usart_enable  lto-llvm-dfd08f.o
    0x08006c00   0x08006c00   0x0000009a   Code   RO          241    .text.usart_hardware_flow_control_set  lto-llvm-dfd08f.o
    0x08006c9a   0x08006c9a   0x00000002   PAD
    0x08006c9c   0x08006c9c   0x000000d4   Code   RO          227    .text.usart_init    lto-llvm-dfd08f.o
    0x08006d70   0x08006d70   0x0000005a   Code   RO          237    .text.usart_interrupt_enable  lto-llvm-dfd08f.o
    0x08006dca   0x08006dca   0x00000002   PAD
    0x08006dcc   0x08006dcc   0x00000128   Code   RO          243    .text.usart_interrupt_flag_get  lto-llvm-dfd08f.o
    0x08006ef4   0x08006ef4   0x00000078   Code   RO          229    .text.usart_parity_selection_config  lto-llvm-dfd08f.o
    0x08006f6c   0x08006f6c   0x0000002c   Code   RO          235    .text.usart_receiver_enable  lto-llvm-dfd08f.o
    0x08006f98   0x08006f98   0x0000002c   Code   RO          233    .text.usart_transmitter_enable  lto-llvm-dfd08f.o
    0x08006fc4   0x08006fc4   0x0000003e   Code   RO          175    .text.wk_gpio_config  lto-llvm-dfd08f.o
    0x08007002   0x08007002   0x00000002   PAD
    0x08007004   0x08007004   0x00000098   Code   RO          147    .text.wk_nvic_config  lto-llvm-dfd08f.o
    0x0800709c   0x0800709c   0x00000022   Code   RO          145    .text.wk_periph_clock_config  lto-llvm-dfd08f.o
    0x080070be   0x080070be   0x00000002   PAD
    0x080070c0   0x080070c0   0x0000008e   Code   RO          143    .text.wk_system_clock_config  lto-llvm-dfd08f.o
    0x0800714e   0x0800714e   0x00000002   PAD
    0x08007150   0x08007150   0x00000008   Code   RO          167    .text.wk_timebase_handler  lto-llvm-dfd08f.o
    0x08007158   0x08007158   0x00000010   Code   RO          163    .text.wk_timebase_increase  lto-llvm-dfd08f.o
    0x08007168   0x08007168   0x00000056   Code   RO          165    .text.wk_timebase_init  lto-llvm-dfd08f.o
    0x080071be   0x080071be   0x00000002   PAD
    0x080071c0   0x080071c0   0x0000007c   Code   RO          169    .text.wk_usart1_init  lto-llvm-dfd08f.o
    0x0800723c   0x0800723c   0x00000020   Code   RO           47    i.__0printf         mc_w.l(printfa.o)
    0x0800725c   0x0800725c   0x0000000e   Code   RO          418    i.__scatterload_copy  mc_w.l(handlers.o)
    0x0800726a   0x0800726a   0x00000002   Code   RO          419    i.__scatterload_null  mc_w.l(handlers.o)
    0x0800726c   0x0800726c   0x0000000e   Code   RO          420    i.__scatterload_zeroinit  mc_w.l(handlers.o)
    0x0800727a   0x0800727a   0x00000002   PAD
    0x0800727c   0x0800727c   0x00000184   Code   RO           54    i._fp_digits        mc_w.l(printfa.o)
    0x08007400   0x08007400   0x000006dc   Code   RO           55    i._printf_core      mc_w.l(printfa.o)
    0x08007adc   0x08007adc   0x00000024   Code   RO           56    i._printf_post_padding  mc_w.l(printfa.o)
    0x08007b00   0x08007b00   0x0000002e   Code   RO           57    i._printf_pre_padding  mc_w.l(printfa.o)
    0x08007b2e   0x08007b2e   0x00000002   PAD
    0x08007b30   0x08007b30   0x00000018   Data   RO          378    .rodata.EventRecorderInfo  lto-llvm-dfd08f.o
    0x08007b48   0x08007b48   0x00000010   Data   RO          372    .rodata.cst16       lto-llvm-dfd08f.o
    0x08007b58   0x08007b58   0x00000010   Data   RO          371    .rodata.cst8        lto-llvm-dfd08f.o
    0x08007b68   0x08007b68   0x0000000c   Data   RO          365    .rodata.str1.1      lto-llvm-dfd08f.o
    0x08007b74   0x08007b74   0x00000020   Data   RO          417    Region$$Table       anon$$obj.o
    0x08007b94   0x08007b94   0x00000004   Data   RO          379    .init_array         lto-llvm-dfd08f.o
    0x08007b98   0x08007b94   0x00000000   Data   RO          408    .init_array         mc_w.l(cpp_init.o)


    Execution Region RW_IRAM1 (Exec base: 0x20000000, Load base: 0x08007bc0, Size: 0x00000a00, Max: 0x00004000, ABSOLUTE)

    Exec Addr    Load Addr    Size         Type   Attr      Idx    E Section Name        Object

    0x20000000   0x08007bc0   0x00000004   Data   RW           44    .data               mc_w.l(stdout.o)
    0x20000004   0x08007bc4   0x00000004   Data   RW          392    .data.SystemCoreClock  lto-llvm-dfd08f.o
    0x20000008   0x08007bc8   0x00000004   Data   RW          384    .data.s_wMSUnit     lto-llvm-dfd08f.o
    0x2000000c   0x08007bcc   0x00000004   Data   RW          387    .data.s_wUSUnit     lto-llvm-dfd08f.o
    0x20000010   0x08007bd0   0x00000030   PAD
    0x20000040        -       0x00000008   Zero   RW          374    .bss.SensorProc.s_SensorStartTime  lto-llvm-dfd08f.o
    0x20000048        -       0x00000001   Zero   RW          373    .bss.SensorProc.s_tate  lto-llvm-dfd08f.o
    0x20000049   0x08007bd0   0x00000007   PAD
    0x20000050        -       0x00000008   Zero   RW          381    .bss.g_lLastTimeStamp  lto-llvm-dfd08f.o
    0x20000058        -       0x00000004   Zero   RW          380    .bss.g_nOffset      lto-llvm-dfd08f.o
    0x2000005c        -       0x00000001   Zero   RW          368    .bss.iap_flag       lto-llvm-dfd08f.o
    0x2000005d   0x08007bd0   0x00000023   PAD
    0x20000080        -       0x000004a4   Zero   RW          377    .bss.noinit         lto-llvm-dfd08f.o
    0x20000524        -       0x0000007c   Zero   RW          369    .bss.object         lto-llvm-dfd08f.o
    0x200005a0        -       0x00000008   Zero   RW          389    .bss.s_lOldTimestamp  lto-llvm-dfd08f.o
    0x200005a8        -       0x00000008   Zero   RW          391    .bss.s_lOldTimestampMS  lto-llvm-dfd08f.o
    0x200005b0        -       0x00000008   Zero   RW          390    .bss.s_lOldTimestampUS  lto-llvm-dfd08f.o
    0x200005b8        -       0x00000008   Zero   RW          382    .bss.s_lSystemClockCounts  lto-llvm-dfd08f.o
    0x200005c0        -       0x00000008   Zero   RW          385    .bss.s_lSystemMS    lto-llvm-dfd08f.o
    0x200005c8        -       0x00000008   Zero   RW          388    .bss.s_lSystemUS    lto-llvm-dfd08f.o
    0x200005d0        -       0x00000004   Zero   RW          383    .bss.s_wMSResidule  lto-llvm-dfd08f.o
    0x200005d4        -       0x00000004   Zero   RW          386    .bss.s_wUSResidule  lto-llvm-dfd08f.o
    0x200005d8        -       0x00000008   Zero   RW          376    .bss.stdout_putchar.buffer  lto-llvm-dfd08f.o
    0x200005e0        -       0x00000004   Zero   RW          375    .bss.stdout_putchar.index  lto-llvm-dfd08f.o
    0x200005e4        -       0x00000004   Zero   RW          367    .bss.timebase_ticks  lto-llvm-dfd08f.o
    0x200005e8        -       0x00000018   Zero   RW          370    .bss.tmt            lto-llvm-dfd08f.o
    0x20000600        -       0x00000400   Zero   RW           17    STACK               startup_at32f421.o


==============================================================================

Image component sizes


      Code (inc. data)   RO Data    RW Data    ZI Data      Debug   Object Name

     10896          6         72         12       1430      77597   lto-llvm-dfd08f.o
        36          8        204          0       1024        800   startup_at32f421.o
        28          8          0          0          0        546   systick_wrapper_gnu.o

    ----------------------------------------------------------------------
     11064         22        308         12       2544      78943   Object Totals
         0          0         32          0          0          0   (incl. Generated)
       104          0          0          0         90          0   (incl. Padding)

    ----------------------------------------------------------------------

      Code (inc. data)   RO Data    RW Data    ZI Data      Debug   Library Member Name

        40          8          0          0          0         80   cpp_init.o
         0          0          0          0          0          0   entry.o
         0          0          0          0          0          0   entry10a.o
         0          0          0          0          0          0   entry11a.o
         8          4          0          0          0          0   entry2.o
         4          0          0          0          0          0   entry5.o
         0          0          0          0          0          0   entry7b.o
         4          0          0          0          0          0   entry8a.o
         0          0          0          0          0          0   entry8b.o
         8          4          0          0          0          0   entry9a.o
        30          0          0          0          0          0   handlers.o
        48         10          0          0          0         68   init.o
         0          0          0          0          0          0   iusefp.o
        98          0          0          0          0         84   ldiv.o
        30          0          0          0          0         68   llshl.o
        36          0          0          0          0         68   llsshr.o
        32          0          0          0          0         68   llushr.o
        36          0          0          0          0         68   memcpya.o
        36          0          0          0          0        108   memseta.o
      2258         90          0          0          0        452   printfa.o
         0          0          0          4          0          0   stdout.o
        44          0          0          0          0         80   uidiv.o
        98          0          0          0          0         92   uldiv.o
        48          0          0          0          0         68   cdrcmple.o
       334          0          0          0          0        148   dadd.o
       222          0          0          0          0        100   ddiv.o
       186          0          0          0          0        176   depilogue.o
        48          0          0          0          0         68   dfixul.o
       228          0          0          0          0         96   dmul.o

    ----------------------------------------------------------------------
      3884        116          0          4          0       1892   Library Totals
         8          0          0          0          0          0   (incl. Padding)

    ----------------------------------------------------------------------

      Code (inc. data)   RO Data    RW Data    ZI Data      Debug   Library Name

      2810        116          0          4          0       1236   mc_w.l
      1066          0          0          0          0        656   mf_w.l

    ----------------------------------------------------------------------
      3884        116          0          4          0       1892   Library Totals

    ----------------------------------------------------------------------

==============================================================================


      Code (inc. data)   RO Data    RW Data    ZI Data      Debug   

     14948        138        308         16       2544      79999   Grand Totals
     14948        138        308         16       2544      79999   ELF Image Totals
     14948        138        308         16          0          0   ROM Totals

==============================================================================

    Total RO  Size (Code + RO Data)                15256 (  14.90kB)
    Total RW  Size (RW Data + ZI Data)              2560 (   2.50kB)
    Total ROM Size (Code + RO Data + RW Data)      15272 (  14.91kB)

==============================================================================

