Component: Arm Compiler for Embedded 6.18 Tool: armlink [5e4cc100]

==============================================================================

Section Cross References

    startup_at32f421.o(RESET) refers to startup_at32f421.o(STACK) for __initial_sp
    startup_at32f421.o(RESET) refers to startup_at32f421.o(.text) for Reset_Handler
    startup_at32f421.o(RESET) refers to lto-llvm-d71600.o(.text.NMI_Handler) for NMI_Handler
    startup_at32f421.o(RESET) refers to lto-llvm-d71600.o(.text.HardFault_Handler) for HardFault_Handler
    startup_at32f421.o(RESET) refers to lto-llvm-d71600.o(.text.MemManage_Handler) for MemManage_Handler
    startup_at32f421.o(RESET) refers to lto-llvm-d71600.o(.text.BusFault_Handler) for BusFault_Handler
    startup_at32f421.o(RESET) refers to lto-llvm-d71600.o(.text.UsageFault_Handler) for UsageFault_Handler
    startup_at32f421.o(RESET) refers to lto-llvm-d71600.o(.text.SVC_Handler) for SVC_Handler
    startup_at32f421.o(RESET) refers to lto-llvm-d71600.o(.text.DebugMon_Handler) for DebugMon_Handler
    startup_at32f421.o(RESET) refers to lto-llvm-d71600.o(.text.PendSV_Handler) for PendSV_Handler
    startup_at32f421.o(RESET) refers to systick_wrapper_gnu.o(.text) for SysTick_Handler
    startup_at32f421.o(RESET) refers to lto-llvm-d71600.o(.text.USART1_IRQHandler) for USART1_IRQHandler
    startup_at32f421.o(.text) refers to lto-llvm-d71600.o(.text.SystemInit) for SystemInit
    startup_at32f421.o(.text) refers to entry.o(.ARM.Collect$$$$00000000) for __main
    systick_wrapper_gnu.o(.text) refers to lto-llvm-d71600.o(.text.perfc_port_insert_to_system_timer_insert_ovf_handler) for perfc_port_insert_to_system_timer_insert_ovf_handler
    systick_wrapper_gnu.o(.text) refers to lto-llvm-d71600.o(.text.SysTick_Handler) for $Super$$SysTick_Handler
    entry.o(.ARM.Collect$$$$00000000) refers (Special) to entry10a.o(.ARM.Collect$$$$0000000D) for __rt_final_cpp
    entry.o(.ARM.Collect$$$$00000000) refers (Special) to entry11a.o(.ARM.Collect$$$$0000000F) for __rt_final_exit
    entry.o(.ARM.Collect$$$$00000000) refers (Special) to entry7b.o(.ARM.Collect$$$$00000008) for _main_clock
    entry.o(.ARM.Collect$$$$00000000) refers (Special) to entry8b.o(.ARM.Collect$$$$0000000A) for _main_cpp_init
    entry.o(.ARM.Collect$$$$00000000) refers (Special) to entry9a.o(.ARM.Collect$$$$0000000B) for _main_init
    entry.o(.ARM.Collect$$$$00000000) refers (Special) to entry5.o(.ARM.Collect$$$$00000004) for _main_scatterload
    entry.o(.ARM.Collect$$$$00000000) refers (Special) to entry2.o(.ARM.Collect$$$$00000001) for _main_stk
    fputs.o(i.fputs) refers to lto-llvm-d71600.o(.text.fputc) for fputc
    fputs_e.o(.text) refers to lto-llvm-d71600.o(.text.fputc) for fputc
    printfa.o(i.__0fprintf) refers (Special) to iusefp.o(.text) for __I$use$fp
    printfa.o(i.__0fprintf) refers to printfa.o(i._printf_core) for _printf_core
    printfa.o(i.__0fprintf) refers to lto-llvm-d71600.o(.text.fputc) for fputc
    printfa.o(i.__0printf) refers (Special) to iusefp.o(.text) for __I$use$fp
    printfa.o(i.__0printf) refers to printfa.o(i._printf_core) for _printf_core
    printfa.o(i.__0printf) refers to lto-llvm-d71600.o(.text.fputc) for fputc
    printfa.o(i.__0printf) refers to stdout.o(.data) for __stdout
    printfa.o(i.__0snprintf) refers (Special) to iusefp.o(.text) for __I$use$fp
    printfa.o(i.__0snprintf) refers to printfa.o(i._printf_core) for _printf_core
    printfa.o(i.__0snprintf) refers to printfa.o(i._snputc) for _snputc
    printfa.o(i.__0sprintf) refers (Special) to iusefp.o(.text) for __I$use$fp
    printfa.o(i.__0sprintf) refers to printfa.o(i._printf_core) for _printf_core
    printfa.o(i.__0sprintf) refers to printfa.o(i._sputc) for _sputc
    printfa.o(i.__0vfprintf) refers (Special) to iusefp.o(.text) for __I$use$fp
    printfa.o(i.__0vfprintf) refers to printfa.o(i._printf_core) for _printf_core
    printfa.o(i.__0vfprintf) refers to lto-llvm-d71600.o(.text.fputc) for fputc
    printfa.o(i.__0vprintf) refers (Special) to iusefp.o(.text) for __I$use$fp
    printfa.o(i.__0vprintf) refers to printfa.o(i._printf_core) for _printf_core
    printfa.o(i.__0vprintf) refers to lto-llvm-d71600.o(.text.fputc) for fputc
    printfa.o(i.__0vprintf) refers to stdout.o(.data) for __stdout
    printfa.o(i.__0vsnprintf) refers (Special) to iusefp.o(.text) for __I$use$fp
    printfa.o(i.__0vsnprintf) refers to printfa.o(i._printf_core) for _printf_core
    printfa.o(i.__0vsnprintf) refers to printfa.o(i._snputc) for _snputc
    printfa.o(i.__0vsprintf) refers (Special) to iusefp.o(.text) for __I$use$fp
    printfa.o(i.__0vsprintf) refers to printfa.o(i._printf_core) for _printf_core
    printfa.o(i.__0vsprintf) refers to printfa.o(i._sputc) for _sputc
    printfa.o(i._fp_digits) refers (Special) to iusefp.o(.text) for __I$use$fp
    printfa.o(i._fp_digits) refers to dmul.o(.text) for __aeabi_dmul
    printfa.o(i._fp_digits) refers to ddiv.o(.text) for __aeabi_ddiv
[...]
    Removing lto-llvm-d71600.o(.ARM.exidx.text.PendSV_Handler), (8 bytes).
    Removing lto-llvm-d71600.o(.ARM.exidx.text.SysTick_Handler), (8 bytes).
    Removing lto-llvm-d71600.o(.ARM.exidx.text.USART1_IRQHandler), (8 bytes).
    Removing lto-llvm-d71600.o(.ARM.exidx.text.wk_system_clock_config), (8 bytes).
    Removing lto-llvm-d71600.o(.ARM.exidx.text.wk_periph_clock_config), (8 bytes).
    Removing lto-llvm-d71600.o(.ARM.exidx.text.wk_nvic_config), (8 bytes).
    Removing lto-llvm-d71600.o(.ARM.exidx.text.__NVIC_GetPriorityGrouping), (8 bytes).
    Removing lto-llvm-d71600.o(.ARM.exidx.text.NVIC_EncodePriority), (8 bytes).
    Removing lto-llvm-d71600.o(.ARM.exidx.text.__NVIC_SetPriority), (8 bytes).
    Removing lto-llvm-d71600.o(.ARM.exidx.text.main), (8 bytes).
    Removing lto-llvm-d71600.o(.ARM.exidx.text.iap_task), (8 bytes).
    Removing lto-llvm-d71600.o(.ARM.exidx.text.Servo_SetAngle), (8 bytes).
    Removing lto-llvm-d71600.o(.ARM.exidx.text.wk_timebase_increase), (8 bytes).
    Removing lto-llvm-d71600.o(.ARM.exidx.text.wk_timebase_init), (8 bytes).
    Removing lto-llvm-d71600.o(.ARM.exidx.text.wk_timebase_handler), (8 bytes).
    Removing lto-llvm-d71600.o(.ARM.exidx.text.wk_usart1_init), (8 bytes).
    Removing lto-llvm-d71600.o(.ARM.exidx.text.iap_command_handle), (8 bytes).
    Removing lto-llvm-d71600.o(.ARM.exidx.text.iap_init), (8 bytes).
    Removing lto-llvm-d71600.o(.ARM.exidx.text.wk_gpio_config), (8 bytes).
    Removing lto-llvm-d71600.o(.ARM.exidx.text.wk_tmr3_init), (8 bytes).
    Removing lto-llvm-d71600.o(.ARM.exidx.text.tmt_init), (8 bytes).
    Removing lto-llvm-d71600.o(.ARM.exidx.text.tmt_run), (8 bytes).
    Removing lto-llvm-d71600.o(.ARM.exidx.text.tmt_update_tick), (8 bytes).
    Removing lto-llvm-d71600.o(.ARM.exidx.text.tmt_create), (8 bytes).
    Removing lto-llvm-d71600.o(.ARM.exidx.text.tmt_delete), (8 bytes).
    Removing lto-llvm-d71600.o(.ARM.exidx.text.tmt_time_ctrl), (8 bytes).
    Removing lto-llvm-d71600.o(.ARM.exidx.text.tmt_run_ctrl), (8 bytes).
    Removing lto-llvm-d71600.o(.ARM.exidx.text.crm_reset), (8 bytes).
    Removing lto-llvm-d71600.o(.ARM.exidx.text.crm_flag_get), (8 bytes).
    Removing lto-llvm-d71600.o(.ARM.exidx.text.crm_periph_clock_enable), (8 bytes).
    Removing lto-llvm-d71600.o(.ARM.exidx.text.crm_clock_source_enable), (8 bytes).
    Removing lto-llvm-d71600.o(.ARM.exidx.text.crm_ahb_div_set), (8 bytes).
    Removing lto-llvm-d71600.o(.ARM.exidx.text.crm_apb1_div_set), (8 bytes).
    Removing lto-llvm-d71600.o(.ARM.exidx.text.crm_apb2_div_set), (8 bytes).
    Removing lto-llvm-d71600.o(.ARM.exidx.text.crm_pll_config), (8 bytes).
    Removing lto-llvm-d71600.o(.ARM.exidx.text.crm_sysclk_switch), (8 bytes).
    Removing lto-llvm-d71600.o(.ARM.exidx.text.crm_sysclk_switch_status_get), (8 bytes).
    Removing lto-llvm-d71600.o(.ARM.exidx.text.crm_clocks_freq_get), (8 bytes).
    Removing lto-llvm-d71600.o(.ARM.exidx.text.crm_auto_step_mode_enable), (8 bytes).
    Removing lto-llvm-d71600.o(.ARM.exidx.text.tmr_counter_enable), (8 bytes).
    Removing lto-llvm-d71600.o(.ARM.exidx.text.tmr_base_init), (8 bytes).
    Removing lto-llvm-d71600.o(.ARM.exidx.text.tmr_clock_source_div_set), (8 bytes).
    Removing lto-llvm-d71600.o(.ARM.exidx.text.tmr_cnt_dir_set), (8 bytes).
    Removing lto-llvm-d71600.o(.ARM.exidx.text.tmr_output_channel_config), (8 bytes).
    Removing lto-llvm-d71600.o(.ARM.exidx.text.tmr_channel_value_set), (8 bytes).
    Removing lto-llvm-d71600.o(.ARM.exidx.text.tmr_period_buffer_enable), (8 bytes).
    Removing lto-llvm-d71600.o(.ARM.exidx.text.tmr_output_channel_buffer_enable), (8 bytes).
    Removing lto-llvm-d71600.o(.ARM.exidx.text.tmr_output_channel_immediately_set), (8 bytes).
    Removing lto-llvm-d71600.o(.ARM.exidx.text.tmr_channel_enable), (8 bytes).
    Removing lto-llvm-d71600.o(.ARM.exidx.text.tmr_primary_mode_select), (8 bytes).
    Removing lto-llvm-d71600.o(.ARM.exidx.text.tmr_sub_sync_mode_set), (8 bytes).
    Removing lto-llvm-d71600.o(.ARM.exidx.text.gpio_init), (8 bytes).
    Removing lto-llvm-d71600.o(.ARM.exidx.text.gpio_default_para_init), (8 bytes).
    Removing lto-llvm-d71600.o(.ARM.exidx.text.gpio_bits_set), (8 bytes).
    Removing lto-llvm-d71600.o(.ARM.exidx.text.gpio_pin_mux_config), (8 bytes).
    Removing lto-llvm-d71600.o(.ARM.exidx.text.usart_init), (8 bytes).
    Removing lto-llvm-d71600.o(.ARM.exidx.text.usart_parity_selection_config), (8 bytes).
    Removing lto-llvm-d71600.o(.ARM.exidx.text.usart_enable), (8 bytes).
    Removing lto-llvm-d71600.o(.ARM.exidx.text.usart_transmitter_enable), (8 bytes).
    Removing lto-llvm-d71600.o(.ARM.exidx.text.usart_receiver_enable), (8 bytes).
    Removing lto-llvm-d71600.o(.ARM.exidx.text.usart_interrupt_enable), (8 bytes).
    Removing lto-llvm-d71600.o(.ARM.exidx.text.usart_data_receive), (8 bytes).
    Removing lto-llvm-d71600.o(.ARM.exidx.text.usart_hardware_flow_control_set), (8 bytes).
    Removing lto-llvm-d71600.o(.ARM.exidx.text.usart_interrupt_flag_get), (8 bytes).
    Removing lto-llvm-d71600.o(.ARM.exidx.text.flash_operation_status_get), (8 bytes).
    Removing lto-llvm-d71600.o(.ARM.exidx.text.flash_operation_wait_for), (8 bytes).
    Removing lto-llvm-d71600.o(.ARM.exidx.text.flash_unlock), (8 bytes).
    Removing lto-llvm-d71600.o(.ARM.exidx.text.flash_lock), (8 bytes).
    Removing lto-llvm-d71600.o(.ARM.exidx.text.flash_sector_erase), (8 bytes).
    Removing lto-llvm-d71600.o(.ARM.exidx.text.flash_word_program), (8 bytes).
    Removing lto-llvm-d71600.o(.ARM.exidx.text.nvic_system_reset), (8 bytes).
    Removing lto-llvm-d71600.o(.ARM.exidx.text.__NVIC_SystemReset), (8 bytes).
    Removing lto-llvm-d71600.o(.ARM.exidx.text.nvic_irq_enable), (8 bytes).
    Removing lto-llvm-d71600.o(.ARM.exidx.text.__NVIC_GetPriorityGrouping.111), (8 bytes).
    Removing lto-llvm-d71600.o(.ARM.exidx.text.NVIC_EncodePriority.112), (8 bytes).
    Removing lto-llvm-d71600.o(.ARM.exidx.text.__NVIC_SetPriority.113), (8 bytes).
    Removing lto-llvm-d71600.o(.ARM.exidx.text.__NVIC_EnableIRQ), (8 bytes).
    Removing lto-llvm-d71600.o(.ARM.exidx.text.nvic_priority_group_config), (8 bytes).
    Removing lto-llvm-d71600.o(.ARM.exidx.text.__NVIC_SetPriorityGrouping), (8 bytes).
    Removing lto-llvm-d71600.o(.ARM.exidx.text.nvic_vector_table_set), (8 bytes).
    Removing lto-llvm-d71600.o(.ARM.exidx.text.systick_clock_source_config), (8 bytes).
    Removing lto-llvm-d71600.o(.ARM.exidx.text.SystemInit), (8 bytes).
    Removing lto-llvm-d71600.o(.ARM.exidx.text.system_core_clock_update), (8 bytes).
    Removing lto-llvm-d71600.o(.ARM.exidx.text.fputc), (8 bytes).
    Removing lto-llvm-d71600.o(.text.fgetc), (12 bytes).
    Removing lto-llvm-d71600.o(.ARM.exidx.text.fgetc), (8 bytes).
    Removing lto-llvm-d71600.o(.ARM.exidx.text.stdout_putchar), (8 bytes).
    Removing lto-llvm-d71600.o(.ARM.exidx.text.EventRecorderInitialize), (8 bytes).
    Removing lto-llvm-d71600.o(.ARM.exidx.text.crc16_ccitt), (8 bytes).
    Removing lto-llvm-d71600.o(.ARM.exidx.text.EventRecorderEnable), (8 bytes).
    Removing lto-llvm-d71600.o(.ARM.exidx.text.EventGetTS), (8 bytes).
    Removing lto-llvm-d71600.o(.ARM.exidx.text.EventRecordItem), (8 bytes).
    Removing lto-llvm-d71600.o(.ARM.exidx.text.EventRecorderStart), (8 bytes).
    Removing lto-llvm-d71600.o(.ARM.exidx.text.GetRecordIndex), (8 bytes).
    Removing lto-llvm-d71600.o(.ARM.exidx.text.LockRecord), (8 bytes).
    Removing lto-llvm-d71600.o(.ARM.exidx.text.UnlockRecord), (8 bytes).
    Removing lto-llvm-d71600.o(.ARM.exidx.text.IncrementRecordsWritten), (8 bytes).
    Removing lto-llvm-d71600.o(.ARM.exidx.text.IncrementRecordsDumped), (8 bytes).
    Removing lto-llvm-d71600.o(.ARM.exidx.text.atomic_inc_32), (8 bytes).
    Removing lto-llvm-d71600.o(.ARM.exidx.text.atomic_cmp_xch_32), (8 bytes).
    Removing lto-llvm-d71600.o(.ARM.exidx.text.EventRecordData), (8 bytes).
    Removing lto-llvm-d71600.o(.ARM.exidx.text.EventCheckFilter), (8 bytes).
    Removing lto-llvm-d71600.o(.ARM.exidx.text.GetContext), (8 bytes).
    Removing lto-llvm-d71600.o(.ARM.exidx.text.atomic_inc_8), (8 bytes).
    Removing lto-llvm-d71600.o(.ARM.exidx.text.__perf_counter_init), (8 bytes).
    Removing lto-llvm-d71600.o(.ARM.exidx.text.init_cycle_counter), (8 bytes).
    Removing lto-llvm-d71600.o(.ARM.exidx.text.perfc_port_disable_global_interrupt), (8 bytes).
    Removing lto-llvm-d71600.o(.ARM.exidx.text.perfc_port_resume_global_interrupt), (8 bytes).
    Removing lto-llvm-d71600.o(.ARM.exidx.text.update_perf_counter), (8 bytes).
    Removing lto-llvm-d71600.o(.text.__perf_os_patch_init), (2 bytes).
    Removing lto-llvm-d71600.o(.ARM.exidx.text.__perf_os_patch_init), (8 bytes).
    Removing lto-llvm-d71600.o(.ARM.exidx.text.get_system_ticks), (8 bytes).
    Removing lto-llvm-d71600.o(.ARM.exidx.text.check_systick), (8 bytes).
    Removing lto-llvm-d71600.o(.ARM.exidx.text.perfc_port_insert_to_system_timer_insert_ovf_handler), (8 bytes).
    Removing lto-llvm-d71600.o(.text.EventRecorderTimerSetup), (2 bytes).
    Removing lto-llvm-d71600.o(.ARM.exidx.text.EventRecorderTimerSetup), (8 bytes).
    Removing lto-llvm-d71600.o(.ARM.exidx.text.EventRecorderTimerGetFreq), (8 bytes).
    Removing lto-llvm-d71600.o(.ARM.exidx.text.EventRecorderTimerGetCount), (8 bytes).
    Removing lto-llvm-d71600.o(.ARM.exidx.text.perfc_port_init_system_timer), (8 bytes).
    Removing lto-llvm-d71600.o(.ARM.exidx.text.perfc_port_disable_global_interrupt.142), (8 bytes).
    Removing lto-llvm-d71600.o(.ARM.exidx.text.perfc_port_resume_global_interrupt.143), (8 bytes).
    Removing lto-llvm-d71600.o(.ARM.exidx.text.perfc_port_get_system_timer_freq), (8 bytes).
    Removing lto-llvm-d71600.o(.ARM.exidx.text.perfc_port_is_system_timer_ovf_pending), (8 bytes).
    Removing lto-llvm-d71600.o(.ARM.exidx.text.perfc_port_get_system_timer_top), (8 bytes).
    Removing lto-llvm-d71600.o(.ARM.exidx.text.perfc_port_get_system_timer_elapsed), (8 bytes).
    Removing lto-llvm-d71600.o(.ARM.exidx.text.perfc_port_clear_system_timer_ovf_pending), (8 bytes).
    Removing lto-llvm-d71600.o(.ARM.use_no_argv), (4 bytes).

136 unused section(s) (total 1572 bytes) removed from the image.

==============================================================================

Image Symbol Table

    Local Symbols

    Symbol Name                              Value     Ov Type        Size  Object(Section)

    ../clib/division.s                       0x00000000   Number         0  aeabi_sdiv.o ABSOLUTE
    ../clib/microlib/cpp/cpp_init.c          0x00000000   Number         0  cpp_init.o ABSOLUTE
    ../clib/microlib/cpp/cpp_init.c          0x00000000   Number         0  cpp_init.o ABSOLUTE
    ../clib/microlib/division.c              0x00000000   Number         0  uidiv.o ABSOLUTE
    ../clib/microlib/division.c              0x00000000   Number         0  uldiv.o ABSOLUTE
    ../clib/microlib/division.c              0x00000000   Number         0  ldiv.o ABSOLUTE
    ../clib/microlib/init/entry.s            0x00000000   Number         0  entry.o ABSOLUTE
    ../clib/microlib/init/entry.s            0x00000000   Number         0  entry2.o ABSOLUTE
    ../clib/microlib/init/entry.s            0x00000000   Number         0  entry5.o ABSOLUTE
    ../clib/microlib/init/entry.s            0x00000000   Number         0  entry7a.o ABSOLUTE
    ../clib/microlib/init/entry.s            0x00000000   Number         0  entry7b.o ABSOLUTE
    ../clib/microlib/init/entry.s            0x00000000   Number         0  entry8a.o ABSOLUTE
    ../clib/microlib/init/entry.s            0x00000000   Number         0  entry8b.o ABSOLUTE
    ../clib/microlib/init/entry.s            0x00000000   Number         0  entry9a.o ABSOLUTE
    ../clib/microlib/init/entry.s            0x00000000   Number         0  entry9b.o ABSOLUTE
    ../clib/microlib/init/entry.s            0x00000000   Number         0  entry10a.o ABSOLUTE
    ../clib/microlib/init/entry.s            0x00000000   Number         0  entry10b.o ABSOLUTE
    ../clib/microlib/init/entry.s            0x00000000   Number         0  entry11a.o ABSOLUTE
    ../clib/microlib/init/entry.s            0x00000000   Number         0  entry11b.o ABSOLUTE
    ../clib/microlib/longlong.c              0x00000000   Number         0  llshl.o ABSOLUTE
    ../clib/microlib/longlong.c              0x00000000   Number         0  llushr.o ABSOLUTE
    ../clib/microlib/longlong.c              0x00000000   Number         0  llsshr.o ABSOLUTE
    ../clib/microlib/printf/printf.c         0x00000000   Number         0  printfa.o ABSOLUTE
    ../clib/microlib/stdio/fputs.c           0x00000000   Number         0  fputs.o ABSOLUTE
    ../clib/microlib/stdio/fputs.c           0x00000000   Number         0  fputs_e.o ABSOLUTE
    ../clib/microlib/stdio/streams.c         0x00000000   Number         0  stdout.o ABSOLUTE
    ../clib/microlib/stdio/streams.c         0x00000000   Number         0  stderr.o ABSOLUTE
    ../clib/microlib/string/memcpy.c         0x00000000   Number         0  memcpya.o ABSOLUTE
    ../clib/microlib/string/memcpy.c         0x00000000   Number         0  memcpyb.o ABSOLUTE
    ../clib/microlib/string/memset.c         0x00000000   Number         0  memseta.o ABSOLUTE
    ../clib/microlib/stubs.s                 0x00000000   Number         0  iusefp.o ABSOLUTE
    ../clib/r_arm_target.c                   0x00000000   Number         0  __ARM_resolve_target1.o ABSOLUTE
    ../clib/r_arm_target.c                   0x00000000   Number         0  __ARM_resolve_target1_abs32.o ABSOLUTE
    ../fplib/microlib/fpadd.c                0x00000000   Number         0  dadd.o ABSOLUTE
    ../fplib/microlib/fpadd.c                0x00000000   Number         0  fadd.o ABSOLUTE
    ../fplib/microlib/fpcmp.c                0x00000000   Number         0  fcmplt.o ABSOLUTE
    ../fplib/microlib/fpcmp.c                0x00000000   Number         0  fcmpgt.o ABSOLUTE
    ../fplib/microlib/fpdiv.c                0x00000000   Number         0  ddiv.o ABSOLUTE
    ../fplib/microlib/fpdiv.c                0x00000000   Number         0  fdiv.o ABSOLUTE
    ../fplib/microlib/fpepilogue.c           0x00000000   Number         0  depilogue.o ABSOLUTE
    ../fplib/microlib/fpepilogue.c           0x00000000   Number         0  fepilogue.o ABSOLUTE
    ../fplib/microlib/fpfix.c                0x00000000   Number         0  dfixul.o ABSOLUTE
    ../fplib/microlib/fpfix.c                0x00000000   Number         0  ffixui.o ABSOLUTE
    ../fplib/microlib/fpmul.c                0x00000000   Number         0  dmul.o ABSOLUTE
    ../fplib/microlib/fpmul.c                0x00000000   Number         0  fmul.o ABSOLUTE
    cdrcmple.s                               0x00000000   Number         0  cdrcmple.o ABSOLUTE
    dc.s                                     0x00000000   Number         0  dc.o ABSOLUTE
    handlers.s                               0x00000000   Number         0  handlers.o ABSOLUTE
    init.s                                   0x00000000   Number         0  init.o ABSOLUTE
    ld-temp.o                                0x00000000   Number         0  lto-llvm-d71600.o ABSOLUTE
    startup_at32f421.s                       0x00000000   Number         0  startup_at32f421.o ABSOLUTE
    RESET                                    0x08004000   Section      204  startup_at32f421.o(RESET)
    .ARM.Collect$$$$00000000                 0x080040cc   Section        0  entry.o(.ARM.Collect$$$$00000000)
    .ARM.Collect$$$$00000001                 0x080040cc   Section        4  entry2.o(.ARM.Collect$$$$00000001)
    .ARM.Collect$$$$00000004                 0x080040d0   Section        4  entry5.o(.ARM.Collect$$$$00000004)
    .ARM.Collect$$$$00000008                 0x080040d4   Section        0  entry7b.o(.ARM.Collect$$$$00000008)
    .ARM.Collect$$$$00000009                 0x080040d4   Section        4  entry8a.o(.ARM.Collect$$$$00000009)
    .ARM.Collect$$$$0000000A                 0x080040d8   Section        0  entry8b.o(.ARM.Collect$$$$0000000A)
    .ARM.Collect$$$$0000000B                 0x080040d8   Section        8  entry9a.o(.ARM.Collect$$$$0000000B)
    __lit__00000000                          0x080040e0   Data           4  entry2.o(.ARM.Collect$$$$00002712)
    .ARM.Collect$$$$0000000D                 0x080040e0   Section        0  entry10a.o(.ARM.Collect$$$$0000000D)
    .ARM.Collect$$$$0000000F                 0x080040e0   Section        0  entry11a.o(.ARM.Collect$$$$0000000F)
    .ARM.Collect$$$$00002712                 0x080040e0   Section        4  entry2.o(.ARM.Collect$$$$00002712)
    .text                                    0x080040e4   Section       36  startup_at32f421.o(.text)
    [Anonymous Symbol]                       0x08004108   Section        0  systick_wrapper_gnu.o(.text)
    .text                                    0x08004124   Section        0  uidiv.o(.text)
    .text                                    0x08004150   Section        0  uldiv.o(.text)
    .text                                    0x080041b2   Section        0  iusefp.o(.text)
    .text                                    0x080041b2   Section        0  dadd.o(.text)
    .text                                    0x08004300   Section        0  dmul.o(.text)
    .text                                    0x080043e4   Section        0  ddiv.o(.text)
    .text                                    0x080044c2   Section        0  dfixul.o(.text)
    .text                                    0x080044f4   Section       48  cdrcmple.o(.text)
    .text                                    0x08004524   Section       36  init.o(.text)
    .text                                    0x08004548   Section        0  llshl.o(.text)
    .text                                    0x08004566   Section        0  llushr.o(.text)
    .text                                    0x08004586   Section        0  llsshr.o(.text)
    .text                                    0x080045aa   Section        0  depilogue.o(.text)
    .text                                    0x08004664   Section        0  ldiv.o(.text)
    .text                                    0x080046c6   Section        0  memcpya.o(.text)
    .text                                    0x080046ea   Section        0  memseta.o(.text)
    .text                                    0x08004710   Section        0  cpp_init.o(.text)
    .text                                    0x08004730   Section        0  fadd.o(.text)
    .text                                    0x080047e0   Section        0  fmul.o(.text)
    .text                                    0x08004844   Section        0  fdiv.o(.text)
    .text                                    0x080048c0   Section        0  fcmplt.o(.text)
    .text                                    0x080048dc   Section        0  fcmpgt.o(.text)
    .text                                    0x080048f8   Section        0  ffixui.o(.text)
    .text                                    0x08004920   Section        0  fepilogue.o(.text)
    [Anonymous Symbol]                       0x08004990   Section        0  lto-llvm-d71600.o(.text.BusFault_Handler)
    [Anonymous Symbol]                       0x08004994   Section        0  lto-llvm-d71600.o(.text.DebugMon_Handler)
    EventCheckFilter                         0x08004999   Thumb Code    62  lto-llvm-d71600.o(.text.EventCheckFilter)
    [Anonymous Symbol]                       0x08004998   Section        0  lto-llvm-d71600.o(.text.EventCheckFilter)
    EventGetTS                               0x080049d9   Thumb Code   146  lto-llvm-d71600.o(.text.EventGetTS)
    [Anonymous Symbol]                       0x080049d8   Section        0  lto-llvm-d71600.o(.text.EventGetTS)
    EventRecordData                          0x08004a6d   Thumb Code   400  lto-llvm-d71600.o(.text.EventRecordData)
    [Anonymous Symbol]                       0x08004a6c   Section        0  lto-llvm-d71600.o(.text.EventRecordData)
    EventRecordItem                          0x08004bfd   Thumb Code   240  lto-llvm-d71600.o(.text.EventRecordItem)
    [Anonymous Symbol]                       0x08004bfc   Section        0  lto-llvm-d71600.o(.text.EventRecordItem)
    EventRecorderEnable                      0x08004ced   Thumb Code   144  lto-llvm-d71600.o(.text.EventRecorderEnable)
    [Anonymous Symbol]                       0x08004cec   Section        0  lto-llvm-d71600.o(.text.EventRecorderEnable)
    EventRecorderInitialize                  0x08004d7d   Thumb Code   464  lto-llvm-d71600.o(.text.EventRecorderInitialize)
    [Anonymous Symbol]                       0x08004d7c   Section        0  lto-llvm-d71600.o(.text.EventRecorderInitialize)
    EventRecorderStart                       0x08004f4d   Thumb Code    68  lto-llvm-d71600.o(.text.EventRecorderStart)
    [Anonymous Symbol]                       0x08004f4c   Section        0  lto-llvm-d71600.o(.text.EventRecorderStart)
    EventRecorderTimerGetCount               0x08004f91   Thumb Code     8  lto-llvm-d71600.o(.text.EventRecorderTimerGetCount)
    [Anonymous Symbol]                       0x08004f90   Section        0  lto-llvm-d71600.o(.text.EventRecorderTimerGetCount)
    EventRecorderTimerGetFreq                0x08004f99   Thumb Code     8  lto-llvm-d71600.o(.text.EventRecorderTimerGetFreq)
    [Anonymous Symbol]                       0x08004f98   Section        0  lto-llvm-d71600.o(.text.EventRecorderTimerGetFreq)
    GetContext                               0x08004fa1   Thumb Code     8  lto-llvm-d71600.o(.text.GetContext)
    [Anonymous Symbol]                       0x08004fa0   Section        0  lto-llvm-d71600.o(.text.GetContext)
    GetRecordIndex                           0x08004fa9   Thumb Code    18  lto-llvm-d71600.o(.text.GetRecordIndex)
    [Anonymous Symbol]                       0x08004fa8   Section        0  lto-llvm-d71600.o(.text.GetRecordIndex)
    [Anonymous Symbol]                       0x08004fbc   Section        0  lto-llvm-d71600.o(.text.HardFault_Handler)
    IncrementRecordsDumped                   0x08004fc1   Thumb Code    18  lto-llvm-d71600.o(.text.IncrementRecordsDumped)
    [Anonymous Symbol]                       0x08004fc0   Section        0  lto-llvm-d71600.o(.text.IncrementRecordsDumped)
    IncrementRecordsWritten                  0x08004fd5   Thumb Code    18  lto-llvm-d71600.o(.text.IncrementRecordsWritten)
    [Anonymous Symbol]                       0x08004fd4   Section        0  lto-llvm-d71600.o(.text.IncrementRecordsWritten)
    LockRecord                               0x08004fe9   Thumb Code   142  lto-llvm-d71600.o(.text.LockRecord)
    [Anonymous Symbol]                       0x08004fe8   Section        0  lto-llvm-d71600.o(.text.LockRecord)
    [Anonymous Symbol]                       0x08005078   Section        0  lto-llvm-d71600.o(.text.MemManage_Handler)
    [Anonymous Symbol]                       0x0800507c   Section        0  lto-llvm-d71600.o(.text.NMI_Handler)
    NVIC_EncodePriority                      0x08005081   Thumb Code   100  lto-llvm-d71600.o(.text.NVIC_EncodePriority)
    [Anonymous Symbol]                       0x08005080   Section        0  lto-llvm-d71600.o(.text.NVIC_EncodePriority)
    NVIC_EncodePriority.112                  0x080050e5   Thumb Code    98  lto-llvm-d71600.o(.text.NVIC_EncodePriority.112)
    [Anonymous Symbol]                       0x080050e4   Section        0  lto-llvm-d71600.o(.text.NVIC_EncodePriority.112)
    [Anonymous Symbol]                       0x08005148   Section        0  lto-llvm-d71600.o(.text.PendSV_Handler)
    [Anonymous Symbol]                       0x0800514c   Section        0  lto-llvm-d71600.o(.text.SVC_Handler)
    Servo_SetAngle                           0x08005151   Thumb Code   246  lto-llvm-d71600.o(.text.Servo_SetAngle)
    [Anonymous Symbol]                       0x08005150   Section        0  lto-llvm-d71600.o(.text.Servo_SetAngle)
    [Anonymous Symbol]                       0x08005248   Section        0  lto-llvm-d71600.o(.text.SysTick_Handler)
    [Anonymous Symbol]                       0x0800525c   Section        0  lto-llvm-d71600.o(.text.SystemInit)
    [Anonymous Symbol]                       0x08005304   Section        0  lto-llvm-d71600.o(.text.USART1_IRQHandler)
    UnlockRecord                             0x0800537d   Thumb Code    48  lto-llvm-d71600.o(.text.UnlockRecord)
    [Anonymous Symbol]                       0x0800537c   Section        0  lto-llvm-d71600.o(.text.UnlockRecord)
    [Anonymous Symbol]                       0x080053ac   Section        0  lto-llvm-d71600.o(.text.UsageFault_Handler)
    __NVIC_EnableIRQ                         0x080053b1   Thumb Code    50  lto-llvm-d71600.o(.text.__NVIC_EnableIRQ)
    [Anonymous Symbol]                       0x080053b0   Section        0  lto-llvm-d71600.o(.text.__NVIC_EnableIRQ)
    __NVIC_GetPriorityGrouping               0x080053e5   Thumb Code    16  lto-llvm-d71600.o(.text.__NVIC_GetPriorityGrouping)
    [Anonymous Symbol]                       0x080053e4   Section        0  lto-llvm-d71600.o(.text.__NVIC_GetPriorityGrouping)
    __NVIC_GetPriorityGrouping.111           0x080053f5   Thumb Code    16  lto-llvm-d71600.o(.text.__NVIC_GetPriorityGrouping.111)
    [Anonymous Symbol]                       0x080053f4   Section        0  lto-llvm-d71600.o(.text.__NVIC_GetPriorityGrouping.111)
    __NVIC_SetPriority                       0x08005405   Thumb Code    66  lto-llvm-d71600.o(.text.__NVIC_SetPriority)
    [Anonymous Symbol]                       0x08005404   Section        0  lto-llvm-d71600.o(.text.__NVIC_SetPriority)
    __NVIC_SetPriority.113                   0x08005449   Thumb Code    66  lto-llvm-d71600.o(.text.__NVIC_SetPriority.113)
    [Anonymous Symbol]                       0x08005448   Section        0  lto-llvm-d71600.o(.text.__NVIC_SetPriority.113)
    __NVIC_SetPriorityGrouping               0x0800548d   Thumb Code    60  lto-llvm-d71600.o(.text.__NVIC_SetPriorityGrouping)
    [Anonymous Symbol]                       0x0800548c   Section        0  lto-llvm-d71600.o(.text.__NVIC_SetPriorityGrouping)
    __NVIC_SystemReset                       0x080054c9   Thumb Code    38  lto-llvm-d71600.o(.text.__NVIC_SystemReset)
    [Anonymous Symbol]                       0x080054c8   Section        0  lto-llvm-d71600.o(.text.__NVIC_SystemReset)
    __perf_counter_init                      0x080054f1   Thumb Code     8  lto-llvm-d71600.o(.text.__perf_counter_init)
    [Anonymous Symbol]                       0x080054f0   Section        0  lto-llvm-d71600.o(.text.__perf_counter_init)
    atomic_cmp_xch_32                        0x080054f9   Thumb Code   110  lto-llvm-d71600.o(.text.atomic_cmp_xch_32)
    [Anonymous Symbol]                       0x080054f8   Section        0  lto-llvm-d71600.o(.text.atomic_cmp_xch_32)
    atomic_inc_32                            0x08005569   Thumb Code    42  lto-llvm-d71600.o(.text.atomic_inc_32)
    [Anonymous Symbol]                       0x08005568   Section        0  lto-llvm-d71600.o(.text.atomic_inc_32)
    atomic_inc_8                             0x08005595   Thumb Code    58  lto-llvm-d71600.o(.text.atomic_inc_8)
    [Anonymous Symbol]                       0x08005594   Section        0  lto-llvm-d71600.o(.text.atomic_inc_8)
    check_systick                            0x080055d1   Thumb Code    60  lto-llvm-d71600.o(.text.check_systick)
    [Anonymous Symbol]                       0x080055d0   Section        0  lto-llvm-d71600.o(.text.check_systick)
    crc16_ccitt                              0x0800560d   Thumb Code   140  lto-llvm-d71600.o(.text.crc16_ccitt)
    [Anonymous Symbol]                       0x0800560c   Section        0  lto-llvm-d71600.o(.text.crc16_ccitt)
    crm_ahb_div_set                          0x08005699   Thumb Code    40  lto-llvm-d71600.o(.text.crm_ahb_div_set)
    [Anonymous Symbol]                       0x08005698   Section        0  lto-llvm-d71600.o(.text.crm_ahb_div_set)
    crm_apb1_div_set                         0x080056c1   Thumb Code    40  lto-llvm-d71600.o(.text.crm_apb1_div_set)
    [Anonymous Symbol]                       0x080056c0   Section        0  lto-llvm-d71600.o(.text.crm_apb1_div_set)
    crm_apb2_div_set                         0x080056e9   Thumb Code    40  lto-llvm-d71600.o(.text.crm_apb2_div_set)
    [Anonymous Symbol]                       0x080056e8   Section        0  lto-llvm-d71600.o(.text.crm_apb2_div_set)
    crm_auto_step_mode_enable                0x08005711   Thumb Code    56  lto-llvm-d71600.o(.text.crm_auto_step_mode_enable)
    [Anonymous Symbol]                       0x08005710   Section        0  lto-llvm-d71600.o(.text.crm_auto_step_mode_enable)
    crm_clock_source_enable                  0x08005749   Thumb Code   162  lto-llvm-d71600.o(.text.crm_clock_source_enable)
    [Anonymous Symbol]                       0x08005748   Section        0  lto-llvm-d71600.o(.text.crm_clock_source_enable)
    crm_clocks_freq_get                      0x080057ed   Thumb Code   610  lto-llvm-d71600.o(.text.crm_clocks_freq_get)
    [Anonymous Symbol]                       0x080057ec   Section        0  lto-llvm-d71600.o(.text.crm_clocks_freq_get)
    crm_flag_get                             0x08005a51   Thumb Code    62  lto-llvm-d71600.o(.text.crm_flag_get)
    [Anonymous Symbol]                       0x08005a50   Section        0  lto-llvm-d71600.o(.text.crm_flag_get)
    crm_periph_clock_enable                  0x08005a91   Thumb Code    86  lto-llvm-d71600.o(.text.crm_periph_clock_enable)
    [Anonymous Symbol]                       0x08005a90   Section        0  lto-llvm-d71600.o(.text.crm_periph_clock_enable)
    crm_pll_config                           0x08005ae9   Thumb Code   486  lto-llvm-d71600.o(.text.crm_pll_config)
    [Anonymous Symbol]                       0x08005ae8   Section        0  lto-llvm-d71600.o(.text.crm_pll_config)
    crm_reset                                0x08005cd1   Thumb Code   154  lto-llvm-d71600.o(.text.crm_reset)
    [Anonymous Symbol]                       0x08005cd0   Section        0  lto-llvm-d71600.o(.text.crm_reset)
    crm_sysclk_switch                        0x08005d6d   Thumb Code    72  lto-llvm-d71600.o(.text.crm_sysclk_switch)
    [Anonymous Symbol]                       0x08005d6c   Section        0  lto-llvm-d71600.o(.text.crm_sysclk_switch)
    crm_sysclk_switch_status_get             0x08005db5   Thumb Code    16  lto-llvm-d71600.o(.text.crm_sysclk_switch_status_get)
    [Anonymous Symbol]                       0x08005db4   Section        0  lto-llvm-d71600.o(.text.crm_sysclk_switch_status_get)
    flash_lock                               0x08005dc5   Thumb Code    18  lto-llvm-d71600.o(.text.flash_lock)
    [Anonymous Symbol]                       0x08005dc4   Section        0  lto-llvm-d71600.o(.text.flash_lock)
    flash_operation_status_get               0x08005dd9   Thumb Code   104  lto-llvm-d71600.o(.text.flash_operation_status_get)
    [Anonymous Symbol]                       0x08005dd8   Section        0  lto-llvm-d71600.o(.text.flash_operation_status_get)
    flash_operation_wait_for                 0x08005e41   Thumb Code    86  lto-llvm-d71600.o(.text.flash_operation_wait_for)
    [Anonymous Symbol]                       0x08005e40   Section        0  lto-llvm-d71600.o(.text.flash_operation_wait_for)
    flash_sector_erase                       0x08005e99   Thumb Code    80  lto-llvm-d71600.o(.text.flash_sector_erase)
    [Anonymous Symbol]                       0x08005e98   Section        0  lto-llvm-d71600.o(.text.flash_sector_erase)
    flash_unlock                             0x08005ee9   Thumb Code    30  lto-llvm-d71600.o(.text.flash_unlock)
    [Anonymous Symbol]                       0x08005ee8   Section        0  lto-llvm-d71600.o(.text.flash_unlock)
    flash_word_program                       0x08005f09   Thumb Code    76  lto-llvm-d71600.o(.text.flash_word_program)
    [Anonymous Symbol]                       0x08005f08   Section        0  lto-llvm-d71600.o(.text.flash_word_program)
    [Anonymous Symbol]                       0x08005f54   Section        0  lto-llvm-d71600.o(.text.fputc)
    get_system_ticks                         0x08005f85   Thumb Code   134  lto-llvm-d71600.o(.text.get_system_ticks)
    [Anonymous Symbol]                       0x08005f84   Section        0  lto-llvm-d71600.o(.text.get_system_ticks)
    gpio_bits_set                            0x0800600d   Thumb Code    32  lto-llvm-d71600.o(.text.gpio_bits_set)
    [Anonymous Symbol]                       0x0800600c   Section        0  lto-llvm-d71600.o(.text.gpio_bits_set)
    gpio_default_para_init                   0x0800602d   Thumb Code    36  lto-llvm-d71600.o(.text.gpio_default_para_init)
    [Anonymous Symbol]                       0x0800602c   Section        0  lto-llvm-d71600.o(.text.gpio_default_para_init)
    gpio_init                                0x08006051   Thumb Code   230  lto-llvm-d71600.o(.text.gpio_init)
    [Anonymous Symbol]                       0x08006050   Section        0  lto-llvm-d71600.o(.text.gpio_init)
    gpio_pin_mux_config                      0x08006139   Thumb Code   142  lto-llvm-d71600.o(.text.gpio_pin_mux_config)
    [Anonymous Symbol]                       0x08006138   Section        0  lto-llvm-d71600.o(.text.gpio_pin_mux_config)
    iap_command_handle                       0x080061c9   Thumb Code    42  lto-llvm-d71600.o(.text.iap_command_handle)
    [Anonymous Symbol]                       0x080061c8   Section        0  lto-llvm-d71600.o(.text.iap_command_handle)
    iap_init                                 0x080061f5   Thumb Code    42  lto-llvm-d71600.o(.text.iap_init)
    [Anonymous Symbol]                       0x080061f4   Section        0  lto-llvm-d71600.o(.text.iap_init)
    iap_task                                 0x08006221   Thumb Code     8  lto-llvm-d71600.o(.text.iap_task)
    [Anonymous Symbol]                       0x08006220   Section        0  lto-llvm-d71600.o(.text.iap_task)
    init_cycle_counter                       0x08006229   Thumb Code   154  lto-llvm-d71600.o(.text.init_cycle_counter)
    [Anonymous Symbol]                       0x08006228   Section        0  lto-llvm-d71600.o(.text.init_cycle_counter)
    [Anonymous Symbol]                       0x080062c4   Section        0  lto-llvm-d71600.o(.text.main)
    nvic_irq_enable                          0x0800634d   Thumb Code    54  lto-llvm-d71600.o(.text.nvic_irq_enable)
    [Anonymous Symbol]                       0x0800634c   Section        0  lto-llvm-d71600.o(.text.nvic_irq_enable)
    nvic_priority_group_config               0x08006385   Thumb Code    22  lto-llvm-d71600.o(.text.nvic_priority_group_config)
    [Anonymous Symbol]                       0x08006384   Section        0  lto-llvm-d71600.o(.text.nvic_priority_group_config)
    nvic_system_reset                        0x0800639d   Thumb Code     4  lto-llvm-d71600.o(.text.nvic_system_reset)
    [Anonymous Symbol]                       0x0800639c   Section        0  lto-llvm-d71600.o(.text.nvic_system_reset)
    nvic_vector_table_set                    0x080063a1   Thumb Code    44  lto-llvm-d71600.o(.text.nvic_vector_table_set)
    [Anonymous Symbol]                       0x080063a0   Section        0  lto-llvm-d71600.o(.text.nvic_vector_table_set)
    perfc_port_clear_system_timer_ovf_pending 0x080063cd   Thumb Code    16  lto-llvm-d71600.o(.text.perfc_port_clear_system_timer_ovf_pending)
    [Anonymous Symbol]                       0x080063cc   Section        0  lto-llvm-d71600.o(.text.perfc_port_clear_system_timer_ovf_pending)
    perfc_port_disable_global_interrupt      0x080063dd   Thumb Code    20  lto-llvm-d71600.o(.text.perfc_port_disable_global_interrupt)
    [Anonymous Symbol]                       0x080063dc   Section        0  lto-llvm-d71600.o(.text.perfc_port_disable_global_interrupt)
    perfc_port_disable_global_interrupt.142  0x080063f1   Thumb Code    20  lto-llvm-d71600.o(.text.perfc_port_disable_global_interrupt.142)
    [Anonymous Symbol]                       0x080063f0   Section        0  lto-llvm-d71600.o(.text.perfc_port_disable_global_interrupt.142)
    perfc_port_get_system_timer_elapsed      0x08006405   Thumb Code    32  lto-llvm-d71600.o(.text.perfc_port_get_system_timer_elapsed)
    [Anonymous Symbol]                       0x08006404   Section        0  lto-llvm-d71600.o(.text.perfc_port_get_system_timer_elapsed)
    perfc_port_get_system_timer_freq         0x08006425   Thumb Code    12  lto-llvm-d71600.o(.text.perfc_port_get_system_timer_freq)
    [Anonymous Symbol]                       0x08006424   Section        0  lto-llvm-d71600.o(.text.perfc_port_get_system_timer_freq)
    perfc_port_get_system_timer_top          0x08006431   Thumb Code    14  lto-llvm-d71600.o(.text.perfc_port_get_system_timer_top)
    [Anonymous Symbol]                       0x08006430   Section        0  lto-llvm-d71600.o(.text.perfc_port_get_system_timer_top)
    perfc_port_init_system_timer             0x08006441   Thumb Code   100  lto-llvm-d71600.o(.text.perfc_port_init_system_timer)
    [Anonymous Symbol]                       0x08006440   Section        0  lto-llvm-d71600.o(.text.perfc_port_init_system_timer)
    [Anonymous Symbol]                       0x080064a4   Section        0  lto-llvm-d71600.o(.text.perfc_port_insert_to_system_timer_insert_ovf_handler)
    perfc_port_is_system_timer_ovf_pending   0x080065c5   Thumb Code    16  lto-llvm-d71600.o(.text.perfc_port_is_system_timer_ovf_pending)
    [Anonymous Symbol]                       0x080065c4   Section        0  lto-llvm-d71600.o(.text.perfc_port_is_system_timer_ovf_pending)
    perfc_port_resume_global_interrupt       0x080065d5   Thumb Code    18  lto-llvm-d71600.o(.text.perfc_port_resume_global_interrupt)
    [Anonymous Symbol]                       0x080065d4   Section        0  lto-llvm-d71600.o(.text.perfc_port_resume_global_interrupt)
    perfc_port_resume_global_interrupt.143   0x080065e9   Thumb Code    18  lto-llvm-d71600.o(.text.perfc_port_resume_global_interrupt.143)
    [Anonymous Symbol]                       0x080065e8   Section        0  lto-llvm-d71600.o(.text.perfc_port_resume_global_interrupt.143)
    stdout_putchar                           0x080065fd   Thumb Code   104  lto-llvm-d71600.o(.text.stdout_putchar)
    [Anonymous Symbol]                       0x080065fc   Section        0  lto-llvm-d71600.o(.text.stdout_putchar)
    system_core_clock_update                 0x08006665   Thumb Code   552  lto-llvm-d71600.o(.text.system_core_clock_update)
    [Anonymous Symbol]                       0x08006664   Section        0  lto-llvm-d71600.o(.text.system_core_clock_update)
    systick_clock_source_config              0x0800688d   Thumb Code    58  lto-llvm-d71600.o(.text.systick_clock_source_config)
    [Anonymous Symbol]                       0x0800688c   Section        0  lto-llvm-d71600.o(.text.systick_clock_source_config)
    tmr_base_init                            0x080068c9   Thumb Code    50  lto-llvm-d71600.o(.text.tmr_base_init)
    [Anonymous Symbol]                       0x080068c8   Section        0  lto-llvm-d71600.o(.text.tmr_base_init)
    tmr_channel_enable                       0x080068fd   Thumb Code   216  lto-llvm-d71600.o(.text.tmr_channel_enable)
    [Anonymous Symbol]                       0x080068fc   Section        0  lto-llvm-d71600.o(.text.tmr_channel_enable)
    tmr_channel_value_set                    0x080069d5   Thumb Code    84  lto-llvm-d71600.o(.text.tmr_channel_value_set)
    [Anonymous Symbol]                       0x080069d4   Section        0  lto-llvm-d71600.o(.text.tmr_channel_value_set)
    tmr_clock_source_div_set                 0x08006a29   Thumb Code    44  lto-llvm-d71600.o(.text.tmr_clock_source_div_set)
    [Anonymous Symbol]                       0x08006a28   Section        0  lto-llvm-d71600.o(.text.tmr_clock_source_div_set)
    tmr_cnt_dir_set                          0x08006a55   Thumb Code    44  lto-llvm-d71600.o(.text.tmr_cnt_dir_set)
    [Anonymous Symbol]                       0x08006a54   Section        0  lto-llvm-d71600.o(.text.tmr_cnt_dir_set)
    tmr_counter_enable                       0x08006a81   Thumb Code    36  lto-llvm-d71600.o(.text.tmr_counter_enable)
    [Anonymous Symbol]                       0x08006a80   Section        0  lto-llvm-d71600.o(.text.tmr_counter_enable)
    tmr_output_channel_buffer_enable         0x08006aa5   Thumb Code   152  lto-llvm-d71600.o(.text.tmr_output_channel_buffer_enable)
    [Anonymous Symbol]                       0x08006aa4   Section        0  lto-llvm-d71600.o(.text.tmr_output_channel_buffer_enable)
    tmr_output_channel_config                0x08006b3d   Thumb Code   504  lto-llvm-d71600.o(.text.tmr_output_channel_config)
    [Anonymous Symbol]                       0x08006b3c   Section        0  lto-llvm-d71600.o(.text.tmr_output_channel_config)
    tmr_output_channel_immediately_set       0x08006d35   Thumb Code   152  lto-llvm-d71600.o(.text.tmr_output_channel_immediately_set)
    [Anonymous Symbol]                       0x08006d34   Section        0  lto-llvm-d71600.o(.text.tmr_output_channel_immediately_set)
    tmr_period_buffer_enable                 0x08006dcd   Thumb Code    44  lto-llvm-d71600.o(.text.tmr_period_buffer_enable)
    [Anonymous Symbol]                       0x08006dcc   Section        0  lto-llvm-d71600.o(.text.tmr_period_buffer_enable)
    tmr_primary_mode_select                  0x08006df9   Thumb Code    44  lto-llvm-d71600.o(.text.tmr_primary_mode_select)
    [Anonymous Symbol]                       0x08006df8   Section        0  lto-llvm-d71600.o(.text.tmr_primary_mode_select)
    tmr_sub_sync_mode_set                    0x08006e25   Thumb Code    44  lto-llvm-d71600.o(.text.tmr_sub_sync_mode_set)
    [Anonymous Symbol]                       0x08006e24   Section        0  lto-llvm-d71600.o(.text.tmr_sub_sync_mode_set)
    tmt_create                               0x08006e51   Thumb Code   136  lto-llvm-d71600.o(.text.tmt_create)
    [Anonymous Symbol]                       0x08006e50   Section        0  lto-llvm-d71600.o(.text.tmt_create)
    tmt_delete                               0x08006ed9   Thumb Code   300  lto-llvm-d71600.o(.text.tmt_delete)
    [Anonymous Symbol]                       0x08006ed8   Section        0  lto-llvm-d71600.o(.text.tmt_delete)
    tmt_init                                 0x08007005   Thumb Code   118  lto-llvm-d71600.o(.text.tmt_init)
    [Anonymous Symbol]                       0x08007004   Section        0  lto-llvm-d71600.o(.text.tmt_init)
    tmt_run                                  0x0800707d   Thumb Code   178  lto-llvm-d71600.o(.text.tmt_run)
    [Anonymous Symbol]                       0x0800707c   Section        0  lto-llvm-d71600.o(.text.tmt_run)
    tmt_run_ctrl                             0x08007131   Thumb Code   134  lto-llvm-d71600.o(.text.tmt_run_ctrl)
    [Anonymous Symbol]                       0x08007130   Section        0  lto-llvm-d71600.o(.text.tmt_run_ctrl)
    tmt_time_ctrl                            0x080071b9   Thumb Code   152  lto-llvm-d71600.o(.text.tmt_time_ctrl)
    [Anonymous Symbol]                       0x080071b8   Section        0  lto-llvm-d71600.o(.text.tmt_time_ctrl)
    tmt_update_tick                          0x08007251   Thumb Code   106  lto-llvm-d71600.o(.text.tmt_update_tick)
    [Anonymous Symbol]                       0x08007250   Section        0  lto-llvm-d71600.o(.text.tmt_update_tick)
    update_perf_counter                      0x080072bd   Thumb Code   154  lto-llvm-d71600.o(.text.update_perf_counter)
    [Anonymous Symbol]                       0x080072bc   Section        0  lto-llvm-d71600.o(.text.update_perf_counter)
    usart_data_receive                       0x08007359   Thumb Code    22  lto-llvm-d71600.o(.text.usart_data_receive)
    [Anonymous Symbol]                       0x08007358   Section        0  lto-llvm-d71600.o(.text.usart_data_receive)
    usart_enable                             0x08007371   Thumb Code    44  lto-llvm-d71600.o(.text.usart_enable)
    [Anonymous Symbol]                       0x08007370   Section        0  lto-llvm-d71600.o(.text.usart_enable)
    usart_hardware_flow_control_set          0x0800739d   Thumb Code   154  lto-llvm-d71600.o(.text.usart_hardware_flow_control_set)
    [Anonymous Symbol]                       0x0800739c   Section        0  lto-llvm-d71600.o(.text.usart_hardware_flow_control_set)
    usart_init                               0x08007439   Thumb Code   212  lto-llvm-d71600.o(.text.usart_init)
    [Anonymous Symbol]                       0x08007438   Section        0  lto-llvm-d71600.o(.text.usart_init)
    usart_interrupt_enable                   0x0800750d   Thumb Code    90  lto-llvm-d71600.o(.text.usart_interrupt_enable)
    [Anonymous Symbol]                       0x0800750c   Section        0  lto-llvm-d71600.o(.text.usart_interrupt_enable)
    usart_interrupt_flag_get                 0x08007569   Thumb Code   296  lto-llvm-d71600.o(.text.usart_interrupt_flag_get)
    [Anonymous Symbol]                       0x08007568   Section        0  lto-llvm-d71600.o(.text.usart_interrupt_flag_get)
    usart_parity_selection_config            0x08007691   Thumb Code   120  lto-llvm-d71600.o(.text.usart_parity_selection_config)
    [Anonymous Symbol]                       0x08007690   Section        0  lto-llvm-d71600.o(.text.usart_parity_selection_config)
    usart_receiver_enable                    0x08007709   Thumb Code    44  lto-llvm-d71600.o(.text.usart_receiver_enable)
    [Anonymous Symbol]                       0x08007708   Section        0  lto-llvm-d71600.o(.text.usart_receiver_enable)
    usart_transmitter_enable                 0x08007735   Thumb Code    44  lto-llvm-d71600.o(.text.usart_transmitter_enable)
    [Anonymous Symbol]                       0x08007734   Section        0  lto-llvm-d71600.o(.text.usart_transmitter_enable)
    wk_gpio_config                           0x08007761   Thumb Code    62  lto-llvm-d71600.o(.text.wk_gpio_config)
    [Anonymous Symbol]                       0x08007760   Section        0  lto-llvm-d71600.o(.text.wk_gpio_config)
    wk_nvic_config                           0x080077a1   Thumb Code   152  lto-llvm-d71600.o(.text.wk_nvic_config)
    [Anonymous Symbol]                       0x080077a0   Section        0  lto-llvm-d71600.o(.text.wk_nvic_config)
    wk_periph_clock_config                   0x08007839   Thumb Code    44  lto-llvm-d71600.o(.text.wk_periph_clock_config)
    [Anonymous Symbol]                       0x08007838   Section        0  lto-llvm-d71600.o(.text.wk_periph_clock_config)
    wk_system_clock_config                   0x08007865   Thumb Code   142  lto-llvm-d71600.o(.text.wk_system_clock_config)
    [Anonymous Symbol]                       0x08007864   Section        0  lto-llvm-d71600.o(.text.wk_system_clock_config)
    wk_timebase_handler                      0x080078f5   Thumb Code     8  lto-llvm-d71600.o(.text.wk_timebase_handler)
    [Anonymous Symbol]                       0x080078f4   Section        0  lto-llvm-d71600.o(.text.wk_timebase_handler)
    wk_timebase_increase                     0x080078fd   Thumb Code    16  lto-llvm-d71600.o(.text.wk_timebase_increase)
    [Anonymous Symbol]                       0x080078fc   Section        0  lto-llvm-d71600.o(.text.wk_timebase_increase)
    wk_timebase_init                         0x0800790d   Thumb Code    86  lto-llvm-d71600.o(.text.wk_timebase_init)
    [Anonymous Symbol]                       0x0800790c   Section        0  lto-llvm-d71600.o(.text.wk_timebase_init)
    wk_tmr3_init                             0x08007965   Thumb Code   246  lto-llvm-d71600.o(.text.wk_tmr3_init)
    [Anonymous Symbol]                       0x08007964   Section        0  lto-llvm-d71600.o(.text.wk_tmr3_init)
    wk_usart1_init                           0x08007a5d   Thumb Code   132  lto-llvm-d71600.o(.text.wk_usart1_init)
    [Anonymous Symbol]                       0x08007a5c   Section        0  lto-llvm-d71600.o(.text.wk_usart1_init)
    i.__0printf                              0x08007ae0   Section        0  printfa.o(i.__0printf)
    i.__scatterload_copy                     0x08007b00   Section       14  handlers.o(i.__scatterload_copy)
    i.__scatterload_null                     0x08007b0e   Section        2  handlers.o(i.__scatterload_null)
    i.__scatterload_zeroinit                 0x08007b10   Section       14  handlers.o(i.__scatterload_zeroinit)
    _fp_digits                               0x08007b21   Thumb Code   366  printfa.o(i._fp_digits)
    i._fp_digits                             0x08007b20   Section        0  printfa.o(i._fp_digits)
    _printf_core                             0x08007ca5   Thumb Code  1744  printfa.o(i._printf_core)
    i._printf_core                           0x08007ca4   Section        0  printfa.o(i._printf_core)
    _printf_post_padding                     0x08008381   Thumb Code    36  printfa.o(i._printf_post_padding)
    i._printf_post_padding                   0x08008380   Section        0  printfa.o(i._printf_post_padding)
    _printf_pre_padding                      0x080083a5   Thumb Code    46  printfa.o(i._printf_pre_padding)
    i._printf_pre_padding                    0x080083a4   Section        0  printfa.o(i._printf_pre_padding)
    __tagsym$$used.0                         0x080083d4   Number         0  lto-llvm-d71600.o(.rodata.EventRecorderInfo)
    system_core_clock_update.sys_ahb_div_table 0x080083ec   Data          16  lto-llvm-d71600.o(.rodata.cst16)
    [Anonymous Symbol]                       0x080083ec   Section        0  lto-llvm-d71600.o(.rodata.cst16)
    crm_clocks_freq_get.ahb_apb2_div_table   0x080083fc   Data           8  lto-llvm-d71600.o(.rodata.cst8)
    [Anonymous Symbol]                       0x080083fc   Section        0  lto-llvm-d71600.o(.rodata.cst8)
    crm_clocks_freq_get.adc_div_table        0x08008404   Data           8  lto-llvm-d71600.o(.rodata.cst8)
    .L.str                                   0x0800840c   Data          12  lto-llvm-d71600.o(.rodata.str1.1)
    [Anonymous Symbol]                       0x0800840c   Section        0  lto-llvm-d71600.o(.rodata.str1.1)
    .init_array                              0x0800843c   Section        0  cpp_init.o(.init_array)
    .data                                    0x20000000   Section        4  stdout.o(.data)
    s_wMSUnit                                0x20000004   Data           4  lto-llvm-d71600.o(.data)
    [Anonymous Symbol]                       0x20000004   Section        0  lto-llvm-d71600.o(.data)
    s_wUSUnit                                0x20000008   Data           4  lto-llvm-d71600.o(.data)
    SystemCoreClock                          0x2000000c   Data           4  lto-llvm-d71600.o(.data)
    timebase_ticks                           0x20000040   Data           4  lto-llvm-d71600.o(.bss)
    [Anonymous Symbol]                       0x20000040   Section        0  lto-llvm-d71600.o(.bss)
    iap_flag                                 0x20000044   Data           1  lto-llvm-d71600.o(.bss)
    object                                   0x20000048   Data         124  lto-llvm-d71600.o(.bss)
    tmt                                      0x200000c4   Data          24  lto-llvm-d71600.o(.bss)
    stdout_putchar.index                     0x200000dc   Data           4  lto-llvm-d71600.o(.bss)
    stdout_putchar.buffer                    0x200000e0   Data           8  lto-llvm-d71600.o(.bss)
    g_nOffset                                0x200000e8   Data           4  lto-llvm-d71600.o(.bss)
    g_lLastTimeStamp                         0x200000f0   Data           8  lto-llvm-d71600.o(.bss)
    s_lSystemClockCounts                     0x200000f8   Data           8  lto-llvm-d71600.o(.bss)
    s_wMSResidule                            0x20000100   Data           4  lto-llvm-d71600.o(.bss)
    s_lSystemMS                              0x20000108   Data           8  lto-llvm-d71600.o(.bss)
    s_wUSResidule                            0x20000110   Data           4  lto-llvm-d71600.o(.bss)
    s_lSystemUS                              0x20000118   Data           8  lto-llvm-d71600.o(.bss)
    s_lOldTimestamp                          0x20000120   Data           8  lto-llvm-d71600.o(.bss)
    s_lOldTimestampUS                        0x20000128   Data           8  lto-llvm-d71600.o(.bss)
    s_lOldTimestampMS                        0x20000130   Data           8  lto-llvm-d71600.o(.bss)
    EventBuffer                              0x20000140   Data        1024  lto-llvm-d71600.o(.bss.noinit)
    [Anonymous Symbol]                       0x20000140   Section        0  lto-llvm-d71600.o(.bss.noinit)
    EventFilter                              0x20000540   Data         128  lto-llvm-d71600.o(.bss.noinit)
    EventStatus                              0x200005c0   Data          36  lto-llvm-d71600.o(.bss.noinit)
    STACK                                    0x200005e8   Section     1024  startup_at32f421.o(STACK)

    Global Symbols

    Symbol Name                              Value     Ov Type        Size  Object(Section)

    BuildAttributes$$THM_ISAv4$E$P$D$K$B$S$7EM$PE$A:L22UL41UL21$X:L11$S22US41US21$IEEE1$IW$~IW$USESV6$~STKCKD$USESV7$~SHL$OTIME$ROPI$IEEEF$EBA8$MICROLIB$REQ8$PRES8$EABIv2 0x00000000   Number         0  anon$$obj.o ABSOLUTE
    __cxa_finalize                            - Undefined Weak Reference
    __decompress                              - Undefined Weak Reference
    _clock_init                               - Undefined Weak Reference
    _microlib_exit                            - Undefined Weak Reference
    __Vectors_Size                           0x000000cc   Number         0  startup_at32f421.o ABSOLUTE
    __Vectors                                0x08004000   Data           4  startup_at32f421.o(RESET)
    __Vectors_End                            0x080040cc   Data           0  startup_at32f421.o(RESET)
    __main                                   0x080040cd   Thumb Code     0  entry.o(.ARM.Collect$$$$00000000)
    _main_stk                                0x080040cd   Thumb Code     0  entry2.o(.ARM.Collect$$$$00000001)
    _main_scatterload                        0x080040d1   Thumb Code     0  entry5.o(.ARM.Collect$$$$00000004)
    __main_after_scatterload                 0x080040d5   Thumb Code     0  entry5.o(.ARM.Collect$$$$00000004)
    _main_clock                              0x080040d5   Thumb Code     0  entry7b.o(.ARM.Collect$$$$00000008)
    _main_cpp_init$empty                     0x080040d5   Thumb Code     0  entry8a.o(.ARM.Collect$$$$00000009)
    _main_cpp_init                           0x080040d9   Thumb Code     0  entry8b.o(.ARM.Collect$$$$0000000A)
    _main_init                               0x080040d9   Thumb Code     0  entry9a.o(.ARM.Collect$$$$0000000B)
    __rt_final_cpp                           0x080040e1   Thumb Code     0  entry10a.o(.ARM.Collect$$$$0000000D)
    __rt_final_exit                          0x080040e1   Thumb Code     0  entry11a.o(.ARM.Collect$$$$0000000F)
    Reset_Handler                            0x080040e5   Thumb Code     8  startup_at32f421.o(.text)
    ADC1_CMP_IRQHandler                      0x080040ff   Thumb Code     0  startup_at32f421.o(.text)
    CRM_IRQHandler                           0x080040ff   Thumb Code     0  startup_at32f421.o(.text)
    DMA1_Channel1_IRQHandler                 0x080040ff   Thumb Code     0  startup_at32f421.o(.text)
    DMA1_Channel3_2_IRQHandler               0x080040ff   Thumb Code     0  startup_at32f421.o(.text)
    DMA1_Channel5_4_IRQHandler               0x080040ff   Thumb Code     0  startup_at32f421.o(.text)
    ERTC_IRQHandler                          0x080040ff   Thumb Code     0  startup_at32f421.o(.text)
    EXINT15_4_IRQHandler                     0x080040ff   Thumb Code     0  startup_at32f421.o(.text)
    EXINT1_0_IRQHandler                      0x080040ff   Thumb Code     0  startup_at32f421.o(.text)
    EXINT3_2_IRQHandler                      0x080040ff   Thumb Code     0  startup_at32f421.o(.text)
    FLASH_IRQHandler                         0x080040ff   Thumb Code     0  startup_at32f421.o(.text)
    I2C1_ERR_IRQHandler                      0x080040ff   Thumb Code     0  startup_at32f421.o(.text)
    I2C1_EVT_IRQHandler                      0x080040ff   Thumb Code     0  startup_at32f421.o(.text)
    I2C2_ERR_IRQHandler                      0x080040ff   Thumb Code     0  startup_at32f421.o(.text)
    I2C2_EVT_IRQHandler                      0x080040ff   Thumb Code     0  startup_at32f421.o(.text)
    PVM_IRQHandler                           0x080040ff   Thumb Code     0  startup_at32f421.o(.text)
    SPI1_IRQHandler                          0x080040ff   Thumb Code     0  startup_at32f421.o(.text)
    SPI2_IRQHandler                          0x080040ff   Thumb Code     0  startup_at32f421.o(.text)
    TMR14_GLOBAL_IRQHandler                  0x080040ff   Thumb Code     0  startup_at32f421.o(.text)
    TMR15_GLOBAL_IRQHandler                  0x080040ff   Thumb Code     0  startup_at32f421.o(.text)
    TMR16_GLOBAL_IRQHandler                  0x080040ff   Thumb Code     0  startup_at32f421.o(.text)
    TMR17_GLOBAL_IRQHandler                  0x080040ff   Thumb Code     0  startup_at32f421.o(.text)
    TMR1_BRK_OVF_TRG_HALL_IRQHandler         0x080040ff   Thumb Code     0  startup_at32f421.o(.text)
    TMR1_CH_IRQHandler                       0x080040ff   Thumb Code     0  startup_at32f421.o(.text)
    TMR3_GLOBAL_IRQHandler                   0x080040ff   Thumb Code     0  startup_at32f421.o(.text)
    TMR6_GLOBAL_IRQHandler                   0x080040ff   Thumb Code     0  startup_at32f421.o(.text)
    USART2_IRQHandler                        0x080040ff   Thumb Code     0  startup_at32f421.o(.text)
    WWDT_IRQHandler                          0x080040ff   Thumb Code     0  startup_at32f421.o(.text)
    SysTick_Handler                          0x08004109   Thumb Code     0  systick_wrapper_gnu.o(.text)
    __ensure_systick_wrapper                 0x0800411b   Thumb Code     0  systick_wrapper_gnu.o(.text)
    __aeabi_uidiv                            0x08004125   Thumb Code     0  uidiv.o(.text)
    __aeabi_uidivmod                         0x08004125   Thumb Code    44  uidiv.o(.text)
    __aeabi_uldivmod                         0x08004151   Thumb Code    98  uldiv.o(.text)
    __I$use$fp                               0x080041b3   Thumb Code     0  iusefp.o(.text)
    __aeabi_dadd                             0x080041b3   Thumb Code   322  dadd.o(.text)
    __aeabi_dsub                             0x080042f5   Thumb Code     6  dadd.o(.text)
    __aeabi_drsub                            0x080042fb   Thumb Code     6  dadd.o(.text)
    __aeabi_dmul                             0x08004301   Thumb Code   228  dmul.o(.text)
    __aeabi_ddiv                             0x080043e5   Thumb Code   222  ddiv.o(.text)
    __aeabi_d2ulz                            0x080044c3   Thumb Code    48  dfixul.o(.text)
    __aeabi_cdrcmple                         0x080044f5   Thumb Code    48  cdrcmple.o(.text)
    __scatterload                            0x08004525   Thumb Code    28  init.o(.text)
    __scatterload_rt2                        0x08004525   Thumb Code     0  init.o(.text)
    __aeabi_llsl                             0x08004549   Thumb Code    30  llshl.o(.text)
    _ll_shift_l                              0x08004549   Thumb Code     0  llshl.o(.text)
    __aeabi_llsr                             0x08004567   Thumb Code    32  llushr.o(.text)
    _ll_ushift_r                             0x08004567   Thumb Code     0  llushr.o(.text)
    __aeabi_lasr                             0x08004587   Thumb Code    36  llsshr.o(.text)
    _ll_sshift_r                             0x08004587   Thumb Code     0  llsshr.o(.text)
    _double_round                            0x080045ab   Thumb Code    30  depilogue.o(.text)
    _double_epilogue                         0x080045c9   Thumb Code   156  depilogue.o(.text)
    __aeabi_ldivmod                          0x08004665   Thumb Code    98  ldiv.o(.text)
    __aeabi_memcpy                           0x080046c7   Thumb Code    36  memcpya.o(.text)
    __aeabi_memcpy4                          0x080046c7   Thumb Code     0  memcpya.o(.text)
    __aeabi_memcpy8                          0x080046c7   Thumb Code     0  memcpya.o(.text)
    __aeabi_memset                           0x080046eb   Thumb Code    14  memseta.o(.text)
    __aeabi_memset4                          0x080046eb   Thumb Code     0  memseta.o(.text)
    __aeabi_memset8                          0x080046eb   Thumb Code     0  memseta.o(.text)
    __aeabi_memclr                           0x080046f9   Thumb Code     4  memseta.o(.text)
    __aeabi_memclr4                          0x080046f9   Thumb Code     0  memseta.o(.text)
    __aeabi_memclr8                          0x080046f9   Thumb Code     0  memseta.o(.text)
    _memset$wrapper                          0x080046fd   Thumb Code    18  memseta.o(.text)
    __cpp_initialize__aeabi_                 0x08004711   Thumb Code    24  cpp_init.o(.text)
    __aeabi_fadd                             0x08004731   Thumb Code   164  fadd.o(.text)
    __aeabi_fsub                             0x080047d5   Thumb Code     6  fadd.o(.text)
    __aeabi_frsub                            0x080047db   Thumb Code     6  fadd.o(.text)
    __aeabi_fmul                             0x080047e1   Thumb Code   100  fmul.o(.text)
    __aeabi_fdiv                             0x08004845   Thumb Code   124  fdiv.o(.text)
    __aeabi_fcmplt                           0x080048c1   Thumb Code    28  fcmplt.o(.text)
    __aeabi_fcmpgt                           0x080048dd   Thumb Code    28  fcmpgt.o(.text)
    __aeabi_f2uiz                            0x080048f9   Thumb Code    40  ffixui.o(.text)
    _float_round                             0x08004921   Thumb Code    18  fepilogue.o(.text)
    _float_epilogue                          0x08004933   Thumb Code    92  fepilogue.o(.text)
    BusFault_Handler                         0x08004991   Thumb Code     4  lto-llvm-d71600.o(.text.BusFault_Handler)
    DebugMon_Handler                         0x08004995   Thumb Code     2  lto-llvm-d71600.o(.text.DebugMon_Handler)
    HardFault_Handler                        0x08004fbd   Thumb Code     4  lto-llvm-d71600.o(.text.HardFault_Handler)
    MemManage_Handler                        0x08005079   Thumb Code     4  lto-llvm-d71600.o(.text.MemManage_Handler)
    NMI_Handler                              0x0800507d   Thumb Code     2  lto-llvm-d71600.o(.text.NMI_Handler)
    PendSV_Handler                           0x08005149   Thumb Code     2  lto-llvm-d71600.o(.text.PendSV_Handler)
    SVC_Handler                              0x0800514d   Thumb Code     2  lto-llvm-d71600.o(.text.SVC_Handler)
    $Super$$SysTick_Handler                  0x08005249   Thumb Code    20  lto-llvm-d71600.o(.text.SysTick_Handler)
    SystemInit                               0x0800525d   Thumb Code   168  lto-llvm-d71600.o(.text.SystemInit)
    USART1_IRQHandler                        0x08005305   Thumb Code   120  lto-llvm-d71600.o(.text.USART1_IRQHandler)
    UsageFault_Handler                       0x080053ad   Thumb Code     4  lto-llvm-d71600.o(.text.UsageFault_Handler)
    fputc                                    0x08005f55   Thumb Code    48  lto-llvm-d71600.o(.text.fputc)
    main                                     0x080062c5   Thumb Code   136  lto-llvm-d71600.o(.text.main)
    perfc_port_insert_to_system_timer_insert_ovf_handler 0x080064a5   Thumb Code   286  lto-llvm-d71600.o(.text.perfc_port_insert_to_system_timer_insert_ovf_handler)
    __0printf                                0x08007ae1   Thumb Code    22  printfa.o(i.__0printf)
    __1printf                                0x08007ae1   Thumb Code     0  printfa.o(i.__0printf)
    __2printf                                0x08007ae1   Thumb Code     0  printfa.o(i.__0printf)
    __c89printf                              0x08007ae1   Thumb Code     0  printfa.o(i.__0printf)
    printf                                   0x08007ae1   Thumb Code     0  printfa.o(i.__0printf)
    __scatterload_copy                       0x08007b01   Thumb Code    14  handlers.o(i.__scatterload_copy)
    __scatterload_null                       0x08007b0f   Thumb Code     2  handlers.o(i.__scatterload_null)
    __scatterload_zeroinit                   0x08007b11   Thumb Code    14  handlers.o(i.__scatterload_zeroinit)
    EventRecorderInfo                        0x080083d4   Data          24  lto-llvm-d71600.o(.rodata.EventRecorderInfo)
    Region$$Table$$Base                      0x08008418   Number         0  anon$$obj.o(Region$$Table)
    Region$$Table$$Limit                     0x08008438   Number         0  anon$$obj.o(Region$$Table)
    SHT$$INIT_ARRAY$$Base                    0x08008438   Number         0  lto-llvm-d71600.o(.init_array)
    SHT$$INIT_ARRAY$$Limit                   0x0800843c   Number         0  cpp_init.o(.init_array)
    __stdout                                 0x20000000   Data           4  stdout.o(.data)
    __initial_sp                             0x200009e8   Data           0  startup_at32f421.o(STACK)



==============================================================================

Memory Map of the image

  Image Entry point : 0x080040cd

  Load Region LR_IROM1 (Base: 0x08004000, Size: 0x00004480, Max: 0x00010000, ABSOLUTE)

    Execution Region ER_IROM1 (Exec base: 0x08004000, Load base: 0x08004000, Size: 0x0000443c, Max: 0x00010000, ABSOLUTE)

    Exec Addr    Load Addr    Size         Type   Attr      Idx    E Section Name        Object

    0x08004000   0x08004000   0x000000cc   Data   RO           21    RESET               startup_at32f421.o
    0x080040cc   0x080040cc   0x00000000   Code   RO           39  * .ARM.Collect$$$$00000000  mc_w.l(entry.o)
    0x080040cc   0x080040cc   0x00000004   Code   RO           76    .ARM.Collect$$$$00000001  mc_w.l(entry2.o)
    0x080040d0   0x080040d0   0x00000004   Code   RO           79    .ARM.Collect$$$$00000004  mc_w.l(entry5.o)
    0x080040d4   0x080040d4   0x00000000   Code   RO           81    .ARM.Collect$$$$00000008  mc_w.l(entry7b.o)
    0x080040d4   0x080040d4   0x00000004   Code   RO           82    .ARM.Collect$$$$00000009  mc_w.l(entry8a.o)
    0x080040d8   0x080040d8   0x00000000   Code   RO           83    .ARM.Collect$$$$0000000A  mc_w.l(entry8b.o)
    0x080040d8   0x080040d8   0x00000008   Code   RO           84    .ARM.Collect$$$$0000000B  mc_w.l(entry9a.o)
    0x080040e0   0x080040e0   0x00000000   Code   RO           86    .ARM.Collect$$$$0000000D  mc_w.l(entry10a.o)
    0x080040e0   0x080040e0   0x00000000   Code   RO           88    .ARM.Collect$$$$0000000F  mc_w.l(entry11a.o)
    0x080040e0   0x080040e0   0x00000004   Code   RO           77    .ARM.Collect$$$$00002712  mc_w.l(entry2.o)
    0x080040e4   0x080040e4   0x00000024   Code   RO           22    .text               startup_at32f421.o
    0x08004108   0x08004108   0x0000001c   Code   RO           34    .text               systick_wrapper_gnu.o
    0x08004124   0x08004124   0x0000002c   Code   RO           99    .text               mc_w.l(uidiv.o)
    0x08004150   0x08004150   0x00000062   Code   RO          101    .text               mc_w.l(uldiv.o)
    0x080041b2   0x080041b2   0x00000000   Code   RO          103    .text               mc_w.l(iusefp.o)
    0x080041b2   0x080041b2   0x0000014e   Code   RO          104    .text               mf_w.l(dadd.o)
    0x08004300   0x08004300   0x000000e4   Code   RO          106    .text               mf_w.l(dmul.o)
    0x080043e4   0x080043e4   0x000000de   Code   RO          108    .text               mf_w.l(ddiv.o)
    0x080044c2   0x080044c2   0x00000030   Code   RO          110    .text               mf_w.l(dfixul.o)
    0x080044f2   0x080044f2   0x00000002   PAD
    0x080044f4   0x080044f4   0x00000030   Code   RO          112    .text               mf_w.l(cdrcmple.o)
    0x08004524   0x08004524   0x00000024   Code   RO          114    .text               mc_w.l(init.o)
    0x08004548   0x08004548   0x0000001e   Code   RO          116    .text               mc_w.l(llshl.o)
    0x08004566   0x08004566   0x00000020   Code   RO          118    .text               mc_w.l(llushr.o)
    0x08004586   0x08004586   0x00000024   Code   RO          120    .text               mc_w.l(llsshr.o)
    0x080045aa   0x080045aa   0x000000ba   Code   RO          122    .text               mf_w.l(depilogue.o)
    0x08004664   0x08004664   0x00000062   Code   RO          400    .text               mc_w.l(ldiv.o)
    0x080046c6   0x080046c6   0x00000024   Code   RO          402    .text               mc_w.l(memcpya.o)
    0x080046ea   0x080046ea   0x00000024   Code   RO          404    .text               mc_w.l(memseta.o)
    0x0800470e   0x0800470e   0x00000002   PAD
    0x08004710   0x08004710   0x00000020   Code   RO          411    .text               mc_w.l(cpp_init.o)
    0x08004730   0x08004730   0x000000b0   Code   RO          413    .text               mf_w.l(fadd.o)
    0x080047e0   0x080047e0   0x00000064   Code   RO          415    .text               mf_w.l(fmul.o)
    0x08004844   0x08004844   0x0000007c   Code   RO          417    .text               mf_w.l(fdiv.o)
    0x080048c0   0x080048c0   0x0000001c   Code   RO          419    .text               mf_w.l(fcmplt.o)
    0x080048dc   0x080048dc   0x0000001c   Code   RO          421    .text               mf_w.l(fcmpgt.o)
    0x080048f8   0x080048f8   0x00000028   Code   RO          423    .text               mf_w.l(ffixui.o)
    0x08004920   0x08004920   0x0000006e   Code   RO          429    .text               mf_w.l(fepilogue.o)
    0x0800498e   0x0800498e   0x00000002   PAD
    0x08004990   0x08004990   0x00000004   Code   RO          131    .text.BusFault_Handler  lto-llvm-d71600.o
    0x08004994   0x08004994   0x00000002   Code   RO          137    .text.DebugMon_Handler  lto-llvm-d71600.o
    0x08004996   0x08004996   0x00000002   PAD
    0x08004998   0x08004998   0x0000003e   Code   RO          339    .text.EventCheckFilter  lto-llvm-d71600.o
    0x080049d6   0x080049d6   0x00000002   PAD
    0x080049d8   0x080049d8   0x00000092   Code   RO          317    .text.EventGetTS    lto-llvm-d71600.o
    0x08004a6a   0x08004a6a   0x00000002   PAD
    0x08004a6c   0x08004a6c   0x00000190   Code   RO          337    .text.EventRecordData  lto-llvm-d71600.o
    0x08004bfc   0x08004bfc   0x000000f0   Code   RO          319    .text.EventRecordItem  lto-llvm-d71600.o
    0x08004cec   0x08004cec   0x00000090   Code   RO          315    .text.EventRecorderEnable  lto-llvm-d71600.o
    0x08004d7c   0x08004d7c   0x000001d0   Code   RO          311    .text.EventRecorderInitialize  lto-llvm-d71600.o
    0x08004f4c   0x08004f4c   0x00000044   Code   RO          321    .text.EventRecorderStart  lto-llvm-d71600.o
    0x08004f90   0x08004f90   0x00000008   Code   RO          367    .text.EventRecorderTimerGetCount  lto-llvm-d71600.o
    0x08004f98   0x08004f98   0x00000008   Code   RO          365    .text.EventRecorderTimerGetFreq  lto-llvm-d71600.o
    0x08004fa0   0x08004fa0   0x00000008   Code   RO          341    .text.GetContext    lto-llvm-d71600.o
    0x08004fa8   0x08004fa8   0x00000012   Code   RO          323    .text.GetRecordIndex  lto-llvm-d71600.o
    0x08004fba   0x08004fba   0x00000002   PAD
    0x08004fbc   0x08004fbc   0x00000004   Code   RO          127    .text.HardFault_Handler  lto-llvm-d71600.o
    0x08004fc0   0x08004fc0   0x00000012   Code   RO          331    .text.IncrementRecordsDumped  lto-llvm-d71600.o
    0x08004fd2   0x08004fd2   0x00000002   PAD
    0x08004fd4   0x08004fd4   0x00000012   Code   RO          329    .text.IncrementRecordsWritten  lto-llvm-d71600.o
    0x08004fe6   0x08004fe6   0x00000002   PAD
    0x08004fe8   0x08004fe8   0x0000008e   Code   RO          325    .text.LockRecord    lto-llvm-d71600.o
    0x08005076   0x08005076   0x00000002   PAD
    0x08005078   0x08005078   0x00000004   Code   RO          129    .text.MemManage_Handler  lto-llvm-d71600.o
    0x0800507c   0x0800507c   0x00000002   Code   RO          125    .text.NMI_Handler   lto-llvm-d71600.o
    0x0800507e   0x0800507e   0x00000002   PAD
    0x08005080   0x08005080   0x00000064   Code   RO          153    .text.NVIC_EncodePriority  lto-llvm-d71600.o
    0x080050e4   0x080050e4   0x00000062   Code   RO          287    .text.NVIC_EncodePriority.112  lto-llvm-d71600.o
    0x08005146   0x08005146   0x00000002   PAD
    0x08005148   0x08005148   0x00000002   Code   RO          139    .text.PendSV_Handler  lto-llvm-d71600.o
    0x0800514a   0x0800514a   0x00000002   PAD
    0x0800514c   0x0800514c   0x00000002   Code   RO          135    .text.SVC_Handler   lto-llvm-d71600.o
    0x0800514e   0x0800514e   0x00000002   PAD
    0x08005150   0x08005150   0x000000f6   Code   RO          161    .text.Servo_SetAngle  lto-llvm-d71600.o
    0x08005246   0x08005246   0x00000002   PAD
    0x08005248   0x08005248   0x00000014   Code   RO          141    .text.SysTick_Handler  lto-llvm-d71600.o
    0x0800525c   0x0800525c   0x000000a8   Code   RO          301    .text.SystemInit    lto-llvm-d71600.o
    0x08005304   0x08005304   0x00000078   Code   RO          143    .text.USART1_IRQHandler  lto-llvm-d71600.o
    0x0800537c   0x0800537c   0x00000030   Code   RO          327    .text.UnlockRecord  lto-llvm-d71600.o
    0x080053ac   0x080053ac   0x00000004   Code   RO          133    .text.UsageFault_Handler  lto-llvm-d71600.o
    0x080053b0   0x080053b0   0x00000032   Code   RO          291    .text.__NVIC_EnableIRQ  lto-llvm-d71600.o
    0x080053e2   0x080053e2   0x00000002   PAD
    0x080053e4   0x080053e4   0x00000010   Code   RO          151    .text.__NVIC_GetPriorityGrouping  lto-llvm-d71600.o
    0x080053f4   0x080053f4   0x00000010   Code   RO          285    .text.__NVIC_GetPriorityGrouping.111  lto-llvm-d71600.o
    0x08005404   0x08005404   0x00000042   Code   RO          155    .text.__NVIC_SetPriority  lto-llvm-d71600.o
    0x08005446   0x08005446   0x00000002   PAD
    0x08005448   0x08005448   0x00000042   Code   RO          289    .text.__NVIC_SetPriority.113  lto-llvm-d71600.o
    0x0800548a   0x0800548a   0x00000002   PAD
    0x0800548c   0x0800548c   0x0000003c   Code   RO          295    .text.__NVIC_SetPriorityGrouping  lto-llvm-d71600.o
    0x080054c8   0x080054c8   0x00000026   Code   RO          281    .text.__NVIC_SystemReset  lto-llvm-d71600.o
    0x080054ee   0x080054ee   0x00000002   PAD
    0x080054f0   0x080054f0   0x00000008   Code   RO          345    .text.__perf_counter_init  lto-llvm-d71600.o
    0x080054f8   0x080054f8   0x0000006e   Code   RO          335    .text.atomic_cmp_xch_32  lto-llvm-d71600.o
    0x08005566   0x08005566   0x00000002   PAD
    0x08005568   0x08005568   0x0000002a   Code   RO          333    .text.atomic_inc_32  lto-llvm-d71600.o
    0x08005592   0x08005592   0x00000002   PAD
    0x08005594   0x08005594   0x0000003a   Code   RO          343    .text.atomic_inc_8  lto-llvm-d71600.o
    0x080055ce   0x080055ce   0x00000002   PAD
    0x080055d0   0x080055d0   0x0000003c   Code   RO          359    .text.check_systick  lto-llvm-d71600.o
    0x0800560c   0x0800560c   0x0000008c   Code   RO          313    .text.crc16_ccitt   lto-llvm-d71600.o
    0x08005698   0x08005698   0x00000028   Code   RO          201    .text.crm_ahb_div_set  lto-llvm-d71600.o
    0x080056c0   0x080056c0   0x00000028   Code   RO          203    .text.crm_apb1_div_set  lto-llvm-d71600.o
    0x080056e8   0x080056e8   0x00000028   Code   RO          205    .text.crm_apb2_div_set  lto-llvm-d71600.o
    0x08005710   0x08005710   0x00000038   Code   RO          215    .text.crm_auto_step_mode_enable  lto-llvm-d71600.o
    0x08005748   0x08005748   0x000000a2   Code   RO          199    .text.crm_clock_source_enable  lto-llvm-d71600.o
    0x080057ea   0x080057ea   0x00000002   PAD
    0x080057ec   0x080057ec   0x00000262   Code   RO          213    .text.crm_clocks_freq_get  lto-llvm-d71600.o
    0x08005a4e   0x08005a4e   0x00000002   PAD
    0x08005a50   0x08005a50   0x0000003e   Code   RO          195    .text.crm_flag_get  lto-llvm-d71600.o
    0x08005a8e   0x08005a8e   0x00000002   PAD
    0x08005a90   0x08005a90   0x00000056   Code   RO          197    .text.crm_periph_clock_enable  lto-llvm-d71600.o
    0x08005ae6   0x08005ae6   0x00000002   PAD
    0x08005ae8   0x08005ae8   0x000001e6   Code   RO          207    .text.crm_pll_config  lto-llvm-d71600.o
    0x08005cce   0x08005cce   0x00000002   PAD
    0x08005cd0   0x08005cd0   0x0000009a   Code   RO          193    .text.crm_reset     lto-llvm-d71600.o
    0x08005d6a   0x08005d6a   0x00000002   PAD
    0x08005d6c   0x08005d6c   0x00000048   Code   RO          209    .text.crm_sysclk_switch  lto-llvm-d71600.o
    0x08005db4   0x08005db4   0x00000010   Code   RO          211    .text.crm_sysclk_switch_status_get  lto-llvm-d71600.o
    0x08005dc4   0x08005dc4   0x00000012   Code   RO          273    .text.flash_lock    lto-llvm-d71600.o
    0x08005dd6   0x08005dd6   0x00000002   PAD
    0x08005dd8   0x08005dd8   0x00000068   Code   RO          267    .text.flash_operation_status_get  lto-llvm-d71600.o
    0x08005e40   0x08005e40   0x00000056   Code   RO          269    .text.flash_operation_wait_for  lto-llvm-d71600.o
    0x08005e96   0x08005e96   0x00000002   PAD
    0x08005e98   0x08005e98   0x00000050   Code   RO          275    .text.flash_sector_erase  lto-llvm-d71600.o
    0x08005ee8   0x08005ee8   0x0000001e   Code   RO          271    .text.flash_unlock  lto-llvm-d71600.o
    0x08005f06   0x08005f06   0x00000002   PAD
    0x08005f08   0x08005f08   0x0000004c   Code   RO          277    .text.flash_word_program  lto-llvm-d71600.o
    0x08005f54   0x08005f54   0x00000030   Code   RO          305    .text.fputc         lto-llvm-d71600.o
    0x08005f84   0x08005f84   0x00000086   Code   RO          357    .text.get_system_ticks  lto-llvm-d71600.o
    0x0800600a   0x0800600a   0x00000002   PAD
    0x0800600c   0x0800600c   0x00000020   Code   RO          245    .text.gpio_bits_set  lto-llvm-d71600.o
    0x0800602c   0x0800602c   0x00000024   Code   RO          243    .text.gpio_default_para_init  lto-llvm-d71600.o
    0x08006050   0x08006050   0x000000e6   Code   RO          241    .text.gpio_init     lto-llvm-d71600.o
    0x08006136   0x08006136   0x00000002   PAD
    0x08006138   0x08006138   0x0000008e   Code   RO          247    .text.gpio_pin_mux_config  lto-llvm-d71600.o
    0x080061c6   0x080061c6   0x00000002   PAD
    0x080061c8   0x080061c8   0x0000002a   Code   RO          171    .text.iap_command_handle  lto-llvm-d71600.o
    0x080061f2   0x080061f2   0x00000002   PAD
    0x080061f4   0x080061f4   0x0000002a   Code   RO          173    .text.iap_init      lto-llvm-d71600.o
    0x0800621e   0x0800621e   0x00000002   PAD
    0x08006220   0x08006220   0x00000008   Code   RO          159    .text.iap_task      lto-llvm-d71600.o
    0x08006228   0x08006228   0x0000009a   Code   RO          347    .text.init_cycle_counter  lto-llvm-d71600.o
    0x080062c2   0x080062c2   0x00000002   PAD
    0x080062c4   0x080062c4   0x00000088   Code   RO          157    .text.main          lto-llvm-d71600.o
    0x0800634c   0x0800634c   0x00000036   Code   RO          283    .text.nvic_irq_enable  lto-llvm-d71600.o
    0x08006382   0x08006382   0x00000002   PAD
    0x08006384   0x08006384   0x00000016   Code   RO          293    .text.nvic_priority_group_config  lto-llvm-d71600.o
    0x0800639a   0x0800639a   0x00000002   PAD
    0x0800639c   0x0800639c   0x00000004   Code   RO          279    .text.nvic_system_reset  lto-llvm-d71600.o
    0x080063a0   0x080063a0   0x0000002c   Code   RO          297    .text.nvic_vector_table_set  lto-llvm-d71600.o
    0x080063cc   0x080063cc   0x00000010   Code   RO          383    .text.perfc_port_clear_system_timer_ovf_pending  lto-llvm-d71600.o
    0x080063dc   0x080063dc   0x00000014   Code   RO          349    .text.perfc_port_disable_global_interrupt  lto-llvm-d71600.o
    0x080063f0   0x080063f0   0x00000014   Code   RO          371    .text.perfc_port_disable_global_interrupt.142  lto-llvm-d71600.o
    0x08006404   0x08006404   0x00000020   Code   RO          381    .text.perfc_port_get_system_timer_elapsed  lto-llvm-d71600.o
    0x08006424   0x08006424   0x0000000c   Code   RO          375    .text.perfc_port_get_system_timer_freq  lto-llvm-d71600.o
    0x08006430   0x08006430   0x0000000e   Code   RO          379    .text.perfc_port_get_system_timer_top  lto-llvm-d71600.o
    0x0800643e   0x0800643e   0x00000002   PAD
    0x08006440   0x08006440   0x00000064   Code   RO          369    .text.perfc_port_init_system_timer  lto-llvm-d71600.o
    0x080064a4   0x080064a4   0x0000011e   Code   RO          361    .text.perfc_port_insert_to_system_timer_insert_ovf_handler  lto-llvm-d71600.o
    0x080065c2   0x080065c2   0x00000002   PAD
    0x080065c4   0x080065c4   0x00000010   Code   RO          377    .text.perfc_port_is_system_timer_ovf_pending  lto-llvm-d71600.o
    0x080065d4   0x080065d4   0x00000012   Code   RO          351    .text.perfc_port_resume_global_interrupt  lto-llvm-d71600.o
    0x080065e6   0x080065e6   0x00000002   PAD
    0x080065e8   0x080065e8   0x00000012   Code   RO          373    .text.perfc_port_resume_global_interrupt.143  lto-llvm-d71600.o
    0x080065fa   0x080065fa   0x00000002   PAD
    0x080065fc   0x080065fc   0x00000068   Code   RO          309    .text.stdout_putchar  lto-llvm-d71600.o
    0x08006664   0x08006664   0x00000228   Code   RO          303    .text.system_core_clock_update  lto-llvm-d71600.o
    0x0800688c   0x0800688c   0x0000003a   Code   RO          299    .text.systick_clock_source_config  lto-llvm-d71600.o
    0x080068c6   0x080068c6   0x00000002   PAD
    0x080068c8   0x080068c8   0x00000032   Code   RO          219    .text.tmr_base_init  lto-llvm-d71600.o
    0x080068fa   0x080068fa   0x00000002   PAD
    0x080068fc   0x080068fc   0x000000d8   Code   RO          235    .text.tmr_channel_enable  lto-llvm-d71600.o
    0x080069d4   0x080069d4   0x00000054   Code   RO          227    .text.tmr_channel_value_set  lto-llvm-d71600.o
    0x08006a28   0x08006a28   0x0000002c   Code   RO          221    .text.tmr_clock_source_div_set  lto-llvm-d71600.o
    0x08006a54   0x08006a54   0x0000002c   Code   RO          223    .text.tmr_cnt_dir_set  lto-llvm-d71600.o
    0x08006a80   0x08006a80   0x00000024   Code   RO          217    .text.tmr_counter_enable  lto-llvm-d71600.o
    0x08006aa4   0x08006aa4   0x00000098   Code   RO          231    .text.tmr_output_channel_buffer_enable  lto-llvm-d71600.o
    0x08006b3c   0x08006b3c   0x000001f8   Code   RO          225    .text.tmr_output_channel_config  lto-llvm-d71600.o
    0x08006d34   0x08006d34   0x00000098   Code   RO          233    .text.tmr_output_channel_immediately_set  lto-llvm-d71600.o
    0x08006dcc   0x08006dcc   0x0000002c   Code   RO          229    .text.tmr_period_buffer_enable  lto-llvm-d71600.o
    0x08006df8   0x08006df8   0x0000002c   Code   RO          237    .text.tmr_primary_mode_select  lto-llvm-d71600.o
    0x08006e24   0x08006e24   0x0000002c   Code   RO          239    .text.tmr_sub_sync_mode_set  lto-llvm-d71600.o
    0x08006e50   0x08006e50   0x00000088   Code   RO          185    .text.tmt_create    lto-llvm-d71600.o
    0x08006ed8   0x08006ed8   0x0000012c   Code   RO          187    .text.tmt_delete    lto-llvm-d71600.o
    0x08007004   0x08007004   0x00000076   Code   RO          179    .text.tmt_init      lto-llvm-d71600.o
    0x0800707a   0x0800707a   0x00000002   PAD
    0x0800707c   0x0800707c   0x000000b2   Code   RO          181    .text.tmt_run       lto-llvm-d71600.o
    0x0800712e   0x0800712e   0x00000002   PAD
    0x08007130   0x08007130   0x00000086   Code   RO          191    .text.tmt_run_ctrl  lto-llvm-d71600.o
    0x080071b6   0x080071b6   0x00000002   PAD
    0x080071b8   0x080071b8   0x00000098   Code   RO          189    .text.tmt_time_ctrl  lto-llvm-d71600.o
    0x08007250   0x08007250   0x0000006a   Code   RO          183    .text.tmt_update_tick  lto-llvm-d71600.o
    0x080072ba   0x080072ba   0x00000002   PAD
    0x080072bc   0x080072bc   0x0000009a   Code   RO          353    .text.update_perf_counter  lto-llvm-d71600.o
    0x08007356   0x08007356   0x00000002   PAD
    0x08007358   0x08007358   0x00000016   Code   RO          261    .text.usart_data_receive  lto-llvm-d71600.o
    0x0800736e   0x0800736e   0x00000002   PAD
    0x08007370   0x08007370   0x0000002c   Code   RO          253    .text.usart_enable  lto-llvm-d71600.o
    0x0800739c   0x0800739c   0x0000009a   Code   RO          263    .text.usart_hardware_flow_control_set  lto-llvm-d71600.o
    0x08007436   0x08007436   0x00000002   PAD
    0x08007438   0x08007438   0x000000d4   Code   RO          249    .text.usart_init    lto-llvm-d71600.o
    0x0800750c   0x0800750c   0x0000005a   Code   RO          259    .text.usart_interrupt_enable  lto-llvm-d71600.o
    0x08007566   0x08007566   0x00000002   PAD
    0x08007568   0x08007568   0x00000128   Code   RO          265    .text.usart_interrupt_flag_get  lto-llvm-d71600.o
    0x08007690   0x08007690   0x00000078   Code   RO          251    .text.usart_parity_selection_config  lto-llvm-d71600.o
    0x08007708   0x08007708   0x0000002c   Code   RO          257    .text.usart_receiver_enable  lto-llvm-d71600.o
    0x08007734   0x08007734   0x0000002c   Code   RO          255    .text.usart_transmitter_enable  lto-llvm-d71600.o
    0x08007760   0x08007760   0x0000003e   Code   RO          175    .text.wk_gpio_config  lto-llvm-d71600.o
    0x0800779e   0x0800779e   0x00000002   PAD
    0x080077a0   0x080077a0   0x00000098   Code   RO          149    .text.wk_nvic_config  lto-llvm-d71600.o
    0x08007838   0x08007838   0x0000002c   Code   RO          147    .text.wk_periph_clock_config  lto-llvm-d71600.o
    0x08007864   0x08007864   0x0000008e   Code   RO          145    .text.wk_system_clock_config  lto-llvm-d71600.o
    0x080078f2   0x080078f2   0x00000002   PAD
    0x080078f4   0x080078f4   0x00000008   Code   RO          167    .text.wk_timebase_handler  lto-llvm-d71600.o
    0x080078fc   0x080078fc   0x00000010   Code   RO          163    .text.wk_timebase_increase  lto-llvm-d71600.o
    0x0800790c   0x0800790c   0x00000056   Code   RO          165    .text.wk_timebase_init  lto-llvm-d71600.o
    0x08007962   0x08007962   0x00000002   PAD
    0x08007964   0x08007964   0x000000f6   Code   RO          177    .text.wk_tmr3_init  lto-llvm-d71600.o
    0x08007a5a   0x08007a5a   0x00000002   PAD
    0x08007a5c   0x08007a5c   0x00000084   Code   RO          169    .text.wk_usart1_init  lto-llvm-d71600.o
    0x08007ae0   0x08007ae0   0x00000020   Code   RO           49    i.__0printf         mc_w.l(printfa.o)
    0x08007b00   0x08007b00   0x0000000e   Code   RO          433    i.__scatterload_copy  mc_w.l(handlers.o)
    0x08007b0e   0x08007b0e   0x00000002   Code   RO          434    i.__scatterload_null  mc_w.l(handlers.o)
    0x08007b10   0x08007b10   0x0000000e   Code   RO          435    i.__scatterload_zeroinit  mc_w.l(handlers.o)
    0x08007b1e   0x08007b1e   0x00000002   PAD
    0x08007b20   0x08007b20   0x00000184   Code   RO           56    i._fp_digits        mc_w.l(printfa.o)
    0x08007ca4   0x08007ca4   0x000006dc   Code   RO           57    i._printf_core      mc_w.l(printfa.o)
    0x08008380   0x08008380   0x00000024   Code   RO           58    i._printf_post_padding  mc_w.l(printfa.o)
    0x080083a4   0x080083a4   0x0000002e   Code   RO           59    i._printf_pre_padding  mc_w.l(printfa.o)
    0x080083d2   0x080083d2   0x00000002   PAD
    0x080083d4   0x080083d4   0x00000018   Data   RO          391    .rodata.EventRecorderInfo  lto-llvm-d71600.o
    0x080083ec   0x080083ec   0x00000010   Data   RO          389    .rodata.cst16       lto-llvm-d71600.o
    0x080083fc   0x080083fc   0x00000010   Data   RO          388    .rodata.cst8        lto-llvm-d71600.o
    0x0800840c   0x0800840c   0x0000000c   Data   RO          385    .rodata.str1.1      lto-llvm-d71600.o
    0x08008418   0x08008418   0x00000020   Data   RO          432    Region$$Table       anon$$obj.o
    0x08008438   0x08008438   0x00000004   Data   RO          392    .init_array         lto-llvm-d71600.o
    0x0800843c   0x08008438   0x00000000   Data   RO          409    .init_array         mc_w.l(cpp_init.o)


    Execution Region RW_IRAM1 (Exec base: 0x20000000, Load base: 0x08008440, Size: 0x000009e8, Max: 0x00004000, ABSOLUTE)

    Exec Addr    Load Addr    Size         Type   Attr      Idx    E Section Name        Object

    0x20000000   0x08008440   0x00000004   Data   RW           46    .data               mc_w.l(stdout.o)
    0x20000004   0x08008444   0x0000000c   Data   RW          393    .data               lto-llvm-d71600.o
    0x20000010   0x08008450   0x00000030   PAD
    0x20000040        -       0x000000f8   Zero   RW          387    .bss                lto-llvm-d71600.o
    0x20000138   0x08008450   0x00000008   PAD
    0x20000140        -       0x000004a4   Zero   RW          390    .bss.noinit         lto-llvm-d71600.o
    0x200005e4   0x08008450   0x00000004   PAD
    0x200005e8        -       0x00000400   Zero   RW           19    STACK               startup_at32f421.o


==============================================================================

Image component sizes


      Code (inc. data)   RO Data    RW Data    ZI Data      Debug   Object Name

     12516         46         72         12       1436      99421   lto-llvm-d71600.o
        36          8        204          0       1024        788   startup_at32f421.o
        28          8          0          0          0        552   systick_wrapper_gnu.o

    ----------------------------------------------------------------------
     12688         62        308         12       2520     100761   Object Totals
         0          0         32          0          0          0   (incl. Generated)
       108          0          0          0         60          0   (incl. Padding)

    ----------------------------------------------------------------------

      Code (inc. data)   RO Data    RW Data    ZI Data      Debug   Library Member Name

        32          8          0          0          0         80   cpp_init.o
         0          0          0          0          0          0   entry.o
         0          0          0          0          0          0   entry10a.o
         0          0          0          0          0          0   entry11a.o
         8          4          0          0          0          0   entry2.o
         4          0          0          0          0          0   entry5.o
         0          0          0          0          0          0   entry7b.o
         4          0          0          0          0          0   entry8a.o
         0          0          0          0          0          0   entry8b.o
         8          4          0          0          0          0   entry9a.o
        30          0          0          0          0          0   handlers.o
        36          8          0          0          0         68   init.o
         0          0          0          0          0          0   iusefp.o
        98          0          0          0          0         84   ldiv.o
        30          0          0          0          0         68   llshl.o
        36          0          0          0          0         68   llsshr.o
        32          0          0          0          0         68   llushr.o
        36          0          0          0          0         68   memcpya.o
        36          0          0          0          0        108   memseta.o
      2258         90          0          0          0        452   printfa.o
         0          0          0          4          0          0   stdout.o
        44          0          0          0          0         80   uidiv.o
        98          0          0          0          0         92   uldiv.o
        48          0          0          0          0         68   cdrcmple.o
       334          0          0          0          0        148   dadd.o
       222          0          0          0          0        100   ddiv.o
       186          0          0          0          0        176   depilogue.o
        48          0          0          0          0         68   dfixul.o
       228          0          0          0          0         96   dmul.o
       176          0          0          0          0        140   fadd.o
        28          0          0          0          0         68   fcmpgt.o
        28          0          0          0          0         68   fcmplt.o
       124          0          0          0          0         88   fdiv.o
       110          0          0          0          0        168   fepilogue.o
        40          0          0          0          0         68   ffixui.o
       100          0          0          0          0         76   fmul.o

    ----------------------------------------------------------------------
      4472        114          0          4          0       2568   Library Totals
        10          0          0          0          0          0   (incl. Padding)

    ----------------------------------------------------------------------

      Code (inc. data)   RO Data    RW Data    ZI Data      Debug   Library Name

      2790        114          0          4          0       1236   mc_w.l
      1672          0          0          0          0       1332   mf_w.l

    ----------------------------------------------------------------------
      4472        114          0          4          0       2568   Library Totals

    ----------------------------------------------------------------------

==============================================================================


      Code (inc. data)   RO Data    RW Data    ZI Data      Debug   

     17160        176        308         16       2520     102129   Grand Totals
     17160        176        308         16       2520     102129   ELF Image Totals
     17160        176        308         16          0          0   ROM Totals

==============================================================================

    Total RO  Size (Code + RO Data)                17468 (  17.06kB)
    Total RW  Size (RW Data + ZI Data)              2536 (   2.48kB)
    Total ROM Size (Code + RO Data + RW Data)      17484 (  17.07kB)

==============================================================================

