<html>
<body>
<pre>
<h1>µVision Build Log</h1>
<h2>Tool Versions:</h2>
IDE-Version: ¦ÌVision V5.40.0.0
Copyright (C) 2024 ARM Ltd and ARM Germany GmbH. All rights reserved.
License Information: a 1806740514@qq.com, a, LIC=VGXG8-33RDG-MMC9I-T8FC8-UTX5H-7T38G
 
Tool Versions:
Toolchain:       MDK-ARM Plus  Version: 5.40.0.3
Toolchain Path:  C:\Keil_v5\ARM\ARMCC\Bin
C Compiler:      Armcc.exe V5.06 update 6 (build 750)
Assembler:       Armasm.exe V5.06 update 6 (build 750)
Linker/Locator:  ArmLink.exe V5.06 update 6 (build 750)
Library Manager: ArmAr.exe V5.06 update 6 (build 750)
Hex Converter:   FromElf.exe V5.06 update 6 (build 750)
CPU DLL:         SARMCM3.DLL V5.40.0.3
Dialog DLL:      DCM.DLL V1.17.5.0
Target DLL:      CMSIS_AGDI.dll V1.33.18.0
Dialog DLL:      TCM.DLL V1.56.4.0
 
<h2>Project:</h2>
C:\Users\18067\Desktop\AT32_State_Template-master\bootloader\project\MDK_V5\AT32F421_IAP.uvprojx
Project File Date:  06/11/2025

<h2>Output:</h2>
*** Using Compiler 'V5.06 update 6 (build 750)', folder: 'C:\Keil_v5\ARM\ARMCC\Bin'
Rebuild target 'AT32F421_IAP'
compiling at32f421_wk_config.c...
compiling wk_usart.c...
compiling at32f421_tmr.c...
compiling iap.c...
compiling wk_tmr.c...
compiling at32f421_debug.c...
compiling main.c...
compiling at32f421_pwc.c...
assembling startup_at32f421.s...
compiling system_at32f421.c...
compiling at32f421_int.c...
compiling at32f421_gpio.c...
compiling flash.c...
compiling at32f421_usart.c...
compiling at32f421_misc.c...
compiling at32f421_flash.c...
compiling at32f421_crm.c...
compiling tmt.c...
linking...
Program Size: Code=5656 RO-data=292 RW-data=20 ZI-data=5132  
FromELF: creating hex file...
".\objects\AT32F421_IAP.axf" - 0 Error(s), 0 Warning(s).

<h2>Software Packages used:</h2>

Package Vendor: ArteryTek
                
                ArteryTek::AT32F421_DFP@2.1.7
                ArteryTek AT32F421 Series Device Support,Drivers

<h2>Collection of Component include folders:</h2>
  C:/Users/18067/AppData/Local/Arm/Packs/ArteryTek/AT32F421_DFP/2.1.7/Device/Include

<h2>Collection of Component Files used:</h2>
Build Time Elapsed:  00:00:01
</pre>
</body>
</html>
