<html>
<body>
<pre>
<h1>µVision Build Log</h1>
<h2>Tool Versions:</h2>
IDE-Version: ¦ÌVision V5.40.0.12
Copyright (C) 2024 ARM Ltd and ARM Germany GmbH. All rights reserved.
License Information: itt W, Forward, LIC=VGXG8-3DNTB-BSLYX-H2GR5-KKDDD-IZBKB
 
Tool Versions:
Toolchain:       MDK-ARM Plus  Version: 5.40.0.5
Toolchain Path:  D:\Work Program\Keil_v5\ARM\ARMCLANG\Bin
C Compiler:      ArmClang.exe V6.22
Assembler:       Armasm.exe V6.22
Linker/Locator:  ArmLink.exe V6.22
Library Manager: ArmAr.exe V6.22
Hex Converter:   FromElf.exe V6.22
CPU DLL:         SARMCM3.DLL V5.40.0.5
Dialog DLL:      DCM.DLL V1.17.5.0
Target DLL:      Segger\JL2CM3.dll V2.99.45.0
Dialog DLL:      TCM.DLL V1.56.4.0
 
<h2>Project:</h2>
D:\Work Area\Code For Myself\Boring Box\bootloader\project\MDK_V5\AT32F421_IAP.uvprojx
Project File Date:  10/20/2025

<h2>Output:</h2>
*** Using Compiler 'V6.22', folder: 'D:\Work Program\Keil_v5\ARM\ARMCLANG\Bin'
Rebuild target 'AT32F421_IAP'
compiling flash.c...
compiling at32f421_gpio.c...
compiling iap.c...
compiling at32f421_crm.c...
compiling main.c...
compiling wk_usart.c...
compiling at32f421_wk_config.c...
compiling wk_tmr.c...
compiling at32f421_int.c...
compiling system_at32f421.c...
compiling at32f421_debug.c...
compiling at32f421_misc.c...
compiling at32f421_pwc.c...
compiling at32f421_usart.c...
compiling at32f421_flash.c...
compiling at32f421_tmr.c...
compiling tmt.c...
armclang: warning: '--target=armv7em-arm-none-eabi' is not supported. Supported values for this option are 'arm-arm-none-eabi' or 'aarch64-arm-none-eabi' [-Wunsupported-option]
assembling startup_at32f421.s...
linking...
Program Size: Code=8560 RO-data=268 RW-data=4 ZI-data=5156  
FromELF: creating hex file...
".\objects\AT32F421_IAP.axf" - 0 Error(s), 1 Warning(s).

<h2>Software Packages used:</h2>

Package Vendor: ArteryTek
                
                ArteryTek::AT32F421_DFP@2.1.8
                ArteryTek AT32F421 Series Device Support,Drivers

<h2>Collection of Component include folders:</h2>
  D:/Work Program/Keil_v5/ARM/Packs/ArteryTek/AT32F421_DFP/2.1.8/Device/Include

<h2>Collection of Component Files used:</h2>
Build Time Elapsed:  00:00:01
</pre>
</body>
</html>
