Component: ARM Compiler 5.06 update 6 (build 750) Tool: armlink [4d35ed]

==============================================================================

Section Cross References

    at32f421_int.o(i.TMR3_GLOBAL_IRQHandler) refers to at32f421_tmr.o(i.tmr_interrupt_flag_get) for tmr_interrupt_flag_get
    at32f421_int.o(i.TMR3_GLOBAL_IRQHandler) refers to at32f421_tmr.o(i.tmr_flag_clear) for tmr_flag_clear
    at32f421_int.o(i.TMR3_GLOBAL_IRQHandler) refers to iap.o(i.back_err) for back_err
    at32f421_int.o(i.TMR3_GLOBAL_IRQHandler) refers to wk_tmr.o(.data) for get_data_from_usart_flag
    at32f421_int.o(i.USART1_IRQHandler) refers to at32f421_usart.o(i.usart_interrupt_flag_get) for usart_interrupt_flag_get
    at32f421_int.o(i.USART1_IRQHandler) refers to at32f421_usart.o(i.usart_data_receive) for usart_data_receive
    at32f421_int.o(i.USART1_IRQHandler) refers to wk_tmr.o(.data) for time_ira_cnt
    at32f421_int.o(i.USART1_IRQHandler) refers to wk_usart.o(.bss) for usart_group_struct
    at32f421_wk_config.o(i.wk_nvic_config) refers to at32f421_misc.o(i.nvic_priority_group_config) for nvic_priority_group_config
    at32f421_wk_config.o(i.wk_nvic_config) refers to at32f421_wk_config.o(i.__NVIC_GetPriorityGrouping) for __NVIC_GetPriorityGrouping
    at32f421_wk_config.o(i.wk_nvic_config) refers to at32f421_wk_config.o(i.NVIC_EncodePriority) for NVIC_EncodePriority
    at32f421_wk_config.o(i.wk_nvic_config) refers to at32f421_wk_config.o(i.__NVIC_SetPriority) for __NVIC_SetPriority
    at32f421_wk_config.o(i.wk_nvic_config) refers to at32f421_misc.o(i.nvic_irq_enable) for nvic_irq_enable
    at32f421_wk_config.o(i.wk_periph_clock_config) refers to at32f421_crm.o(i.crm_periph_clock_enable) for crm_periph_clock_enable
    at32f421_wk_config.o(i.wk_system_clock_config) refers to at32f421_crm.o(i.crm_reset) for crm_reset
    at32f421_wk_config.o(i.wk_system_clock_config) refers to at32f421_crm.o(i.crm_clock_source_enable) for crm_clock_source_enable
    at32f421_wk_config.o(i.wk_system_clock_config) refers to at32f421_crm.o(i.crm_flag_get) for crm_flag_get
    at32f421_wk_config.o(i.wk_system_clock_config) refers to at32f421_crm.o(i.crm_pll_config) for crm_pll_config
    at32f421_wk_config.o(i.wk_system_clock_config) refers to at32f421_crm.o(i.crm_ahb_div_set) for crm_ahb_div_set
    at32f421_wk_config.o(i.wk_system_clock_config) refers to at32f421_crm.o(i.crm_apb2_div_set) for crm_apb2_div_set
    at32f421_wk_config.o(i.wk_system_clock_config) refers to at32f421_crm.o(i.crm_apb1_div_set) for crm_apb1_div_set
    at32f421_wk_config.o(i.wk_system_clock_config) refers to at32f421_crm.o(i.crm_auto_step_mode_enable) for crm_auto_step_mode_enable
    at32f421_wk_config.o(i.wk_system_clock_config) refers to at32f421_crm.o(i.crm_sysclk_switch) for crm_sysclk_switch
    at32f421_wk_config.o(i.wk_system_clock_config) refers to at32f421_crm.o(i.crm_sysclk_switch_status_get) for crm_sysclk_switch_status_get
    at32f421_wk_config.o(i.wk_system_clock_config) refers to system_at32f421.o(i.system_core_clock_update) for system_core_clock_update
    main.o(i.main) refers to at32f421_wk_config.o(i.wk_system_clock_config) for wk_system_clock_config
    main.o(i.main) refers to at32f421_wk_config.o(i.wk_periph_clock_config) for wk_periph_clock_config
    main.o(i.main) refers to at32f421_wk_config.o(i.wk_nvic_config) for wk_nvic_config
    main.o(i.main) refers to wk_usart.o(i.wk_usart1_init) for wk_usart1_init
    main.o(i.main) refers to wk_tmr.o(i.wk_tmr3_init) for wk_tmr3_init
    main.o(i.main) refers to flash.o(i.flash_upgrade_flag_read) for flash_upgrade_flag_read
    main.o(i.main) refers to iap.o(i.app_load) for app_load
    main.o(i.main) refers to iap.o(i.back_ok) for back_ok
    main.o(i.main) refers to iap.o(i.iap_upgrade_app_handle) for iap_upgrade_app_handle
    wk_tmr.o(i.wk_tmr3_init) refers to at32f421_tmr.o(i.tmr_cnt_dir_set) for tmr_cnt_dir_set
    wk_tmr.o(i.wk_tmr3_init) refers to at32f421_tmr.o(i.tmr_clock_source_div_set) for tmr_clock_source_div_set
    wk_tmr.o(i.wk_tmr3_init) refers to at32f421_tmr.o(i.tmr_period_buffer_enable) for tmr_period_buffer_enable
    wk_tmr.o(i.wk_tmr3_init) refers to at32f421_tmr.o(i.tmr_base_init) for tmr_base_init
    wk_tmr.o(i.wk_tmr3_init) refers to at32f421_tmr.o(i.tmr_sub_sync_mode_set) for tmr_sub_sync_mode_set
    wk_tmr.o(i.wk_tmr3_init) refers to at32f421_tmr.o(i.tmr_primary_mode_select) for tmr_primary_mode_select
    wk_tmr.o(i.wk_tmr3_init) refers to at32f421_tmr.o(i.tmr_counter_enable) for tmr_counter_enable
    wk_usart.o(i.wk_usart1_init) refers to at32f421_gpio.o(i.gpio_default_para_init) for gpio_default_para_init
    wk_usart.o(i.wk_usart1_init) refers to at32f421_gpio.o(i.gpio_pin_mux_config) for gpio_pin_mux_config
    wk_usart.o(i.wk_usart1_init) refers to at32f421_gpio.o(i.gpio_init) for gpio_init
    wk_usart.o(i.wk_usart1_init) refers to at32f421_usart.o(i.usart_init) for usart_init
    wk_usart.o(i.wk_usart1_init) refers to at32f421_usart.o(i.usart_transmitter_enable) for usart_transmitter_enable
    wk_usart.o(i.wk_usart1_init) refers to at32f421_usart.o(i.usart_receiver_enable) for usart_receiver_enable
    wk_usart.o(i.wk_usart1_init) refers to at32f421_usart.o(i.usart_parity_selection_config) for usart_parity_selection_config
    wk_usart.o(i.wk_usart1_init) refers to at32f421_usart.o(i.usart_hardware_flow_control_set) for usart_hardware_flow_control_set
    wk_usart.o(i.wk_usart1_init) refers to at32f421_usart.o(i.usart_enable) for usart_enable
    wk_usart.o(i.wk_usart1_init) refers to at32f421_usart.o(i.usart_interrupt_enable) for usart_interrupt_enable
    flash.o(i.flash_2kb_write) refers to at32f421_flash.o(i.flash_unlock) for flash_unlock
    flash.o(i.flash_2kb_write) refers to at32f421_flash.o(i.flash_sector_erase) for flash_sector_erase
    flash.o(i.flash_2kb_write) refers to at32f421_flash.o(i.flash_halfword_program) for flash_halfword_program
    flash.o(i.flash_2kb_write) refers to at32f421_flash.o(i.flash_lock) for flash_lock
    iap.o(i.app_load) refers to at32f421_crm.o(i.crm_periph_clock_enable) for crm_periph_clock_enable
    iap.o(i.app_load) refers to at32f421_misc.o(i.nvic_irq_disable) for nvic_irq_disable
    iap.o(i.app_load) refers to iap.o(i.__NVIC_ClearPendingIRQ) for __NVIC_ClearPendingIRQ
    iap.o(i.app_load) refers to iap.o(.data) for jump_to_app
    iap.o(i.app_update_handle) refers to iap.o(i.back_ok) for back_ok
    iap.o(i.app_update_handle) refers to iap.o(i.back_err) for back_err
    iap.o(i.app_update_handle) refers to flash.o(i.flash_2kb_write) for flash_2kb_write
    iap.o(i.app_update_handle) refers to at32f421_crm.o(i.crm_reset) for crm_reset
    iap.o(i.app_update_handle) refers to iap.o(i.app_load) for app_load
    iap.o(i.app_update_handle) refers to iap.o(.data) for update_status
    iap.o(i.app_update_handle) refers to wk_tmr.o(.data) for get_data_from_usart_flag
    iap.o(i.app_update_handle) refers to iap.o(.bss) for cmd_data_group_struct
    iap.o(i.back_err) refers to at32f421_usart.o(i.usart_data_transmit) for usart_data_transmit
    iap.o(i.back_err) refers to at32f421_usart.o(i.usart_flag_get) for usart_flag_get
    iap.o(i.back_err) refers to iap.o(.data) for cmd_data_step
    iap.o(i.back_err) refers to wk_tmr.o(.data) for time_ira_cnt
    iap.o(i.back_ok) refers to at32f421_usart.o(i.usart_data_transmit) for usart_data_transmit
    iap.o(i.back_ok) refers to at32f421_usart.o(i.usart_flag_get) for usart_flag_get
    iap.o(i.command_handle) refers to iap.o(i.data_take) for data_take
    iap.o(i.command_handle) refers to wk_usart.o(.bss) for usart_group_struct
    iap.o(i.command_handle) refers to iap.o(.data) for update_status
    iap.o(i.command_handle) refers to iap.o(.bss) for cmd_data_group_struct
    iap.o(i.data_take) refers to at32f421_usart.o(i.usart_interrupt_enable) for usart_interrupt_enable
    iap.o(i.data_take) refers to wk_usart.o(.bss) for usart_group_struct
    iap.o(i.iap_upgrade_app_handle) refers to iap.o(i.command_handle) for command_handle
    iap.o(i.iap_upgrade_app_handle) refers to iap.o(i.app_update_handle) for app_update_handle
    at32f421_crm.o(i.crm_clocks_freq_get) refers to at32f421_crm.o(i.crm_sysclk_switch_status_get) for crm_sysclk_switch_status_get
    at32f421_crm.o(i.crm_clocks_freq_get) refers to uldiv.o(.text) for __aeabi_uldivmod
    at32f421_crm.o(i.crm_clocks_freq_get) refers to at32f421_crm.o(.constdata) for sclk_ahb_div_table
    at32f421_crm.o(i.crm_hext_stable_wait) refers to at32f421_crm.o(i.crm_flag_get) for crm_flag_get
    at32f421_crm.o(i.crm_hick_sclk_frequency_select) refers to at32f421_crm.o(i.crm_hick_divider_select) for crm_hick_divider_select
    at32f421_tmr.o(i.tmr_external_clock_mode1_config) refers to at32f421_tmr.o(i.tmr_external_clock_config) for tmr_external_clock_config
    at32f421_tmr.o(i.tmr_external_clock_mode2_config) refers to at32f421_tmr.o(i.tmr_external_clock_config) for tmr_external_clock_config
    at32f421_tmr.o(i.tmr_reset) refers to at32f421_crm.o(i.crm_periph_reset) for crm_periph_reset
    at32f421_gpio.o(i.gpio_reset) refers to at32f421_crm.o(i.crm_periph_reset) for crm_periph_reset
    at32f421_usart.o(i.usart_init) refers to at32f421_crm.o(i.crm_clocks_freq_get) for crm_clocks_freq_get
    at32f421_usart.o(i.usart_reset) refers to at32f421_crm.o(i.crm_periph_reset) for crm_periph_reset
    at32f421_pwc.o(i.pwc_reset) refers to at32f421_crm.o(i.crm_periph_reset) for crm_periph_reset
    at32f421_flash.o(i.flash_boot_memory_extension_mode_enable) refers to at32f421_flash.o(i.flash_operation_wait_for) for flash_operation_wait_for
    at32f421_flash.o(i.flash_byte_program) refers to at32f421_flash.o(i.flash_operation_wait_for) for flash_operation_wait_for
    at32f421_flash.o(i.flash_crc_calibrate) refers to at32f421_flash.o(i.flash_operation_wait_for) for flash_operation_wait_for
    at32f421_flash.o(i.flash_epp_set) refers to at32f421_flash.o(i.flash_operation_wait_for) for flash_operation_wait_for
    at32f421_flash.o(i.flash_epp_set) refers to at32f421_flash.o(.constdata) for .constdata
    at32f421_flash.o(i.flash_extension_memory_slib_enable) refers to at32f421_flash.o(i.flash_operation_wait_for) for flash_operation_wait_for
    at32f421_flash.o(i.flash_fap_enable) refers to at32f421_flash.o(i.flash_operation_wait_for) for flash_operation_wait_for
    at32f421_flash.o(i.flash_fap_high_level_enable) refers to at32f421_flash.o(i.flash_operation_wait_for) for flash_operation_wait_for
    at32f421_flash.o(i.flash_halfword_program) refers to at32f421_flash.o(i.flash_operation_wait_for) for flash_operation_wait_for
    at32f421_flash.o(i.flash_internal_all_erase) refers to at32f421_flash.o(i.flash_operation_wait_for) for flash_operation_wait_for
    at32f421_flash.o(i.flash_operation_wait_for) refers to at32f421_flash.o(i.flash_operation_status_get) for flash_operation_status_get
    at32f421_flash.o(i.flash_sector_erase) refers to at32f421_flash.o(i.flash_operation_wait_for) for flash_operation_wait_for
    at32f421_flash.o(i.flash_slib_disable) refers to at32f421_flash.o(i.flash_operation_wait_for) for flash_operation_wait_for
    at32f421_flash.o(i.flash_slib_enable) refers to at32f421_flash.o(i.flash_operation_wait_for) for flash_operation_wait_for
    at32f421_flash.o(i.flash_ssb_set) refers to at32f421_flash.o(i.flash_operation_wait_for) for flash_operation_wait_for
    at32f421_flash.o(i.flash_user_system_data_erase) refers to at32f421_flash.o(i.flash_fap_status_get) for flash_fap_status_get
    at32f421_flash.o(i.flash_user_system_data_erase) refers to at32f421_flash.o(i.flash_operation_wait_for) for flash_operation_wait_for
    at32f421_flash.o(i.flash_user_system_data_program) refers to at32f421_flash.o(i.flash_operation_wait_for) for flash_operation_wait_for
    at32f421_flash.o(i.flash_word_program) refers to at32f421_flash.o(i.flash_operation_wait_for) for flash_operation_wait_for
    system_at32f421.o(i.system_core_clock_update) refers to at32f421_crm.o(i.crm_sysclk_switch_status_get) for crm_sysclk_switch_status_get
    system_at32f421.o(i.system_core_clock_update) refers to uldiv.o(.text) for __aeabi_uldivmod
    system_at32f421.o(i.system_core_clock_update) refers to system_at32f421.o(.data) for system_core_clock
    system_at32f421.o(i.system_core_clock_update) refers to system_at32f421.o(.constdata) for sys_ahb_div_table
    startup_at32f421.o(RESET) refers to startup_at32f421.o(STACK) for __initial_sp
    startup_at32f421.o(RESET) refers to startup_at32f421.o(.text) for Reset_Handler
    startup_at32f421.o(RESET) refers to at32f421_int.o(i.NMI_Handler) for NMI_Handler
    startup_at32f421.o(RESET) refers to at32f421_int.o(i.HardFault_Handler) for HardFault_Handler
    startup_at32f421.o(RESET) refers to at32f421_int.o(i.MemManage_Handler) for MemManage_Handler
    startup_at32f421.o(RESET) refers to at32f421_int.o(i.BusFault_Handler) for BusFault_Handler
    startup_at32f421.o(RESET) refers to at32f421_int.o(i.UsageFault_Handler) for UsageFault_Handler
    startup_at32f421.o(RESET) refers to at32f421_int.o(i.SVC_Handler) for SVC_Handler
    startup_at32f421.o(RESET) refers to at32f421_int.o(i.DebugMon_Handler) for DebugMon_Handler
    startup_at32f421.o(RESET) refers to at32f421_int.o(i.PendSV_Handler) for PendSV_Handler
    startup_at32f421.o(RESET) refers to at32f421_int.o(i.SysTick_Handler) for SysTick_Handler
    startup_at32f421.o(RESET) refers to at32f421_int.o(i.TMR3_GLOBAL_IRQHandler) for TMR3_GLOBAL_IRQHandler
    startup_at32f421.o(RESET) refers to at32f421_int.o(i.USART1_IRQHandler) for USART1_IRQHandler
    startup_at32f421.o(.text) refers to system_at32f421.o(i.SystemInit) for SystemInit
    startup_at32f421.o(.text) refers to entry.o(.ARM.Collect$$$$00000000) for __main
    tmt.o(i.tmt_create) refers to tmt.o(.bss) for object
    tmt.o(i.tmt_delete) refers to at32f421_tmr.o(i.tmr_interrupt_enable) for tmr_interrupt_enable
    tmt.o(i.tmt_delete) refers to tmt.o(.bss) for object
    tmt.o(i.tmt_init) refers to memcpya.o(.text) for __aeabi_memcpy4
    tmt.o(i.tmt_init) refers to tmt.o(i.tmt_run) for tmt_run
    tmt.o(i.tmt_init) refers to tmt.o(.bss) for object
    tmt.o(i.tmt_init) refers to tmt.o(i.tmt_update_tick) for tmt_update_tick
    tmt.o(i.tmt_init) refers to tmt.o(i.tmt_create) for tmt_create
    tmt.o(i.tmt_init) refers to tmt.o(i.tmt_delete) for tmt_delete
    tmt.o(i.tmt_init) refers to tmt.o(i.tmt_time_ctrl) for tmt_time_ctrl
    tmt.o(i.tmt_init) refers to tmt.o(i.tmt_run_ctrl) for tmt_run_ctrl
    tmt.o(i.tmt_run) refers to tmt.o(.bss) for object
    tmt.o(i.tmt_run_ctrl) refers to tmt.o(.bss) for object
    tmt.o(i.tmt_time_ctrl) refers to tmt.o(.bss) for object
    tmt.o(i.tmt_update_tick) refers to tmt.o(.bss) for object
    entry.o(.ARM.Collect$$$$00000000) refers (Special) to entry10a.o(.ARM.Collect$$$$0000000D) for __rt_final_cpp
    entry.o(.ARM.Collect$$$$00000000) refers (Special) to entry11a.o(.ARM.Collect$$$$0000000F) for __rt_final_exit
    entry.o(.ARM.Collect$$$$00000000) refers (Special) to entry7b.o(.ARM.Collect$$$$00000008) for _main_clock
    entry.o(.ARM.Collect$$$$00000000) refers (Special) to entry8b.o(.ARM.Collect$$$$0000000A) for _main_cpp_init
    entry.o(.ARM.Collect$$$$00000000) refers (Special) to entry9a.o(.ARM.Collect$$$$0000000B) for _main_init
    entry.o(.ARM.Collect$$$$00000000) refers (Special) to entry5.o(.ARM.Collect$$$$00000004) for _main_scatterload
    entry.o(.ARM.Collect$$$$00000000) refers (Special) to entry2.o(.ARM.Collect$$$$00000001) for _main_stk
    uldiv.o(.text) refers to llushr.o(.text) for __aeabi_llsr
    uldiv.o(.text) refers to llshl.o(.text) for __aeabi_llsl
    entry2.o(.ARM.Collect$$$$00000001) refers to entry2.o(.ARM.Collect$$$$00002712) for __lit__00000000
    entry2.o(.ARM.Collect$$$$00002712) refers to startup_at32f421.o(STACK) for __initial_sp
    entry2.o(__vectab_stack_and_reset_area) refers to startup_at32f421.o(STACK) for __initial_sp
    entry2.o(__vectab_stack_and_reset_area) refers to entry.o(.ARM.Collect$$$$00000000) for __main
    entry5.o(.ARM.Collect$$$$00000004) refers to init.o(.text) for __scatterload
    entry9a.o(.ARM.Collect$$$$0000000B) refers to main.o(i.main) for main
    entry9b.o(.ARM.Collect$$$$0000000C) refers to main.o(i.main) for main
    init.o(.text) refers to entry5.o(.ARM.Collect$$$$00000004) for __main_after_scatterload


==============================================================================

Removing Unused input sections from the image.

    Removing at32f421_int.o(.rev16_text), (4 bytes).
    Removing at32f421_int.o(.revsh_text), (4 bytes).
    Removing at32f421_int.o(.rrx_text), (6 bytes).
    Removing at32f421_wk_config.o(.rev16_text), (4 bytes).
    Removing at32f421_wk_config.o(.revsh_text), (4 bytes).
    Removing at32f421_wk_config.o(.rrx_text), (6 bytes).
    Removing main.o(.rev16_text), (4 bytes).
    Removing main.o(.revsh_text), (4 bytes).
    Removing main.o(.rrx_text), (6 bytes).
    Removing wk_tmr.o(.rev16_text), (4 bytes).
    Removing wk_tmr.o(.revsh_text), (4 bytes).
    Removing wk_tmr.o(.rrx_text), (6 bytes).
    Removing wk_usart.o(.rev16_text), (4 bytes).
    Removing wk_usart.o(.revsh_text), (4 bytes).
    Removing wk_usart.o(.rrx_text), (6 bytes).
    Removing flash.o(.rev16_text), (4 bytes).
    Removing flash.o(.revsh_text), (4 bytes).
    Removing flash.o(.rrx_text), (6 bytes).
    Removing iap.o(.rev16_text), (4 bytes).
    Removing iap.o(.revsh_text), (4 bytes).
    Removing iap.o(.rrx_text), (6 bytes).
    Removing at32f421_crm.o(.rev16_text), (4 bytes).
    Removing at32f421_crm.o(.revsh_text), (4 bytes).
    Removing at32f421_crm.o(.rrx_text), (6 bytes).
    Removing at32f421_crm.o(i.crm_adc_clock_div_set), (32 bytes).
    Removing at32f421_crm.o(i.crm_battery_powered_domain_reset), (20 bytes).
    Removing at32f421_crm.o(i.crm_clkout_div_set), (20 bytes).
    Removing at32f421_crm.o(i.crm_clock_failure_detection_enable), (20 bytes).
    Removing at32f421_crm.o(i.crm_clock_out_set), (32 bytes).
    Removing at32f421_crm.o(i.crm_ertc_clock_enable), (20 bytes).
    Removing at32f421_crm.o(i.crm_ertc_clock_select), (20 bytes).
    Removing at32f421_crm.o(i.crm_flag_clear), (212 bytes).
    Removing at32f421_crm.o(i.crm_hext_bypass), (20 bytes).
    Removing at32f421_crm.o(i.crm_hext_stable_wait), (46 bytes).
    Removing at32f421_crm.o(i.crm_hick_clock_calibration_set), (40 bytes).
    Removing at32f421_crm.o(i.crm_hick_clock_trimming_set), (20 bytes).
    Removing at32f421_crm.o(i.crm_hick_divider_select), (20 bytes).
    Removing at32f421_crm.o(i.crm_hick_sclk_frequency_select), (28 bytes).
    Removing at32f421_crm.o(i.crm_interrupt_enable), (32 bytes).
    Removing at32f421_crm.o(i.crm_interrupt_flag_get), (176 bytes).
    Removing at32f421_crm.o(i.crm_lext_bypass), (20 bytes).
    Removing at32f421_crm.o(i.crm_periph_reset), (68 bytes).
    Removing at32f421_crm.o(i.crm_periph_sleep_mode_clock_enable), (68 bytes).
    Removing at32f421_crm.o(i.crm_pll_config2), (132 bytes).
    Removing at32f421_tmr.o(.rev16_text), (4 bytes).
    Removing at32f421_tmr.o(.revsh_text), (4 bytes).
    Removing at32f421_tmr.o(.rrx_text), (6 bytes).
    Removing at32f421_tmr.o(i.tmr_brkdt_config), (72 bytes).
    Removing at32f421_tmr.o(i.tmr_brkdt_default_para_init), (18 bytes).
    Removing at32f421_tmr.o(i.tmr_channel1_input_select), (10 bytes).
    Removing at32f421_tmr.o(i.tmr_channel_buffer_enable), (10 bytes).
    Removing at32f421_tmr.o(i.tmr_channel_dma_select), (10 bytes).
    Removing at32f421_tmr.o(i.tmr_channel_enable), (96 bytes).
    Removing at32f421_tmr.o(i.tmr_channel_value_get), (46 bytes).
    Removing at32f421_tmr.o(i.tmr_channel_value_set), (40 bytes).
    Removing at32f421_tmr.o(i.tmr_counter_value_get), (6 bytes).
    Removing at32f421_tmr.o(i.tmr_counter_value_set), (4 bytes).
    Removing at32f421_tmr.o(i.tmr_div_value_get), (6 bytes).
    Removing at32f421_tmr.o(i.tmr_div_value_set), (4 bytes).
    Removing at32f421_tmr.o(i.tmr_dma_control_config), (18 bytes).
    Removing at32f421_tmr.o(i.tmr_dma_request_enable), (22 bytes).
    Removing at32f421_tmr.o(i.tmr_encoder_mode_config), (70 bytes).
    Removing at32f421_tmr.o(i.tmr_event_sw_trigger), (8 bytes).
    Removing at32f421_tmr.o(i.tmr_external_clock_config), (28 bytes).
    Removing at32f421_tmr.o(i.tmr_external_clock_mode1_config), (44 bytes).
    Removing at32f421_tmr.o(i.tmr_external_clock_mode2_config), (36 bytes).
    Removing at32f421_tmr.o(i.tmr_flag_get), (18 bytes).
    Removing at32f421_tmr.o(i.tmr_force_output_set), (66 bytes).
    Removing at32f421_tmr.o(i.tmr_hall_select), (10 bytes).
    Removing at32f421_tmr.o(i.tmr_input_channel_divider_set), (66 bytes).
    Removing at32f421_tmr.o(i.tmr_input_channel_filter_set), (66 bytes).
    Removing at32f421_tmr.o(i.tmr_input_channel_init), (304 bytes).
    Removing at32f421_tmr.o(i.tmr_input_default_para_init), (16 bytes).
    Removing at32f421_tmr.o(i.tmr_internal_clock_set), (10 bytes).
    Removing at32f421_tmr.o(i.tmr_interrupt_enable), (22 bytes).
    Removing at32f421_tmr.o(i.tmr_iremap_config), (10 bytes).
    Removing at32f421_tmr.o(i.tmr_one_cycle_mode_enable), (10 bytes).
    Removing at32f421_tmr.o(i.tmr_output_channel_buffer_enable), (66 bytes).
    Removing at32f421_tmr.o(i.tmr_output_channel_config), (416 bytes).
    Removing at32f421_tmr.o(i.tmr_output_channel_immediately_set), (66 bytes).
    Removing at32f421_tmr.o(i.tmr_output_channel_mode_select), (66 bytes).
    Removing at32f421_tmr.o(i.tmr_output_channel_polarity_set), (96 bytes).
    Removing at32f421_tmr.o(i.tmr_output_channel_switch_select), (10 bytes).
    Removing at32f421_tmr.o(i.tmr_output_channel_switch_set), (66 bytes).
    Removing at32f421_tmr.o(i.tmr_output_default_para_init), (18 bytes).
    Removing at32f421_tmr.o(i.tmr_output_enable), (10 bytes).
    Removing at32f421_tmr.o(i.tmr_overflow_event_disable), (10 bytes).
    Removing at32f421_tmr.o(i.tmr_overflow_request_source_set), (10 bytes).
    Removing at32f421_tmr.o(i.tmr_period_value_get), (6 bytes).
    Removing at32f421_tmr.o(i.tmr_period_value_set), (4 bytes).
    Removing at32f421_tmr.o(i.tmr_pwm_input_config), (350 bytes).
    Removing at32f421_tmr.o(i.tmr_repetition_counter_set), (10 bytes).
    Removing at32f421_tmr.o(i.tmr_reset), (216 bytes).
    Removing at32f421_tmr.o(i.tmr_sub_mode_select), (10 bytes).
    Removing at32f421_tmr.o(i.tmr_trigger_input_select), (10 bytes).
    Removing at32f421_gpio.o(.rev16_text), (4 bytes).
    Removing at32f421_gpio.o(.revsh_text), (4 bytes).
    Removing at32f421_gpio.o(.rrx_text), (6 bytes).
    Removing at32f421_gpio.o(i.gpio_bits_reset), (4 bytes).
    Removing at32f421_gpio.o(i.gpio_bits_set), (4 bytes).
    Removing at32f421_gpio.o(i.gpio_bits_write), (10 bytes).
    Removing at32f421_gpio.o(i.gpio_input_data_bit_read), (18 bytes).
    Removing at32f421_gpio.o(i.gpio_input_data_read), (8 bytes).
    Removing at32f421_gpio.o(i.gpio_output_data_bit_read), (18 bytes).
    Removing at32f421_gpio.o(i.gpio_output_data_read), (8 bytes).
    Removing at32f421_gpio.o(i.gpio_pin_wp_config), (18 bytes).
    Removing at32f421_gpio.o(i.gpio_pins_huge_driven_config), (18 bytes).
    Removing at32f421_gpio.o(i.gpio_port_write), (4 bytes).
    Removing at32f421_gpio.o(i.gpio_reset), (128 bytes).
    Removing at32f421_usart.o(.rev16_text), (4 bytes).
    Removing at32f421_usart.o(.revsh_text), (4 bytes).
    Removing at32f421_usart.o(.rrx_text), (6 bytes).
    Removing at32f421_usart.o(i.usart_break_bit_num_set), (10 bytes).
    Removing at32f421_usart.o(i.usart_break_send), (12 bytes).
    Removing at32f421_usart.o(i.usart_clock_config), (28 bytes).
    Removing at32f421_usart.o(i.usart_clock_enable), (10 bytes).
    Removing at32f421_usart.o(i.usart_dma_receiver_enable), (10 bytes).
    Removing at32f421_usart.o(i.usart_dma_transmitter_enable), (10 bytes).
    Removing at32f421_usart.o(i.usart_flag_clear), (18 bytes).
    Removing at32f421_usart.o(i.usart_irda_low_power_enable), (10 bytes).
    Removing at32f421_usart.o(i.usart_irda_mode_enable), (10 bytes).
    Removing at32f421_usart.o(i.usart_irda_smartcard_division_set), (10 bytes).
    Removing at32f421_usart.o(i.usart_lin_mode_enable), (10 bytes).
    Removing at32f421_usart.o(i.usart_receiver_mute_enable), (10 bytes).
    Removing at32f421_usart.o(i.usart_reset), (64 bytes).
    Removing at32f421_usart.o(i.usart_single_line_halfduplex_select), (10 bytes).
    Removing at32f421_usart.o(i.usart_smartcard_guard_time_set), (10 bytes).
    Removing at32f421_usart.o(i.usart_smartcard_mode_enable), (10 bytes).
    Removing at32f421_usart.o(i.usart_smartcard_nack_set), (10 bytes).
    Removing at32f421_usart.o(i.usart_transmit_receive_pin_swap), (10 bytes).
    Removing at32f421_usart.o(i.usart_wakeup_id_set), (10 bytes).
    Removing at32f421_usart.o(i.usart_wakeup_mode_set), (10 bytes).
    Removing at32f421_pwc.o(.rev16_text), (4 bytes).
    Removing at32f421_pwc.o(.revsh_text), (4 bytes).
    Removing at32f421_pwc.o(.rrx_text), (6 bytes).
    Removing at32f421_pwc.o(i.pwc_battery_powered_domain_access), (20 bytes).
    Removing at32f421_pwc.o(i.pwc_deep_sleep_mode_enter), (48 bytes).
    Removing at32f421_pwc.o(i.pwc_flag_clear), (48 bytes).
    Removing at32f421_pwc.o(i.pwc_flag_get), (24 bytes).
    Removing at32f421_pwc.o(i.pwc_power_voltage_monitor_enable), (20 bytes).
    Removing at32f421_pwc.o(i.pwc_pvm_level_select), (20 bytes).
    Removing at32f421_pwc.o(i.pwc_reset), (24 bytes).
    Removing at32f421_pwc.o(i.pwc_sleep_mode_enter), (36 bytes).
    Removing at32f421_pwc.o(i.pwc_standby_mode_enter), (56 bytes).
    Removing at32f421_pwc.o(i.pwc_voltage_regulate_set), (48 bytes).
    Removing at32f421_pwc.o(i.pwc_wakeup_pin_enable), (32 bytes).
    Removing at32f421_debug.o(.rev16_text), (4 bytes).
    Removing at32f421_debug.o(.revsh_text), (4 bytes).
    Removing at32f421_debug.o(.rrx_text), (6 bytes).
    Removing at32f421_debug.o(i.debug_device_id_get), (12 bytes).
    Removing at32f421_debug.o(i.debug_periph_mode_set), (32 bytes).
    Removing at32f421_flash.o(.rev16_text), (4 bytes).
    Removing at32f421_flash.o(.revsh_text), (4 bytes).
    Removing at32f421_flash.o(.rrx_text), (6 bytes).
    Removing at32f421_flash.o(i.flash_boot_memory_extension_mode_enable), (64 bytes).
    Removing at32f421_flash.o(i.flash_byte_program), (56 bytes).
    Removing at32f421_flash.o(i.flash_crc_calibrate), (40 bytes).
    Removing at32f421_flash.o(i.flash_em_slib_inststart_sector_get), (16 bytes).
    Removing at32f421_flash.o(i.flash_epp_set), (220 bytes).
    Removing at32f421_flash.o(i.flash_epp_status_get), (12 bytes).
    Removing at32f421_flash.o(i.flash_extension_memory_slib_enable), (88 bytes).
    Removing at32f421_flash.o(i.flash_extension_memory_slib_state_get), (24 bytes).
    Removing at32f421_flash.o(i.flash_fap_enable), (140 bytes).
    Removing at32f421_flash.o(i.flash_fap_high_level_enable), (260 bytes).
    Removing at32f421_flash.o(i.flash_fap_high_level_status_get), (16 bytes).
    Removing at32f421_flash.o(i.flash_fap_status_get), (16 bytes).
    Removing at32f421_flash.o(i.flash_flag_clear), (12 bytes).
    Removing at32f421_flash.o(i.flash_flag_get), (56 bytes).
    Removing at32f421_flash.o(i.flash_internal_all_erase), (60 bytes).
    Removing at32f421_flash.o(i.flash_interrupt_enable), (44 bytes).
    Removing at32f421_flash.o(i.flash_low_power_mode_enable), (20 bytes).
    Removing at32f421_flash.o(i.flash_slib_disable), (52 bytes).
    Removing at32f421_flash.o(i.flash_slib_enable), (148 bytes).
    Removing at32f421_flash.o(i.flash_slib_end_sector_get), (12 bytes).
    Removing at32f421_flash.o(i.flash_slib_inststart_sector_get), (16 bytes).
    Removing at32f421_flash.o(i.flash_slib_start_sector_get), (16 bytes).
    Removing at32f421_flash.o(i.flash_slib_state_get), (24 bytes).
    Removing at32f421_flash.o(i.flash_ssb_set), (92 bytes).
    Removing at32f421_flash.o(i.flash_ssb_status_get), (16 bytes).
    Removing at32f421_flash.o(i.flash_user_system_data_erase), (152 bytes).
    Removing at32f421_flash.o(i.flash_user_system_data_program), (88 bytes).
    Removing at32f421_flash.o(i.flash_word_program), (56 bytes).
    Removing at32f421_flash.o(.constdata), (8 bytes).
    Removing at32f421_misc.o(.rev16_text), (4 bytes).
    Removing at32f421_misc.o(.revsh_text), (4 bytes).
    Removing at32f421_misc.o(.rrx_text), (6 bytes).
    Removing at32f421_misc.o(i.nvic_lowpower_mode_config), (32 bytes).
    Removing at32f421_misc.o(i.nvic_system_reset), (44 bytes).
    Removing at32f421_misc.o(i.nvic_vector_table_set), (20 bytes).
    Removing at32f421_misc.o(i.systick_clock_source_config), (40 bytes).
    Removing system_at32f421.o(.rev16_text), (4 bytes).
    Removing system_at32f421.o(.revsh_text), (4 bytes).
    Removing system_at32f421.o(.rrx_text), (6 bytes).
    Removing startup_at32f421.o(HEAP), (512 bytes).
    Removing tmt.o(.rev16_text), (4 bytes).
    Removing tmt.o(.revsh_text), (4 bytes).
    Removing tmt.o(.rrx_text), (6 bytes).
    Removing tmt.o(i.tmt_create), (124 bytes).
    Removing tmt.o(i.tmt_delete), (236 bytes).
    Removing tmt.o(i.tmt_init), (80 bytes).
    Removing tmt.o(i.tmt_run), (108 bytes).
    Removing tmt.o(i.tmt_run_ctrl), (64 bytes).
    Removing tmt.o(i.tmt_time_ctrl), (76 bytes).
    Removing tmt.o(i.tmt_update_tick), (72 bytes).
    Removing tmt.o(.bss), (148 bytes).

205 unused section(s) (total 8190 bytes) removed from the image.

==============================================================================

Image Symbol Table

    Local Symbols

    Symbol Name                              Value     Ov Type        Size  Object(Section)

    ../clib/microlib/division.c              0x00000000   Number         0  uldiv.o ABSOLUTE
    ../clib/microlib/init/entry.s            0x00000000   Number         0  entry9a.o ABSOLUTE
    ../clib/microlib/init/entry.s            0x00000000   Number         0  entry11b.o ABSOLUTE
    ../clib/microlib/init/entry.s            0x00000000   Number         0  entry.o ABSOLUTE
    ../clib/microlib/init/entry.s            0x00000000   Number         0  entry8b.o ABSOLUTE
    ../clib/microlib/init/entry.s            0x00000000   Number         0  entry9b.o ABSOLUTE
    ../clib/microlib/init/entry.s            0x00000000   Number         0  entry10b.o ABSOLUTE
    ../clib/microlib/init/entry.s            0x00000000   Number         0  entry7b.o ABSOLUTE
    ../clib/microlib/init/entry.s            0x00000000   Number         0  entry10a.o ABSOLUTE
    ../clib/microlib/init/entry.s            0x00000000   Number         0  entry2.o ABSOLUTE
    ../clib/microlib/init/entry.s            0x00000000   Number         0  entry11a.o ABSOLUTE
    ../clib/microlib/init/entry.s            0x00000000   Number         0  entry5.o ABSOLUTE
    ../clib/microlib/init/entry.s            0x00000000   Number         0  entry8a.o ABSOLUTE
    ../clib/microlib/init/entry.s            0x00000000   Number         0  entry7a.o ABSOLUTE
    ../clib/microlib/longlong.c              0x00000000   Number         0  llshl.o ABSOLUTE
    ../clib/microlib/longlong.c              0x00000000   Number         0  llushr.o ABSOLUTE
    ../clib/microlib/string/memcpy.c         0x00000000   Number         0  memcpya.o ABSOLUTE
    ../clib/microlib/string/memcpy.c         0x00000000   Number         0  memcpyb.o ABSOLUTE
    ..\..\libraries\cmsis\cm4\device_support\system_at32f421.c 0x00000000   Number         0  system_at32f421.o ABSOLUTE
    ..\..\libraries\drivers\src\at32f421_crm.c 0x00000000   Number         0  at32f421_crm.o ABSOLUTE
    ..\..\libraries\drivers\src\at32f421_debug.c 0x00000000   Number         0  at32f421_debug.o ABSOLUTE
    ..\..\libraries\drivers\src\at32f421_flash.c 0x00000000   Number         0  at32f421_flash.o ABSOLUTE
    ..\..\libraries\drivers\src\at32f421_gpio.c 0x00000000   Number         0  at32f421_gpio.o ABSOLUTE
    ..\..\libraries\drivers\src\at32f421_misc.c 0x00000000   Number         0  at32f421_misc.o ABSOLUTE
    ..\..\libraries\drivers\src\at32f421_pwc.c 0x00000000   Number         0  at32f421_pwc.o ABSOLUTE
    ..\..\libraries\drivers\src\at32f421_tmr.c 0x00000000   Number         0  at32f421_tmr.o ABSOLUTE
    ..\..\libraries\drivers\src\at32f421_usart.c 0x00000000   Number         0  at32f421_usart.o ABSOLUTE
    ..\\..\\libraries\\cmsis\\cm4\\device_support\\system_at32f421.c 0x00000000   Number         0  system_at32f421.o ABSOLUTE
    ..\\..\\libraries\\drivers\\src\\at32f421_crm.c 0x00000000   Number         0  at32f421_crm.o ABSOLUTE
    ..\\..\\libraries\\drivers\\src\\at32f421_debug.c 0x00000000   Number         0  at32f421_debug.o ABSOLUTE
    ..\\..\\libraries\\drivers\\src\\at32f421_flash.c 0x00000000   Number         0  at32f421_flash.o ABSOLUTE
    ..\\..\\libraries\\drivers\\src\\at32f421_gpio.c 0x00000000   Number         0  at32f421_gpio.o ABSOLUTE
    ..\\..\\libraries\\drivers\\src\\at32f421_misc.c 0x00000000   Number         0  at32f421_misc.o ABSOLUTE
    ..\\..\\libraries\\drivers\\src\\at32f421_pwc.c 0x00000000   Number         0  at32f421_pwc.o ABSOLUTE
    ..\\..\\libraries\\drivers\\src\\at32f421_tmr.c 0x00000000   Number         0  at32f421_tmr.o ABSOLUTE
    ..\\..\\libraries\\drivers\\src\\at32f421_usart.c 0x00000000   Number         0  at32f421_usart.o ABSOLUTE
    ..\\src\\at32f421_int.c                  0x00000000   Number         0  at32f421_int.o ABSOLUTE
    ..\\src\\at32f421_wk_config.c            0x00000000   Number         0  at32f421_wk_config.o ABSOLUTE
    ..\\src\\flash.c                         0x00000000   Number         0  flash.o ABSOLUTE
    ..\\src\\iap.c                           0x00000000   Number         0  iap.o ABSOLUTE
    ..\\src\\main.c                          0x00000000   Number         0  main.o ABSOLUTE
    ..\\src\\wk_tmr.c                        0x00000000   Number         0  wk_tmr.o ABSOLUTE
    ..\\src\\wk_usart.c                      0x00000000   Number         0  wk_usart.o ABSOLUTE
    ..\\system\\tmt.c                        0x00000000   Number         0  tmt.o ABSOLUTE
    ..\src\at32f421_int.c                    0x00000000   Number         0  at32f421_int.o ABSOLUTE
    ..\src\at32f421_wk_config.c              0x00000000   Number         0  at32f421_wk_config.o ABSOLUTE
    ..\src\flash.c                           0x00000000   Number         0  flash.o ABSOLUTE
    ..\src\iap.c                             0x00000000   Number         0  iap.o ABSOLUTE
    ..\src\main.c                            0x00000000   Number         0  main.o ABSOLUTE
    ..\src\wk_tmr.c                          0x00000000   Number         0  wk_tmr.o ABSOLUTE
    ..\src\wk_usart.c                        0x00000000   Number         0  wk_usart.o ABSOLUTE
    ..\system\tmt.c                          0x00000000   Number         0  tmt.o ABSOLUTE
    dc.s                                     0x00000000   Number         0  dc.o ABSOLUTE
    handlers.s                               0x00000000   Number         0  handlers.o ABSOLUTE
    init.s                                   0x00000000   Number         0  init.o ABSOLUTE
    startup_at32f421.s                       0x00000000   Number         0  startup_at32f421.o ABSOLUTE
    RESET                                    0x08000000   Section      204  startup_at32f421.o(RESET)
    .ARM.Collect$$$$00000000                 0x080000cc   Section        0  entry.o(.ARM.Collect$$$$00000000)
    .ARM.Collect$$$$00000001                 0x080000cc   Section        4  entry2.o(.ARM.Collect$$$$00000001)
    .ARM.Collect$$$$00000004                 0x080000d0   Section        4  entry5.o(.ARM.Collect$$$$00000004)
    .ARM.Collect$$$$00000008                 0x080000d4   Section        0  entry7b.o(.ARM.Collect$$$$00000008)
    .ARM.Collect$$$$0000000A                 0x080000d4   Section        0  entry8b.o(.ARM.Collect$$$$0000000A)
    .ARM.Collect$$$$0000000B                 0x080000d4   Section        8  entry9a.o(.ARM.Collect$$$$0000000B)
    .ARM.Collect$$$$0000000D                 0x080000dc   Section        0  entry10a.o(.ARM.Collect$$$$0000000D)
    .ARM.Collect$$$$0000000F                 0x080000dc   Section        0  entry11a.o(.ARM.Collect$$$$0000000F)
    .ARM.Collect$$$$00002712                 0x080000dc   Section        4  entry2.o(.ARM.Collect$$$$00002712)
    __lit__00000000                          0x080000dc   Data           4  entry2.o(.ARM.Collect$$$$00002712)
    .text                                    0x080000e0   Section       36  startup_at32f421.o(.text)
    .text                                    0x08000104   Section        0  uldiv.o(.text)
    .text                                    0x08000166   Section        0  llshl.o(.text)
    .text                                    0x08000184   Section        0  llushr.o(.text)
    .text                                    0x080001a4   Section       36  init.o(.text)
    i.BusFault_Handler                       0x080001c8   Section        0  at32f421_int.o(i.BusFault_Handler)
    i.DebugMon_Handler                       0x080001cc   Section        0  at32f421_int.o(i.DebugMon_Handler)
    i.HardFault_Handler                      0x080001ce   Section        0  at32f421_int.o(i.HardFault_Handler)
    i.MemManage_Handler                      0x080001d2   Section        0  at32f421_int.o(i.MemManage_Handler)
    i.NMI_Handler                            0x080001d6   Section        0  at32f421_int.o(i.NMI_Handler)
    i.NVIC_EncodePriority                    0x080001d8   Section        0  at32f421_wk_config.o(i.NVIC_EncodePriority)
    NVIC_EncodePriority                      0x080001d9   Thumb Code    64  at32f421_wk_config.o(i.NVIC_EncodePriority)
    i.PendSV_Handler                         0x08000218   Section        0  at32f421_int.o(i.PendSV_Handler)
    i.SVC_Handler                            0x0800021a   Section        0  at32f421_int.o(i.SVC_Handler)
    i.SysTick_Handler                        0x0800021c   Section        0  at32f421_int.o(i.SysTick_Handler)
    i.SystemInit                             0x08000220   Section        0  system_at32f421.o(i.SystemInit)
    i.TMR3_GLOBAL_IRQHandler                 0x0800028c   Section        0  at32f421_int.o(i.TMR3_GLOBAL_IRQHandler)
    i.USART1_IRQHandler                      0x080002d8   Section        0  at32f421_int.o(i.USART1_IRQHandler)
    i.UsageFault_Handler                     0x08000358   Section        0  at32f421_int.o(i.UsageFault_Handler)
    i.__NVIC_ClearPendingIRQ                 0x0800035c   Section        0  iap.o(i.__NVIC_ClearPendingIRQ)
    __NVIC_ClearPendingIRQ                   0x0800035d   Thumb Code    22  iap.o(i.__NVIC_ClearPendingIRQ)
    i.__NVIC_GetPriorityGrouping             0x08000378   Section        0  at32f421_wk_config.o(i.__NVIC_GetPriorityGrouping)
    __NVIC_GetPriorityGrouping               0x08000379   Thumb Code    10  at32f421_wk_config.o(i.__NVIC_GetPriorityGrouping)
    i.__NVIC_SetPriority                     0x08000388   Section        0  at32f421_wk_config.o(i.__NVIC_SetPriority)
    __NVIC_SetPriority                       0x08000389   Thumb Code    32  at32f421_wk_config.o(i.__NVIC_SetPriority)
    i.__scatterload_copy                     0x080003b0   Section       14  handlers.o(i.__scatterload_copy)
    i.__scatterload_null                     0x080003be   Section        2  handlers.o(i.__scatterload_null)
    i.__scatterload_zeroinit                 0x080003c0   Section       14  handlers.o(i.__scatterload_zeroinit)
    i.app_load                               0x080003d0   Section        0  iap.o(i.app_load)
    i.app_update_handle                      0x08000438   Section        0  iap.o(i.app_update_handle)
    i.back_err                               0x0800057c   Section        0  iap.o(i.back_err)
    i.back_ok                                0x080005ec   Section        0  iap.o(i.back_ok)
    i.command_handle                         0x08000620   Section        0  iap.o(i.command_handle)
    i.crm_ahb_div_set                        0x080007a8   Section        0  at32f421_crm.o(i.crm_ahb_div_set)
    i.crm_apb1_div_set                       0x080007bc   Section        0  at32f421_crm.o(i.crm_apb1_div_set)
    i.crm_apb2_div_set                       0x080007d0   Section        0  at32f421_crm.o(i.crm_apb2_div_set)
    i.crm_auto_step_mode_enable              0x080007e4   Section        0  at32f421_crm.o(i.crm_auto_step_mode_enable)
    i.crm_clock_source_enable                0x0800080c   Section        0  at32f421_crm.o(i.crm_clock_source_enable)
    i.crm_clocks_freq_get                    0x0800086c   Section        0  at32f421_crm.o(i.crm_clocks_freq_get)
    i.crm_flag_get                           0x08000a18   Section        0  at32f421_crm.o(i.crm_flag_get)
    i.crm_periph_clock_enable                0x08000a48   Section        0  at32f421_crm.o(i.crm_periph_clock_enable)
    i.crm_pll_config                         0x08000a8c   Section        0  at32f421_crm.o(i.crm_pll_config)
    i.crm_reset                              0x08000ba0   Section        0  at32f421_crm.o(i.crm_reset)
    i.crm_sysclk_switch                      0x08000c04   Section        0  at32f421_crm.o(i.crm_sysclk_switch)
    i.crm_sysclk_switch_status_get           0x08000c40   Section        0  at32f421_crm.o(i.crm_sysclk_switch_status_get)
    i.data_take                              0x08000c50   Section        0  iap.o(i.data_take)
    i.flash_2kb_write                        0x08000cb0   Section        0  flash.o(i.flash_2kb_write)
    i.flash_halfword_program                 0x08000d04   Section        0  at32f421_flash.o(i.flash_halfword_program)
    i.flash_lock                             0x08000d3c   Section        0  at32f421_flash.o(i.flash_lock)
    i.flash_operation_status_get             0x08000d50   Section        0  at32f421_flash.o(i.flash_operation_status_get)
    i.flash_operation_wait_for               0x08000d84   Section        0  at32f421_flash.o(i.flash_operation_wait_for)
    i.flash_sector_erase                     0x08000da8   Section        0  at32f421_flash.o(i.flash_sector_erase)
    i.flash_unlock                           0x08000de8   Section        0  at32f421_flash.o(i.flash_unlock)
    i.flash_upgrade_flag_read                0x08000e00   Section        0  flash.o(i.flash_upgrade_flag_read)
    i.gpio_default_para_init                 0x08000e1c   Section        0  at32f421_gpio.o(i.gpio_default_para_init)
    i.gpio_init                              0x08000e30   Section        0  at32f421_gpio.o(i.gpio_init)
    i.gpio_pin_mux_config                    0x08000eaa   Section        0  at32f421_gpio.o(i.gpio_pin_mux_config)
    i.iap_upgrade_app_handle                 0x08000eec   Section        0  iap.o(i.iap_upgrade_app_handle)
    i.main                                   0x08000ef8   Section        0  main.o(i.main)
    i.nvic_irq_disable                       0x08000f3c   Section        0  at32f421_misc.o(i.nvic_irq_disable)
    i.nvic_irq_enable                        0x08000f68   Section        0  at32f421_misc.o(i.nvic_irq_enable)
    i.nvic_priority_group_config             0x08001030   Section        0  at32f421_misc.o(i.nvic_priority_group_config)
    i.system_core_clock_update               0x08001058   Section        0  system_at32f421.o(i.system_core_clock_update)
    i.tmr_base_init                          0x080011ac   Section        0  at32f421_tmr.o(i.tmr_base_init)
    i.tmr_clock_source_div_set               0x080011bc   Section        0  at32f421_tmr.o(i.tmr_clock_source_div_set)
    i.tmr_cnt_dir_set                        0x080011c6   Section        0  at32f421_tmr.o(i.tmr_cnt_dir_set)
    i.tmr_counter_enable                     0x080011d0   Section        0  at32f421_tmr.o(i.tmr_counter_enable)
    i.tmr_flag_clear                         0x080011da   Section        0  at32f421_tmr.o(i.tmr_flag_clear)
    i.tmr_interrupt_flag_get                 0x080011e0   Section        0  at32f421_tmr.o(i.tmr_interrupt_flag_get)
    i.tmr_period_buffer_enable               0x080011f8   Section        0  at32f421_tmr.o(i.tmr_period_buffer_enable)
    i.tmr_primary_mode_select                0x08001202   Section        0  at32f421_tmr.o(i.tmr_primary_mode_select)
    i.tmr_sub_sync_mode_set                  0x0800120c   Section        0  at32f421_tmr.o(i.tmr_sub_sync_mode_set)
    i.usart_data_receive                     0x08001216   Section        0  at32f421_usart.o(i.usart_data_receive)
    i.usart_data_transmit                    0x0800121e   Section        0  at32f421_usart.o(i.usart_data_transmit)
    i.usart_enable                           0x08001226   Section        0  at32f421_usart.o(i.usart_enable)
    i.usart_flag_get                         0x08001230   Section        0  at32f421_usart.o(i.usart_flag_get)
    i.usart_hardware_flow_control_set        0x08001240   Section        0  at32f421_usart.o(i.usart_hardware_flow_control_set)
    i.usart_init                             0x080012a8   Section        0  at32f421_usart.o(i.usart_init)
    i.usart_interrupt_enable                 0x08001314   Section        0  at32f421_usart.o(i.usart_interrupt_enable)
    i.usart_interrupt_flag_get               0x0800134a   Section        0  at32f421_usart.o(i.usart_interrupt_flag_get)
    i.usart_parity_selection_config          0x080013fa   Section        0  at32f421_usart.o(i.usart_parity_selection_config)
    i.usart_receiver_enable                  0x08001446   Section        0  at32f421_usart.o(i.usart_receiver_enable)
    i.usart_transmitter_enable               0x08001450   Section        0  at32f421_usart.o(i.usart_transmitter_enable)
    i.wk_nvic_config                         0x0800145a   Section        0  at32f421_wk_config.o(i.wk_nvic_config)
    i.wk_periph_clock_config                 0x08001530   Section        0  at32f421_wk_config.o(i.wk_periph_clock_config)
    i.wk_system_clock_config                 0x08001558   Section        0  at32f421_wk_config.o(i.wk_system_clock_config)
    i.wk_tmr3_init                           0x080015e8   Section        0  wk_tmr.o(i.wk_tmr3_init)
    i.wk_usart1_init                         0x08001630   Section        0  wk_usart.o(i.wk_usart1_init)
    .constdata                               0x080016e4   Section       40  at32f421_crm.o(.constdata)
    sclk_ahb_div_table                       0x080016e4   Data          16  at32f421_crm.o(.constdata)
    ahb_apb1_div_table                       0x080016f4   Data           8  at32f421_crm.o(.constdata)
    ahb_apb2_div_table                       0x080016fc   Data           8  at32f421_crm.o(.constdata)
    adc_div_table                            0x08001704   Data           8  at32f421_crm.o(.constdata)
    .constdata                               0x0800170c   Section       16  system_at32f421.o(.constdata)
    sys_ahb_div_table                        0x0800170c   Data          16  system_at32f421.o(.constdata)
    .data                                    0x20000000   Section        2  wk_tmr.o(.data)
    .data                                    0x20000004   Section       12  iap.o(.data)
    cmd_addr_cnt                             0x20000007   Data           1  iap.o(.data)
    cmd_data_cnt                             0x20000008   Data           4  iap.o(.data)
    .data                                    0x20000010   Section        4  system_at32f421.o(.data)
    .bss                                     0x20000014   Section     2054  wk_usart.o(.bss)
    .bss                                     0x2000081a   Section     2054  iap.o(.bss)
    STACK                                    0x20001020   Section     1024  startup_at32f421.o(STACK)

    Global Symbols

    Symbol Name                              Value     Ov Type        Size  Object(Section)

    BuildAttributes$$THM_ISAv4$E$P$D$K$B$S$7EM$PE$A:L22UL41UL21$X:L11$S22US41US21$IEEE1$IW$USESV6$~STKCKD$USESV7$~SHL$OSPACE$EBA8$MICROLIB$REQ8$PRES8$EABIv2 0x00000000   Number         0  anon$$obj.o ABSOLUTE
    __ARM_use_no_argv                        0x00000000   Number         0  main.o ABSOLUTE
    __cpp_initialize__aeabi_                  - Undefined Weak Reference
    __cxa_finalize                            - Undefined Weak Reference
    __decompress                              - Undefined Weak Reference
    _clock_init                               - Undefined Weak Reference
    _microlib_exit                            - Undefined Weak Reference
    __Vectors_Size                           0x000000cc   Number         0  startup_at32f421.o ABSOLUTE
    __Vectors                                0x08000000   Data           4  startup_at32f421.o(RESET)
    __Vectors_End                            0x080000cc   Data           0  startup_at32f421.o(RESET)
    __main                                   0x080000cd   Thumb Code     0  entry.o(.ARM.Collect$$$$00000000)
    _main_stk                                0x080000cd   Thumb Code     0  entry2.o(.ARM.Collect$$$$00000001)
    _main_scatterload                        0x080000d1   Thumb Code     0  entry5.o(.ARM.Collect$$$$00000004)
    __main_after_scatterload                 0x080000d5   Thumb Code     0  entry5.o(.ARM.Collect$$$$00000004)
    _main_clock                              0x080000d5   Thumb Code     0  entry7b.o(.ARM.Collect$$$$00000008)
    _main_cpp_init                           0x080000d5   Thumb Code     0  entry8b.o(.ARM.Collect$$$$0000000A)
    _main_init                               0x080000d5   Thumb Code     0  entry9a.o(.ARM.Collect$$$$0000000B)
    __rt_final_cpp                           0x080000dd   Thumb Code     0  entry10a.o(.ARM.Collect$$$$0000000D)
    __rt_final_exit                          0x080000dd   Thumb Code     0  entry11a.o(.ARM.Collect$$$$0000000F)
    Reset_Handler                            0x080000e1   Thumb Code     8  startup_at32f421.o(.text)
    ADC1_CMP_IRQHandler                      0x080000fb   Thumb Code     0  startup_at32f421.o(.text)
    CRM_IRQHandler                           0x080000fb   Thumb Code     0  startup_at32f421.o(.text)
    DMA1_Channel1_IRQHandler                 0x080000fb   Thumb Code     0  startup_at32f421.o(.text)
    DMA1_Channel3_2_IRQHandler               0x080000fb   Thumb Code     0  startup_at32f421.o(.text)
    DMA1_Channel5_4_IRQHandler               0x080000fb   Thumb Code     0  startup_at32f421.o(.text)
    ERTC_IRQHandler                          0x080000fb   Thumb Code     0  startup_at32f421.o(.text)
    EXINT15_4_IRQHandler                     0x080000fb   Thumb Code     0  startup_at32f421.o(.text)
    EXINT1_0_IRQHandler                      0x080000fb   Thumb Code     0  startup_at32f421.o(.text)
    EXINT3_2_IRQHandler                      0x080000fb   Thumb Code     0  startup_at32f421.o(.text)
    FLASH_IRQHandler                         0x080000fb   Thumb Code     0  startup_at32f421.o(.text)
    I2C1_ERR_IRQHandler                      0x080000fb   Thumb Code     0  startup_at32f421.o(.text)
    I2C1_EVT_IRQHandler                      0x080000fb   Thumb Code     0  startup_at32f421.o(.text)
    I2C2_ERR_IRQHandler                      0x080000fb   Thumb Code     0  startup_at32f421.o(.text)
    I2C2_EVT_IRQHandler                      0x080000fb   Thumb Code     0  startup_at32f421.o(.text)
    PVM_IRQHandler                           0x080000fb   Thumb Code     0  startup_at32f421.o(.text)
    SPI1_IRQHandler                          0x080000fb   Thumb Code     0  startup_at32f421.o(.text)
    SPI2_IRQHandler                          0x080000fb   Thumb Code     0  startup_at32f421.o(.text)
    TMR14_GLOBAL_IRQHandler                  0x080000fb   Thumb Code     0  startup_at32f421.o(.text)
    TMR15_GLOBAL_IRQHandler                  0x080000fb   Thumb Code     0  startup_at32f421.o(.text)
    TMR16_GLOBAL_IRQHandler                  0x080000fb   Thumb Code     0  startup_at32f421.o(.text)
    TMR17_GLOBAL_IRQHandler                  0x080000fb   Thumb Code     0  startup_at32f421.o(.text)
    TMR1_BRK_OVF_TRG_HALL_IRQHandler         0x080000fb   Thumb Code     0  startup_at32f421.o(.text)
    TMR1_CH_IRQHandler                       0x080000fb   Thumb Code     0  startup_at32f421.o(.text)
    TMR6_GLOBAL_IRQHandler                   0x080000fb   Thumb Code     0  startup_at32f421.o(.text)
    USART2_IRQHandler                        0x080000fb   Thumb Code     0  startup_at32f421.o(.text)
    WWDT_IRQHandler                          0x080000fb   Thumb Code     0  startup_at32f421.o(.text)
    __aeabi_uldivmod                         0x08000105   Thumb Code    98  uldiv.o(.text)
    __aeabi_llsl                             0x08000167   Thumb Code    30  llshl.o(.text)
    _ll_shift_l                              0x08000167   Thumb Code     0  llshl.o(.text)
    __aeabi_llsr                             0x08000185   Thumb Code    32  llushr.o(.text)
    _ll_ushift_r                             0x08000185   Thumb Code     0  llushr.o(.text)
    __scatterload                            0x080001a5   Thumb Code    28  init.o(.text)
    __scatterload_rt2                        0x080001a5   Thumb Code     0  init.o(.text)
    BusFault_Handler                         0x080001c9   Thumb Code     4  at32f421_int.o(i.BusFault_Handler)
    DebugMon_Handler                         0x080001cd   Thumb Code     2  at32f421_int.o(i.DebugMon_Handler)
    HardFault_Handler                        0x080001cf   Thumb Code     4  at32f421_int.o(i.HardFault_Handler)
    MemManage_Handler                        0x080001d3   Thumb Code     4  at32f421_int.o(i.MemManage_Handler)
    NMI_Handler                              0x080001d7   Thumb Code     2  at32f421_int.o(i.NMI_Handler)
    PendSV_Handler                           0x08000219   Thumb Code     2  at32f421_int.o(i.PendSV_Handler)
    SVC_Handler                              0x0800021b   Thumb Code     2  at32f421_int.o(i.SVC_Handler)
    SysTick_Handler                          0x0800021d   Thumb Code     2  at32f421_int.o(i.SysTick_Handler)
    SystemInit                               0x08000221   Thumb Code    96  system_at32f421.o(i.SystemInit)
    TMR3_GLOBAL_IRQHandler                   0x0800028d   Thumb Code    62  at32f421_int.o(i.TMR3_GLOBAL_IRQHandler)
    USART1_IRQHandler                        0x080002d9   Thumb Code   114  at32f421_int.o(i.USART1_IRQHandler)
    UsageFault_Handler                       0x08000359   Thumb Code     4  at32f421_int.o(i.UsageFault_Handler)
    __scatterload_copy                       0x080003b1   Thumb Code    14  handlers.o(i.__scatterload_copy)
    __scatterload_null                       0x080003bf   Thumb Code     2  handlers.o(i.__scatterload_null)
    __scatterload_zeroinit                   0x080003c1   Thumb Code    14  handlers.o(i.__scatterload_zeroinit)
    app_load                                 0x080003d1   Thumb Code    86  iap.o(i.app_load)
    app_update_handle                        0x08000439   Thumb Code   294  iap.o(i.app_update_handle)
    back_err                                 0x0800057d   Thumb Code    78  iap.o(i.back_err)
    back_ok                                  0x080005ed   Thumb Code    48  iap.o(i.back_ok)
    command_handle                           0x08000621   Thumb Code   362  iap.o(i.command_handle)
    crm_ahb_div_set                          0x080007a9   Thumb Code    14  at32f421_crm.o(i.crm_ahb_div_set)
    crm_apb1_div_set                         0x080007bd   Thumb Code    14  at32f421_crm.o(i.crm_apb1_div_set)
    crm_apb2_div_set                         0x080007d1   Thumb Code    14  at32f421_crm.o(i.crm_apb2_div_set)
    crm_auto_step_mode_enable                0x080007e5   Thumb Code    34  at32f421_crm.o(i.crm_auto_step_mode_enable)
    crm_clock_source_enable                  0x0800080d   Thumb Code    90  at32f421_crm.o(i.crm_clock_source_enable)
    crm_clocks_freq_get                      0x0800086d   Thumb Code   396  at32f421_crm.o(i.crm_clocks_freq_get)
    crm_flag_get                             0x08000a19   Thumb Code    42  at32f421_crm.o(i.crm_flag_get)
    crm_periph_clock_enable                  0x08000a49   Thumb Code    62  at32f421_crm.o(i.crm_periph_clock_enable)
    crm_pll_config                           0x08000a8d   Thumb Code   224  at32f421_crm.o(i.crm_pll_config)
    crm_reset                                0x08000ba1   Thumb Code    90  at32f421_crm.o(i.crm_reset)
    crm_sysclk_switch                        0x08000c05   Thumb Code    54  at32f421_crm.o(i.crm_sysclk_switch)
    crm_sysclk_switch_status_get             0x08000c41   Thumb Code    10  at32f421_crm.o(i.crm_sysclk_switch_status_get)
    data_take                                0x08000c51   Thumb Code    82  iap.o(i.data_take)
    flash_2kb_write                          0x08000cb1   Thumb Code    78  flash.o(i.flash_2kb_write)
    flash_halfword_program                   0x08000d05   Thumb Code    50  at32f421_flash.o(i.flash_halfword_program)
    flash_lock                               0x08000d3d   Thumb Code    16  at32f421_flash.o(i.flash_lock)
    flash_operation_status_get               0x08000d51   Thumb Code    48  at32f421_flash.o(i.flash_operation_status_get)
    flash_operation_wait_for                 0x08000d85   Thumb Code    36  at32f421_flash.o(i.flash_operation_wait_for)
    flash_sector_erase                       0x08000da9   Thumb Code    58  at32f421_flash.o(i.flash_sector_erase)
    flash_unlock                             0x08000de9   Thumb Code    12  at32f421_flash.o(i.flash_unlock)
    flash_upgrade_flag_read                  0x08000e01   Thumb Code    18  flash.o(i.flash_upgrade_flag_read)
    gpio_default_para_init                   0x08000e1d   Thumb Code    20  at32f421_gpio.o(i.gpio_default_para_init)
    gpio_init                                0x08000e31   Thumb Code   122  at32f421_gpio.o(i.gpio_init)
    gpio_pin_mux_config                      0x08000eab   Thumb Code    66  at32f421_gpio.o(i.gpio_pin_mux_config)
    iap_upgrade_app_handle                   0x08000eed   Thumb Code    12  iap.o(i.iap_upgrade_app_handle)
    main                                     0x08000ef9   Thumb Code    64  main.o(i.main)
    nvic_irq_disable                         0x08000f3d   Thumb Code    38  at32f421_misc.o(i.nvic_irq_disable)
    nvic_irq_enable                          0x08000f69   Thumb Code   190  at32f421_misc.o(i.nvic_irq_enable)
    nvic_priority_group_config               0x08001031   Thumb Code    32  at32f421_misc.o(i.nvic_priority_group_config)
    system_core_clock_update                 0x08001059   Thumb Code   316  system_at32f421.o(i.system_core_clock_update)
    tmr_base_init                            0x080011ad   Thumb Code    16  at32f421_tmr.o(i.tmr_base_init)
    tmr_clock_source_div_set                 0x080011bd   Thumb Code    10  at32f421_tmr.o(i.tmr_clock_source_div_set)
    tmr_cnt_dir_set                          0x080011c7   Thumb Code    10  at32f421_tmr.o(i.tmr_cnt_dir_set)
    tmr_counter_enable                       0x080011d1   Thumb Code    10  at32f421_tmr.o(i.tmr_counter_enable)
    tmr_flag_clear                           0x080011db   Thumb Code     6  at32f421_tmr.o(i.tmr_flag_clear)
    tmr_interrupt_flag_get                   0x080011e1   Thumb Code    24  at32f421_tmr.o(i.tmr_interrupt_flag_get)
    tmr_period_buffer_enable                 0x080011f9   Thumb Code    10  at32f421_tmr.o(i.tmr_period_buffer_enable)
    tmr_primary_mode_select                  0x08001203   Thumb Code    10  at32f421_tmr.o(i.tmr_primary_mode_select)
    tmr_sub_sync_mode_set                    0x0800120d   Thumb Code    10  at32f421_tmr.o(i.tmr_sub_sync_mode_set)
    usart_data_receive                       0x08001217   Thumb Code     8  at32f421_usart.o(i.usart_data_receive)
    usart_data_transmit                      0x0800121f   Thumb Code     8  at32f421_usart.o(i.usart_data_transmit)
    usart_enable                             0x08001227   Thumb Code    10  at32f421_usart.o(i.usart_enable)
    usart_flag_get                           0x08001231   Thumb Code    16  at32f421_usart.o(i.usart_flag_get)
    usart_hardware_flow_control_set          0x08001241   Thumb Code   102  at32f421_usart.o(i.usart_hardware_flow_control_set)
    usart_init                               0x080012a9   Thumb Code   102  at32f421_usart.o(i.usart_init)
    usart_interrupt_enable                   0x08001315   Thumb Code    54  at32f421_usart.o(i.usart_interrupt_enable)
    usart_interrupt_flag_get                 0x0800134b   Thumb Code   176  at32f421_usart.o(i.usart_interrupt_flag_get)
    usart_parity_selection_config            0x080013fb   Thumb Code    76  at32f421_usart.o(i.usart_parity_selection_config)
    usart_receiver_enable                    0x08001447   Thumb Code    10  at32f421_usart.o(i.usart_receiver_enable)
    usart_transmitter_enable                 0x08001451   Thumb Code    10  at32f421_usart.o(i.usart_transmitter_enable)
    wk_nvic_config                           0x0800145b   Thumb Code   212  at32f421_wk_config.o(i.wk_nvic_config)
    wk_periph_clock_config                   0x08001531   Thumb Code    28  at32f421_wk_config.o(i.wk_periph_clock_config)
    wk_system_clock_config                   0x08001559   Thumb Code   134  at32f421_wk_config.o(i.wk_system_clock_config)
    wk_tmr3_init                             0x080015e9   Thumb Code    66  wk_tmr.o(i.wk_tmr3_init)
    wk_usart1_init                           0x08001631   Thumb Code   172  wk_usart.o(i.wk_usart1_init)
    Region$$Table$$Base                      0x0800171c   Number         0  anon$$obj.o(Region$$Table)
    Region$$Table$$Limit                     0x0800173c   Number         0  anon$$obj.o(Region$$Table)
    time_ira_cnt                             0x20000000   Data           1  wk_tmr.o(.data)
    get_data_from_usart_flag                 0x20000001   Data           1  wk_tmr.o(.data)
    cmd_data_step                            0x20000004   Data           1  iap.o(.data)
    cmd_ctr_step                             0x20000005   Data           1  iap.o(.data)
    update_status                            0x20000006   Data           1  iap.o(.data)
    jump_to_app                              0x2000000c   Data           4  iap.o(.data)
    system_core_clock                        0x20000010   Data           4  system_at32f421.o(.data)
    usart_group_struct                       0x20000014   Data        2054  wk_usart.o(.bss)
    cmd_data_group_struct                    0x2000081a   Data        2054  iap.o(.bss)
    __initial_sp                             0x20001420   Data           0  startup_at32f421.o(STACK)



==============================================================================

Memory Map of the image

  Image Entry point : 0x080000cd

  Load Region LR_IROM1 (Base: 0x08000000, Size: 0x00001750, Max: 0x00004000, ABSOLUTE)

    Execution Region ER_IROM1 (Exec base: 0x08000000, Load base: 0x08000000, Size: 0x0000173c, Max: 0x00004000, ABSOLUTE)

    Exec Addr    Load Addr    Size         Type   Attr      Idx    E Section Name        Object

    0x08000000   0x08000000   0x000000cc   Data   RO         1739    RESET               startup_at32f421.o
    0x080000cc   0x080000cc   0x00000000   Code   RO         1804  * .ARM.Collect$$$$00000000  mc_w.l(entry.o)
    0x080000cc   0x080000cc   0x00000004   Code   RO         1813    .ARM.Collect$$$$00000001  mc_w.l(entry2.o)
    0x080000d0   0x080000d0   0x00000004   Code   RO         1816    .ARM.Collect$$$$00000004  mc_w.l(entry5.o)
    0x080000d4   0x080000d4   0x00000000   Code   RO         1818    .ARM.Collect$$$$00000008  mc_w.l(entry7b.o)
    0x080000d4   0x080000d4   0x00000000   Code   RO         1820    .ARM.Collect$$$$0000000A  mc_w.l(entry8b.o)
    0x080000d4   0x080000d4   0x00000008   Code   RO         1821    .ARM.Collect$$$$0000000B  mc_w.l(entry9a.o)
    0x080000dc   0x080000dc   0x00000000   Code   RO         1823    .ARM.Collect$$$$0000000D  mc_w.l(entry10a.o)
    0x080000dc   0x080000dc   0x00000000   Code   RO         1825    .ARM.Collect$$$$0000000F  mc_w.l(entry11a.o)
    0x080000dc   0x080000dc   0x00000004   Code   RO         1814    .ARM.Collect$$$$00002712  mc_w.l(entry2.o)
    0x080000e0   0x080000e0   0x00000024   Code   RO         1740    .text               startup_at32f421.o
    0x08000104   0x08000104   0x00000062   Code   RO         1807    .text               mc_w.l(uldiv.o)
    0x08000166   0x08000166   0x0000001e   Code   RO         1827    .text               mc_w.l(llshl.o)
    0x08000184   0x08000184   0x00000020   Code   RO         1829    .text               mc_w.l(llushr.o)
    0x080001a4   0x080001a4   0x00000024   Code   RO         1831    .text               mc_w.l(init.o)
    0x080001c8   0x080001c8   0x00000004   Code   RO            4    i.BusFault_Handler  at32f421_int.o
    0x080001cc   0x080001cc   0x00000002   Code   RO            5    i.DebugMon_Handler  at32f421_int.o
    0x080001ce   0x080001ce   0x00000004   Code   RO            6    i.HardFault_Handler  at32f421_int.o
    0x080001d2   0x080001d2   0x00000004   Code   RO            7    i.MemManage_Handler  at32f421_int.o
    0x080001d6   0x080001d6   0x00000002   Code   RO            8    i.NMI_Handler       at32f421_int.o
    0x080001d8   0x080001d8   0x00000040   Code   RO          173    i.NVIC_EncodePriority  at32f421_wk_config.o
    0x08000218   0x08000218   0x00000002   Code   RO            9    i.PendSV_Handler    at32f421_int.o
    0x0800021a   0x0800021a   0x00000002   Code   RO           10    i.SVC_Handler       at32f421_int.o
    0x0800021c   0x0800021c   0x00000002   Code   RO           11    i.SysTick_Handler   at32f421_int.o
    0x0800021e   0x0800021e   0x00000002   PAD
    0x08000220   0x08000220   0x0000006c   Code   RO         1703    i.SystemInit        system_at32f421.o
    0x0800028c   0x0800028c   0x0000004c   Code   RO           12    i.TMR3_GLOBAL_IRQHandler  at32f421_int.o
    0x080002d8   0x080002d8   0x00000080   Code   RO           13    i.USART1_IRQHandler  at32f421_int.o
    0x08000358   0x08000358   0x00000004   Code   RO           14    i.UsageFault_Handler  at32f421_int.o
    0x0800035c   0x0800035c   0x0000001c   Code   RO          345    i.__NVIC_ClearPendingIRQ  iap.o
    0x08000378   0x08000378   0x00000010   Code   RO          174    i.__NVIC_GetPriorityGrouping  at32f421_wk_config.o
    0x08000388   0x08000388   0x00000028   Code   RO          175    i.__NVIC_SetPriority  at32f421_wk_config.o
    0x080003b0   0x080003b0   0x0000000e   Code   RO         1835    i.__scatterload_copy  mc_w.l(handlers.o)
    0x080003be   0x080003be   0x00000002   Code   RO         1836    i.__scatterload_null  mc_w.l(handlers.o)
    0x080003c0   0x080003c0   0x0000000e   Code   RO         1837    i.__scatterload_zeroinit  mc_w.l(handlers.o)
    0x080003ce   0x080003ce   0x00000002   PAD
    0x080003d0   0x080003d0   0x00000068   Code   RO          346    i.app_load          iap.o
    0x08000438   0x08000438   0x00000144   Code   RO          347    i.app_update_handle  iap.o
    0x0800057c   0x0800057c   0x00000070   Code   RO          348    i.back_err          iap.o
    0x080005ec   0x080005ec   0x00000034   Code   RO          349    i.back_ok           iap.o
    0x08000620   0x08000620   0x00000188   Code   RO          350    i.command_handle    iap.o
    0x080007a8   0x080007a8   0x00000014   Code   RO          426    i.crm_ahb_div_set   at32f421_crm.o
    0x080007bc   0x080007bc   0x00000014   Code   RO          427    i.crm_apb1_div_set  at32f421_crm.o
    0x080007d0   0x080007d0   0x00000014   Code   RO          428    i.crm_apb2_div_set  at32f421_crm.o
    0x080007e4   0x080007e4   0x00000028   Code   RO          429    i.crm_auto_step_mode_enable  at32f421_crm.o
    0x0800080c   0x0800080c   0x00000060   Code   RO          434    i.crm_clock_source_enable  at32f421_crm.o
    0x0800086c   0x0800086c   0x000001ac   Code   RO          435    i.crm_clocks_freq_get  at32f421_crm.o
    0x08000a18   0x08000a18   0x00000030   Code   RO          439    i.crm_flag_get      at32f421_crm.o
    0x08000a48   0x08000a48   0x00000044   Code   RO          449    i.crm_periph_clock_enable  at32f421_crm.o
    0x08000a8c   0x08000a8c   0x00000114   Code   RO          452    i.crm_pll_config    at32f421_crm.o
    0x08000ba0   0x08000ba0   0x00000064   Code   RO          454    i.crm_reset         at32f421_crm.o
    0x08000c04   0x08000c04   0x0000003c   Code   RO          455    i.crm_sysclk_switch  at32f421_crm.o
    0x08000c40   0x08000c40   0x00000010   Code   RO          456    i.crm_sysclk_switch_status_get  at32f421_crm.o
    0x08000c50   0x08000c50   0x00000060   Code   RO          351    i.data_take         iap.o
    0x08000cb0   0x08000cb0   0x00000054   Code   RO          315    i.flash_2kb_write   flash.o
    0x08000d04   0x08000d04   0x00000038   Code   RO         1430    i.flash_halfword_program  at32f421_flash.o
    0x08000d3c   0x08000d3c   0x00000014   Code   RO         1433    i.flash_lock        at32f421_flash.o
    0x08000d50   0x08000d50   0x00000034   Code   RO         1435    i.flash_operation_status_get  at32f421_flash.o
    0x08000d84   0x08000d84   0x00000024   Code   RO         1436    i.flash_operation_wait_for  at32f421_flash.o
    0x08000da8   0x08000da8   0x00000040   Code   RO         1437    i.flash_sector_erase  at32f421_flash.o
    0x08000de8   0x08000de8   0x00000018   Code   RO         1446    i.flash_unlock      at32f421_flash.o
    0x08000e00   0x08000e00   0x0000001c   Code   RO          316    i.flash_upgrade_flag_read  flash.o
    0x08000e1c   0x08000e1c   0x00000014   Code   RO          999    i.gpio_default_para_init  at32f421_gpio.o
    0x08000e30   0x08000e30   0x0000007a   Code   RO         1000    i.gpio_init         at32f421_gpio.o
    0x08000eaa   0x08000eaa   0x00000042   Code   RO         1005    i.gpio_pin_mux_config  at32f421_gpio.o
    0x08000eec   0x08000eec   0x0000000c   Code   RO          352    i.iap_upgrade_app_handle  iap.o
    0x08000ef8   0x08000ef8   0x00000044   Code   RO          228    i.main              main.o
    0x08000f3c   0x08000f3c   0x0000002c   Code   RO         1639    i.nvic_irq_disable  at32f421_misc.o
    0x08000f68   0x08000f68   0x000000c8   Code   RO         1640    i.nvic_irq_enable   at32f421_misc.o
    0x08001030   0x08001030   0x00000028   Code   RO         1642    i.nvic_priority_group_config  at32f421_misc.o
    0x08001058   0x08001058   0x00000154   Code   RO         1704    i.system_core_clock_update  system_at32f421.o
    0x080011ac   0x080011ac   0x00000010   Code   RO          636    i.tmr_base_init     at32f421_tmr.o
    0x080011bc   0x080011bc   0x0000000a   Code   RO          645    i.tmr_clock_source_div_set  at32f421_tmr.o
    0x080011c6   0x080011c6   0x0000000a   Code   RO          646    i.tmr_cnt_dir_set   at32f421_tmr.o
    0x080011d0   0x080011d0   0x0000000a   Code   RO          647    i.tmr_counter_enable  at32f421_tmr.o
    0x080011da   0x080011da   0x00000006   Code   RO          659    i.tmr_flag_clear    at32f421_tmr.o
    0x080011e0   0x080011e0   0x00000018   Code   RO          669    i.tmr_interrupt_flag_get  at32f421_tmr.o
    0x080011f8   0x080011f8   0x0000000a   Code   RO          683    i.tmr_period_buffer_enable  at32f421_tmr.o
    0x08001202   0x08001202   0x0000000a   Code   RO          686    i.tmr_primary_mode_select  at32f421_tmr.o
    0x0800120c   0x0800120c   0x0000000a   Code   RO          691    i.tmr_sub_sync_mode_set  at32f421_tmr.o
    0x08001216   0x08001216   0x00000008   Code   RO         1102    i.usart_data_receive  at32f421_usart.o
    0x0800121e   0x0800121e   0x00000008   Code   RO         1103    i.usart_data_transmit  at32f421_usart.o
    0x08001226   0x08001226   0x0000000a   Code   RO         1106    i.usart_enable      at32f421_usart.o
    0x08001230   0x08001230   0x00000010   Code   RO         1108    i.usart_flag_get    at32f421_usart.o
    0x08001240   0x08001240   0x00000066   Code   RO         1109    i.usart_hardware_flow_control_set  at32f421_usart.o
    0x080012a6   0x080012a6   0x00000002   PAD
    0x080012a8   0x080012a8   0x0000006c   Code   RO         1110    i.usart_init        at32f421_usart.o
    0x08001314   0x08001314   0x00000036   Code   RO         1111    i.usart_interrupt_enable  at32f421_usart.o
    0x0800134a   0x0800134a   0x000000b0   Code   RO         1112    i.usart_interrupt_flag_get  at32f421_usart.o
    0x080013fa   0x080013fa   0x0000004c   Code   RO         1117    i.usart_parity_selection_config  at32f421_usart.o
    0x08001446   0x08001446   0x0000000a   Code   RO         1118    i.usart_receiver_enable  at32f421_usart.o
    0x08001450   0x08001450   0x0000000a   Code   RO         1126    i.usart_transmitter_enable  at32f421_usart.o
    0x0800145a   0x0800145a   0x000000d4   Code   RO          176    i.wk_nvic_config    at32f421_wk_config.o
    0x0800152e   0x0800152e   0x00000002   PAD
    0x08001530   0x08001530   0x00000028   Code   RO          177    i.wk_periph_clock_config  at32f421_wk_config.o
    0x08001558   0x08001558   0x00000090   Code   RO          178    i.wk_system_clock_config  at32f421_wk_config.o
    0x080015e8   0x080015e8   0x00000048   Code   RO          255    i.wk_tmr3_init      wk_tmr.o
    0x08001630   0x08001630   0x000000b4   Code   RO          285    i.wk_usart1_init    wk_usart.o
    0x080016e4   0x080016e4   0x00000028   Data   RO          457    .constdata          at32f421_crm.o
    0x0800170c   0x0800170c   0x00000010   Data   RO         1705    .constdata          system_at32f421.o
    0x0800171c   0x0800171c   0x00000020   Data   RO         1833    Region$$Table       anon$$obj.o


    Execution Region RW_IRAM1 (Exec base: 0x20000000, Load base: 0x0800173c, Size: 0x00001420, Max: 0x00004000, ABSOLUTE)

    Exec Addr    Load Addr    Size         Type   Attr      Idx    E Section Name        Object

    0x20000000   0x0800173c   0x00000002   Data   RW          256    .data               wk_tmr.o
    0x20000002   0x0800173e   0x00000002   PAD
    0x20000004   0x08001740   0x0000000c   Data   RW          354    .data               iap.o
    0x20000010   0x0800174c   0x00000004   Data   RW         1706    .data               system_at32f421.o
    0x20000014        -       0x00000806   Zero   RW          286    .bss                wk_usart.o
    0x2000081a        -       0x00000806   Zero   RW          353    .bss                iap.o
    0x20001020        -       0x00000400   Zero   RW         1737    STACK               startup_at32f421.o


==============================================================================

Image component sizes


      Code (inc. data)   RO Data    RW Data    ZI Data      Debug   Object Name

      1192        154         40          0          0       7857   at32f421_crm.o
       252         32          0          0          0       3526   at32f421_flash.o
       208          0          0          0          0       2351   at32f421_gpio.o
       230         28          0          0          0      48603   at32f421_int.o
       284         24          0          0          0      32721   at32f421_misc.o
       106          0          0          0          0       5585   at32f421_tmr.o
       578          6          0          0          0       7401   at32f421_usart.o
       516         36          0          0          0      33166   at32f421_wk_config.o
       112         16          0          0          0       1464   flash.o
      1120        136          0         12       2054      41439   iap.o
        68          4          0          0          0        487   main.o
        36          8        204          0       1024        780   startup_at32f421.o
       448         36         16          4          0       2300   system_at32f421.o
        72          6          0          2          0        779   wk_tmr.o
       180          8          0          0       2054       1242   wk_usart.o

    ----------------------------------------------------------------------
      5408        494        292         20       5132     189701   Object Totals
         0          0         32          0          0          0   (incl. Generated)
         6          0          0          2          0          0   (incl. Padding)

    ----------------------------------------------------------------------

      Code (inc. data)   RO Data    RW Data    ZI Data      Debug   Library Member Name

         0          0          0          0          0          0   entry.o
         0          0          0          0          0          0   entry10a.o
         0          0          0          0          0          0   entry11a.o
         8          4          0          0          0          0   entry2.o
         4          0          0          0          0          0   entry5.o
         0          0          0          0          0          0   entry7b.o
         0          0          0          0          0          0   entry8b.o
         8          4          0          0          0          0   entry9a.o
        30          0          0          0          0          0   handlers.o
        36          8          0          0          0         68   init.o
        30          0          0          0          0         68   llshl.o
        32          0          0          0          0         68   llushr.o
        98          0          0          0          0         92   uldiv.o

    ----------------------------------------------------------------------
       248         16          0          0          0        296   Library Totals
         2          0          0          0          0          0   (incl. Padding)

    ----------------------------------------------------------------------

      Code (inc. data)   RO Data    RW Data    ZI Data      Debug   Library Name

       246         16          0          0          0        296   mc_w.l

    ----------------------------------------------------------------------
       248         16          0          0          0        296   Library Totals

    ----------------------------------------------------------------------

==============================================================================


      Code (inc. data)   RO Data    RW Data    ZI Data      Debug   

      5656        510        292         20       5132     186353   Grand Totals
      5656        510        292         20       5132     186353   ELF Image Totals
      5656        510        292         20          0          0   ROM Totals

==============================================================================

    Total RO  Size (Code + RO Data)                 5948 (   5.81kB)
    Total RW  Size (RW Data + ZI Data)              5152 (   5.03kB)
    Total ROM Size (Code + RO Data + RW Data)       5968 (   5.83kB)

==============================================================================

