Component: Arm Compiler for Embedded 6.22 Tool: armlink [5ee90200]

==============================================================================

Section Cross References

    startup_at32f421.o(RESET) refers to startup_at32f421.o(STACK) for __initial_sp
    startup_at32f421.o(RESET) refers to startup_at32f421.o(.text) for Reset_Handler
    startup_at32f421.o(RESET) refers to lto-llvm-a027e7.o(.text.NMI_Handler) for NMI_Handler
    startup_at32f421.o(RESET) refers to lto-llvm-a027e7.o(.text.HardFault_Handler) for HardFault_Handler
    startup_at32f421.o(RESET) refers to lto-llvm-a027e7.o(.text.MemManage_Handler) for MemManage_Handler
    startup_at32f421.o(RESET) refers to lto-llvm-a027e7.o(.text.BusFault_Handler) for BusFault_Handler
    startup_at32f421.o(RESET) refers to lto-llvm-a027e7.o(.text.UsageFault_Handler) for UsageFault_Handler
    startup_at32f421.o(RESET) refers to lto-llvm-a027e7.o(.text.SVC_Handler) for SVC_Handler
    startup_at32f421.o(RESET) refers to lto-llvm-a027e7.o(.text.DebugMon_Handler) for DebugMon_Handler
    startup_at32f421.o(RESET) refers to lto-llvm-a027e7.o(.text.PendSV_Handler) for PendSV_Handler
    startup_at32f421.o(RESET) refers to lto-llvm-a027e7.o(.text.SysTick_Handler) for SysTick_Handler
    startup_at32f421.o(RESET) refers to lto-llvm-a027e7.o(.text.TMR3_GLOBAL_IRQHandler) for TMR3_GLOBAL_IRQHandler
    startup_at32f421.o(RESET) refers to lto-llvm-a027e7.o(.text.USART1_IRQHandler) for USART1_IRQHandler
    startup_at32f421.o(.text) refers to lto-llvm-a027e7.o(.text.SystemInit) for SystemInit
    startup_at32f421.o(.text) refers to entry.o(.ARM.Collect$$$$00000000) for __main
    entry.o(.ARM.Collect$$$$00000000) refers (Special) to entry10a.o(.ARM.Collect$$$$0000000D) for __rt_final_cpp
    entry.o(.ARM.Collect$$$$00000000) refers (Special) to entry11a.o(.ARM.Collect$$$$0000000F) for __rt_final_exit
    entry.o(.ARM.Collect$$$$00000000) refers (Special) to entry7b.o(.ARM.Collect$$$$00000008) for _main_clock
    entry.o(.ARM.Collect$$$$00000000) refers (Special) to entry8b.o(.ARM.Collect$$$$0000000A) for _main_cpp_init
    entry.o(.ARM.Collect$$$$00000000) refers (Special) to entry9a.o(.ARM.Collect$$$$0000000B) for _main_init
    entry.o(.ARM.Collect$$$$00000000) refers (Special) to entry5.o(.ARM.Collect$$$$00000004) for _main_scatterload
    entry.o(.ARM.Collect$$$$00000000) refers (Special) to entry2.o(.ARM.Collect$$$$00000001) for _main_stk
    entry2.o(.ARM.Collect$$$$00000001) refers to entry2.o(.ARM.Collect$$$$00002712) for __lit__00000000
    entry2.o(.ARM.Collect$$$$00002712) refers to startup_at32f421.o(STACK) for __initial_sp
    entry2.o(__vectab_stack_and_reset_area) refers to startup_at32f421.o(STACK) for __initial_sp
    entry2.o(__vectab_stack_and_reset_area) refers to entry.o(.ARM.Collect$$$$00000000) for __main
    entry5.o(.ARM.Collect$$$$00000004) refers to init.o(.text) for __scatterload
    entry9a.o(.ARM.Collect$$$$0000000B) refers to lto-llvm-a027e7.o(.text.main) for main
    entry9b.o(.ARM.Collect$$$$0000000C) refers to lto-llvm-a027e7.o(.text.main) for main
    init.o(.text) refers to entry5.o(.ARM.Collect$$$$00000004) for __main_after_scatterload
    lto-llvm-a027e7.o(.ARM.exidx.text.NMI_Handler) refers to lto-llvm-a027e7.o(.text.NMI_Handler) for [Anonymous Symbol]
    lto-llvm-a027e7.o(.ARM.exidx.text.HardFault_Handler) refers to lto-llvm-a027e7.o(.text.HardFault_Handler) for [Anonymous Symbol]
    lto-llvm-a027e7.o(.ARM.exidx.text.MemManage_Handler) refers to lto-llvm-a027e7.o(.text.MemManage_Handler) for [Anonymous Symbol]
    lto-llvm-a027e7.o(.ARM.exidx.text.BusFault_Handler) refers to lto-llvm-a027e7.o(.text.BusFault_Handler) for [Anonymous Symbol]
    lto-llvm-a027e7.o(.ARM.exidx.text.UsageFault_Handler) refers to lto-llvm-a027e7.o(.text.UsageFault_Handler) for [Anonymous Symbol]
    lto-llvm-a027e7.o(.ARM.exidx.text.SVC_Handler) refers to lto-llvm-a027e7.o(.text.SVC_Handler) for [Anonymous Symbol]
    lto-llvm-a027e7.o(.ARM.exidx.text.DebugMon_Handler) refers to lto-llvm-a027e7.o(.text.DebugMon_Handler) for [Anonymous Symbol]
    lto-llvm-a027e7.o(.ARM.exidx.text.PendSV_Handler) refers to lto-llvm-a027e7.o(.text.PendSV_Handler) for [Anonymous Symbol]
    lto-llvm-a027e7.o(.ARM.exidx.text.SysTick_Handler) refers to lto-llvm-a027e7.o(.text.SysTick_Handler) for [Anonymous Symbol]
    lto-llvm-a027e7.o(.text.TMR3_GLOBAL_IRQHandler) refers to lto-llvm-a027e7.o(.text.tmr_interrupt_flag_get) for tmr_interrupt_flag_get
    lto-llvm-a027e7.o(.text.TMR3_GLOBAL_IRQHandler) refers to lto-llvm-a027e7.o(.text.tmr_flag_clear) for tmr_flag_clear
    lto-llvm-a027e7.o(.text.TMR3_GLOBAL_IRQHandler) refers to lto-llvm-a027e7.o(.bss.get_data_from_usart_flag) for get_data_from_usart_flag
    lto-llvm-a027e7.o(.text.TMR3_GLOBAL_IRQHandler) refers to lto-llvm-a027e7.o(.bss.time_ira_cnt) for time_ira_cnt
    lto-llvm-a027e7.o(.text.TMR3_GLOBAL_IRQHandler) refers to lto-llvm-a027e7.o(.text.back_err) for back_err
    lto-llvm-a027e7.o(.ARM.exidx.text.TMR3_GLOBAL_IRQHandler) refers to lto-llvm-a027e7.o(.text.TMR3_GLOBAL_IRQHandler) for [Anonymous Symbol]
    lto-llvm-a027e7.o(.text.USART1_IRQHandler) refers to lto-llvm-a027e7.o(.bss.time_ira_cnt) for time_ira_cnt
    lto-llvm-a027e7.o(.text.USART1_IRQHandler) refers to lto-llvm-a027e7.o(.text.usart_interrupt_flag_get) for usart_interrupt_flag_get
    lto-llvm-a027e7.o(.text.USART1_IRQHandler) refers to lto-llvm-a027e7.o(.text.usart_data_receive) for usart_data_receive
    lto-llvm-a027e7.o(.text.USART1_IRQHandler) refers to lto-llvm-a027e7.o(.bss.usart_group_struct) for usart_group_struct
    lto-llvm-a027e7.o(.ARM.exidx.text.USART1_IRQHandler) refers to lto-llvm-a027e7.o(.text.USART1_IRQHandler) for [Anonymous Symbol]
    lto-llvm-a027e7.o(.text.wk_system_clock_config) refers to lto-llvm-a027e7.o(.text.crm_reset) for crm_reset
    lto-llvm-a027e7.o(.text.wk_system_clock_config) refers to lto-llvm-a027e7.o(.text.crm_clock_source_enable) for crm_clock_source_enable
    lto-llvm-a027e7.o(.text.wk_system_clock_config) refers to lto-llvm-a027e7.o(.text.crm_flag_get) for crm_flag_get
    lto-llvm-a027e7.o(.text.wk_system_clock_config) refers to lto-llvm-a027e7.o(.text.crm_pll_config) for crm_pll_config
    lto-llvm-a027e7.o(.text.wk_system_clock_config) refers to lto-llvm-a027e7.o(.text.crm_ahb_div_set) for crm_ahb_div_set
    lto-llvm-a027e7.o(.text.wk_system_clock_config) refers to lto-llvm-a027e7.o(.text.crm_apb2_div_set) for crm_apb2_div_set
    lto-llvm-a027e7.o(.text.wk_system_clock_config) refers to lto-llvm-a027e7.o(.text.crm_apb1_div_set) for crm_apb1_div_set
    lto-llvm-a027e7.o(.text.wk_system_clock_config) refers to lto-llvm-a027e7.o(.text.crm_auto_step_mode_enable) for crm_auto_step_mode_enable
    lto-llvm-a027e7.o(.text.wk_system_clock_config) refers to lto-llvm-a027e7.o(.text.crm_sysclk_switch) for crm_sysclk_switch
    lto-llvm-a027e7.o(.text.wk_system_clock_config) refers to lto-llvm-a027e7.o(.text.crm_sysclk_switch_status_get) for crm_sysclk_switch_status_get
    lto-llvm-a027e7.o(.text.wk_system_clock_config) refers to lto-llvm-a027e7.o(.text.system_core_clock_update) for system_core_clock_update
    lto-llvm-a027e7.o(.ARM.exidx.text.wk_system_clock_config) refers to lto-llvm-a027e7.o(.text.wk_system_clock_config) for [Anonymous Symbol]
    lto-llvm-a027e7.o(.text.wk_periph_clock_config) refers to lto-llvm-a027e7.o(.text.crm_periph_clock_enable) for crm_periph_clock_enable
    lto-llvm-a027e7.o(.ARM.exidx.text.wk_periph_clock_config) refers to lto-llvm-a027e7.o(.text.wk_periph_clock_config) for [Anonymous Symbol]
    lto-llvm-a027e7.o(.text.wk_nvic_config) refers to lto-llvm-a027e7.o(.text.nvic_priority_group_config) for nvic_priority_group_config
    lto-llvm-a027e7.o(.text.wk_nvic_config) refers to lto-llvm-a027e7.o(.text.__NVIC_GetPriorityGrouping) for __NVIC_GetPriorityGrouping
    lto-llvm-a027e7.o(.text.wk_nvic_config) refers to lto-llvm-a027e7.o(.text.NVIC_EncodePriority) for NVIC_EncodePriority
    lto-llvm-a027e7.o(.text.wk_nvic_config) refers to lto-llvm-a027e7.o(.text.__NVIC_SetPriority) for __NVIC_SetPriority
    lto-llvm-a027e7.o(.text.wk_nvic_config) refers to lto-llvm-a027e7.o(.text.nvic_irq_enable) for nvic_irq_enable
    lto-llvm-a027e7.o(.ARM.exidx.text.wk_nvic_config) refers to lto-llvm-a027e7.o(.text.wk_nvic_config) for [Anonymous Symbol]
    lto-llvm-a027e7.o(.ARM.exidx.text.__NVIC_GetPriorityGrouping) refers to lto-llvm-a027e7.o(.text.__NVIC_GetPriorityGrouping) for [Anonymous Symbol]
    lto-llvm-a027e7.o(.ARM.exidx.text.NVIC_EncodePriority) refers to lto-llvm-a027e7.o(.text.NVIC_EncodePriority) for [Anonymous Symbol]
    lto-llvm-a027e7.o(.ARM.exidx.text.__NVIC_SetPriority) refers to lto-llvm-a027e7.o(.text.__NVIC_SetPriority) for [Anonymous Symbol]
    lto-llvm-a027e7.o(.text.main) refers to lto-llvm-a027e7.o(.text.wk_system_clock_config) for wk_system_clock_config
    lto-llvm-a027e7.o(.text.main) refers to lto-llvm-a027e7.o(.text.wk_periph_clock_config) for wk_periph_clock_config
    lto-llvm-a027e7.o(.text.main) refers to lto-llvm-a027e7.o(.text.wk_nvic_config) for wk_nvic_config
    lto-llvm-a027e7.o(.text.main) refers to lto-llvm-a027e7.o(.text.wk_usart1_init) for wk_usart1_init
    lto-llvm-a027e7.o(.text.main) refers to lto-llvm-a027e7.o(.text.wk_tmr3_init) for wk_tmr3_init
    lto-llvm-a027e7.o(.text.main) refers to lto-llvm-a027e7.o(.text.flash_upgrade_flag_read) for flash_upgrade_flag_read
    lto-llvm-a027e7.o(.text.main) refers to lto-llvm-a027e7.o(.text.app_load) for app_load
    lto-llvm-a027e7.o(.text.main) refers to lto-llvm-a027e7.o(.text.back_ok) for back_ok
    lto-llvm-a027e7.o(.text.main) refers to lto-llvm-a027e7.o(.text.iap_upgrade_app_handle) for iap_upgrade_app_handle
    lto-llvm-a027e7.o(.ARM.exidx.text.main) refers to lto-llvm-a027e7.o(.text.main) for [Anonymous Symbol]
    lto-llvm-a027e7.o(.text.wk_tmr3_init) refers to lto-llvm-a027e7.o(.text.tmr_cnt_dir_set) for tmr_cnt_dir_set
    lto-llvm-a027e7.o(.text.wk_tmr3_init) refers to lto-llvm-a027e7.o(.text.tmr_clock_source_div_set) for tmr_clock_source_div_set
    lto-llvm-a027e7.o(.text.wk_tmr3_init) refers to lto-llvm-a027e7.o(.text.tmr_period_buffer_enable) for tmr_period_buffer_enable
    lto-llvm-a027e7.o(.text.wk_tmr3_init) refers to lto-llvm-a027e7.o(.text.tmr_base_init) for tmr_base_init
    lto-llvm-a027e7.o(.text.wk_tmr3_init) refers to lto-llvm-a027e7.o(.text.tmr_sub_sync_mode_set) for tmr_sub_sync_mode_set
    lto-llvm-a027e7.o(.text.wk_tmr3_init) refers to lto-llvm-a027e7.o(.text.tmr_primary_mode_select) for tmr_primary_mode_select
    lto-llvm-a027e7.o(.text.wk_tmr3_init) refers to lto-llvm-a027e7.o(.text.tmr_counter_enable) for tmr_counter_enable
    lto-llvm-a027e7.o(.ARM.exidx.text.wk_tmr3_init) refers to lto-llvm-a027e7.o(.text.wk_tmr3_init) for [Anonymous Symbol]
    lto-llvm-a027e7.o(.text.wk_usart1_init) refers to lto-llvm-a027e7.o(.text.gpio_default_para_init) for gpio_default_para_init
    lto-llvm-a027e7.o(.text.wk_usart1_init) refers to lto-llvm-a027e7.o(.text.gpio_pin_mux_config) for gpio_pin_mux_config
    lto-llvm-a027e7.o(.text.wk_usart1_init) refers to lto-llvm-a027e7.o(.text.gpio_init) for gpio_init
    lto-llvm-a027e7.o(.text.wk_usart1_init) refers to lto-llvm-a027e7.o(.text.usart_init) for usart_init
    lto-llvm-a027e7.o(.text.wk_usart1_init) refers to lto-llvm-a027e7.o(.text.usart_transmitter_enable) for usart_transmitter_enable
    lto-llvm-a027e7.o(.text.wk_usart1_init) refers to lto-llvm-a027e7.o(.text.usart_receiver_enable) for usart_receiver_enable
    lto-llvm-a027e7.o(.text.wk_usart1_init) refers to lto-llvm-a027e7.o(.text.usart_parity_selection_config) for usart_parity_selection_config
    lto-llvm-a027e7.o(.text.wk_usart1_init) refers to lto-llvm-a027e7.o(.text.usart_hardware_flow_control_set) for usart_hardware_flow_control_set
    lto-llvm-a027e7.o(.text.wk_usart1_init) refers to lto-llvm-a027e7.o(.text.usart_enable) for usart_enable
    lto-llvm-a027e7.o(.text.wk_usart1_init) refers to lto-llvm-a027e7.o(.text.usart_interrupt_enable) for usart_interrupt_enable
    lto-llvm-a027e7.o(.ARM.exidx.text.wk_usart1_init) refers to lto-llvm-a027e7.o(.text.wk_usart1_init) for [Anonymous Symbol]
    lto-llvm-a027e7.o(.text.flash_2kb_write) refers to lto-llvm-a027e7.o(.bss.cmd_data_group_struct) for cmd_data_group_struct
    lto-llvm-a027e7.o(.text.flash_2kb_write) refers to lto-llvm-a027e7.o(.text.flash_unlock) for flash_unlock
    lto-llvm-a027e7.o(.text.flash_2kb_write) refers to lto-llvm-a027e7.o(.text.flash_sector_erase) for flash_sector_erase
    lto-llvm-a027e7.o(.text.flash_2kb_write) refers to lto-llvm-a027e7.o(.text.flash_halfword_program) for flash_halfword_program
    lto-llvm-a027e7.o(.text.flash_2kb_write) refers to lto-llvm-a027e7.o(.text.flash_lock) for flash_lock
    lto-llvm-a027e7.o(.ARM.exidx.text.flash_2kb_write) refers to lto-llvm-a027e7.o(.text.flash_2kb_write) for [Anonymous Symbol]
    lto-llvm-a027e7.o(.ARM.exidx.text.flash_upgrade_flag_read) refers to lto-llvm-a027e7.o(.text.flash_upgrade_flag_read) for [Anonymous Symbol]
    lto-llvm-a027e7.o(.text.app_load) refers to lto-llvm-a027e7.o(.text.crm_periph_clock_enable) for crm_periph_clock_enable
    lto-llvm-a027e7.o(.text.app_load) refers to lto-llvm-a027e7.o(.text.nvic_irq_disable) for nvic_irq_disable
    lto-llvm-a027e7.o(.text.app_load) refers to lto-llvm-a027e7.o(.text.__NVIC_ClearPendingIRQ) for __NVIC_ClearPendingIRQ
    lto-llvm-a027e7.o(.text.app_load) refers to lto-llvm-a027e7.o(.bss.jump_to_app) for jump_to_app
    lto-llvm-a027e7.o(.ARM.exidx.text.app_load) refers to lto-llvm-a027e7.o(.text.app_load) for [Anonymous Symbol]
    lto-llvm-a027e7.o(.ARM.exidx.text.__NVIC_ClearPendingIRQ) refers to lto-llvm-a027e7.o(.text.__NVIC_ClearPendingIRQ) for [Anonymous Symbol]
    lto-llvm-a027e7.o(.text.data_take) refers to lto-llvm-a027e7.o(.text.usart_interrupt_enable) for usart_interrupt_enable
    lto-llvm-a027e7.o(.text.data_take) refers to lto-llvm-a027e7.o(.bss.usart_group_struct) for usart_group_struct
    lto-llvm-a027e7.o(.ARM.exidx.text.data_take) refers to lto-llvm-a027e7.o(.text.data_take) for [Anonymous Symbol]
    lto-llvm-a027e7.o(.text.command_handle) refers to lto-llvm-a027e7.o(.bss.usart_group_struct) for usart_group_struct
    lto-llvm-a027e7.o(.text.command_handle) refers to lto-llvm-a027e7.o(.text.data_take) for data_take
    lto-llvm-a027e7.o(.text.command_handle) refers to lto-llvm-a027e7.o(.bss.update_status) for update_status
    lto-llvm-a027e7.o(.text.command_handle) refers to lto-llvm-a027e7.o(.bss.cmd_ctr_step) for cmd_ctr_step
    lto-llvm-a027e7.o(.text.command_handle) refers to lto-llvm-a027e7.o(.bss.cmd_data_step) for cmd_data_step
    lto-llvm-a027e7.o(.text.command_handle) refers to lto-llvm-a027e7.o(.bss.cmd_addr_cnt) for cmd_addr_cnt
    lto-llvm-a027e7.o(.text.command_handle) refers to lto-llvm-a027e7.o(.bss.cmd_data_cnt) for cmd_data_cnt
    lto-llvm-a027e7.o(.text.command_handle) refers to lto-llvm-a027e7.o(.bss.cmd_data_group_struct) for cmd_data_group_struct
    lto-llvm-a027e7.o(.ARM.exidx.text.command_handle) refers to lto-llvm-a027e7.o(.text.command_handle) for [Anonymous Symbol]
    lto-llvm-a027e7.o(.text.back_ok) refers to lto-llvm-a027e7.o(.text.usart_data_transmit) for usart_data_transmit
    lto-llvm-a027e7.o(.text.back_ok) refers to lto-llvm-a027e7.o(.text.usart_flag_get) for usart_flag_get
    lto-llvm-a027e7.o(.ARM.exidx.text.back_ok) refers to lto-llvm-a027e7.o(.text.back_ok) for [Anonymous Symbol]
    lto-llvm-a027e7.o(.text.back_err) refers to lto-llvm-a027e7.o(.text.usart_data_transmit) for usart_data_transmit
    lto-llvm-a027e7.o(.text.back_err) refers to lto-llvm-a027e7.o(.text.usart_flag_get) for usart_flag_get
    lto-llvm-a027e7.o(.text.back_err) refers to lto-llvm-a027e7.o(.bss.cmd_data_step) for cmd_data_step
    lto-llvm-a027e7.o(.text.back_err) refers to lto-llvm-a027e7.o(.bss.cmd_ctr_step) for cmd_ctr_step
    lto-llvm-a027e7.o(.text.back_err) refers to lto-llvm-a027e7.o(.bss.update_status) for update_status
    lto-llvm-a027e7.o(.text.back_err) refers to lto-llvm-a027e7.o(.bss.cmd_addr_cnt) for cmd_addr_cnt
    lto-llvm-a027e7.o(.text.back_err) refers to lto-llvm-a027e7.o(.bss.cmd_data_cnt) for cmd_data_cnt
    lto-llvm-a027e7.o(.text.back_err) refers to lto-llvm-a027e7.o(.bss.time_ira_cnt) for time_ira_cnt
    lto-llvm-a027e7.o(.text.back_err) refers to lto-llvm-a027e7.o(.bss.get_data_from_usart_flag) for get_data_from_usart_flag
    lto-llvm-a027e7.o(.ARM.exidx.text.back_err) refers to lto-llvm-a027e7.o(.text.back_err) for [Anonymous Symbol]
    lto-llvm-a027e7.o(.text.app_update_handle) refers to lto-llvm-a027e7.o(.bss.update_status) for update_status
    lto-llvm-a027e7.o(.text.app_update_handle) refers to lto-llvm-a027e7.o(.bss.cmd_ctr_step) for cmd_ctr_step
    lto-llvm-a027e7.o(.text.app_update_handle) refers to lto-llvm-a027e7.o(.text.back_ok) for back_ok
    lto-llvm-a027e7.o(.text.app_update_handle) refers to lto-llvm-a027e7.o(.text.back_err) for back_err
    lto-llvm-a027e7.o(.text.app_update_handle) refers to lto-llvm-a027e7.o(.bss.get_data_from_usart_flag) for get_data_from_usart_flag
    lto-llvm-a027e7.o(.text.app_update_handle) refers to lto-llvm-a027e7.o(.bss.cmd_data_step) for cmd_data_step
    lto-llvm-a027e7.o(.text.app_update_handle) refers to lto-llvm-a027e7.o(.bss.cmd_data_group_struct) for cmd_data_group_struct
    lto-llvm-a027e7.o(.text.app_update_handle) refers to lto-llvm-a027e7.o(.text.flash_2kb_write) for flash_2kb_write
    lto-llvm-a027e7.o(.text.app_update_handle) refers to lto-llvm-a027e7.o(.text.crm_reset) for crm_reset
    lto-llvm-a027e7.o(.text.app_update_handle) refers to lto-llvm-a027e7.o(.text.app_load) for app_load
    lto-llvm-a027e7.o(.ARM.exidx.text.app_update_handle) refers to lto-llvm-a027e7.o(.text.app_update_handle) for [Anonymous Symbol]
    lto-llvm-a027e7.o(.text.iap_upgrade_app_handle) refers to lto-llvm-a027e7.o(.text.command_handle) for command_handle
    lto-llvm-a027e7.o(.text.iap_upgrade_app_handle) refers to lto-llvm-a027e7.o(.text.app_update_handle) for app_update_handle
    lto-llvm-a027e7.o(.ARM.exidx.text.iap_upgrade_app_handle) refers to lto-llvm-a027e7.o(.text.iap_upgrade_app_handle) for [Anonymous Symbol]
    lto-llvm-a027e7.o(.ARM.exidx.text.crm_reset) refers to lto-llvm-a027e7.o(.text.crm_reset) for [Anonymous Symbol]
    lto-llvm-a027e7.o(.ARM.exidx.text.crm_flag_get) refers to lto-llvm-a027e7.o(.text.crm_flag_get) for [Anonymous Symbol]
    lto-llvm-a027e7.o(.ARM.exidx.text.crm_periph_clock_enable) refers to lto-llvm-a027e7.o(.text.crm_periph_clock_enable) for [Anonymous Symbol]
    lto-llvm-a027e7.o(.ARM.exidx.text.crm_clock_source_enable) refers to lto-llvm-a027e7.o(.text.crm_clock_source_enable) for [Anonymous Symbol]
    lto-llvm-a027e7.o(.ARM.exidx.text.crm_ahb_div_set) refers to lto-llvm-a027e7.o(.text.crm_ahb_div_set) for [Anonymous Symbol]
    lto-llvm-a027e7.o(.ARM.exidx.text.crm_apb1_div_set) refers to lto-llvm-a027e7.o(.text.crm_apb1_div_set) for [Anonymous Symbol]
    lto-llvm-a027e7.o(.ARM.exidx.text.crm_apb2_div_set) refers to lto-llvm-a027e7.o(.text.crm_apb2_div_set) for [Anonymous Symbol]
    lto-llvm-a027e7.o(.ARM.exidx.text.crm_pll_config) refers to lto-llvm-a027e7.o(.text.crm_pll_config) for [Anonymous Symbol]
    lto-llvm-a027e7.o(.ARM.exidx.text.crm_sysclk_switch) refers to lto-llvm-a027e7.o(.text.crm_sysclk_switch) for [Anonymous Symbol]
    lto-llvm-a027e7.o(.ARM.exidx.text.crm_sysclk_switch_status_get) refers to lto-llvm-a027e7.o(.text.crm_sysclk_switch_status_get) for [Anonymous Symbol]
    lto-llvm-a027e7.o(.text.crm_clocks_freq_get) refers to lto-llvm-a027e7.o(.text.crm_sysclk_switch_status_get) for crm_sysclk_switch_status_get
    lto-llvm-a027e7.o(.text.crm_clocks_freq_get) refers to uldiv.o(.text) for __aeabi_uldivmod
    lto-llvm-a027e7.o(.text.crm_clocks_freq_get) refers to lto-llvm-a027e7.o(.rodata.cst16) for system_core_clock_update.sys_ahb_div_table
    lto-llvm-a027e7.o(.text.crm_clocks_freq_get) refers to lto-llvm-a027e7.o(.rodata.cst8) for crm_clocks_freq_get.ahb_apb2_div_table
    lto-llvm-a027e7.o(.ARM.exidx.text.crm_clocks_freq_get) refers to lto-llvm-a027e7.o(.text.crm_clocks_freq_get) for [Anonymous Symbol]
    lto-llvm-a027e7.o(.ARM.exidx.text.crm_auto_step_mode_enable) refers to lto-llvm-a027e7.o(.text.crm_auto_step_mode_enable) for [Anonymous Symbol]
    lto-llvm-a027e7.o(.ARM.exidx.text.tmr_counter_enable) refers to lto-llvm-a027e7.o(.text.tmr_counter_enable) for [Anonymous Symbol]
    lto-llvm-a027e7.o(.ARM.exidx.text.tmr_base_init) refers to lto-llvm-a027e7.o(.text.tmr_base_init) for [Anonymous Symbol]
    lto-llvm-a027e7.o(.ARM.exidx.text.tmr_clock_source_div_set) refers to lto-llvm-a027e7.o(.text.tmr_clock_source_div_set) for [Anonymous Symbol]
    lto-llvm-a027e7.o(.ARM.exidx.text.tmr_cnt_dir_set) refers to lto-llvm-a027e7.o(.text.tmr_cnt_dir_set) for [Anonymous Symbol]
    lto-llvm-a027e7.o(.ARM.exidx.text.tmr_period_buffer_enable) refers to lto-llvm-a027e7.o(.text.tmr_period_buffer_enable) for [Anonymous Symbol]
    lto-llvm-a027e7.o(.ARM.exidx.text.tmr_primary_mode_select) refers to lto-llvm-a027e7.o(.text.tmr_primary_mode_select) for [Anonymous Symbol]
    lto-llvm-a027e7.o(.ARM.exidx.text.tmr_sub_sync_mode_set) refers to lto-llvm-a027e7.o(.text.tmr_sub_sync_mode_set) for [Anonymous Symbol]
    lto-llvm-a027e7.o(.ARM.exidx.text.tmr_interrupt_flag_get) refers to lto-llvm-a027e7.o(.text.tmr_interrupt_flag_get) for [Anonymous Symbol]
    lto-llvm-a027e7.o(.ARM.exidx.text.tmr_flag_clear) refers to lto-llvm-a027e7.o(.text.tmr_flag_clear) for [Anonymous Symbol]
    lto-llvm-a027e7.o(.ARM.exidx.text.gpio_init) refers to lto-llvm-a027e7.o(.text.gpio_init) for [Anonymous Symbol]
    lto-llvm-a027e7.o(.ARM.exidx.text.gpio_default_para_init) refers to lto-llvm-a027e7.o(.text.gpio_default_para_init) for [Anonymous Symbol]
    lto-llvm-a027e7.o(.ARM.exidx.text.gpio_pin_mux_config) refers to lto-llvm-a027e7.o(.text.gpio_pin_mux_config) for [Anonymous Symbol]
    lto-llvm-a027e7.o(.text.usart_init) refers to lto-llvm-a027e7.o(.text.crm_clocks_freq_get) for crm_clocks_freq_get
    lto-llvm-a027e7.o(.ARM.exidx.text.usart_init) refers to lto-llvm-a027e7.o(.text.usart_init) for [Anonymous Symbol]
    lto-llvm-a027e7.o(.ARM.exidx.text.usart_parity_selection_config) refers to lto-llvm-a027e7.o(.text.usart_parity_selection_config) for [Anonymous Symbol]
    lto-llvm-a027e7.o(.ARM.exidx.text.usart_enable) refers to lto-llvm-a027e7.o(.text.usart_enable) for [Anonymous Symbol]
    lto-llvm-a027e7.o(.ARM.exidx.text.usart_transmitter_enable) refers to lto-llvm-a027e7.o(.text.usart_transmitter_enable) for [Anonymous Symbol]
    lto-llvm-a027e7.o(.ARM.exidx.text.usart_receiver_enable) refers to lto-llvm-a027e7.o(.text.usart_receiver_enable) for [Anonymous Symbol]
    lto-llvm-a027e7.o(.ARM.exidx.text.usart_interrupt_enable) refers to lto-llvm-a027e7.o(.text.usart_interrupt_enable) for [Anonymous Symbol]
    lto-llvm-a027e7.o(.ARM.exidx.text.usart_data_transmit) refers to lto-llvm-a027e7.o(.text.usart_data_transmit) for [Anonymous Symbol]
    lto-llvm-a027e7.o(.ARM.exidx.text.usart_data_receive) refers to lto-llvm-a027e7.o(.text.usart_data_receive) for [Anonymous Symbol]
    lto-llvm-a027e7.o(.ARM.exidx.text.usart_hardware_flow_control_set) refers to lto-llvm-a027e7.o(.text.usart_hardware_flow_control_set) for [Anonymous Symbol]
    lto-llvm-a027e7.o(.ARM.exidx.text.usart_flag_get) refers to lto-llvm-a027e7.o(.text.usart_flag_get) for [Anonymous Symbol]
    lto-llvm-a027e7.o(.ARM.exidx.text.usart_interrupt_flag_get) refers to lto-llvm-a027e7.o(.text.usart_interrupt_flag_get) for [Anonymous Symbol]
    lto-llvm-a027e7.o(.ARM.exidx.text.flash_operation_status_get) refers to lto-llvm-a027e7.o(.text.flash_operation_status_get) for [Anonymous Symbol]
    lto-llvm-a027e7.o(.text.flash_operation_wait_for) refers to lto-llvm-a027e7.o(.text.flash_operation_status_get) for flash_operation_status_get
    lto-llvm-a027e7.o(.ARM.exidx.text.flash_operation_wait_for) refers to lto-llvm-a027e7.o(.text.flash_operation_wait_for) for [Anonymous Symbol]
    lto-llvm-a027e7.o(.ARM.exidx.text.flash_unlock) refers to lto-llvm-a027e7.o(.text.flash_unlock) for [Anonymous Symbol]
    lto-llvm-a027e7.o(.ARM.exidx.text.flash_lock) refers to lto-llvm-a027e7.o(.text.flash_lock) for [Anonymous Symbol]
    lto-llvm-a027e7.o(.text.flash_sector_erase) refers to lto-llvm-a027e7.o(.text.flash_operation_wait_for) for flash_operation_wait_for
    lto-llvm-a027e7.o(.ARM.exidx.text.flash_sector_erase) refers to lto-llvm-a027e7.o(.text.flash_sector_erase) for [Anonymous Symbol]
    lto-llvm-a027e7.o(.text.flash_halfword_program) refers to lto-llvm-a027e7.o(.text.flash_operation_wait_for) for flash_operation_wait_for
    lto-llvm-a027e7.o(.ARM.exidx.text.flash_halfword_program) refers to lto-llvm-a027e7.o(.text.flash_halfword_program) for [Anonymous Symbol]
    lto-llvm-a027e7.o(.text.nvic_irq_enable) refers to lto-llvm-a027e7.o(.text.__NVIC_GetPriorityGrouping.99) for __NVIC_GetPriorityGrouping.99
    lto-llvm-a027e7.o(.text.nvic_irq_enable) refers to lto-llvm-a027e7.o(.text.NVIC_EncodePriority.100) for NVIC_EncodePriority.100
    lto-llvm-a027e7.o(.text.nvic_irq_enable) refers to lto-llvm-a027e7.o(.text.__NVIC_SetPriority.101) for __NVIC_SetPriority.101
    lto-llvm-a027e7.o(.text.nvic_irq_enable) refers to lto-llvm-a027e7.o(.text.__NVIC_EnableIRQ) for __NVIC_EnableIRQ
    lto-llvm-a027e7.o(.ARM.exidx.text.nvic_irq_enable) refers to lto-llvm-a027e7.o(.text.nvic_irq_enable) for [Anonymous Symbol]
    lto-llvm-a027e7.o(.ARM.exidx.text.__NVIC_GetPriorityGrouping.99) refers to lto-llvm-a027e7.o(.text.__NVIC_GetPriorityGrouping.99) for [Anonymous Symbol]
    lto-llvm-a027e7.o(.ARM.exidx.text.NVIC_EncodePriority.100) refers to lto-llvm-a027e7.o(.text.NVIC_EncodePriority.100) for [Anonymous Symbol]
    lto-llvm-a027e7.o(.ARM.exidx.text.__NVIC_SetPriority.101) refers to lto-llvm-a027e7.o(.text.__NVIC_SetPriority.101) for [Anonymous Symbol]
    lto-llvm-a027e7.o(.ARM.exidx.text.__NVIC_EnableIRQ) refers to lto-llvm-a027e7.o(.text.__NVIC_EnableIRQ) for [Anonymous Symbol]
    lto-llvm-a027e7.o(.text.nvic_irq_disable) refers to lto-llvm-a027e7.o(.text.__NVIC_DisableIRQ) for __NVIC_DisableIRQ
    lto-llvm-a027e7.o(.ARM.exidx.text.nvic_irq_disable) refers to lto-llvm-a027e7.o(.text.nvic_irq_disable) for [Anonymous Symbol]
    lto-llvm-a027e7.o(.ARM.exidx.text.__NVIC_DisableIRQ) refers to lto-llvm-a027e7.o(.text.__NVIC_DisableIRQ) for [Anonymous Symbol]
    lto-llvm-a027e7.o(.text.nvic_priority_group_config) refers to lto-llvm-a027e7.o(.text.__NVIC_SetPriorityGrouping) for __NVIC_SetPriorityGrouping
    lto-llvm-a027e7.o(.ARM.exidx.text.nvic_priority_group_config) refers to lto-llvm-a027e7.o(.text.nvic_priority_group_config) for [Anonymous Symbol]
    lto-llvm-a027e7.o(.ARM.exidx.text.__NVIC_SetPriorityGrouping) refers to lto-llvm-a027e7.o(.text.__NVIC_SetPriorityGrouping) for [Anonymous Symbol]
    lto-llvm-a027e7.o(.ARM.exidx.text.SystemInit) refers to lto-llvm-a027e7.o(.text.SystemInit) for [Anonymous Symbol]
    lto-llvm-a027e7.o(.text.system_core_clock_update) refers to lto-llvm-a027e7.o(.text.crm_sysclk_switch_status_get) for crm_sysclk_switch_status_get
    lto-llvm-a027e7.o(.text.system_core_clock_update) refers to lto-llvm-a027e7.o(.data.system_core_clock) for system_core_clock
    lto-llvm-a027e7.o(.text.system_core_clock_update) refers to uldiv.o(.text) for __aeabi_uldivmod
    lto-llvm-a027e7.o(.text.system_core_clock_update) refers to lto-llvm-a027e7.o(.rodata.cst16) for system_core_clock_update.sys_ahb_div_table
    lto-llvm-a027e7.o(.ARM.exidx.text.system_core_clock_update) refers to lto-llvm-a027e7.o(.text.system_core_clock_update) for [Anonymous Symbol]
    uldiv.o(.text) refers to llushr.o(.text) for __aeabi_llsr
    uldiv.o(.text) refers to llshl.o(.text) for __aeabi_llsl


==============================================================================

Removing Unused input sections from the image.

    Removing startup_at32f421.o(HEAP), (512 bytes).
    Removing lto-llvm-a027e7.o(.text), (0 bytes).
    Removing lto-llvm-a027e7.o(.ARM.exidx.text.NMI_Handler), (8 bytes).
    Removing lto-llvm-a027e7.o(.ARM.exidx.text.HardFault_Handler), (8 bytes).
    Removing lto-llvm-a027e7.o(.ARM.exidx.text.MemManage_Handler), (8 bytes).
    Removing lto-llvm-a027e7.o(.ARM.exidx.text.BusFault_Handler), (8 bytes).
    Removing lto-llvm-a027e7.o(.ARM.exidx.text.UsageFault_Handler), (8 bytes).
    Removing lto-llvm-a027e7.o(.ARM.exidx.text.SVC_Handler), (8 bytes).
    Removing lto-llvm-a027e7.o(.ARM.exidx.text.DebugMon_Handler), (8 bytes).
    Removing lto-llvm-a027e7.o(.ARM.exidx.text.PendSV_Handler), (8 bytes).
    Removing lto-llvm-a027e7.o(.ARM.exidx.text.SysTick_Handler), (8 bytes).
    Removing lto-llvm-a027e7.o(.ARM.exidx.text.TMR3_GLOBAL_IRQHandler), (8 bytes).
    Removing lto-llvm-a027e7.o(.ARM.exidx.text.USART1_IRQHandler), (8 bytes).
    Removing lto-llvm-a027e7.o(.ARM.exidx.text.wk_system_clock_config), (8 bytes).
    Removing lto-llvm-a027e7.o(.ARM.exidx.text.wk_periph_clock_config), (8 bytes).
    Removing lto-llvm-a027e7.o(.ARM.exidx.text.wk_nvic_config), (8 bytes).
    Removing lto-llvm-a027e7.o(.ARM.exidx.text.__NVIC_GetPriorityGrouping), (8 bytes).
    Removing lto-llvm-a027e7.o(.ARM.exidx.text.NVIC_EncodePriority), (8 bytes).
    Removing lto-llvm-a027e7.o(.ARM.exidx.text.__NVIC_SetPriority), (8 bytes).
    Removing lto-llvm-a027e7.o(.ARM.exidx.text.main), (8 bytes).
    Removing lto-llvm-a027e7.o(.ARM.exidx.text.wk_tmr3_init), (8 bytes).
    Removing lto-llvm-a027e7.o(.ARM.exidx.text.wk_usart1_init), (8 bytes).
    Removing lto-llvm-a027e7.o(.ARM.exidx.text.flash_2kb_write), (8 bytes).
    Removing lto-llvm-a027e7.o(.ARM.exidx.text.flash_upgrade_flag_read), (8 bytes).
    Removing lto-llvm-a027e7.o(.ARM.exidx.text.app_load), (8 bytes).
    Removing lto-llvm-a027e7.o(.ARM.exidx.text.__NVIC_ClearPendingIRQ), (8 bytes).
    Removing lto-llvm-a027e7.o(.ARM.exidx.text.data_take), (8 bytes).
    Removing lto-llvm-a027e7.o(.ARM.exidx.text.command_handle), (8 bytes).
    Removing lto-llvm-a027e7.o(.ARM.exidx.text.back_ok), (8 bytes).
    Removing lto-llvm-a027e7.o(.ARM.exidx.text.back_err), (8 bytes).
    Removing lto-llvm-a027e7.o(.ARM.exidx.text.app_update_handle), (8 bytes).
    Removing lto-llvm-a027e7.o(.ARM.exidx.text.iap_upgrade_app_handle), (8 bytes).
    Removing lto-llvm-a027e7.o(.ARM.exidx.text.crm_reset), (8 bytes).
    Removing lto-llvm-a027e7.o(.ARM.exidx.text.crm_flag_get), (8 bytes).
    Removing lto-llvm-a027e7.o(.ARM.exidx.text.crm_periph_clock_enable), (8 bytes).
    Removing lto-llvm-a027e7.o(.ARM.exidx.text.crm_clock_source_enable), (8 bytes).
    Removing lto-llvm-a027e7.o(.ARM.exidx.text.crm_ahb_div_set), (8 bytes).
    Removing lto-llvm-a027e7.o(.ARM.exidx.text.crm_apb1_div_set), (8 bytes).
    Removing lto-llvm-a027e7.o(.ARM.exidx.text.crm_apb2_div_set), (8 bytes).
    Removing lto-llvm-a027e7.o(.ARM.exidx.text.crm_pll_config), (8 bytes).
    Removing lto-llvm-a027e7.o(.ARM.exidx.text.crm_sysclk_switch), (8 bytes).
    Removing lto-llvm-a027e7.o(.ARM.exidx.text.crm_sysclk_switch_status_get), (8 bytes).
    Removing lto-llvm-a027e7.o(.ARM.exidx.text.crm_clocks_freq_get), (8 bytes).
    Removing lto-llvm-a027e7.o(.ARM.exidx.text.crm_auto_step_mode_enable), (8 bytes).
    Removing lto-llvm-a027e7.o(.ARM.exidx.text.tmr_counter_enable), (8 bytes).
    Removing lto-llvm-a027e7.o(.ARM.exidx.text.tmr_base_init), (8 bytes).
    Removing lto-llvm-a027e7.o(.ARM.exidx.text.tmr_clock_source_div_set), (8 bytes).
    Removing lto-llvm-a027e7.o(.ARM.exidx.text.tmr_cnt_dir_set), (8 bytes).
    Removing lto-llvm-a027e7.o(.ARM.exidx.text.tmr_period_buffer_enable), (8 bytes).
    Removing lto-llvm-a027e7.o(.ARM.exidx.text.tmr_primary_mode_select), (8 bytes).
    Removing lto-llvm-a027e7.o(.ARM.exidx.text.tmr_sub_sync_mode_set), (8 bytes).
    Removing lto-llvm-a027e7.o(.ARM.exidx.text.tmr_interrupt_flag_get), (8 bytes).
    Removing lto-llvm-a027e7.o(.ARM.exidx.text.tmr_flag_clear), (8 bytes).
    Removing lto-llvm-a027e7.o(.ARM.exidx.text.gpio_init), (8 bytes).
    Removing lto-llvm-a027e7.o(.ARM.exidx.text.gpio_default_para_init), (8 bytes).
    Removing lto-llvm-a027e7.o(.ARM.exidx.text.gpio_pin_mux_config), (8 bytes).
    Removing lto-llvm-a027e7.o(.ARM.exidx.text.usart_init), (8 bytes).
    Removing lto-llvm-a027e7.o(.ARM.exidx.text.usart_parity_selection_config), (8 bytes).
    Removing lto-llvm-a027e7.o(.ARM.exidx.text.usart_enable), (8 bytes).
    Removing lto-llvm-a027e7.o(.ARM.exidx.text.usart_transmitter_enable), (8 bytes).
    Removing lto-llvm-a027e7.o(.ARM.exidx.text.usart_receiver_enable), (8 bytes).
    Removing lto-llvm-a027e7.o(.ARM.exidx.text.usart_interrupt_enable), (8 bytes).
    Removing lto-llvm-a027e7.o(.ARM.exidx.text.usart_data_transmit), (8 bytes).
    Removing lto-llvm-a027e7.o(.ARM.exidx.text.usart_data_receive), (8 bytes).
    Removing lto-llvm-a027e7.o(.ARM.exidx.text.usart_hardware_flow_control_set), (8 bytes).
    Removing lto-llvm-a027e7.o(.ARM.exidx.text.usart_flag_get), (8 bytes).
    Removing lto-llvm-a027e7.o(.ARM.exidx.text.usart_interrupt_flag_get), (8 bytes).
    Removing lto-llvm-a027e7.o(.ARM.exidx.text.flash_operation_status_get), (8 bytes).
    Removing lto-llvm-a027e7.o(.ARM.exidx.text.flash_operation_wait_for), (8 bytes).
    Removing lto-llvm-a027e7.o(.ARM.exidx.text.flash_unlock), (8 bytes).
    Removing lto-llvm-a027e7.o(.ARM.exidx.text.flash_lock), (8 bytes).
    Removing lto-llvm-a027e7.o(.ARM.exidx.text.flash_sector_erase), (8 bytes).
    Removing lto-llvm-a027e7.o(.ARM.exidx.text.flash_halfword_program), (8 bytes).
    Removing lto-llvm-a027e7.o(.ARM.exidx.text.nvic_irq_enable), (8 bytes).
    Removing lto-llvm-a027e7.o(.ARM.exidx.text.__NVIC_GetPriorityGrouping.99), (8 bytes).
    Removing lto-llvm-a027e7.o(.ARM.exidx.text.NVIC_EncodePriority.100), (8 bytes).
    Removing lto-llvm-a027e7.o(.ARM.exidx.text.__NVIC_SetPriority.101), (8 bytes).
    Removing lto-llvm-a027e7.o(.ARM.exidx.text.__NVIC_EnableIRQ), (8 bytes).
    Removing lto-llvm-a027e7.o(.ARM.exidx.text.nvic_irq_disable), (8 bytes).
    Removing lto-llvm-a027e7.o(.ARM.exidx.text.__NVIC_DisableIRQ), (8 bytes).
    Removing lto-llvm-a027e7.o(.ARM.exidx.text.nvic_priority_group_config), (8 bytes).
    Removing lto-llvm-a027e7.o(.ARM.exidx.text.__NVIC_SetPriorityGrouping), (8 bytes).
    Removing lto-llvm-a027e7.o(.ARM.exidx.text.SystemInit), (8 bytes).
    Removing lto-llvm-a027e7.o(.ARM.exidx.text.system_core_clock_update), (8 bytes).
    Removing lto-llvm-a027e7.o(.ARM.use_no_argv), (4 bytes).

85 unused section(s) (total 1172 bytes) removed from the image.

==============================================================================

Image Symbol Table

    Local Symbols

    Symbol Name                              Value     Ov Type        Size  Object(Section)

    ../clib/microlib/division.c              0x00000000   Number         0  uldiv.o ABSOLUTE
    ../clib/microlib/init/entry.s            0x00000000   Number         0  entry.o ABSOLUTE
    ../clib/microlib/init/entry.s            0x00000000   Number         0  entry2.o ABSOLUTE
    ../clib/microlib/init/entry.s            0x00000000   Number         0  entry5.o ABSOLUTE
    ../clib/microlib/init/entry.s            0x00000000   Number         0  entry7a.o ABSOLUTE
    ../clib/microlib/init/entry.s            0x00000000   Number         0  entry7b.o ABSOLUTE
    ../clib/microlib/init/entry.s            0x00000000   Number         0  entry8a.o ABSOLUTE
    ../clib/microlib/init/entry.s            0x00000000   Number         0  entry8b.o ABSOLUTE
    ../clib/microlib/init/entry.s            0x00000000   Number         0  entry9a.o ABSOLUTE
    ../clib/microlib/init/entry.s            0x00000000   Number         0  entry9b.o ABSOLUTE
    ../clib/microlib/init/entry.s            0x00000000   Number         0  entry10a.o ABSOLUTE
    ../clib/microlib/init/entry.s            0x00000000   Number         0  entry10b.o ABSOLUTE
    ../clib/microlib/init/entry.s            0x00000000   Number         0  entry11a.o ABSOLUTE
    ../clib/microlib/init/entry.s            0x00000000   Number         0  entry11b.o ABSOLUTE
    ../clib/microlib/longlong.c              0x00000000   Number         0  llshl.o ABSOLUTE
    ../clib/microlib/longlong.c              0x00000000   Number         0  llushr.o ABSOLUTE
    dc.s                                     0x00000000   Number         0  dc.o ABSOLUTE
    handlers.s                               0x00000000   Number         0  handlers.o ABSOLUTE
    init.s                                   0x00000000   Number         0  init.o ABSOLUTE
    ld-temp.o                                0x00000000   Number         0  lto-llvm-a027e7.o ABSOLUTE
    startup_at32f421.s                       0x00000000   Number         0  startup_at32f421.o ABSOLUTE
    RESET                                    0x08000000   Section      204  startup_at32f421.o(RESET)
    .ARM.Collect$$$$00000000                 0x080000cc   Section        0  entry.o(.ARM.Collect$$$$00000000)
    .ARM.Collect$$$$00000001                 0x080000cc   Section        4  entry2.o(.ARM.Collect$$$$00000001)
    .ARM.Collect$$$$00000004                 0x080000d0   Section        4  entry5.o(.ARM.Collect$$$$00000004)
    .ARM.Collect$$$$00000008                 0x080000d4   Section        0  entry7b.o(.ARM.Collect$$$$00000008)
    .ARM.Collect$$$$0000000A                 0x080000d4   Section        0  entry8b.o(.ARM.Collect$$$$0000000A)
    .ARM.Collect$$$$0000000B                 0x080000d4   Section        8  entry9a.o(.ARM.Collect$$$$0000000B)
    __lit__00000000                          0x080000dc   Data           4  entry2.o(.ARM.Collect$$$$00002712)
    .ARM.Collect$$$$0000000D                 0x080000dc   Section        0  entry10a.o(.ARM.Collect$$$$0000000D)
    .ARM.Collect$$$$0000000F                 0x080000dc   Section        0  entry11a.o(.ARM.Collect$$$$0000000F)
    .ARM.Collect$$$$00002712                 0x080000dc   Section        4  entry2.o(.ARM.Collect$$$$00002712)
    .text                                    0x080000e0   Section       36  startup_at32f421.o(.text)
    .text                                    0x08000104   Section       48  init.o(.text)
    .text                                    0x08000134   Section        0  uldiv.o(.text)
    .text                                    0x08000196   Section        0  llshl.o(.text)
    .text                                    0x080001b4   Section        0  llushr.o(.text)
    [Anonymous Symbol]                       0x080001d4   Section        0  lto-llvm-a027e7.o(.text.BusFault_Handler)
    [Anonymous Symbol]                       0x080001d8   Section        0  lto-llvm-a027e7.o(.text.DebugMon_Handler)
    [Anonymous Symbol]                       0x080001dc   Section        0  lto-llvm-a027e7.o(.text.HardFault_Handler)
    [Anonymous Symbol]                       0x080001e0   Section        0  lto-llvm-a027e7.o(.text.MemManage_Handler)
    [Anonymous Symbol]                       0x080001e4   Section        0  lto-llvm-a027e7.o(.text.NMI_Handler)
    NVIC_EncodePriority                      0x080001e9   Thumb Code   100  lto-llvm-a027e7.o(.text.NVIC_EncodePriority)
    [Anonymous Symbol]                       0x080001e8   Section        0  lto-llvm-a027e7.o(.text.NVIC_EncodePriority)
    NVIC_EncodePriority.100                  0x0800024d   Thumb Code    98  lto-llvm-a027e7.o(.text.NVIC_EncodePriority.100)
    [Anonymous Symbol]                       0x0800024c   Section        0  lto-llvm-a027e7.o(.text.NVIC_EncodePriority.100)
    [Anonymous Symbol]                       0x080002b0   Section        0  lto-llvm-a027e7.o(.text.PendSV_Handler)
    [Anonymous Symbol]                       0x080002b4   Section        0  lto-llvm-a027e7.o(.text.SVC_Handler)
    [Anonymous Symbol]                       0x080002b8   Section        0  lto-llvm-a027e7.o(.text.SysTick_Handler)
    [Anonymous Symbol]                       0x080002bc   Section        0  lto-llvm-a027e7.o(.text.SystemInit)
    [Anonymous Symbol]                       0x08000368   Section        0  lto-llvm-a027e7.o(.text.TMR3_GLOBAL_IRQHandler)
    [Anonymous Symbol]                       0x080003d8   Section        0  lto-llvm-a027e7.o(.text.USART1_IRQHandler)
    [Anonymous Symbol]                       0x0800046c   Section        0  lto-llvm-a027e7.o(.text.UsageFault_Handler)
    __NVIC_ClearPendingIRQ                   0x08000471   Thumb Code    50  lto-llvm-a027e7.o(.text.__NVIC_ClearPendingIRQ)
    [Anonymous Symbol]                       0x08000470   Section        0  lto-llvm-a027e7.o(.text.__NVIC_ClearPendingIRQ)
    __NVIC_DisableIRQ                        0x080004a5   Thumb Code    58  lto-llvm-a027e7.o(.text.__NVIC_DisableIRQ)
    [Anonymous Symbol]                       0x080004a4   Section        0  lto-llvm-a027e7.o(.text.__NVIC_DisableIRQ)
    __NVIC_EnableIRQ                         0x080004e1   Thumb Code    50  lto-llvm-a027e7.o(.text.__NVIC_EnableIRQ)
    [Anonymous Symbol]                       0x080004e0   Section        0  lto-llvm-a027e7.o(.text.__NVIC_EnableIRQ)
    __NVIC_GetPriorityGrouping               0x08000515   Thumb Code    16  lto-llvm-a027e7.o(.text.__NVIC_GetPriorityGrouping)
    [Anonymous Symbol]                       0x08000514   Section        0  lto-llvm-a027e7.o(.text.__NVIC_GetPriorityGrouping)
    __NVIC_GetPriorityGrouping.99            0x08000525   Thumb Code    16  lto-llvm-a027e7.o(.text.__NVIC_GetPriorityGrouping.99)
    [Anonymous Symbol]                       0x08000524   Section        0  lto-llvm-a027e7.o(.text.__NVIC_GetPriorityGrouping.99)
    __NVIC_SetPriority                       0x08000535   Thumb Code    66  lto-llvm-a027e7.o(.text.__NVIC_SetPriority)
    [Anonymous Symbol]                       0x08000534   Section        0  lto-llvm-a027e7.o(.text.__NVIC_SetPriority)
    __NVIC_SetPriority.101                   0x08000579   Thumb Code    66  lto-llvm-a027e7.o(.text.__NVIC_SetPriority.101)
    [Anonymous Symbol]                       0x08000578   Section        0  lto-llvm-a027e7.o(.text.__NVIC_SetPriority.101)
    __NVIC_SetPriorityGrouping               0x080005bd   Thumb Code    60  lto-llvm-a027e7.o(.text.__NVIC_SetPriorityGrouping)
    [Anonymous Symbol]                       0x080005bc   Section        0  lto-llvm-a027e7.o(.text.__NVIC_SetPriorityGrouping)
    app_load                                 0x080005f9   Thumb Code   126  lto-llvm-a027e7.o(.text.app_load)
    [Anonymous Symbol]                       0x080005f8   Section        0  lto-llvm-a027e7.o(.text.app_load)
    app_update_handle                        0x08000679   Thumb Code   498  lto-llvm-a027e7.o(.text.app_update_handle)
    [Anonymous Symbol]                       0x08000678   Section        0  lto-llvm-a027e7.o(.text.app_update_handle)
    back_err                                 0x0800086d   Thumb Code   112  lto-llvm-a027e7.o(.text.back_err)
    [Anonymous Symbol]                       0x0800086c   Section        0  lto-llvm-a027e7.o(.text.back_err)
    back_ok                                  0x080008dd   Thumb Code    40  lto-llvm-a027e7.o(.text.back_ok)
    [Anonymous Symbol]                       0x080008dc   Section        0  lto-llvm-a027e7.o(.text.back_ok)
    command_handle                           0x08000905   Thumb Code   750  lto-llvm-a027e7.o(.text.command_handle)
    [Anonymous Symbol]                       0x08000904   Section        0  lto-llvm-a027e7.o(.text.command_handle)
    crm_ahb_div_set                          0x08000bf5   Thumb Code    40  lto-llvm-a027e7.o(.text.crm_ahb_div_set)
    [Anonymous Symbol]                       0x08000bf4   Section        0  lto-llvm-a027e7.o(.text.crm_ahb_div_set)
    crm_apb1_div_set                         0x08000c1d   Thumb Code    40  lto-llvm-a027e7.o(.text.crm_apb1_div_set)
    [Anonymous Symbol]                       0x08000c1c   Section        0  lto-llvm-a027e7.o(.text.crm_apb1_div_set)
    crm_apb2_div_set                         0x08000c45   Thumb Code    40  lto-llvm-a027e7.o(.text.crm_apb2_div_set)
    [Anonymous Symbol]                       0x08000c44   Section        0  lto-llvm-a027e7.o(.text.crm_apb2_div_set)
    crm_auto_step_mode_enable                0x08000c6d   Thumb Code    56  lto-llvm-a027e7.o(.text.crm_auto_step_mode_enable)
    [Anonymous Symbol]                       0x08000c6c   Section        0  lto-llvm-a027e7.o(.text.crm_auto_step_mode_enable)
    crm_clock_source_enable                  0x08000ca5   Thumb Code   162  lto-llvm-a027e7.o(.text.crm_clock_source_enable)
    [Anonymous Symbol]                       0x08000ca4   Section        0  lto-llvm-a027e7.o(.text.crm_clock_source_enable)
    crm_clocks_freq_get                      0x08000d49   Thumb Code   610  lto-llvm-a027e7.o(.text.crm_clocks_freq_get)
    [Anonymous Symbol]                       0x08000d48   Section        0  lto-llvm-a027e7.o(.text.crm_clocks_freq_get)
    crm_flag_get                             0x08000fad   Thumb Code    62  lto-llvm-a027e7.o(.text.crm_flag_get)
    [Anonymous Symbol]                       0x08000fac   Section        0  lto-llvm-a027e7.o(.text.crm_flag_get)
    crm_periph_clock_enable                  0x08000fed   Thumb Code    84  lto-llvm-a027e7.o(.text.crm_periph_clock_enable)
    [Anonymous Symbol]                       0x08000fec   Section        0  lto-llvm-a027e7.o(.text.crm_periph_clock_enable)
    crm_pll_config                           0x08001041   Thumb Code   486  lto-llvm-a027e7.o(.text.crm_pll_config)
    [Anonymous Symbol]                       0x08001040   Section        0  lto-llvm-a027e7.o(.text.crm_pll_config)
    crm_reset                                0x08001229   Thumb Code   156  lto-llvm-a027e7.o(.text.crm_reset)
    [Anonymous Symbol]                       0x08001228   Section        0  lto-llvm-a027e7.o(.text.crm_reset)
    crm_sysclk_switch                        0x080012c5   Thumb Code    72  lto-llvm-a027e7.o(.text.crm_sysclk_switch)
    [Anonymous Symbol]                       0x080012c4   Section        0  lto-llvm-a027e7.o(.text.crm_sysclk_switch)
    crm_sysclk_switch_status_get             0x0800130d   Thumb Code    16  lto-llvm-a027e7.o(.text.crm_sysclk_switch_status_get)
    [Anonymous Symbol]                       0x0800130c   Section        0  lto-llvm-a027e7.o(.text.crm_sysclk_switch_status_get)
    data_take                                0x0800131d   Thumb Code    88  lto-llvm-a027e7.o(.text.data_take)
    [Anonymous Symbol]                       0x0800131c   Section        0  lto-llvm-a027e7.o(.text.data_take)
    flash_2kb_write                          0x08001375   Thumb Code   134  lto-llvm-a027e7.o(.text.flash_2kb_write)
    [Anonymous Symbol]                       0x08001374   Section        0  lto-llvm-a027e7.o(.text.flash_2kb_write)
    flash_halfword_program                   0x080013fd   Thumb Code    64  lto-llvm-a027e7.o(.text.flash_halfword_program)
    [Anonymous Symbol]                       0x080013fc   Section        0  lto-llvm-a027e7.o(.text.flash_halfword_program)
    flash_lock                               0x0800143d   Thumb Code    18  lto-llvm-a027e7.o(.text.flash_lock)
    [Anonymous Symbol]                       0x0800143c   Section        0  lto-llvm-a027e7.o(.text.flash_lock)
    flash_operation_status_get               0x08001451   Thumb Code   104  lto-llvm-a027e7.o(.text.flash_operation_status_get)
    [Anonymous Symbol]                       0x08001450   Section        0  lto-llvm-a027e7.o(.text.flash_operation_status_get)
    flash_operation_wait_for                 0x080014b9   Thumb Code    86  lto-llvm-a027e7.o(.text.flash_operation_wait_for)
    [Anonymous Symbol]                       0x080014b8   Section        0  lto-llvm-a027e7.o(.text.flash_operation_wait_for)
    flash_sector_erase                       0x08001511   Thumb Code    72  lto-llvm-a027e7.o(.text.flash_sector_erase)
    [Anonymous Symbol]                       0x08001510   Section        0  lto-llvm-a027e7.o(.text.flash_sector_erase)
    flash_unlock                             0x08001559   Thumb Code    30  lto-llvm-a027e7.o(.text.flash_unlock)
    [Anonymous Symbol]                       0x08001558   Section        0  lto-llvm-a027e7.o(.text.flash_unlock)
    flash_upgrade_flag_read                  0x08001579   Thumb Code    50  lto-llvm-a027e7.o(.text.flash_upgrade_flag_read)
    [Anonymous Symbol]                       0x08001578   Section        0  lto-llvm-a027e7.o(.text.flash_upgrade_flag_read)
    gpio_default_para_init                   0x080015ad   Thumb Code    36  lto-llvm-a027e7.o(.text.gpio_default_para_init)
    [Anonymous Symbol]                       0x080015ac   Section        0  lto-llvm-a027e7.o(.text.gpio_default_para_init)
    gpio_init                                0x080015d1   Thumb Code   234  lto-llvm-a027e7.o(.text.gpio_init)
    [Anonymous Symbol]                       0x080015d0   Section        0  lto-llvm-a027e7.o(.text.gpio_init)
    gpio_pin_mux_config                      0x080016bd   Thumb Code   146  lto-llvm-a027e7.o(.text.gpio_pin_mux_config)
    [Anonymous Symbol]                       0x080016bc   Section        0  lto-llvm-a027e7.o(.text.gpio_pin_mux_config)
    iap_upgrade_app_handle                   0x08001751   Thumb Code    12  lto-llvm-a027e7.o(.text.iap_upgrade_app_handle)
    [Anonymous Symbol]                       0x08001750   Section        0  lto-llvm-a027e7.o(.text.iap_upgrade_app_handle)
    [Anonymous Symbol]                       0x0800175c   Section        0  lto-llvm-a027e7.o(.text.main)
    nvic_irq_disable                         0x080017b5   Thumb Code    20  lto-llvm-a027e7.o(.text.nvic_irq_disable)
    [Anonymous Symbol]                       0x080017b4   Section        0  lto-llvm-a027e7.o(.text.nvic_irq_disable)
    nvic_irq_enable                          0x080017c9   Thumb Code    52  lto-llvm-a027e7.o(.text.nvic_irq_enable)
    [Anonymous Symbol]                       0x080017c8   Section        0  lto-llvm-a027e7.o(.text.nvic_irq_enable)
    nvic_priority_group_config               0x080017fd   Thumb Code    22  lto-llvm-a027e7.o(.text.nvic_priority_group_config)
    [Anonymous Symbol]                       0x080017fc   Section        0  lto-llvm-a027e7.o(.text.nvic_priority_group_config)
    system_core_clock_update                 0x08001815   Thumb Code   552  lto-llvm-a027e7.o(.text.system_core_clock_update)
    [Anonymous Symbol]                       0x08001814   Section        0  lto-llvm-a027e7.o(.text.system_core_clock_update)
    tmr_base_init                            0x08001a3d   Thumb Code    50  lto-llvm-a027e7.o(.text.tmr_base_init)
    [Anonymous Symbol]                       0x08001a3c   Section        0  lto-llvm-a027e7.o(.text.tmr_base_init)
    tmr_clock_source_div_set                 0x08001a71   Thumb Code    44  lto-llvm-a027e7.o(.text.tmr_clock_source_div_set)
    [Anonymous Symbol]                       0x08001a70   Section        0  lto-llvm-a027e7.o(.text.tmr_clock_source_div_set)
    tmr_cnt_dir_set                          0x08001a9d   Thumb Code    44  lto-llvm-a027e7.o(.text.tmr_cnt_dir_set)
    [Anonymous Symbol]                       0x08001a9c   Section        0  lto-llvm-a027e7.o(.text.tmr_cnt_dir_set)
    tmr_counter_enable                       0x08001ac9   Thumb Code    36  lto-llvm-a027e7.o(.text.tmr_counter_enable)
    [Anonymous Symbol]                       0x08001ac8   Section        0  lto-llvm-a027e7.o(.text.tmr_counter_enable)
    tmr_flag_clear                           0x08001aed   Thumb Code    28  lto-llvm-a027e7.o(.text.tmr_flag_clear)
    [Anonymous Symbol]                       0x08001aec   Section        0  lto-llvm-a027e7.o(.text.tmr_flag_clear)
    tmr_interrupt_flag_get                   0x08001b09   Thumb Code    70  lto-llvm-a027e7.o(.text.tmr_interrupt_flag_get)
    [Anonymous Symbol]                       0x08001b08   Section        0  lto-llvm-a027e7.o(.text.tmr_interrupt_flag_get)
    tmr_period_buffer_enable                 0x08001b51   Thumb Code    44  lto-llvm-a027e7.o(.text.tmr_period_buffer_enable)
    [Anonymous Symbol]                       0x08001b50   Section        0  lto-llvm-a027e7.o(.text.tmr_period_buffer_enable)
    tmr_primary_mode_select                  0x08001b7d   Thumb Code    44  lto-llvm-a027e7.o(.text.tmr_primary_mode_select)
    [Anonymous Symbol]                       0x08001b7c   Section        0  lto-llvm-a027e7.o(.text.tmr_primary_mode_select)
    tmr_sub_sync_mode_set                    0x08001ba9   Thumb Code    44  lto-llvm-a027e7.o(.text.tmr_sub_sync_mode_set)
    [Anonymous Symbol]                       0x08001ba8   Section        0  lto-llvm-a027e7.o(.text.tmr_sub_sync_mode_set)
    usart_data_receive                       0x08001bd5   Thumb Code    22  lto-llvm-a027e7.o(.text.usart_data_receive)
    [Anonymous Symbol]                       0x08001bd4   Section        0  lto-llvm-a027e7.o(.text.usart_data_receive)
    usart_data_transmit                      0x08001bed   Thumb Code    32  lto-llvm-a027e7.o(.text.usart_data_transmit)
    [Anonymous Symbol]                       0x08001bec   Section        0  lto-llvm-a027e7.o(.text.usart_data_transmit)
    usart_enable                             0x08001c0d   Thumb Code    44  lto-llvm-a027e7.o(.text.usart_enable)
    [Anonymous Symbol]                       0x08001c0c   Section        0  lto-llvm-a027e7.o(.text.usart_enable)
    usart_flag_get                           0x08001c39   Thumb Code    52  lto-llvm-a027e7.o(.text.usart_flag_get)
    [Anonymous Symbol]                       0x08001c38   Section        0  lto-llvm-a027e7.o(.text.usart_flag_get)
    usart_hardware_flow_control_set          0x08001c6d   Thumb Code   154  lto-llvm-a027e7.o(.text.usart_hardware_flow_control_set)
    [Anonymous Symbol]                       0x08001c6c   Section        0  lto-llvm-a027e7.o(.text.usart_hardware_flow_control_set)
    usart_init                               0x08001d09   Thumb Code   212  lto-llvm-a027e7.o(.text.usart_init)
    [Anonymous Symbol]                       0x08001d08   Section        0  lto-llvm-a027e7.o(.text.usart_init)
    usart_interrupt_enable                   0x08001ddd   Thumb Code    88  lto-llvm-a027e7.o(.text.usart_interrupt_enable)
    [Anonymous Symbol]                       0x08001ddc   Section        0  lto-llvm-a027e7.o(.text.usart_interrupt_enable)
    usart_interrupt_flag_get                 0x08001e35   Thumb Code   296  lto-llvm-a027e7.o(.text.usart_interrupt_flag_get)
    [Anonymous Symbol]                       0x08001e34   Section        0  lto-llvm-a027e7.o(.text.usart_interrupt_flag_get)
    usart_parity_selection_config            0x08001f5d   Thumb Code   120  lto-llvm-a027e7.o(.text.usart_parity_selection_config)
    [Anonymous Symbol]                       0x08001f5c   Section        0  lto-llvm-a027e7.o(.text.usart_parity_selection_config)
    usart_receiver_enable                    0x08001fd5   Thumb Code    44  lto-llvm-a027e7.o(.text.usart_receiver_enable)
    [Anonymous Symbol]                       0x08001fd4   Section        0  lto-llvm-a027e7.o(.text.usart_receiver_enable)
    usart_transmitter_enable                 0x08002001   Thumb Code    44  lto-llvm-a027e7.o(.text.usart_transmitter_enable)
    [Anonymous Symbol]                       0x08002000   Section        0  lto-llvm-a027e7.o(.text.usart_transmitter_enable)
    wk_nvic_config                           0x0800202d   Thumb Code   164  lto-llvm-a027e7.o(.text.wk_nvic_config)
    [Anonymous Symbol]                       0x0800202c   Section        0  lto-llvm-a027e7.o(.text.wk_nvic_config)
    wk_periph_clock_config                   0x080020d1   Thumb Code    40  lto-llvm-a027e7.o(.text.wk_periph_clock_config)
    [Anonymous Symbol]                       0x080020d0   Section        0  lto-llvm-a027e7.o(.text.wk_periph_clock_config)
    wk_system_clock_config                   0x080020f9   Thumb Code   142  lto-llvm-a027e7.o(.text.wk_system_clock_config)
    [Anonymous Symbol]                       0x080020f8   Section        0  lto-llvm-a027e7.o(.text.wk_system_clock_config)
    wk_tmr3_init                             0x08002189   Thumb Code    32  lto-llvm-a027e7.o(.text.wk_tmr3_init)
    [Anonymous Symbol]                       0x08002188   Section        0  lto-llvm-a027e7.o(.text.wk_tmr3_init)
    wk_usart1_init                           0x080021a9   Thumb Code   118  lto-llvm-a027e7.o(.text.wk_usart1_init)
    [Anonymous Symbol]                       0x080021a8   Section        0  lto-llvm-a027e7.o(.text.wk_usart1_init)
    i.__scatterload_copy                     0x0800221e   Section       14  handlers.o(i.__scatterload_copy)
    i.__scatterload_null                     0x0800222c   Section        2  handlers.o(i.__scatterload_null)
    i.__scatterload_zeroinit                 0x0800222e   Section       14  handlers.o(i.__scatterload_zeroinit)
    system_core_clock_update.sys_ahb_div_table 0x0800223c   Data          16  lto-llvm-a027e7.o(.rodata.cst16)
    [Anonymous Symbol]                       0x0800223c   Section        0  lto-llvm-a027e7.o(.rodata.cst16)
    crm_clocks_freq_get.ahb_apb2_div_table   0x0800224c   Data           8  lto-llvm-a027e7.o(.rodata.cst8)
    [Anonymous Symbol]                       0x0800224c   Section        0  lto-llvm-a027e7.o(.rodata.cst8)
    crm_clocks_freq_get.adc_div_table        0x08002254   Data           8  lto-llvm-a027e7.o(.rodata.cst8)
    system_core_clock                        0x20000000   Data           4  lto-llvm-a027e7.o(.data.system_core_clock)
    [Anonymous Symbol]                       0x20000000   Section        0  lto-llvm-a027e7.o(.data.system_core_clock)
    cmd_addr_cnt                             0x20000008   Data           1  lto-llvm-a027e7.o(.bss.cmd_addr_cnt)
    [Anonymous Symbol]                       0x20000008   Section        0  lto-llvm-a027e7.o(.bss.cmd_addr_cnt)
    cmd_ctr_step                             0x20000009   Data           1  lto-llvm-a027e7.o(.bss.cmd_ctr_step)
    [Anonymous Symbol]                       0x20000009   Section        0  lto-llvm-a027e7.o(.bss.cmd_ctr_step)
    cmd_data_cnt                             0x2000000c   Data           4  lto-llvm-a027e7.o(.bss.cmd_data_cnt)
    [Anonymous Symbol]                       0x2000000c   Section        0  lto-llvm-a027e7.o(.bss.cmd_data_cnt)
    cmd_data_group_struct                    0x20000010   Data        2054  lto-llvm-a027e7.o(.bss.cmd_data_group_struct)
    [Anonymous Symbol]                       0x20000010   Section        0  lto-llvm-a027e7.o(.bss.cmd_data_group_struct)
    cmd_data_step                            0x20000816   Data           1  lto-llvm-a027e7.o(.bss.cmd_data_step)
    [Anonymous Symbol]                       0x20000816   Section        0  lto-llvm-a027e7.o(.bss.cmd_data_step)
    get_data_from_usart_flag                 0x20000817   Data           1  lto-llvm-a027e7.o(.bss.get_data_from_usart_flag)
    [Anonymous Symbol]                       0x20000817   Section        0  lto-llvm-a027e7.o(.bss.get_data_from_usart_flag)
    jump_to_app                              0x20000818   Data           4  lto-llvm-a027e7.o(.bss.jump_to_app)
    [Anonymous Symbol]                       0x20000818   Section        0  lto-llvm-a027e7.o(.bss.jump_to_app)
    time_ira_cnt                             0x2000081c   Data           1  lto-llvm-a027e7.o(.bss.time_ira_cnt)
    [Anonymous Symbol]                       0x2000081c   Section        0  lto-llvm-a027e7.o(.bss.time_ira_cnt)
    update_status                            0x2000081d   Data           1  lto-llvm-a027e7.o(.bss.update_status)
    [Anonymous Symbol]                       0x2000081d   Section        0  lto-llvm-a027e7.o(.bss.update_status)
    usart_group_struct                       0x2000081e   Data        2054  lto-llvm-a027e7.o(.bss.usart_group_struct)
    [Anonymous Symbol]                       0x2000081e   Section        0  lto-llvm-a027e7.o(.bss.usart_group_struct)
    STACK                                    0x20001028   Section     1024  startup_at32f421.o(STACK)

    Global Symbols

    Symbol Name                              Value     Ov Type        Size  Object(Section)

    BuildAttributes$$THM_ISAv4$E$P$D$K$B$S$7EM$PE$A:L22UL41UL21$X:L11$S22US41US21$IEEE1$IW$~IW$USESV6$~STKCKD$USESV7$~SHL$OSPACE$IEEEF$EBA8$MICROLIB$REQ8$PRES8$EABIv2 0x00000000   Number         0  anon$$obj.o ABSOLUTE
    __cpp_initialize__aeabi_                  - Undefined Weak Reference
    __cxa_finalize                            - Undefined Weak Reference
    __decompress                              - Undefined Weak Reference
    _clock_init                               - Undefined Weak Reference
    _microlib_exit                            - Undefined Weak Reference
    __Vectors_Size                           0x000000cc   Number         0  startup_at32f421.o ABSOLUTE
    __Vectors                                0x08000000   Data           4  startup_at32f421.o(RESET)
    __Vectors_End                            0x080000cc   Data           0  startup_at32f421.o(RESET)
    __main                                   0x080000cd   Thumb Code     0  entry.o(.ARM.Collect$$$$00000000)
    _main_stk                                0x080000cd   Thumb Code     0  entry2.o(.ARM.Collect$$$$00000001)
    _main_scatterload                        0x080000d1   Thumb Code     0  entry5.o(.ARM.Collect$$$$00000004)
    __main_after_scatterload                 0x080000d5   Thumb Code     0  entry5.o(.ARM.Collect$$$$00000004)
    _main_clock                              0x080000d5   Thumb Code     0  entry7b.o(.ARM.Collect$$$$00000008)
    _main_cpp_init                           0x080000d5   Thumb Code     0  entry8b.o(.ARM.Collect$$$$0000000A)
    _main_init                               0x080000d5   Thumb Code     0  entry9a.o(.ARM.Collect$$$$0000000B)
    __rt_final_cpp                           0x080000dd   Thumb Code     0  entry10a.o(.ARM.Collect$$$$0000000D)
    __rt_final_exit                          0x080000dd   Thumb Code     0  entry11a.o(.ARM.Collect$$$$0000000F)
    Reset_Handler                            0x080000e1   Thumb Code     8  startup_at32f421.o(.text)
    ADC1_CMP_IRQHandler                      0x080000fb   Thumb Code     0  startup_at32f421.o(.text)
    CRM_IRQHandler                           0x080000fb   Thumb Code     0  startup_at32f421.o(.text)
    DMA1_Channel1_IRQHandler                 0x080000fb   Thumb Code     0  startup_at32f421.o(.text)
    DMA1_Channel3_2_IRQHandler               0x080000fb   Thumb Code     0  startup_at32f421.o(.text)
    DMA1_Channel5_4_IRQHandler               0x080000fb   Thumb Code     0  startup_at32f421.o(.text)
    ERTC_IRQHandler                          0x080000fb   Thumb Code     0  startup_at32f421.o(.text)
    EXINT15_4_IRQHandler                     0x080000fb   Thumb Code     0  startup_at32f421.o(.text)
    EXINT1_0_IRQHandler                      0x080000fb   Thumb Code     0  startup_at32f421.o(.text)
    EXINT3_2_IRQHandler                      0x080000fb   Thumb Code     0  startup_at32f421.o(.text)
    FLASH_IRQHandler                         0x080000fb   Thumb Code     0  startup_at32f421.o(.text)
    I2C1_ERR_IRQHandler                      0x080000fb   Thumb Code     0  startup_at32f421.o(.text)
    I2C1_EVT_IRQHandler                      0x080000fb   Thumb Code     0  startup_at32f421.o(.text)
    I2C2_ERR_IRQHandler                      0x080000fb   Thumb Code     0  startup_at32f421.o(.text)
    I2C2_EVT_IRQHandler                      0x080000fb   Thumb Code     0  startup_at32f421.o(.text)
    PVM_IRQHandler                           0x080000fb   Thumb Code     0  startup_at32f421.o(.text)
    SPI1_IRQHandler                          0x080000fb   Thumb Code     0  startup_at32f421.o(.text)
    SPI2_IRQHandler                          0x080000fb   Thumb Code     0  startup_at32f421.o(.text)
    TMR14_GLOBAL_IRQHandler                  0x080000fb   Thumb Code     0  startup_at32f421.o(.text)
    TMR15_GLOBAL_IRQHandler                  0x080000fb   Thumb Code     0  startup_at32f421.o(.text)
    TMR16_GLOBAL_IRQHandler                  0x080000fb   Thumb Code     0  startup_at32f421.o(.text)
    TMR17_GLOBAL_IRQHandler                  0x080000fb   Thumb Code     0  startup_at32f421.o(.text)
    TMR1_BRK_OVF_TRG_HALL_IRQHandler         0x080000fb   Thumb Code     0  startup_at32f421.o(.text)
    TMR1_CH_IRQHandler                       0x080000fb   Thumb Code     0  startup_at32f421.o(.text)
    TMR6_GLOBAL_IRQHandler                   0x080000fb   Thumb Code     0  startup_at32f421.o(.text)
    USART2_IRQHandler                        0x080000fb   Thumb Code     0  startup_at32f421.o(.text)
    WWDT_IRQHandler                          0x080000fb   Thumb Code     0  startup_at32f421.o(.text)
    __scatterload                            0x08000105   Thumb Code    38  init.o(.text)
    __scatterload_rt2                        0x08000105   Thumb Code     0  init.o(.text)
    __aeabi_uldivmod                         0x08000135   Thumb Code    98  uldiv.o(.text)
    __aeabi_llsl                             0x08000197   Thumb Code    30  llshl.o(.text)
    _ll_shift_l                              0x08000197   Thumb Code     0  llshl.o(.text)
    __aeabi_llsr                             0x080001b5   Thumb Code    32  llushr.o(.text)
    _ll_ushift_r                             0x080001b5   Thumb Code     0  llushr.o(.text)
    BusFault_Handler                         0x080001d5   Thumb Code     4  lto-llvm-a027e7.o(.text.BusFault_Handler)
    DebugMon_Handler                         0x080001d9   Thumb Code     2  lto-llvm-a027e7.o(.text.DebugMon_Handler)
    HardFault_Handler                        0x080001dd   Thumb Code     4  lto-llvm-a027e7.o(.text.HardFault_Handler)
    MemManage_Handler                        0x080001e1   Thumb Code     4  lto-llvm-a027e7.o(.text.MemManage_Handler)
    NMI_Handler                              0x080001e5   Thumb Code     2  lto-llvm-a027e7.o(.text.NMI_Handler)
    PendSV_Handler                           0x080002b1   Thumb Code     2  lto-llvm-a027e7.o(.text.PendSV_Handler)
    SVC_Handler                              0x080002b5   Thumb Code     2  lto-llvm-a027e7.o(.text.SVC_Handler)
    SysTick_Handler                          0x080002b9   Thumb Code     2  lto-llvm-a027e7.o(.text.SysTick_Handler)
    SystemInit                               0x080002bd   Thumb Code   170  lto-llvm-a027e7.o(.text.SystemInit)
    TMR3_GLOBAL_IRQHandler                   0x08000369   Thumb Code   112  lto-llvm-a027e7.o(.text.TMR3_GLOBAL_IRQHandler)
    USART1_IRQHandler                        0x080003d9   Thumb Code   148  lto-llvm-a027e7.o(.text.USART1_IRQHandler)
    UsageFault_Handler                       0x0800046d   Thumb Code     4  lto-llvm-a027e7.o(.text.UsageFault_Handler)
    main                                     0x0800175d   Thumb Code    88  lto-llvm-a027e7.o(.text.main)
    __scatterload_copy                       0x0800221f   Thumb Code    14  handlers.o(i.__scatterload_copy)
    __scatterload_null                       0x0800222d   Thumb Code     2  handlers.o(i.__scatterload_null)
    __scatterload_zeroinit                   0x0800222f   Thumb Code    14  handlers.o(i.__scatterload_zeroinit)
    Region$$Table$$Base                      0x0800225c   Number         0  anon$$obj.o(Region$$Table)
    Region$$Table$$Limit                     0x0800227c   Number         0  anon$$obj.o(Region$$Table)
    __initial_sp                             0x20001428   Data           0  startup_at32f421.o(STACK)



==============================================================================

Memory Map of the image

  Image Entry point : 0x080000cd

  Load Region LR_IROM1 (Base: 0x08000000, Size: 0x00002288, Max: 0x00004000, ABSOLUTE)

    Execution Region ER_IROM1 (Exec base: 0x08000000, Load base: 0x08000000, Size: 0x0000227c, Max: 0x00004000, ABSOLUTE)

    Exec Addr    Load Addr    Size         Type   Attr      Idx    E Section Name        Object

    0x08000000   0x08000000   0x000000cc   Data   RO           19    RESET               startup_at32f421.o
    0x080000cc   0x080000cc   0x00000000   Code   RO           27  * .ARM.Collect$$$$00000000  mc_w.l(entry.o)
    0x080000cc   0x080000cc   0x00000004   Code   RO           30    .ARM.Collect$$$$00000001  mc_w.l(entry2.o)
    0x080000d0   0x080000d0   0x00000004   Code   RO           33    .ARM.Collect$$$$00000004  mc_w.l(entry5.o)
    0x080000d4   0x080000d4   0x00000000   Code   RO           35    .ARM.Collect$$$$00000008  mc_w.l(entry7b.o)
    0x080000d4   0x080000d4   0x00000000   Code   RO           37    .ARM.Collect$$$$0000000A  mc_w.l(entry8b.o)
    0x080000d4   0x080000d4   0x00000008   Code   RO           38    .ARM.Collect$$$$0000000B  mc_w.l(entry9a.o)
    0x080000dc   0x080000dc   0x00000000   Code   RO           40    .ARM.Collect$$$$0000000D  mc_w.l(entry10a.o)
    0x080000dc   0x080000dc   0x00000000   Code   RO           42    .ARM.Collect$$$$0000000F  mc_w.l(entry11a.o)
    0x080000dc   0x080000dc   0x00000004   Code   RO           31    .ARM.Collect$$$$00002712  mc_w.l(entry2.o)
    0x080000e0   0x080000e0   0x00000024   Code   RO           20    .text               startup_at32f421.o
    0x08000104   0x08000104   0x00000030   Code   RO           44    .text               mc_w.l(init.o)
    0x08000134   0x08000134   0x00000062   Code   RO          231    .text               mc_w.l(uldiv.o)
    0x08000196   0x08000196   0x0000001e   Code   RO          233    .text               mc_w.l(llshl.o)
    0x080001b4   0x080001b4   0x00000020   Code   RO          235    .text               mc_w.l(llushr.o)
    0x080001d4   0x080001d4   0x00000004   Code   RO           53    .text.BusFault_Handler  lto-llvm-a027e7.o
    0x080001d8   0x080001d8   0x00000002   Code   RO           59    .text.DebugMon_Handler  lto-llvm-a027e7.o
    0x080001da   0x080001da   0x00000002   PAD
    0x080001dc   0x080001dc   0x00000004   Code   RO           49    .text.HardFault_Handler  lto-llvm-a027e7.o
    0x080001e0   0x080001e0   0x00000004   Code   RO           51    .text.MemManage_Handler  lto-llvm-a027e7.o
    0x080001e4   0x080001e4   0x00000002   Code   RO           47    .text.NMI_Handler   lto-llvm-a027e7.o
    0x080001e6   0x080001e6   0x00000002   PAD
    0x080001e8   0x080001e8   0x00000064   Code   RO           77    .text.NVIC_EncodePriority  lto-llvm-a027e7.o
    0x0800024c   0x0800024c   0x00000062   Code   RO          193    .text.NVIC_EncodePriority.100  lto-llvm-a027e7.o
    0x080002ae   0x080002ae   0x00000002   PAD
    0x080002b0   0x080002b0   0x00000002   Code   RO           61    .text.PendSV_Handler  lto-llvm-a027e7.o
    0x080002b2   0x080002b2   0x00000002   PAD
    0x080002b4   0x080002b4   0x00000002   Code   RO           57    .text.SVC_Handler   lto-llvm-a027e7.o
    0x080002b6   0x080002b6   0x00000002   PAD
    0x080002b8   0x080002b8   0x00000002   Code   RO           63    .text.SysTick_Handler  lto-llvm-a027e7.o
    0x080002ba   0x080002ba   0x00000002   PAD
    0x080002bc   0x080002bc   0x000000aa   Code   RO          207    .text.SystemInit    lto-llvm-a027e7.o
    0x08000366   0x08000366   0x00000002   PAD
    0x08000368   0x08000368   0x00000070   Code   RO           65    .text.TMR3_GLOBAL_IRQHandler  lto-llvm-a027e7.o
    0x080003d8   0x080003d8   0x00000094   Code   RO           67    .text.USART1_IRQHandler  lto-llvm-a027e7.o
    0x0800046c   0x0800046c   0x00000004   Code   RO           55    .text.UsageFault_Handler  lto-llvm-a027e7.o
    0x08000470   0x08000470   0x00000032   Code   RO           93    .text.__NVIC_ClearPendingIRQ  lto-llvm-a027e7.o
    0x080004a2   0x080004a2   0x00000002   PAD
    0x080004a4   0x080004a4   0x0000003a   Code   RO          201    .text.__NVIC_DisableIRQ  lto-llvm-a027e7.o
    0x080004de   0x080004de   0x00000002   PAD
    0x080004e0   0x080004e0   0x00000032   Code   RO          197    .text.__NVIC_EnableIRQ  lto-llvm-a027e7.o
    0x08000512   0x08000512   0x00000002   PAD
    0x08000514   0x08000514   0x00000010   Code   RO           75    .text.__NVIC_GetPriorityGrouping  lto-llvm-a027e7.o
    0x08000524   0x08000524   0x00000010   Code   RO          191    .text.__NVIC_GetPriorityGrouping.99  lto-llvm-a027e7.o
    0x08000534   0x08000534   0x00000042   Code   RO           79    .text.__NVIC_SetPriority  lto-llvm-a027e7.o
    0x08000576   0x08000576   0x00000002   PAD
    0x08000578   0x08000578   0x00000042   Code   RO          195    .text.__NVIC_SetPriority.101  lto-llvm-a027e7.o
    0x080005ba   0x080005ba   0x00000002   PAD
    0x080005bc   0x080005bc   0x0000003c   Code   RO          205    .text.__NVIC_SetPriorityGrouping  lto-llvm-a027e7.o
    0x080005f8   0x080005f8   0x0000007e   Code   RO           91    .text.app_load      lto-llvm-a027e7.o
    0x08000676   0x08000676   0x00000002   PAD
    0x08000678   0x08000678   0x000001f2   Code   RO          103    .text.app_update_handle  lto-llvm-a027e7.o
    0x0800086a   0x0800086a   0x00000002   PAD
    0x0800086c   0x0800086c   0x00000070   Code   RO          101    .text.back_err      lto-llvm-a027e7.o
    0x080008dc   0x080008dc   0x00000028   Code   RO           99    .text.back_ok       lto-llvm-a027e7.o
    0x08000904   0x08000904   0x000002ee   Code   RO           97    .text.command_handle  lto-llvm-a027e7.o
    0x08000bf2   0x08000bf2   0x00000002   PAD
    0x08000bf4   0x08000bf4   0x00000028   Code   RO          115    .text.crm_ahb_div_set  lto-llvm-a027e7.o
    0x08000c1c   0x08000c1c   0x00000028   Code   RO          117    .text.crm_apb1_div_set  lto-llvm-a027e7.o
    0x08000c44   0x08000c44   0x00000028   Code   RO          119    .text.crm_apb2_div_set  lto-llvm-a027e7.o
    0x08000c6c   0x08000c6c   0x00000038   Code   RO          129    .text.crm_auto_step_mode_enable  lto-llvm-a027e7.o
    0x08000ca4   0x08000ca4   0x000000a2   Code   RO          113    .text.crm_clock_source_enable  lto-llvm-a027e7.o
    0x08000d46   0x08000d46   0x00000002   PAD
    0x08000d48   0x08000d48   0x00000262   Code   RO          127    .text.crm_clocks_freq_get  lto-llvm-a027e7.o
    0x08000faa   0x08000faa   0x00000002   PAD
    0x08000fac   0x08000fac   0x0000003e   Code   RO          109    .text.crm_flag_get  lto-llvm-a027e7.o
    0x08000fea   0x08000fea   0x00000002   PAD
    0x08000fec   0x08000fec   0x00000054   Code   RO          111    .text.crm_periph_clock_enable  lto-llvm-a027e7.o
    0x08001040   0x08001040   0x000001e6   Code   RO          121    .text.crm_pll_config  lto-llvm-a027e7.o
    0x08001226   0x08001226   0x00000002   PAD
    0x08001228   0x08001228   0x0000009c   Code   RO          107    .text.crm_reset     lto-llvm-a027e7.o
    0x080012c4   0x080012c4   0x00000048   Code   RO          123    .text.crm_sysclk_switch  lto-llvm-a027e7.o
    0x0800130c   0x0800130c   0x00000010   Code   RO          125    .text.crm_sysclk_switch_status_get  lto-llvm-a027e7.o
    0x0800131c   0x0800131c   0x00000058   Code   RO           95    .text.data_take     lto-llvm-a027e7.o
    0x08001374   0x08001374   0x00000086   Code   RO           87    .text.flash_2kb_write  lto-llvm-a027e7.o
    0x080013fa   0x080013fa   0x00000002   PAD
    0x080013fc   0x080013fc   0x00000040   Code   RO          187    .text.flash_halfword_program  lto-llvm-a027e7.o
    0x0800143c   0x0800143c   0x00000012   Code   RO          183    .text.flash_lock    lto-llvm-a027e7.o
    0x0800144e   0x0800144e   0x00000002   PAD
    0x08001450   0x08001450   0x00000068   Code   RO          177    .text.flash_operation_status_get  lto-llvm-a027e7.o
    0x080014b8   0x080014b8   0x00000056   Code   RO          179    .text.flash_operation_wait_for  lto-llvm-a027e7.o
    0x0800150e   0x0800150e   0x00000002   PAD
    0x08001510   0x08001510   0x00000048   Code   RO          185    .text.flash_sector_erase  lto-llvm-a027e7.o
    0x08001558   0x08001558   0x0000001e   Code   RO          181    .text.flash_unlock  lto-llvm-a027e7.o
    0x08001576   0x08001576   0x00000002   PAD
    0x08001578   0x08001578   0x00000032   Code   RO           89    .text.flash_upgrade_flag_read  lto-llvm-a027e7.o
    0x080015aa   0x080015aa   0x00000002   PAD
    0x080015ac   0x080015ac   0x00000024   Code   RO          151    .text.gpio_default_para_init  lto-llvm-a027e7.o
    0x080015d0   0x080015d0   0x000000ea   Code   RO          149    .text.gpio_init     lto-llvm-a027e7.o
    0x080016ba   0x080016ba   0x00000002   PAD
    0x080016bc   0x080016bc   0x00000092   Code   RO          153    .text.gpio_pin_mux_config  lto-llvm-a027e7.o
    0x0800174e   0x0800174e   0x00000002   PAD
    0x08001750   0x08001750   0x0000000c   Code   RO          105    .text.iap_upgrade_app_handle  lto-llvm-a027e7.o
    0x0800175c   0x0800175c   0x00000058   Code   RO           81    .text.main          lto-llvm-a027e7.o
    0x080017b4   0x080017b4   0x00000014   Code   RO          199    .text.nvic_irq_disable  lto-llvm-a027e7.o
    0x080017c8   0x080017c8   0x00000034   Code   RO          189    .text.nvic_irq_enable  lto-llvm-a027e7.o
    0x080017fc   0x080017fc   0x00000016   Code   RO          203    .text.nvic_priority_group_config  lto-llvm-a027e7.o
    0x08001812   0x08001812   0x00000002   PAD
    0x08001814   0x08001814   0x00000228   Code   RO          209    .text.system_core_clock_update  lto-llvm-a027e7.o
    0x08001a3c   0x08001a3c   0x00000032   Code   RO          133    .text.tmr_base_init  lto-llvm-a027e7.o
    0x08001a6e   0x08001a6e   0x00000002   PAD
    0x08001a70   0x08001a70   0x0000002c   Code   RO          135    .text.tmr_clock_source_div_set  lto-llvm-a027e7.o
    0x08001a9c   0x08001a9c   0x0000002c   Code   RO          137    .text.tmr_cnt_dir_set  lto-llvm-a027e7.o
    0x08001ac8   0x08001ac8   0x00000024   Code   RO          131    .text.tmr_counter_enable  lto-llvm-a027e7.o
    0x08001aec   0x08001aec   0x0000001c   Code   RO          147    .text.tmr_flag_clear  lto-llvm-a027e7.o
    0x08001b08   0x08001b08   0x00000046   Code   RO          145    .text.tmr_interrupt_flag_get  lto-llvm-a027e7.o
    0x08001b4e   0x08001b4e   0x00000002   PAD
    0x08001b50   0x08001b50   0x0000002c   Code   RO          139    .text.tmr_period_buffer_enable  lto-llvm-a027e7.o
    0x08001b7c   0x08001b7c   0x0000002c   Code   RO          141    .text.tmr_primary_mode_select  lto-llvm-a027e7.o
    0x08001ba8   0x08001ba8   0x0000002c   Code   RO          143    .text.tmr_sub_sync_mode_set  lto-llvm-a027e7.o
    0x08001bd4   0x08001bd4   0x00000016   Code   RO          169    .text.usart_data_receive  lto-llvm-a027e7.o
    0x08001bea   0x08001bea   0x00000002   PAD
    0x08001bec   0x08001bec   0x00000020   Code   RO          167    .text.usart_data_transmit  lto-llvm-a027e7.o
    0x08001c0c   0x08001c0c   0x0000002c   Code   RO          159    .text.usart_enable  lto-llvm-a027e7.o
    0x08001c38   0x08001c38   0x00000034   Code   RO          173    .text.usart_flag_get  lto-llvm-a027e7.o
    0x08001c6c   0x08001c6c   0x0000009a   Code   RO          171    .text.usart_hardware_flow_control_set  lto-llvm-a027e7.o
    0x08001d06   0x08001d06   0x00000002   PAD
    0x08001d08   0x08001d08   0x000000d4   Code   RO          155    .text.usart_init    lto-llvm-a027e7.o
    0x08001ddc   0x08001ddc   0x00000058   Code   RO          165    .text.usart_interrupt_enable  lto-llvm-a027e7.o
    0x08001e34   0x08001e34   0x00000128   Code   RO          175    .text.usart_interrupt_flag_get  lto-llvm-a027e7.o
    0x08001f5c   0x08001f5c   0x00000078   Code   RO          157    .text.usart_parity_selection_config  lto-llvm-a027e7.o
    0x08001fd4   0x08001fd4   0x0000002c   Code   RO          163    .text.usart_receiver_enable  lto-llvm-a027e7.o
    0x08002000   0x08002000   0x0000002c   Code   RO          161    .text.usart_transmitter_enable  lto-llvm-a027e7.o
    0x0800202c   0x0800202c   0x000000a4   Code   RO           73    .text.wk_nvic_config  lto-llvm-a027e7.o
    0x080020d0   0x080020d0   0x00000028   Code   RO           71    .text.wk_periph_clock_config  lto-llvm-a027e7.o
    0x080020f8   0x080020f8   0x0000008e   Code   RO           69    .text.wk_system_clock_config  lto-llvm-a027e7.o
    0x08002186   0x08002186   0x00000002   PAD
    0x08002188   0x08002188   0x00000020   Code   RO           83    .text.wk_tmr3_init  lto-llvm-a027e7.o
    0x080021a8   0x080021a8   0x00000076   Code   RO           85    .text.wk_usart1_init  lto-llvm-a027e7.o
    0x0800221e   0x0800221e   0x0000000e   Code   RO          239    i.__scatterload_copy  mc_w.l(handlers.o)
    0x0800222c   0x0800222c   0x00000002   Code   RO          240    i.__scatterload_null  mc_w.l(handlers.o)
    0x0800222e   0x0800222e   0x0000000e   Code   RO          241    i.__scatterload_zeroinit  mc_w.l(handlers.o)
    0x0800223c   0x0800223c   0x00000010   Data   RO          224    .rodata.cst16       lto-llvm-a027e7.o
    0x0800224c   0x0800224c   0x00000010   Data   RO          222    .rodata.cst8        lto-llvm-a027e7.o
    0x0800225c   0x0800225c   0x00000020   Data   RO          238    Region$$Table       anon$$obj.o


    Execution Region RW_IRAM1 (Exec base: 0x20000000, Load base: 0x08002280, Size: 0x00001428, Max: 0x00004000, ABSOLUTE)

    Exec Addr    Load Addr    Size         Type   Attr      Idx    E Section Name        Object

    0x20000000   0x08002280   0x00000004   Data   RW          223    .data.system_core_clock  lto-llvm-a027e7.o
    0x20000004   0x08002284   0x00000004   PAD
    0x20000008        -       0x00000001   Zero   RW          217    .bss.cmd_addr_cnt   lto-llvm-a027e7.o
    0x20000009        -       0x00000001   Zero   RW          213    .bss.cmd_ctr_step   lto-llvm-a027e7.o
    0x2000000a   0x08002284   0x00000002   PAD
    0x2000000c        -       0x00000004   Zero   RW          218    .bss.cmd_data_cnt   lto-llvm-a027e7.o
    0x20000010        -       0x00000806   Zero   RW          219    .bss.cmd_data_group_struct  lto-llvm-a027e7.o
    0x20000816        -       0x00000001   Zero   RW          212    .bss.cmd_data_step  lto-llvm-a027e7.o
    0x20000817        -       0x00000001   Zero   RW          221    .bss.get_data_from_usart_flag  lto-llvm-a027e7.o
    0x20000818        -       0x00000004   Zero   RW          215    .bss.jump_to_app    lto-llvm-a027e7.o
    0x2000081c        -       0x00000001   Zero   RW          220    .bss.time_ira_cnt   lto-llvm-a027e7.o
    0x2000081d        -       0x00000001   Zero   RW          214    .bss.update_status  lto-llvm-a027e7.o
    0x2000081e        -       0x00000806   Zero   RW          216    .bss.usart_group_struct  lto-llvm-a027e7.o
    0x20001024   0x08002284   0x00000004   PAD
    0x20001028        -       0x00000400   Zero   RW           17    STACK               startup_at32f421.o


==============================================================================

Image component sizes


      Code (inc. data)   RO Data    RW Data    ZI Data      Debug   Object Name

      8202         10         32          4       4122      78744   lto-llvm-a027e7.o
        36          8        204          0       1024        796   startup_at32f421.o

    ----------------------------------------------------------------------
      8302         18        268          4       5156      79540   Object Totals
         0          0         32          0          0          0   (incl. Generated)
        64          0          0          0         10          0   (incl. Padding)

    ----------------------------------------------------------------------

      Code (inc. data)   RO Data    RW Data    ZI Data      Debug   Library Member Name

         0          0          0          0          0          0   entry.o
         0          0          0          0          0          0   entry10a.o
         0          0          0          0          0          0   entry11a.o
         8          4          0          0          0          0   entry2.o
         4          0          0          0          0          0   entry5.o
         0          0          0          0          0          0   entry7b.o
         0          0          0          0          0          0   entry8b.o
         8          4          0          0          0          0   entry9a.o
        30          0          0          0          0          0   handlers.o
        48         10          0          0          0         68   init.o
        30          0          0          0          0         68   llshl.o
        32          0          0          0          0         68   llushr.o
        98          0          0          0          0         92   uldiv.o

    ----------------------------------------------------------------------
       258         18          0          0          0        296   Library Totals
         0          0          0          0          0          0   (incl. Padding)

    ----------------------------------------------------------------------

      Code (inc. data)   RO Data    RW Data    ZI Data      Debug   Library Name

       258         18          0          0          0        296   mc_w.l

    ----------------------------------------------------------------------
       258         18          0          0          0        296   Library Totals

    ----------------------------------------------------------------------

==============================================================================


      Code (inc. data)   RO Data    RW Data    ZI Data      Debug   

      8560         36        268          4       5156      79936   Grand Totals
      8560         36        268          4       5156      79936   ELF Image Totals
      8560         36        268          4          0          0   ROM Totals

==============================================================================

    Total RO  Size (Code + RO Data)                 8828 (   8.62kB)
    Total RW  Size (RW Data + ZI Data)              5160 (   5.04kB)
    Total ROM Size (Code + RO Data + RW Data)       8832 (   8.62kB)

==============================================================================

