<html>
<body>
<pre>
<h1>µVision Build Log</h1>
<h2>Tool Versions:</h2>
IDE-Version: ¦ÌVision V5.40.0.12
Copyright (C) 2024 ARM Ltd and ARM Germany GmbH. All rights reserved.
License Information: itt W, Forward, LIC=VGXG8-3DNTB-BSLYX-H2GR5-KKDDD-IZBKB
 
Tool Versions:
Toolchain:       MDK-ARM Plus  Version: 5.40.0.5
Toolchain Path:  D:\Work Program\Keil_v5\ARM\ARMCLANG\Bin
C Compiler:      ArmClang.exe V6.22
Assembler:       Armasm.exe V6.22
Linker/Locator:  ArmLink.exe V6.22
Library Manager: ArmAr.exe V6.22
Hex Converter:   FromElf.exe V6.22
CPU DLL:         SARMCM3.DLL V5.40.0.5
Dialog DLL:      DCM.DLL V1.17.5.0
Target DLL:      CMSIS_AGDI.dll V1.33.21.0
Dialog DLL:      TCM.DLL V1.56.4.0
 
<h2>Project:</h2>
D:\Work Area\Code For Myself\Boring Box\app\project\MDK_V5\AT32F421_IAP.uvprojx
Project File Date:  01/12/2026

<h2>Output:</h2>
*** Using Compiler 'V6.22', folder: 'D:\Work Program\Keil_v5\ARM\ARMCLANG\Bin'
Build target 'AT32F421_IAP'
compiling wk_gpio.c...
compiling iap.c...
compiling wk_usart.c...
compiling at32f421_gpio.c...
compiling at32f421_wk_config.c...
compiling at32f421_int.c...
compiling at32f421_tmr.c...
compiling include_port.c...
compiling wk_tmr.c...
compiling main.c...
compiling wk_adc.c...
compiling at32f421_usart.c...
compiling at32f421_crm.c...
compiling wk_dma.c...
compiling at32f421_pwc.c...
../src/freertos_app.c(244): warning: illegal character encoding in string literal [-Winvalid-source-encoding]
  244 |      uart_printf("<B5><E7>Ñ¹%f\r\n", ina226.BusVoltage);
      |                   ^~~~~~~~
../src/freertos_app.c(245): warning: illegal character encoding in string literal [-Winvalid-source-encoding]
  245 |      uart_printf("<B5><E7><C1><F7> %f\r\n", ina226.Current);
      |                   ^~~~~~~~~~~~~~~~
2 warnings generated.
compiling freertos_app.c...
compiling at32f421_adc.c...
compiling at32f421_debug.c...
compiling at32f421_dma.c...
compiling at32f421_scfg.c...
compiling at32f421_misc.c...
compiling croutine.c...
compiling at32f421_flash.c...
compiling soft_i2c.c...
compiling system_at32f421.c...
compiling list.c...
compiling perfc_port_default.c...
compiling ina226_handle.c...
compiling event_groups.c...
compiling perf_counter.c...
compiling queue.c...
compiling heap_4.c...
compiling timers.c...
compiling stream_buffer.c...
compiling tasks.c...
linking...
Program Size: Code=11262 RO-data=262 RW-data=8 ZI-data=5752  
FromELF: creating hex file...
After Build - User command #1: fromelf.exe --bin --output .\Listings\AT32F421_IAP.bin .\objects\AT32F421_IAP.axf
".\objects\AT32F421_IAP.axf" - 0 Error(s), 2 Warning(s).

<h2>Software Packages used:</h2>

Package Vendor: ARM
                https://www.keil.com/pack/ARM.CMSIS.6.1.0.pack
                ARM::CMSIS@6.1.0
                CMSIS (Common Microcontroller Software Interface Standard)
   * Component: CORE Version: 6.1.0

Package Vendor: ArteryTek
                
                ArteryTek::AT32F421_DFP@2.1.8
                ArteryTek AT32F421 Series Device Support,Drivers

Package Vendor: GorgonMeducer
                https://raw.githubusercontent.com/GorgonMeducer/perf_counter/CMSIS-Pack/cmsis-pack/GorgonMeducer.perf_counter.2.5.4.pack
                GorgonMeducer::perf_counter@2.5.4
                This is a dedicated performance counter designed for micro-controllers. For Cortex-M processors, the `perf_counter` uses the SysTick by default. It shares the SysTick with users' original SysTick functions without interfering with them. This library brings new functionalities, such as performance counter, `perfc_delay_us()`, `perfc_delay_ms()` and implements `clock()` defined in `time.h`. It provides a template for porting the `perf_counter` to different architectures or using a different Timer instead of SysTick in Cortex-M processors.
   * Component: Core Variant: Source Version: 2.5.4

<h2>Collection of Component include folders:</h2>
  ./RTE/_AT32F421_IAP
  D:/Work Program/Keil_v5/ARM/Packs/ARM/CMSIS/6.1.0/CMSIS/Core/Include
  D:/Work Program/Keil_v5/ARM/Packs/ArteryTek/AT32F421_DFP/2.1.8/Device/Include
  D:/Work Program/Keil_v5/ARM/Packs/GorgonMeducer/perf_counter/2.5.4

<h2>Collection of Component Files used:</h2>

   * Component: ARM::CMSIS:CORE@6.1.0

   * Component: GorgonMeducer::Utilities:perf_counter:Core&Source@2.5.4
      Include file:  perf_counter.h
      Source file:   perfc_port_default.c
      Source file:   perf_counter.c
      Source file:   systick_wrapper_gnu.s
Build Time Elapsed:  00:00:02
</pre>
</body>
</html>
