<html>
<body>
<pre>
<h1>µVision Build Log</h1>
<h2>Tool Versions:</h2>
IDE-Version: ¦ÌVision V5.40.0.0
Copyright (C) 2024 ARM Ltd and ARM Germany GmbH. All rights reserved.
License Information: a 1806740514@qq.com, a, LIC=VGXG8-33RDG-MMC9I-T8FC8-UTX5H-7T38G
 
Tool Versions:
Toolchain:       MDK-ARM Plus  Version: 5.40.0.3
Toolchain Path:  C:\Keil_v5\ARM\ARMCLANG\Bin
C Compiler:      ArmClang.exe V6.22
Assembler:       Armasm.exe V6.22
Linker/Locator:  ArmLink.exe V6.22
Library Manager: ArmAr.exe V6.22
Hex Converter:   FromElf.exe V6.22
CPU DLL:         SARMCM3.DLL V5.40.0.3
Dialog DLL:      DCM.DLL V1.17.5.0
Target DLL:      CMSIS_AGDI.dll V1.33.18.0
Dialog DLL:      TCM.DLL V1.56.4.0
 
<h2>Project:</h2>
C:\Users\18067\Desktop\AT32_State_Template-master\app\project\MDK_V5\AT32F421_IAP.uvprojx
Project File Date:  06/11/2025

<h2>Output:</h2>
*** Using Compiler 'V6.22', folder: 'C:\Keil_v5\ARM\ARMCLANG\Bin'
Rebuild target 'AT32F421_IAP'
compiling iap.c...
compiling at32f421_wk_config.c...
compiling main.c...
compiling at32f421_usart.c...
compiling system_at32f421.c...
compiling at32f421_misc.c...
compiling at32f421_pwc.c...
compiling wk_system.c...
compiling tmt.c...
compiling at32f421_gpio.c...
compiling at32f421_int.c...
compiling wk_gpio.c...
compiling at32f421_crm.c...
compiling at32f421_debug.c...
compiling wk_usart.c...
compiling at32f421_flash.c...
compiling retarget_io.c...
compiling stdout_evr.c...
compiling sensor.c...
armclang: warning: '--target=armv7em-arm-none-eabi' is not supported. Supported values for this option are 'arm-arm-none-eabi' or 'aarch64-arm-none-eabi' [-Wunsupported-option]
assembling startup_at32f421.s...
armclang: warning: '--target=armv7em-arm-none-eabi' is not supported. Supported values for this option are 'arm-arm-none-eabi' or 'aarch64-arm-none-eabi' [-Wunsupported-option]
assembling systick_wrapper_gnu.s...
compiling perf_counter.c...
compiling perfc_port_default.c...
compiling EventRecorder.c...
linking...
Program Size: Code=14948 RO-data=308 RW-data=16 ZI-data=2544  
FromELF: creating hex file...
After Build - User command #1: fromelf.exe --bin --output .\Listings\AT32F421_IAP.bin .\objects\AT32F421_IAP.axf
".\objects\AT32F421_IAP.axf" - 0 Error(s), 2 Warning(s).

<h2>Software Packages used:</h2>

Package Vendor: ARM
                https://www.keil.com/pack/ARM.CMSIS.6.1.0.pack
                ARM::CMSIS@6.1.0
                CMSIS (Common Microcontroller Software Interface Standard)
   * Component: CORE Version: 6.1.0

Package Vendor: ARM
                https://www.keil.com/pack/ARM.CMSIS-Compiler.2.1.0.pack
                ARM::CMSIS-Compiler@2.1.0
                CMSIS Compiler extensions for Arm Compiler, GCC, Clang, and IAR Compiler
   * Component: STDOUT Version: 1.1.0
   * Component: CORE Version: 1.1.0
   * Component: Event Recorder Version: 1.1.0

Package Vendor: ARM
                https://www.keil.com/pack/ARM.CMSIS-View.1.2.0.pack
                ARM::CMSIS-View@1.2.0
                Debugger visualization of software events and statistics
   * Component: Event Recorder Variant: DAP Version: 1.6.0

Package Vendor: ArteryTek
                
                ArteryTek::AT32F421_DFP@2.1.7
                ArteryTek AT32F421 Series Device Support,Drivers

Package Vendor: GorgonMeducer
                https://raw.githubusercontent.com/GorgonMeducer/perf_counter/CMSIS-Pack/cmsis-pack/GorgonMeducer.perf_counter.2.4.0.pack
                GorgonMeducer::perf_counter@2.4.0
                A dedicated performance counter for the Cortex-M Systick. It shares the SysTick with users' original SysTick function without interfering with it. This library will bring new functionalities, such as performance counter, APIs for delay, clock() defined in time.h etc.
   * Component: Core Variant: Source Version: 2.4.0

<h2>Collection of Component include folders:</h2>
  ./RTE/CMSIS-View
  ./RTE/_AT32F421_IAP
  C:/Users/18067/AppData/Local/Arm/Packs/ARM/CMSIS-Compiler/2.1.0/include
  C:/Users/18067/AppData/Local/Arm/Packs/ARM/CMSIS-View/1.2.0/EventRecorder/Include
  C:/Users/18067/AppData/Local/Arm/Packs/ARM/CMSIS/6.1.0/CMSIS/Core/Include
  C:/Users/18067/AppData/Local/Arm/Packs/ArteryTek/AT32F421_DFP/2.1.7/Device/Include
  C:/Users/18067/AppData/Local/Arm/Packs/GorgonMeducer/perf_counter/2.4.0

<h2>Collection of Component Files used:</h2>

   * Component: ::CMSIS-Compiler:STDOUT(API)@1.1.0
      Include file:  include/retarget_stdout.h

   * Component: ARM::CMSIS-Compiler:CORE@1.1.0
      Source file:   source/armcc/retarget_io.c

   * Component: ARM::CMSIS-Compiler:STDOUT:Event Recorder@1.1.0
      Source file:   source/stdout_evr.c

   * Component: ARM::CMSIS-View:Event Recorder&DAP@1.6.0
      Include file:  EventRecorder/Include/EventRecorder.h
      Source file:   EventRecorder/Source/EventRecorder.c
      Include file:  EventRecorder/Config/EventRecorderConf.h

   * Component: ARM::CMSIS:CORE@6.1.0

   * Component: GorgonMeducer::Utilities:perf_counter:Core&Source@2.4.0
      Source file:   perfc_port_default.c
      Include file:  perf_counter.h
      Source file:   systick_wrapper_gnu.s
      Source file:   perf_counter.c
Build Time Elapsed:  00:00:02
</pre>
</body>
</html>
