<!doctype html public "-//w3c//dtd html 4.0 transitional//en">
<html><head>
<title>Static Call Graph - [.\objects\AT32F421_IAP.axf]</title></head>
<body><HR>
<H1>Static Call Graph for image .\objects\AT32F421_IAP.axf</H1><HR>
<BR><P>#&#060CALLGRAPH&#062# ARM Linker, 6220000: Last Updated: Fri Jan  9 13:38:10 2026
<BR><P>
<H3>Maximum Stack Usage =        436 bytes + Unknown(Functions without stacksize, Cycles, Untraceable Function Pointers)</H3><H3>
Call chain for Maximum Stack Depth:</H3>
send_heartbeat_task &rArr; uart_printf &rArr; float_to_str &rArr; __aeabi_fsub &rArr; __aeabi_fadd &rArr; _float_epilogue
<P>
<H3>
Functions with no stack information
</H3><UL>
 <LI><a href="#[9]">SysTick_Handler</a>
 <LI><a href="#[de]">__ensure_systick_wrapper</a>
 <LI><a href="#[df]">__perfc_port_set_sp</a>
</UL>
</UL>
<P>
<H3>
Mutually Recursive functions
</H3> <LI><a href="#[15]">ADC1_CMP_IRQHandler</a>&nbsp;&nbsp;&nbsp;&rArr;&nbsp;&nbsp;&nbsp;<a href="#[15]">ADC1_CMP_IRQHandler</a><BR>
</UL>
<P>
<H3>
Function Pointers
</H3><UL>
 <LI><a href="#[2a]">$Super$$SysTick_Handler</a> from lto-llvm-82538a.o(.text.SysTick_Handler) referenced from systick_wrapper_gnu.o(.text)
 <LI><a href="#[15]">ADC1_CMP_IRQHandler</a> from startup_at32f421.o(.text) referenced from startup_at32f421.o(RESET)
 <LI><a href="#[4]">BusFault_Handler</a> from lto-llvm-82538a.o(.text.BusFault_Handler) referenced from startup_at32f421.o(RESET)
 <LI><a href="#[e]">CRM_IRQHandler</a> from startup_at32f421.o(.text) referenced from startup_at32f421.o(RESET)
 <LI><a href="#[12]">DMA1_Channel1_IRQHandler</a> from startup_at32f421.o(.text) referenced from startup_at32f421.o(RESET)
 <LI><a href="#[13]">DMA1_Channel3_2_IRQHandler</a> from startup_at32f421.o(.text) referenced from startup_at32f421.o(RESET)
 <LI><a href="#[14]">DMA1_Channel5_4_IRQHandler</a> from startup_at32f421.o(.text) referenced from startup_at32f421.o(RESET)
 <LI><a href="#[7]">DebugMon_Handler</a> from lto-llvm-82538a.o(.text.DebugMon_Handler) referenced from startup_at32f421.o(RESET)
 <LI><a href="#[c]">ERTC_IRQHandler</a> from startup_at32f421.o(.text) referenced from startup_at32f421.o(RESET)
 <LI><a href="#[11]">EXINT15_4_IRQHandler</a> from startup_at32f421.o(.text) referenced from startup_at32f421.o(RESET)
 <LI><a href="#[f]">EXINT1_0_IRQHandler</a> from startup_at32f421.o(.text) referenced from startup_at32f421.o(RESET)
 <LI><a href="#[10]">EXINT3_2_IRQHandler</a> from startup_at32f421.o(.text) referenced from startup_at32f421.o(RESET)
 <LI><a href="#[d]">FLASH_IRQHandler</a> from startup_at32f421.o(.text) referenced from startup_at32f421.o(RESET)
 <LI><a href="#[2]">HardFault_Handler</a> from lto-llvm-82538a.o(.text.HardFault_Handler) referenced from startup_at32f421.o(RESET)
 <LI><a href="#[24]">I2C1_ERR_IRQHandler</a> from startup_at32f421.o(.text) referenced from startup_at32f421.o(RESET)
 <LI><a href="#[1e]">I2C1_EVT_IRQHandler</a> from startup_at32f421.o(.text) referenced from startup_at32f421.o(RESET)
 <LI><a href="#[25]">I2C2_ERR_IRQHandler</a> from startup_at32f421.o(.text) referenced from startup_at32f421.o(RESET)
 <LI><a href="#[1f]">I2C2_EVT_IRQHandler</a> from startup_at32f421.o(.text) referenced from startup_at32f421.o(RESET)
 <LI><a href="#[3]">MemManage_Handler</a> from lto-llvm-82538a.o(.text.MemManage_Handler) referenced from startup_at32f421.o(RESET)
 <LI><a href="#[1]">NMI_Handler</a> from lto-llvm-82538a.o(.text.NMI_Handler) referenced from startup_at32f421.o(RESET)
 <LI><a href="#[b]">PVM_IRQHandler</a> from startup_at32f421.o(.text) referenced from startup_at32f421.o(RESET)
 <LI><a href="#[8]">PendSV_Handler</a> from lto-llvm-82538a.o(.text.PendSV_Handler) referenced from startup_at32f421.o(RESET)
 <LI><a href="#[0]">Reset_Handler</a> from startup_at32f421.o(.text) referenced from startup_at32f421.o(RESET)
 <LI><a href="#[20]">SPI1_IRQHandler</a> from startup_at32f421.o(.text) referenced from startup_at32f421.o(RESET)
 <LI><a href="#[21]">SPI2_IRQHandler</a> from startup_at32f421.o(.text) referenced from startup_at32f421.o(RESET)
 <LI><a href="#[6]">SVC_Handler</a> from lto-llvm-82538a.o(.text.SVC_Handler) referenced from startup_at32f421.o(RESET)
 <LI><a href="#[9]">SysTick_Handler</a> from systick_wrapper_gnu.o(.text) referenced from startup_at32f421.o(RESET)
 <LI><a href="#[27]">SystemInit</a> from lto-llvm-82538a.o(.text.SystemInit) referenced from startup_at32f421.o(.text)
 <LI><a href="#[1a]">TMR14_GLOBAL_IRQHandler</a> from startup_at32f421.o(.text) referenced from startup_at32f421.o(RESET)
 <LI><a href="#[1b]">TMR15_GLOBAL_IRQHandler</a> from startup_at32f421.o(.text) referenced from startup_at32f421.o(RESET)
 <LI><a href="#[1c]">TMR16_GLOBAL_IRQHandler</a> from startup_at32f421.o(.text) referenced from startup_at32f421.o(RESET)
 <LI><a href="#[1d]">TMR17_GLOBAL_IRQHandler</a> from startup_at32f421.o(.text) referenced from startup_at32f421.o(RESET)
 <LI><a href="#[16]">TMR1_BRK_OVF_TRG_HALL_IRQHandler</a> from startup_at32f421.o(.text) referenced from startup_at32f421.o(RESET)
 <LI><a href="#[17]">TMR1_CH_IRQHandler</a> from startup_at32f421.o(.text) referenced from startup_at32f421.o(RESET)
 <LI><a href="#[18]">TMR3_GLOBAL_IRQHandler</a> from startup_at32f421.o(.text) referenced from startup_at32f421.o(RESET)
 <LI><a href="#[19]">TMR6_GLOBAL_IRQHandler</a> from startup_at32f421.o(.text) referenced from startup_at32f421.o(RESET)
 <LI><a href="#[22]">USART1_IRQHandler</a> from lto-llvm-82538a.o(.text.USART1_IRQHandler) referenced from startup_at32f421.o(RESET)
 <LI><a href="#[23]">USART2_IRQHandler</a> from startup_at32f421.o(.text) referenced from startup_at32f421.o(RESET)
 <LI><a href="#[5]">UsageFault_Handler</a> from lto-llvm-82538a.o(.text.UsageFault_Handler) referenced from startup_at32f421.o(RESET)
 <LI><a href="#[a]">WWDT_IRQHandler</a> from startup_at32f421.o(.text) referenced from startup_at32f421.o(RESET)
 <LI><a href="#[28]">__main</a> from entry.o(.ARM.Collect$$$$00000000) referenced from startup_at32f421.o(.text)
 <LI><a href="#[34]">__perf_counter_init</a> from lto-llvm-82538a.o(.text.__perf_counter_init) referenced from lto-llvm-82538a.o(.init_array)
 <LI><a href="#[2b]">iap_task</a> from lto-llvm-82538a.o(.text.iap_task) referenced 2 times from lto-llvm-82538a.o(.text.main)
 <LI><a href="#[2c]">ina226_task</a> from lto-llvm-82538a.o(.text.ina226_task) referenced 2 times from lto-llvm-82538a.o(.text.main)
 <LI><a href="#[26]">main</a> from lto-llvm-82538a.o(.text.main) referenced from entry9a.o(.ARM.Collect$$$$0000000B)
 <LI><a href="#[29]">perfc_port_insert_to_system_timer_insert_ovf_handler</a> from lto-llvm-82538a.o(.text.perfc_port_insert_to_system_timer_insert_ovf_handler) referenced from systick_wrapper_gnu.o(.text)
 <LI><a href="#[2d]">send_heartbeat_task</a> from lto-llvm-82538a.o(.text.send_heartbeat_task) referenced 2 times from lto-llvm-82538a.o(.text.main)
 <LI><a href="#[30]">tmt_create</a> from lto-llvm-82538a.o(.text.tmt_create) referenced 2 times from lto-llvm-82538a.o(.text.tmt_init)
 <LI><a href="#[31]">tmt_delete</a> from lto-llvm-82538a.o(.text.tmt_delete) referenced 2 times from lto-llvm-82538a.o(.text.tmt_init)
 <LI><a href="#[2e]">tmt_run</a> from lto-llvm-82538a.o(.text.tmt_run) referenced 2 times from lto-llvm-82538a.o(.text.tmt_init)
 <LI><a href="#[33]">tmt_run_ctrl</a> from lto-llvm-82538a.o(.text.tmt_run_ctrl) referenced 2 times from lto-llvm-82538a.o(.text.tmt_init)
 <LI><a href="#[32]">tmt_time_ctrl</a> from lto-llvm-82538a.o(.text.tmt_time_ctrl) referenced 2 times from lto-llvm-82538a.o(.text.tmt_init)
 <LI><a href="#[2f]">tmt_update_tick</a> from lto-llvm-82538a.o(.text.tmt_update_tick) referenced 2 times from lto-llvm-82538a.o(.text.tmt_init)
</UL>
<P>
<H3>
Global Symbols
</H3>
<P><STRONG><a name="[28]"></a>__main</STRONG> (Thumb, 0 bytes, Stack size unknown bytes, entry.o(.ARM.Collect$$$$00000000))
<BR>[Address Reference Count : 1]<UL><LI> startup_at32f421.o(.text)
</UL>
<P><STRONG><a name="[d8]"></a>_main_stk</STRONG> (Thumb, 0 bytes, Stack size unknown bytes, entry2.o(.ARM.Collect$$$$00000001))

<P><STRONG><a name="[36]"></a>_main_scatterload</STRONG> (Thumb, 0 bytes, Stack size unknown bytes, entry5.o(.ARM.Collect$$$$00000004))
<BR><BR>[Calls]<UL><LI><a href="#[37]">&gt;&gt;</a>&nbsp;&nbsp;&nbsp;__scatterload
</UL>

<P><STRONG><a name="[3e]"></a>__main_after_scatterload</STRONG> (Thumb, 0 bytes, Stack size unknown bytes, entry5.o(.ARM.Collect$$$$00000004))
<BR><BR>[Called By]<UL><LI><a href="#[37]">&gt;&gt;</a>&nbsp;&nbsp;&nbsp;__scatterload
</UL>

<P><STRONG><a name="[d9]"></a>_main_clock</STRONG> (Thumb, 0 bytes, Stack size unknown bytes, entry7b.o(.ARM.Collect$$$$00000008))

<P><STRONG><a name="[38]"></a>_main_cpp_init$empty</STRONG> (Thumb, 0 bytes, Stack size unknown bytes, entry8a.o(.ARM.Collect$$$$00000009))
<BR><BR>[Stack]<UL><LI>Max Depth = 24 + Unknown Stack Size
<LI>Call Chain = _main_cpp_init$empty &rArr; __cpp_initialize__aeabi_
</UL>
<BR>[Calls]<UL><LI><a href="#[35]">&gt;&gt;</a>&nbsp;&nbsp;&nbsp;__cpp_initialize__aeabi_
</UL>

<P><STRONG><a name="[da]"></a>_main_cpp_init</STRONG> (Thumb, 0 bytes, Stack size unknown bytes, entry8b.o(.ARM.Collect$$$$0000000A))

<P><STRONG><a name="[db]"></a>_main_init</STRONG> (Thumb, 0 bytes, Stack size unknown bytes, entry9a.o(.ARM.Collect$$$$0000000B))

<P><STRONG><a name="[dc]"></a>__rt_final_cpp</STRONG> (Thumb, 0 bytes, Stack size unknown bytes, entry10a.o(.ARM.Collect$$$$0000000D))

<P><STRONG><a name="[dd]"></a>__rt_final_exit</STRONG> (Thumb, 0 bytes, Stack size unknown bytes, entry11a.o(.ARM.Collect$$$$0000000F))

<P><STRONG><a name="[0]"></a>Reset_Handler</STRONG> (Thumb, 8 bytes, Stack size 0 bytes, startup_at32f421.o(.text))
<BR>[Address Reference Count : 1]<UL><LI> startup_at32f421.o(RESET)
</UL>
<P><STRONG><a name="[15]"></a>ADC1_CMP_IRQHandler</STRONG> (Thumb, 0 bytes, Stack size 0 bytes, startup_at32f421.o(.text))
<BR><BR>[Calls]<UL><LI><a href="#[15]">&gt;&gt;</a>&nbsp;&nbsp;&nbsp;ADC1_CMP_IRQHandler
</UL>
<BR>[Called By]<UL><LI><a href="#[15]">&gt;&gt;</a>&nbsp;&nbsp;&nbsp;ADC1_CMP_IRQHandler
</UL>
<BR>[Address Reference Count : 1]<UL><LI> startup_at32f421.o(RESET)
</UL>
<P><STRONG><a name="[e]"></a>CRM_IRQHandler</STRONG> (Thumb, 0 bytes, Stack size 0 bytes, startup_at32f421.o(.text))
<BR>[Address Reference Count : 1]<UL><LI> startup_at32f421.o(RESET)
</UL>
<P><STRONG><a name="[12]"></a>DMA1_Channel1_IRQHandler</STRONG> (Thumb, 0 bytes, Stack size 0 bytes, startup_at32f421.o(.text))
<BR>[Address Reference Count : 1]<UL><LI> startup_at32f421.o(RESET)
</UL>
<P><STRONG><a name="[13]"></a>DMA1_Channel3_2_IRQHandler</STRONG> (Thumb, 0 bytes, Stack size 0 bytes, startup_at32f421.o(.text))
<BR>[Address Reference Count : 1]<UL><LI> startup_at32f421.o(RESET)
</UL>
<P><STRONG><a name="[14]"></a>DMA1_Channel5_4_IRQHandler</STRONG> (Thumb, 0 bytes, Stack size 0 bytes, startup_at32f421.o(.text))
<BR>[Address Reference Count : 1]<UL><LI> startup_at32f421.o(RESET)
</UL>
<P><STRONG><a name="[c]"></a>ERTC_IRQHandler</STRONG> (Thumb, 0 bytes, Stack size 0 bytes, startup_at32f421.o(.text))
<BR>[Address Reference Count : 1]<UL><LI> startup_at32f421.o(RESET)
</UL>
<P><STRONG><a name="[11]"></a>EXINT15_4_IRQHandler</STRONG> (Thumb, 0 bytes, Stack size 0 bytes, startup_at32f421.o(.text))
<BR>[Address Reference Count : 1]<UL><LI> startup_at32f421.o(RESET)
</UL>
<P><STRONG><a name="[f]"></a>EXINT1_0_IRQHandler</STRONG> (Thumb, 0 bytes, Stack size 0 bytes, startup_at32f421.o(.text))
<BR>[Address Reference Count : 1]<UL><LI> startup_at32f421.o(RESET)
</UL>
<P><STRONG><a name="[10]"></a>EXINT3_2_IRQHandler</STRONG> (Thumb, 0 bytes, Stack size 0 bytes, startup_at32f421.o(.text))
<BR>[Address Reference Count : 1]<UL><LI> startup_at32f421.o(RESET)
</UL>
<P><STRONG><a name="[d]"></a>FLASH_IRQHandler</STRONG> (Thumb, 0 bytes, Stack size 0 bytes, startup_at32f421.o(.text))
<BR>[Address Reference Count : 1]<UL><LI> startup_at32f421.o(RESET)
</UL>
<P><STRONG><a name="[24]"></a>I2C1_ERR_IRQHandler</STRONG> (Thumb, 0 bytes, Stack size 0 bytes, startup_at32f421.o(.text))
<BR>[Address Reference Count : 1]<UL><LI> startup_at32f421.o(RESET)
</UL>
<P><STRONG><a name="[1e]"></a>I2C1_EVT_IRQHandler</STRONG> (Thumb, 0 bytes, Stack size 0 bytes, startup_at32f421.o(.text))
<BR>[Address Reference Count : 1]<UL><LI> startup_at32f421.o(RESET)
</UL>
<P><STRONG><a name="[25]"></a>I2C2_ERR_IRQHandler</STRONG> (Thumb, 0 bytes, Stack size 0 bytes, startup_at32f421.o(.text))
<BR>[Address Reference Count : 1]<UL><LI> startup_at32f421.o(RESET)
</UL>
<P><STRONG><a name="[1f]"></a>I2C2_EVT_IRQHandler</STRONG> (Thumb, 0 bytes, Stack size 0 bytes, startup_at32f421.o(.text))
<BR>[Address Reference Count : 1]<UL><LI> startup_at32f421.o(RESET)
</UL>
<P><STRONG><a name="[b]"></a>PVM_IRQHandler</STRONG> (Thumb, 0 bytes, Stack size 0 bytes, startup_at32f421.o(.text))
<BR>[Address Reference Count : 1]<UL><LI> startup_at32f421.o(RESET)
</UL>
<P><STRONG><a name="[20]"></a>SPI1_IRQHandler</STRONG> (Thumb, 0 bytes, Stack size 0 bytes, startup_at32f421.o(.text))
<BR>[Address Reference Count : 1]<UL><LI> startup_at32f421.o(RESET)
</UL>
<P><STRONG><a name="[21]"></a>SPI2_IRQHandler</STRONG> (Thumb, 0 bytes, Stack size 0 bytes, startup_at32f421.o(.text))
<BR>[Address Reference Count : 1]<UL><LI> startup_at32f421.o(RESET)
</UL>
<P><STRONG><a name="[1a]"></a>TMR14_GLOBAL_IRQHandler</STRONG> (Thumb, 0 bytes, Stack size 0 bytes, startup_at32f421.o(.text))
<BR>[Address Reference Count : 1]<UL><LI> startup_at32f421.o(RESET)
</UL>
<P><STRONG><a name="[1b]"></a>TMR15_GLOBAL_IRQHandler</STRONG> (Thumb, 0 bytes, Stack size 0 bytes, startup_at32f421.o(.text))
<BR>[Address Reference Count : 1]<UL><LI> startup_at32f421.o(RESET)
</UL>
<P><STRONG><a name="[1c]"></a>TMR16_GLOBAL_IRQHandler</STRONG> (Thumb, 0 bytes, Stack size 0 bytes, startup_at32f421.o(.text))
<BR>[Address Reference Count : 1]<UL><LI> startup_at32f421.o(RESET)
</UL>
<P><STRONG><a name="[1d]"></a>TMR17_GLOBAL_IRQHandler</STRONG> (Thumb, 0 bytes, Stack size 0 bytes, startup_at32f421.o(.text))
<BR>[Address Reference Count : 1]<UL><LI> startup_at32f421.o(RESET)
</UL>
<P><STRONG><a name="[16]"></a>TMR1_BRK_OVF_TRG_HALL_IRQHandler</STRONG> (Thumb, 0 bytes, Stack size 0 bytes, startup_at32f421.o(.text))
<BR>[Address Reference Count : 1]<UL><LI> startup_at32f421.o(RESET)
</UL>
<P><STRONG><a name="[17]"></a>TMR1_CH_IRQHandler</STRONG> (Thumb, 0 bytes, Stack size 0 bytes, startup_at32f421.o(.text))
<BR>[Address Reference Count : 1]<UL><LI> startup_at32f421.o(RESET)
</UL>
<P><STRONG><a name="[18]"></a>TMR3_GLOBAL_IRQHandler</STRONG> (Thumb, 0 bytes, Stack size 0 bytes, startup_at32f421.o(.text))
<BR>[Address Reference Count : 1]<UL><LI> startup_at32f421.o(RESET)
</UL>
<P><STRONG><a name="[19]"></a>TMR6_GLOBAL_IRQHandler</STRONG> (Thumb, 0 bytes, Stack size 0 bytes, startup_at32f421.o(.text))
<BR>[Address Reference Count : 1]<UL><LI> startup_at32f421.o(RESET)
</UL>
<P><STRONG><a name="[23]"></a>USART2_IRQHandler</STRONG> (Thumb, 0 bytes, Stack size 0 bytes, startup_at32f421.o(.text))
<BR>[Address Reference Count : 1]<UL><LI> startup_at32f421.o(RESET)
</UL>
<P><STRONG><a name="[a]"></a>WWDT_IRQHandler</STRONG> (Thumb, 0 bytes, Stack size 0 bytes, startup_at32f421.o(.text))
<BR>[Address Reference Count : 1]<UL><LI> startup_at32f421.o(RESET)
</UL>
<P><STRONG><a name="[9]"></a>SysTick_Handler</STRONG> (Thumb, 0 bytes, Stack size unknown bytes, systick_wrapper_gnu.o(.text))
<BR>[Address Reference Count : 1]<UL><LI> startup_at32f421.o(RESET)
</UL>
<P><STRONG><a name="[de]"></a>__ensure_systick_wrapper</STRONG> (Thumb, 0 bytes, Stack size unknown bytes, systick_wrapper_gnu.o(.text), UNUSED)

<P><STRONG><a name="[df]"></a>__perfc_port_set_sp</STRONG> (Thumb, 0 bytes, Stack size unknown bytes, systick_wrapper_gnu.o(.text), UNUSED)

<P><STRONG><a name="[39]"></a>__aeabi_uldivmod</STRONG> (Thumb, 98 bytes, Stack size 40 bytes, uldiv.o(.text))
<BR><BR>[Stack]<UL><LI>Max Depth = 40<LI>Call Chain = __aeabi_uldivmod
</UL>
<BR>[Calls]<UL><LI><a href="#[3a]">&gt;&gt;</a>&nbsp;&nbsp;&nbsp;__aeabi_llsr
<LI><a href="#[3b]">&gt;&gt;</a>&nbsp;&nbsp;&nbsp;__aeabi_llsl
</UL>
<BR>[Called By]<UL><LI><a href="#[68]">&gt;&gt;</a>&nbsp;&nbsp;&nbsp;crm_clocks_freq_get
<LI><a href="#[a2]">&gt;&gt;</a>&nbsp;&nbsp;&nbsp;system_core_clock_update
<LI><a href="#[40]">&gt;&gt;</a>&nbsp;&nbsp;&nbsp;__aeabi_ldivmod
</UL>

<P><STRONG><a name="[e0]"></a>__I$use$fp</STRONG> (Thumb, 0 bytes, Stack size 48 bytes, iusefp.o(.text), UNUSED)

<P><STRONG><a name="[3c]"></a>__aeabi_dmul</STRONG> (Thumb, 228 bytes, Stack size 48 bytes, dmul.o(.text))
<BR><BR>[Stack]<UL><LI>Max Depth = 88<LI>Call Chain = __aeabi_dmul &rArr; _double_epilogue &rArr; _double_round
</UL>
<BR>[Calls]<UL><LI><a href="#[3d]">&gt;&gt;</a>&nbsp;&nbsp;&nbsp;_double_epilogue
</UL>
<BR>[Called By]<UL><LI><a href="#[4d]">&gt;&gt;</a>&nbsp;&nbsp;&nbsp;INA226_GetCurrent
</UL>

<P><STRONG><a name="[37]"></a>__scatterload</STRONG> (Thumb, 38 bytes, Stack size 0 bytes, init.o(.text))
<BR><BR>[Calls]<UL><LI><a href="#[3e]">&gt;&gt;</a>&nbsp;&nbsp;&nbsp;__main_after_scatterload
</UL>
<BR>[Called By]<UL><LI><a href="#[36]">&gt;&gt;</a>&nbsp;&nbsp;&nbsp;_main_scatterload
</UL>

<P><STRONG><a name="[e1]"></a>__scatterload_rt2</STRONG> (Thumb, 0 bytes, Stack size 0 bytes, init.o(.text), UNUSED)

<P><STRONG><a name="[3b]"></a>__aeabi_llsl</STRONG> (Thumb, 30 bytes, Stack size 0 bytes, llshl.o(.text))
<BR><BR>[Called By]<UL><LI><a href="#[3d]">&gt;&gt;</a>&nbsp;&nbsp;&nbsp;_double_epilogue
<LI><a href="#[39]">&gt;&gt;</a>&nbsp;&nbsp;&nbsp;__aeabi_uldivmod
</UL>

<P><STRONG><a name="[e2]"></a>_ll_shift_l</STRONG> (Thumb, 0 bytes, Stack size 0 bytes, llshl.o(.text), UNUSED)

<P><STRONG><a name="[3a]"></a>__aeabi_llsr</STRONG> (Thumb, 32 bytes, Stack size 0 bytes, llushr.o(.text))
<BR><BR>[Called By]<UL><LI><a href="#[3d]">&gt;&gt;</a>&nbsp;&nbsp;&nbsp;_double_epilogue
<LI><a href="#[39]">&gt;&gt;</a>&nbsp;&nbsp;&nbsp;__aeabi_uldivmod
</UL>

<P><STRONG><a name="[e3]"></a>_ll_ushift_r</STRONG> (Thumb, 0 bytes, Stack size 0 bytes, llushr.o(.text), UNUSED)

<P><STRONG><a name="[3f]"></a>_double_round</STRONG> (Thumb, 30 bytes, Stack size 8 bytes, depilogue.o(.text))
<BR><BR>[Stack]<UL><LI>Max Depth = 8<LI>Call Chain = _double_round
</UL>
<BR>[Called By]<UL><LI><a href="#[3d]">&gt;&gt;</a>&nbsp;&nbsp;&nbsp;_double_epilogue
</UL>

<P><STRONG><a name="[3d]"></a>_double_epilogue</STRONG> (Thumb, 156 bytes, Stack size 32 bytes, depilogue.o(.text))
<BR><BR>[Stack]<UL><LI>Max Depth = 40<LI>Call Chain = _double_epilogue &rArr; _double_round
</UL>
<BR>[Calls]<UL><LI><a href="#[3a]">&gt;&gt;</a>&nbsp;&nbsp;&nbsp;__aeabi_llsr
<LI><a href="#[3b]">&gt;&gt;</a>&nbsp;&nbsp;&nbsp;__aeabi_llsl
<LI><a href="#[3f]">&gt;&gt;</a>&nbsp;&nbsp;&nbsp;_double_round
</UL>
<BR>[Called By]<UL><LI><a href="#[3c]">&gt;&gt;</a>&nbsp;&nbsp;&nbsp;__aeabi_dmul
<LI><a href="#[49]">&gt;&gt;</a>&nbsp;&nbsp;&nbsp;__aeabi_ui2d
</UL>

<P><STRONG><a name="[40]"></a>__aeabi_ldivmod</STRONG> (Thumb, 98 bytes, Stack size 24 bytes, ldiv.o(.text))
<BR><BR>[Stack]<UL><LI>Max Depth = 64<LI>Call Chain = __aeabi_ldivmod &rArr; __aeabi_uldivmod
</UL>
<BR>[Calls]<UL><LI><a href="#[39]">&gt;&gt;</a>&nbsp;&nbsp;&nbsp;__aeabi_uldivmod
</UL>
<BR>[Called By]<UL><LI><a href="#[97]">&gt;&gt;</a>&nbsp;&nbsp;&nbsp;perfc_convert_ticks_to_us
</UL>

<P><STRONG><a name="[a3]"></a>__aeabi_memcpy</STRONG> (Thumb, 36 bytes, Stack size 0 bytes, memcpya.o(.text))
<BR><BR>[Called By]<UL><LI><a href="#[a1]">&gt;&gt;</a>&nbsp;&nbsp;&nbsp;uart_printf
</UL>

<P><STRONG><a name="[e4]"></a>__aeabi_memcpy4</STRONG> (Thumb, 0 bytes, Stack size 0 bytes, memcpya.o(.text), UNUSED)

<P><STRONG><a name="[e5]"></a>__aeabi_memcpy8</STRONG> (Thumb, 0 bytes, Stack size 0 bytes, memcpya.o(.text), UNUSED)

<P><STRONG><a name="[35]"></a>__cpp_initialize__aeabi_</STRONG> (Thumb, 32 bytes, Stack size 24 bytes, cpp_init.o(.text))
<BR><BR>[Stack]<UL><LI>Max Depth = 24<LI>Call Chain = __cpp_initialize__aeabi_
</UL>
<BR>[Called By]<UL><LI><a href="#[38]">&gt;&gt;</a>&nbsp;&nbsp;&nbsp;_main_cpp_init$empty
</UL>

<P><STRONG><a name="[41]"></a>__aeabi_fadd</STRONG> (Thumb, 164 bytes, Stack size 16 bytes, fadd.o(.text))
<BR><BR>[Stack]<UL><LI>Max Depth = 20<LI>Call Chain = __aeabi_fadd &rArr; _float_epilogue
</UL>
<BR>[Calls]<UL><LI><a href="#[43]">&gt;&gt;</a>&nbsp;&nbsp;&nbsp;_float_round
<LI><a href="#[42]">&gt;&gt;</a>&nbsp;&nbsp;&nbsp;_float_epilogue
</UL>
<BR>[Called By]<UL><LI><a href="#[9e]">&gt;&gt;</a>&nbsp;&nbsp;&nbsp;reinterpret_q16_f32
<LI><a href="#[45]">&gt;&gt;</a>&nbsp;&nbsp;&nbsp;__aeabi_frsub
<LI><a href="#[44]">&gt;&gt;</a>&nbsp;&nbsp;&nbsp;__aeabi_fsub
</UL>

<P><STRONG><a name="[44]"></a>__aeabi_fsub</STRONG> (Thumb, 6 bytes, Stack size 0 bytes, fadd.o(.text))
<BR><BR>[Stack]<UL><LI>Max Depth = 20<LI>Call Chain = __aeabi_fsub &rArr; __aeabi_fadd &rArr; _float_epilogue
</UL>
<BR>[Calls]<UL><LI><a href="#[41]">&gt;&gt;</a>&nbsp;&nbsp;&nbsp;__aeabi_fadd
</UL>
<BR>[Called By]<UL><LI><a href="#[6e]">&gt;&gt;</a>&nbsp;&nbsp;&nbsp;float_to_str
</UL>

<P><STRONG><a name="[45]"></a>__aeabi_frsub</STRONG> (Thumb, 6 bytes, Stack size 0 bytes, fadd.o(.text), UNUSED)
<BR><BR>[Calls]<UL><LI><a href="#[41]">&gt;&gt;</a>&nbsp;&nbsp;&nbsp;__aeabi_fadd
</UL>

<P><STRONG><a name="[4c]"></a>__aeabi_fmul</STRONG> (Thumb, 100 bytes, Stack size 8 bytes, fmul.o(.text))
<BR><BR>[Stack]<UL><LI>Max Depth = 8<LI>Call Chain = __aeabi_fmul
</UL>
<BR>[Called By]<UL><LI><a href="#[9e]">&gt;&gt;</a>&nbsp;&nbsp;&nbsp;reinterpret_q16_f32
<LI><a href="#[4a]">&gt;&gt;</a>&nbsp;&nbsp;&nbsp;INA226_GetBusVoltage
<LI><a href="#[6e]">&gt;&gt;</a>&nbsp;&nbsp;&nbsp;float_to_str
</UL>

<P><STRONG><a name="[46]"></a>__aeabi_fdiv</STRONG> (Thumb, 124 bytes, Stack size 8 bytes, fdiv.o(.text))
<BR><BR>[Stack]<UL><LI>Max Depth = 8<LI>Call Chain = __aeabi_fdiv
</UL>
<BR>[Calls]<UL><LI><a href="#[43]">&gt;&gt;</a>&nbsp;&nbsp;&nbsp;_float_round
</UL>
<BR>[Called By]<UL><LI><a href="#[9b]">&gt;&gt;</a>&nbsp;&nbsp;&nbsp;update_perf_counter
</UL>

<P><STRONG><a name="[80]"></a>__aeabi_fcmplt</STRONG> (Thumb, 28 bytes, Stack size 0 bytes, fcmplt.o(.text))
<BR><BR>[Called By]<UL><LI><a href="#[2c]">&gt;&gt;</a>&nbsp;&nbsp;&nbsp;ina226_task
</UL>

<P><STRONG><a name="[9f]"></a>__aeabi_fcmpge</STRONG> (Thumb, 28 bytes, Stack size 0 bytes, fcmpge.o(.text))
<BR><BR>[Called By]<UL><LI><a href="#[9e]">&gt;&gt;</a>&nbsp;&nbsp;&nbsp;reinterpret_q16_f32
</UL>

<P><STRONG><a name="[47]"></a>__aeabi_i2f</STRONG> (Thumb, 18 bytes, Stack size 0 bytes, fflti.o(.text))
<BR><BR>[Stack]<UL><LI>Max Depth = 4<LI>Call Chain = __aeabi_i2f &rArr; _float_epilogue
</UL>
<BR>[Calls]<UL><LI><a href="#[42]">&gt;&gt;</a>&nbsp;&nbsp;&nbsp;_float_epilogue
</UL>
<BR>[Called By]<UL><LI><a href="#[6e]">&gt;&gt;</a>&nbsp;&nbsp;&nbsp;float_to_str
</UL>

<P><STRONG><a name="[48]"></a>__aeabi_ui2f</STRONG> (Thumb, 10 bytes, Stack size 0 bytes, ffltui.o(.text))
<BR><BR>[Stack]<UL><LI>Max Depth = 4<LI>Call Chain = __aeabi_ui2f &rArr; _float_epilogue
</UL>
<BR>[Calls]<UL><LI><a href="#[42]">&gt;&gt;</a>&nbsp;&nbsp;&nbsp;_float_epilogue
</UL>
<BR>[Called By]<UL><LI><a href="#[9b]">&gt;&gt;</a>&nbsp;&nbsp;&nbsp;update_perf_counter
<LI><a href="#[4a]">&gt;&gt;</a>&nbsp;&nbsp;&nbsp;INA226_GetBusVoltage
</UL>

<P><STRONG><a name="[49]"></a>__aeabi_ui2d</STRONG> (Thumb, 26 bytes, Stack size 16 bytes, dfltui.o(.text))
<BR><BR>[Stack]<UL><LI>Max Depth = 56<LI>Call Chain = __aeabi_ui2d &rArr; _double_epilogue &rArr; _double_round
</UL>
<BR>[Calls]<UL><LI><a href="#[3d]">&gt;&gt;</a>&nbsp;&nbsp;&nbsp;_double_epilogue
</UL>
<BR>[Called By]<UL><LI><a href="#[4d]">&gt;&gt;</a>&nbsp;&nbsp;&nbsp;INA226_GetCurrent
</UL>

<P><STRONG><a name="[6f]"></a>__aeabi_f2iz</STRONG> (Thumb, 50 bytes, Stack size 0 bytes, ffixi.o(.text))
<BR><BR>[Called By]<UL><LI><a href="#[9e]">&gt;&gt;</a>&nbsp;&nbsp;&nbsp;reinterpret_q16_f32
<LI><a href="#[6e]">&gt;&gt;</a>&nbsp;&nbsp;&nbsp;float_to_str
</UL>

<P><STRONG><a name="[a0]"></a>__aeabi_f2d</STRONG> (Thumb, 38 bytes, Stack size 0 bytes, f2d.o(.text))
<BR><BR>[Called By]<UL><LI><a href="#[2d]">&gt;&gt;</a>&nbsp;&nbsp;&nbsp;send_heartbeat_task
</UL>

<P><STRONG><a name="[4e]"></a>__aeabi_d2f</STRONG> (Thumb, 56 bytes, Stack size 8 bytes, d2f.o(.text))
<BR><BR>[Stack]<UL><LI>Max Depth = 8<LI>Call Chain = __aeabi_d2f
</UL>
<BR>[Called By]<UL><LI><a href="#[4d]">&gt;&gt;</a>&nbsp;&nbsp;&nbsp;INA226_GetCurrent
<LI><a href="#[a1]">&gt;&gt;</a>&nbsp;&nbsp;&nbsp;uart_printf
</UL>

<P><STRONG><a name="[43]"></a>_float_round</STRONG> (Thumb, 18 bytes, Stack size 0 bytes, fepilogue.o(.text))
<BR><BR>[Called By]<UL><LI><a href="#[41]">&gt;&gt;</a>&nbsp;&nbsp;&nbsp;__aeabi_fadd
<LI><a href="#[46]">&gt;&gt;</a>&nbsp;&nbsp;&nbsp;__aeabi_fdiv
</UL>

<P><STRONG><a name="[42]"></a>_float_epilogue</STRONG> (Thumb, 92 bytes, Stack size 4 bytes, fepilogue.o(.text))
<BR><BR>[Stack]<UL><LI>Max Depth = 4<LI>Call Chain = _float_epilogue
</UL>
<BR>[Called By]<UL><LI><a href="#[41]">&gt;&gt;</a>&nbsp;&nbsp;&nbsp;__aeabi_fadd
<LI><a href="#[48]">&gt;&gt;</a>&nbsp;&nbsp;&nbsp;__aeabi_ui2f
<LI><a href="#[47]">&gt;&gt;</a>&nbsp;&nbsp;&nbsp;__aeabi_i2f
</UL>

<P><STRONG><a name="[4]"></a>BusFault_Handler</STRONG> (Thumb, 4 bytes, Stack size 0 bytes, lto-llvm-82538a.o(.text.BusFault_Handler))
<BR>[Address Reference Count : 1]<UL><LI> startup_at32f421.o(RESET)
</UL>
<P><STRONG><a name="[7]"></a>DebugMon_Handler</STRONG> (Thumb, 2 bytes, Stack size 0 bytes, lto-llvm-82538a.o(.text.DebugMon_Handler))
<BR>[Address Reference Count : 1]<UL><LI> startup_at32f421.o(RESET)
</UL>
<P><STRONG><a name="[2]"></a>HardFault_Handler</STRONG> (Thumb, 4 bytes, Stack size 0 bytes, lto-llvm-82538a.o(.text.HardFault_Handler))
<BR>[Address Reference Count : 1]<UL><LI> startup_at32f421.o(RESET)
</UL>
<P><STRONG><a name="[3]"></a>MemManage_Handler</STRONG> (Thumb, 4 bytes, Stack size 0 bytes, lto-llvm-82538a.o(.text.MemManage_Handler))
<BR>[Address Reference Count : 1]<UL><LI> startup_at32f421.o(RESET)
</UL>
<P><STRONG><a name="[1]"></a>NMI_Handler</STRONG> (Thumb, 2 bytes, Stack size 0 bytes, lto-llvm-82538a.o(.text.NMI_Handler))
<BR>[Address Reference Count : 1]<UL><LI> startup_at32f421.o(RESET)
</UL>
<P><STRONG><a name="[8]"></a>PendSV_Handler</STRONG> (Thumb, 2 bytes, Stack size 0 bytes, lto-llvm-82538a.o(.text.PendSV_Handler))
<BR>[Address Reference Count : 1]<UL><LI> startup_at32f421.o(RESET)
</UL>
<P><STRONG><a name="[6]"></a>SVC_Handler</STRONG> (Thumb, 2 bytes, Stack size 0 bytes, lto-llvm-82538a.o(.text.SVC_Handler))
<BR>[Address Reference Count : 1]<UL><LI> startup_at32f421.o(RESET)
</UL>
<P><STRONG><a name="[2a]"></a>$Super$$SysTick_Handler</STRONG> (Thumb, 20 bytes, Stack size 8 bytes, lto-llvm-82538a.o(.text.SysTick_Handler))
<BR><BR>[Stack]<UL><LI>Max Depth = 16<LI>Call Chain = $Super$$SysTick_Handler &rArr; wk_timebase_handler
</UL>
<BR>[Calls]<UL><LI><a href="#[5a]">&gt;&gt;</a>&nbsp;&nbsp;&nbsp;wk_timebase_handler
</UL>
<BR>[Address Reference Count : 1]<UL><LI> systick_wrapper_gnu.o(.text)
</UL>
<P><STRONG><a name="[27]"></a>SystemInit</STRONG> (Thumb, 170 bytes, Stack size 0 bytes, lto-llvm-82538a.o(.text.SystemInit))
<BR>[Address Reference Count : 1]<UL><LI> startup_at32f421.o(.text)
</UL>
<P><STRONG><a name="[22]"></a>USART1_IRQHandler</STRONG> (Thumb, 120 bytes, Stack size 16 bytes, lto-llvm-82538a.o(.text.USART1_IRQHandler))
<BR><BR>[Stack]<UL><LI>Max Depth = 32<LI>Call Chain = USART1_IRQHandler &rArr; usart_interrupt_flag_get
</UL>
<BR>[Calls]<UL><LI><a href="#[5c]">&gt;&gt;</a>&nbsp;&nbsp;&nbsp;usart_data_receive
<LI><a href="#[5b]">&gt;&gt;</a>&nbsp;&nbsp;&nbsp;usart_interrupt_flag_get
</UL>
<BR>[Address Reference Count : 1]<UL><LI> startup_at32f421.o(RESET)
</UL>
<P><STRONG><a name="[5]"></a>UsageFault_Handler</STRONG> (Thumb, 4 bytes, Stack size 0 bytes, lto-llvm-82538a.o(.text.UsageFault_Handler))
<BR>[Address Reference Count : 1]<UL><LI> startup_at32f421.o(RESET)
</UL>
<P><STRONG><a name="[26]"></a>main</STRONG> (Thumb, 146 bytes, Stack size 16 bytes, lto-llvm-82538a.o(.text.main))
<BR><BR>[Stack]<UL><LI>Max Depth = 208<LI>Call Chain = main &rArr; INA226_Init &rArr; INA226_WriteReg &rArr; i2c_wait_ack &rArr; i2c_delay &rArr; perfc_delay_us &rArr; get_system_ticks &rArr; check_systick &rArr; __check_and_handle_ovf &rArr; perfc_port_insert_to_system_timer_insert_ovf_handler &rArr; perfc_port_resume_systimer_interrupt
</UL>
<BR>[Calls]<UL><LI><a href="#[4f]">&gt;&gt;</a>&nbsp;&nbsp;&nbsp;INA226_Init
<LI><a href="#[8e]">&gt;&gt;</a>&nbsp;&nbsp;&nbsp;wk_delay_ms
<LI><a href="#[76]">&gt;&gt;</a>&nbsp;&nbsp;&nbsp;i2c_config
<LI><a href="#[7e]">&gt;&gt;</a>&nbsp;&nbsp;&nbsp;iap_init
<LI><a href="#[8d]">&gt;&gt;</a>&nbsp;&nbsp;&nbsp;tmt_init
<LI><a href="#[63]">&gt;&gt;</a>&nbsp;&nbsp;&nbsp;perfc_init
<LI><a href="#[8c]">&gt;&gt;</a>&nbsp;&nbsp;&nbsp;wk_tmr3_init
<LI><a href="#[8b]">&gt;&gt;</a>&nbsp;&nbsp;&nbsp;wk_usart1_init
<LI><a href="#[8a]">&gt;&gt;</a>&nbsp;&nbsp;&nbsp;dma_channel_enable
<LI><a href="#[89]">&gt;&gt;</a>&nbsp;&nbsp;&nbsp;wk_dma_channel_config
<LI><a href="#[88]">&gt;&gt;</a>&nbsp;&nbsp;&nbsp;wk_dma1_channel1_init
<LI><a href="#[87]">&gt;&gt;</a>&nbsp;&nbsp;&nbsp;wk_adc1_init
<LI><a href="#[86]">&gt;&gt;</a>&nbsp;&nbsp;&nbsp;wk_gpio_config
<LI><a href="#[85]">&gt;&gt;</a>&nbsp;&nbsp;&nbsp;wk_timebase_init
<LI><a href="#[81]">&gt;&gt;</a>&nbsp;&nbsp;&nbsp;nvic_vector_table_set
<LI><a href="#[84]">&gt;&gt;</a>&nbsp;&nbsp;&nbsp;wk_nvic_config
<LI><a href="#[83]">&gt;&gt;</a>&nbsp;&nbsp;&nbsp;wk_periph_clock_config
<LI><a href="#[82]">&gt;&gt;</a>&nbsp;&nbsp;&nbsp;wk_system_clock_config
</UL>
<BR>[Address Reference Count : 1]<UL><LI> entry9a.o(.ARM.Collect$$$$0000000B)
</UL>
<P><STRONG><a name="[29]"></a>perfc_port_insert_to_system_timer_insert_ovf_handler</STRONG> (Thumb, 78 bytes, Stack size 24 bytes, lto-llvm-82538a.o(.text.perfc_port_insert_to_system_timer_insert_ovf_handler))
<BR><BR>[Stack]<UL><LI>Max Depth = 32<LI>Call Chain = perfc_port_insert_to_system_timer_insert_ovf_handler &rArr; perfc_port_resume_systimer_interrupt
</UL>
<BR>[Calls]<UL><LI><a href="#[67]">&gt;&gt;</a>&nbsp;&nbsp;&nbsp;perfc_port_get_system_timer_top
<LI><a href="#[72]">&gt;&gt;</a>&nbsp;&nbsp;&nbsp;perfc_port_resume_systimer_interrupt
<LI><a href="#[71]">&gt;&gt;</a>&nbsp;&nbsp;&nbsp;perfc_port_mask_systimer_interrupt
</UL>
<BR>[Called By]<UL><LI><a href="#[5d]">&gt;&gt;</a>&nbsp;&nbsp;&nbsp;__check_and_handle_ovf
</UL>
<BR>[Address Reference Count : 1]<UL><LI> systick_wrapper_gnu.o(.text)
</UL>
<P><STRONG><a name="[e6]"></a>__scatterload_copy</STRONG> (Thumb, 14 bytes, Stack size unknown bytes, handlers.o(i.__scatterload_copy), UNUSED)

<P><STRONG><a name="[e7]"></a>__scatterload_null</STRONG> (Thumb, 2 bytes, Stack size unknown bytes, handlers.o(i.__scatterload_null), UNUSED)

<P><STRONG><a name="[e8]"></a>__scatterload_zeroinit</STRONG> (Thumb, 14 bytes, Stack size unknown bytes, handlers.o(i.__scatterload_zeroinit), UNUSED)
<P>
<H3>
Local Symbols
</H3>
<P><STRONG><a name="[5a]"></a>wk_timebase_handler</STRONG> (Thumb, 8 bytes, Stack size 8 bytes, lto-llvm-82538a.o(.text.wk_timebase_handler))
<BR><BR>[Stack]<UL><LI>Max Depth = 8<LI>Call Chain = wk_timebase_handler
</UL>
<BR>[Calls]<UL><LI><a href="#[c4]">&gt;&gt;</a>&nbsp;&nbsp;&nbsp;wk_timebase_increase
</UL>
<BR>[Called By]<UL><LI><a href="#[2a]">&gt;&gt;</a>&nbsp;&nbsp;&nbsp;$Super$$SysTick_Handler
</UL>

<P><STRONG><a name="[5b]"></a>usart_interrupt_flag_get</STRONG> (Thumb, 296 bytes, Stack size 16 bytes, lto-llvm-82538a.o(.text.usart_interrupt_flag_get))
<BR><BR>[Stack]<UL><LI>Max Depth = 16<LI>Call Chain = usart_interrupt_flag_get
</UL>
<BR>[Called By]<UL><LI><a href="#[22]">&gt;&gt;</a>&nbsp;&nbsp;&nbsp;USART1_IRQHandler
</UL>

<P><STRONG><a name="[5c]"></a>usart_data_receive</STRONG> (Thumb, 22 bytes, Stack size 4 bytes, lto-llvm-82538a.o(.text.usart_data_receive))
<BR><BR>[Stack]<UL><LI>Max Depth = 4<LI>Call Chain = usart_data_receive
</UL>
<BR>[Called By]<UL><LI><a href="#[22]">&gt;&gt;</a>&nbsp;&nbsp;&nbsp;USART1_IRQHandler
</UL>

<P><STRONG><a name="[82]"></a>wk_system_clock_config</STRONG> (Thumb, 142 bytes, Stack size 8 bytes, lto-llvm-82538a.o(.text.wk_system_clock_config))
<BR><BR>[Stack]<UL><LI>Max Depth = 96<LI>Call Chain = wk_system_clock_config &rArr; system_core_clock_update &rArr; __aeabi_uldivmod
</UL>
<BR>[Calls]<UL><LI><a href="#[a2]">&gt;&gt;</a>&nbsp;&nbsp;&nbsp;system_core_clock_update
<LI><a href="#[69]">&gt;&gt;</a>&nbsp;&nbsp;&nbsp;crm_sysclk_switch_status_get
<LI><a href="#[c3]">&gt;&gt;</a>&nbsp;&nbsp;&nbsp;crm_sysclk_switch
<LI><a href="#[c2]">&gt;&gt;</a>&nbsp;&nbsp;&nbsp;crm_auto_step_mode_enable
<LI><a href="#[c1]">&gt;&gt;</a>&nbsp;&nbsp;&nbsp;crm_apb1_div_set
<LI><a href="#[c0]">&gt;&gt;</a>&nbsp;&nbsp;&nbsp;crm_apb2_div_set
<LI><a href="#[bf]">&gt;&gt;</a>&nbsp;&nbsp;&nbsp;crm_ahb_div_set
<LI><a href="#[be]">&gt;&gt;</a>&nbsp;&nbsp;&nbsp;crm_pll_config
<LI><a href="#[bd]">&gt;&gt;</a>&nbsp;&nbsp;&nbsp;crm_flag_get
<LI><a href="#[bc]">&gt;&gt;</a>&nbsp;&nbsp;&nbsp;crm_clock_source_enable
<LI><a href="#[bb]">&gt;&gt;</a>&nbsp;&nbsp;&nbsp;crm_reset
</UL>
<BR>[Called By]<UL><LI><a href="#[26]">&gt;&gt;</a>&nbsp;&nbsp;&nbsp;main
</UL>

<P><STRONG><a name="[bb]"></a>crm_reset</STRONG> (Thumb, 156 bytes, Stack size 0 bytes, lto-llvm-82538a.o(.text.crm_reset))
<BR><BR>[Called By]<UL><LI><a href="#[82]">&gt;&gt;</a>&nbsp;&nbsp;&nbsp;wk_system_clock_config
</UL>

<P><STRONG><a name="[bc]"></a>crm_clock_source_enable</STRONG> (Thumb, 162 bytes, Stack size 4 bytes, lto-llvm-82538a.o(.text.crm_clock_source_enable))
<BR><BR>[Stack]<UL><LI>Max Depth = 4<LI>Call Chain = crm_clock_source_enable
</UL>
<BR>[Called By]<UL><LI><a href="#[82]">&gt;&gt;</a>&nbsp;&nbsp;&nbsp;wk_system_clock_config
</UL>

<P><STRONG><a name="[bd]"></a>crm_flag_get</STRONG> (Thumb, 62 bytes, Stack size 8 bytes, lto-llvm-82538a.o(.text.crm_flag_get))
<BR><BR>[Stack]<UL><LI>Max Depth = 8<LI>Call Chain = crm_flag_get
</UL>
<BR>[Called By]<UL><LI><a href="#[82]">&gt;&gt;</a>&nbsp;&nbsp;&nbsp;wk_system_clock_config
</UL>

<P><STRONG><a name="[be]"></a>crm_pll_config</STRONG> (Thumb, 486 bytes, Stack size 12 bytes, lto-llvm-82538a.o(.text.crm_pll_config))
<BR><BR>[Stack]<UL><LI>Max Depth = 12<LI>Call Chain = crm_pll_config
</UL>
<BR>[Called By]<UL><LI><a href="#[82]">&gt;&gt;</a>&nbsp;&nbsp;&nbsp;wk_system_clock_config
</UL>

<P><STRONG><a name="[bf]"></a>crm_ahb_div_set</STRONG> (Thumb, 40 bytes, Stack size 4 bytes, lto-llvm-82538a.o(.text.crm_ahb_div_set))
<BR><BR>[Stack]<UL><LI>Max Depth = 4<LI>Call Chain = crm_ahb_div_set
</UL>
<BR>[Called By]<UL><LI><a href="#[82]">&gt;&gt;</a>&nbsp;&nbsp;&nbsp;wk_system_clock_config
</UL>

<P><STRONG><a name="[c0]"></a>crm_apb2_div_set</STRONG> (Thumb, 40 bytes, Stack size 4 bytes, lto-llvm-82538a.o(.text.crm_apb2_div_set))
<BR><BR>[Stack]<UL><LI>Max Depth = 4<LI>Call Chain = crm_apb2_div_set
</UL>
<BR>[Called By]<UL><LI><a href="#[82]">&gt;&gt;</a>&nbsp;&nbsp;&nbsp;wk_system_clock_config
</UL>

<P><STRONG><a name="[c1]"></a>crm_apb1_div_set</STRONG> (Thumb, 40 bytes, Stack size 4 bytes, lto-llvm-82538a.o(.text.crm_apb1_div_set))
<BR><BR>[Stack]<UL><LI>Max Depth = 4<LI>Call Chain = crm_apb1_div_set
</UL>
<BR>[Called By]<UL><LI><a href="#[82]">&gt;&gt;</a>&nbsp;&nbsp;&nbsp;wk_system_clock_config
</UL>

<P><STRONG><a name="[c2]"></a>crm_auto_step_mode_enable</STRONG> (Thumb, 56 bytes, Stack size 4 bytes, lto-llvm-82538a.o(.text.crm_auto_step_mode_enable))
<BR><BR>[Stack]<UL><LI>Max Depth = 4<LI>Call Chain = crm_auto_step_mode_enable
</UL>
<BR>[Called By]<UL><LI><a href="#[82]">&gt;&gt;</a>&nbsp;&nbsp;&nbsp;wk_system_clock_config
</UL>

<P><STRONG><a name="[c3]"></a>crm_sysclk_switch</STRONG> (Thumb, 72 bytes, Stack size 4 bytes, lto-llvm-82538a.o(.text.crm_sysclk_switch))
<BR><BR>[Stack]<UL><LI>Max Depth = 4<LI>Call Chain = crm_sysclk_switch
</UL>
<BR>[Called By]<UL><LI><a href="#[82]">&gt;&gt;</a>&nbsp;&nbsp;&nbsp;wk_system_clock_config
</UL>

<P><STRONG><a name="[69]"></a>crm_sysclk_switch_status_get</STRONG> (Thumb, 16 bytes, Stack size 0 bytes, lto-llvm-82538a.o(.text.crm_sysclk_switch_status_get))
<BR><BR>[Called By]<UL><LI><a href="#[68]">&gt;&gt;</a>&nbsp;&nbsp;&nbsp;crm_clocks_freq_get
<LI><a href="#[a2]">&gt;&gt;</a>&nbsp;&nbsp;&nbsp;system_core_clock_update
<LI><a href="#[82]">&gt;&gt;</a>&nbsp;&nbsp;&nbsp;wk_system_clock_config
</UL>

<P><STRONG><a name="[a2]"></a>system_core_clock_update</STRONG> (Thumb, 552 bytes, Stack size 48 bytes, lto-llvm-82538a.o(.text.system_core_clock_update))
<BR><BR>[Stack]<UL><LI>Max Depth = 88<LI>Call Chain = system_core_clock_update &rArr; __aeabi_uldivmod
</UL>
<BR>[Calls]<UL><LI><a href="#[69]">&gt;&gt;</a>&nbsp;&nbsp;&nbsp;crm_sysclk_switch_status_get
<LI><a href="#[39]">&gt;&gt;</a>&nbsp;&nbsp;&nbsp;__aeabi_uldivmod
</UL>
<BR>[Called By]<UL><LI><a href="#[82]">&gt;&gt;</a>&nbsp;&nbsp;&nbsp;wk_system_clock_config
</UL>

<P><STRONG><a name="[83]"></a>wk_periph_clock_config</STRONG> (Thumb, 90 bytes, Stack size 8 bytes, lto-llvm-82538a.o(.text.wk_periph_clock_config))
<BR><BR>[Stack]<UL><LI>Max Depth = 16<LI>Call Chain = wk_periph_clock_config &rArr; crm_periph_clock_enable
</UL>
<BR>[Calls]<UL><LI><a href="#[77]">&gt;&gt;</a>&nbsp;&nbsp;&nbsp;crm_periph_clock_enable
</UL>
<BR>[Called By]<UL><LI><a href="#[26]">&gt;&gt;</a>&nbsp;&nbsp;&nbsp;main
</UL>

<P><STRONG><a name="[77]"></a>crm_periph_clock_enable</STRONG> (Thumb, 86 bytes, Stack size 8 bytes, lto-llvm-82538a.o(.text.crm_periph_clock_enable))
<BR><BR>[Stack]<UL><LI>Max Depth = 8<LI>Call Chain = crm_periph_clock_enable
</UL>
<BR>[Called By]<UL><LI><a href="#[76]">&gt;&gt;</a>&nbsp;&nbsp;&nbsp;i2c_config
<LI><a href="#[83]">&gt;&gt;</a>&nbsp;&nbsp;&nbsp;wk_periph_clock_config
</UL>

<P><STRONG><a name="[84]"></a>wk_nvic_config</STRONG> (Thumb, 152 bytes, Stack size 8 bytes, lto-llvm-82538a.o(.text.wk_nvic_config))
<BR><BR>[Stack]<UL><LI>Max Depth = 56<LI>Call Chain = wk_nvic_config &rArr; nvic_irq_enable &rArr; NVIC_EncodePriority.152
</UL>
<BR>[Calls]<UL><LI><a href="#[8f]">&gt;&gt;</a>&nbsp;&nbsp;&nbsp;nvic_irq_enable
<LI><a href="#[ba]">&gt;&gt;</a>&nbsp;&nbsp;&nbsp;__NVIC_SetPriority
<LI><a href="#[b9]">&gt;&gt;</a>&nbsp;&nbsp;&nbsp;NVIC_EncodePriority
<LI><a href="#[b8]">&gt;&gt;</a>&nbsp;&nbsp;&nbsp;__NVIC_GetPriorityGrouping
<LI><a href="#[94]">&gt;&gt;</a>&nbsp;&nbsp;&nbsp;nvic_priority_group_config
</UL>
<BR>[Called By]<UL><LI><a href="#[26]">&gt;&gt;</a>&nbsp;&nbsp;&nbsp;main
</UL>

<P><STRONG><a name="[94]"></a>nvic_priority_group_config</STRONG> (Thumb, 22 bytes, Stack size 16 bytes, lto-llvm-82538a.o(.text.nvic_priority_group_config))
<BR><BR>[Stack]<UL><LI>Max Depth = 28<LI>Call Chain = nvic_priority_group_config &rArr; __NVIC_SetPriorityGrouping
</UL>
<BR>[Calls]<UL><LI><a href="#[95]">&gt;&gt;</a>&nbsp;&nbsp;&nbsp;__NVIC_SetPriorityGrouping
</UL>
<BR>[Called By]<UL><LI><a href="#[84]">&gt;&gt;</a>&nbsp;&nbsp;&nbsp;wk_nvic_config
</UL>

<P><STRONG><a name="[b8]"></a>__NVIC_GetPriorityGrouping</STRONG> (Thumb, 16 bytes, Stack size 0 bytes, lto-llvm-82538a.o(.text.__NVIC_GetPriorityGrouping))
<BR><BR>[Called By]<UL><LI><a href="#[84]">&gt;&gt;</a>&nbsp;&nbsp;&nbsp;wk_nvic_config
</UL>

<P><STRONG><a name="[b9]"></a>NVIC_EncodePriority</STRONG> (Thumb, 100 bytes, Stack size 24 bytes, lto-llvm-82538a.o(.text.NVIC_EncodePriority))
<BR><BR>[Stack]<UL><LI>Max Depth = 24<LI>Call Chain = NVIC_EncodePriority
</UL>
<BR>[Called By]<UL><LI><a href="#[84]">&gt;&gt;</a>&nbsp;&nbsp;&nbsp;wk_nvic_config
</UL>

<P><STRONG><a name="[ba]"></a>__NVIC_SetPriority</STRONG> (Thumb, 66 bytes, Stack size 8 bytes, lto-llvm-82538a.o(.text.__NVIC_SetPriority))
<BR><BR>[Stack]<UL><LI>Max Depth = 8<LI>Call Chain = __NVIC_SetPriority
</UL>
<BR>[Called By]<UL><LI><a href="#[84]">&gt;&gt;</a>&nbsp;&nbsp;&nbsp;wk_nvic_config
</UL>

<P><STRONG><a name="[8f]"></a>nvic_irq_enable</STRONG> (Thumb, 54 bytes, Stack size 24 bytes, lto-llvm-82538a.o(.text.nvic_irq_enable))
<BR><BR>[Stack]<UL><LI>Max Depth = 48<LI>Call Chain = nvic_irq_enable &rArr; NVIC_EncodePriority.152
</UL>
<BR>[Calls]<UL><LI><a href="#[93]">&gt;&gt;</a>&nbsp;&nbsp;&nbsp;__NVIC_EnableIRQ
<LI><a href="#[92]">&gt;&gt;</a>&nbsp;&nbsp;&nbsp;__NVIC_SetPriority.153
<LI><a href="#[91]">&gt;&gt;</a>&nbsp;&nbsp;&nbsp;NVIC_EncodePriority.152
<LI><a href="#[90]">&gt;&gt;</a>&nbsp;&nbsp;&nbsp;__NVIC_GetPriorityGrouping.151
</UL>
<BR>[Called By]<UL><LI><a href="#[84]">&gt;&gt;</a>&nbsp;&nbsp;&nbsp;wk_nvic_config
</UL>

<P><STRONG><a name="[81]"></a>nvic_vector_table_set</STRONG> (Thumb, 44 bytes, Stack size 8 bytes, lto-llvm-82538a.o(.text.nvic_vector_table_set))
<BR><BR>[Stack]<UL><LI>Max Depth = 8<LI>Call Chain = nvic_vector_table_set
</UL>
<BR>[Called By]<UL><LI><a href="#[26]">&gt;&gt;</a>&nbsp;&nbsp;&nbsp;main
</UL>

<P><STRONG><a name="[85]"></a>wk_timebase_init</STRONG> (Thumb, 84 bytes, Stack size 32 bytes, lto-llvm-82538a.o(.text.wk_timebase_init))
<BR><BR>[Stack]<UL><LI>Max Depth = 128<LI>Call Chain = wk_timebase_init &rArr; crm_clocks_freq_get &rArr; __aeabi_uldivmod
</UL>
<BR>[Calls]<UL><LI><a href="#[c5]">&gt;&gt;</a>&nbsp;&nbsp;&nbsp;systick_clock_source_config
<LI><a href="#[68]">&gt;&gt;</a>&nbsp;&nbsp;&nbsp;crm_clocks_freq_get
</UL>
<BR>[Called By]<UL><LI><a href="#[26]">&gt;&gt;</a>&nbsp;&nbsp;&nbsp;main
</UL>

<P><STRONG><a name="[86]"></a>wk_gpio_config</STRONG> (Thumb, 206 bytes, Stack size 32 bytes, lto-llvm-82538a.o(.text.wk_gpio_config))
<BR><BR>[Stack]<UL><LI>Max Depth = 44<LI>Call Chain = wk_gpio_config &rArr; gpio_init
</UL>
<BR>[Calls]<UL><LI><a href="#[75]">&gt;&gt;</a>&nbsp;&nbsp;&nbsp;gpio_bits_set
<LI><a href="#[58]">&gt;&gt;</a>&nbsp;&nbsp;&nbsp;gpio_init
<LI><a href="#[a8]">&gt;&gt;</a>&nbsp;&nbsp;&nbsp;gpio_default_para_init
</UL>
<BR>[Called By]<UL><LI><a href="#[26]">&gt;&gt;</a>&nbsp;&nbsp;&nbsp;main
</UL>

<P><STRONG><a name="[87]"></a>wk_adc1_init</STRONG> (Thumb, 126 bytes, Stack size 24 bytes, lto-llvm-82538a.o(.text.wk_adc1_init))
<BR><BR>[Stack]<UL><LI>Max Depth = 48<LI>Call Chain = wk_adc1_init &rArr; adc_reset &rArr; crm_periph_reset
</UL>
<BR>[Calls]<UL><LI><a href="#[b3]">&gt;&gt;</a>&nbsp;&nbsp;&nbsp;adc_calibration_status_get
<LI><a href="#[b2]">&gt;&gt;</a>&nbsp;&nbsp;&nbsp;adc_calibration_start
<LI><a href="#[b1]">&gt;&gt;</a>&nbsp;&nbsp;&nbsp;adc_calibration_init_status_get
<LI><a href="#[b0]">&gt;&gt;</a>&nbsp;&nbsp;&nbsp;adc_calibration_init
<LI><a href="#[af]">&gt;&gt;</a>&nbsp;&nbsp;&nbsp;adc_enable
<LI><a href="#[ae]">&gt;&gt;</a>&nbsp;&nbsp;&nbsp;adc_ordinary_part_mode_enable
<LI><a href="#[ad]">&gt;&gt;</a>&nbsp;&nbsp;&nbsp;adc_ordinary_conversion_trigger_set
<LI><a href="#[ac]">&gt;&gt;</a>&nbsp;&nbsp;&nbsp;adc_ordinary_channel_set
<LI><a href="#[ab]">&gt;&gt;</a>&nbsp;&nbsp;&nbsp;adc_base_config
<LI><a href="#[aa]">&gt;&gt;</a>&nbsp;&nbsp;&nbsp;adc_base_default_para_init
<LI><a href="#[a9]">&gt;&gt;</a>&nbsp;&nbsp;&nbsp;crm_adc_clock_div_set
<LI><a href="#[64]">&gt;&gt;</a>&nbsp;&nbsp;&nbsp;adc_reset
<LI><a href="#[58]">&gt;&gt;</a>&nbsp;&nbsp;&nbsp;gpio_init
<LI><a href="#[a8]">&gt;&gt;</a>&nbsp;&nbsp;&nbsp;gpio_default_para_init
</UL>
<BR>[Called By]<UL><LI><a href="#[26]">&gt;&gt;</a>&nbsp;&nbsp;&nbsp;main
</UL>

<P><STRONG><a name="[88]"></a>wk_dma1_channel1_init</STRONG> (Thumb, 62 bytes, Stack size 32 bytes, lto-llvm-82538a.o(.text.wk_dma1_channel1_init))
<BR><BR>[Stack]<UL><LI>Max Depth = 40<LI>Call Chain = wk_dma1_channel1_init &rArr; dma_init
</UL>
<BR>[Calls]<UL><LI><a href="#[b7]">&gt;&gt;</a>&nbsp;&nbsp;&nbsp;dma_init
<LI><a href="#[b6]">&gt;&gt;</a>&nbsp;&nbsp;&nbsp;dma_default_para_init
<LI><a href="#[b5]">&gt;&gt;</a>&nbsp;&nbsp;&nbsp;dma_reset
</UL>
<BR>[Called By]<UL><LI><a href="#[26]">&gt;&gt;</a>&nbsp;&nbsp;&nbsp;main
</UL>

<P><STRONG><a name="[89]"></a>wk_dma_channel_config</STRONG> (Thumb, 44 bytes, Stack size 16 bytes, lto-llvm-82538a.o(.text.wk_dma_channel_config))
<BR><BR>[Stack]<UL><LI>Max Depth = 16<LI>Call Chain = wk_dma_channel_config
</UL>
<BR>[Called By]<UL><LI><a href="#[26]">&gt;&gt;</a>&nbsp;&nbsp;&nbsp;main
</UL>

<P><STRONG><a name="[8a]"></a>dma_channel_enable</STRONG> (Thumb, 34 bytes, Stack size 8 bytes, lto-llvm-82538a.o(.text.dma_channel_enable))
<BR><BR>[Stack]<UL><LI>Max Depth = 8<LI>Call Chain = dma_channel_enable
</UL>
<BR>[Called By]<UL><LI><a href="#[26]">&gt;&gt;</a>&nbsp;&nbsp;&nbsp;main
</UL>

<P><STRONG><a name="[8b]"></a>wk_usart1_init</STRONG> (Thumb, 132 bytes, Stack size 24 bytes, lto-llvm-82538a.o(.text.wk_usart1_init))
<BR><BR>[Stack]<UL><LI>Max Depth = 168<LI>Call Chain = wk_usart1_init &rArr; usart_init &rArr; crm_clocks_freq_get &rArr; __aeabi_uldivmod
</UL>
<BR>[Calls]<UL><LI><a href="#[d7]">&gt;&gt;</a>&nbsp;&nbsp;&nbsp;usart_enable
<LI><a href="#[d6]">&gt;&gt;</a>&nbsp;&nbsp;&nbsp;usart_interrupt_enable
<LI><a href="#[d5]">&gt;&gt;</a>&nbsp;&nbsp;&nbsp;usart_hardware_flow_control_set
<LI><a href="#[d4]">&gt;&gt;</a>&nbsp;&nbsp;&nbsp;usart_parity_selection_config
<LI><a href="#[d3]">&gt;&gt;</a>&nbsp;&nbsp;&nbsp;usart_receiver_enable
<LI><a href="#[d2]">&gt;&gt;</a>&nbsp;&nbsp;&nbsp;usart_transmitter_enable
<LI><a href="#[a7]">&gt;&gt;</a>&nbsp;&nbsp;&nbsp;usart_init
<LI><a href="#[58]">&gt;&gt;</a>&nbsp;&nbsp;&nbsp;gpio_init
<LI><a href="#[c6]">&gt;&gt;</a>&nbsp;&nbsp;&nbsp;gpio_pin_mux_config
<LI><a href="#[a8]">&gt;&gt;</a>&nbsp;&nbsp;&nbsp;gpio_default_para_init
</UL>
<BR>[Called By]<UL><LI><a href="#[26]">&gt;&gt;</a>&nbsp;&nbsp;&nbsp;main
</UL>

<P><STRONG><a name="[8c]"></a>wk_tmr3_init</STRONG> (Thumb, 244 bytes, Stack size 40 bytes, lto-llvm-82538a.o(.text.wk_tmr3_init))
<BR><BR>[Stack]<UL><LI>Max Depth = 64<LI>Call Chain = wk_tmr3_init &rArr; tmr_output_channel_config
</UL>
<BR>[Calls]<UL><LI><a href="#[d1]">&gt;&gt;</a>&nbsp;&nbsp;&nbsp;tmr_counter_enable
<LI><a href="#[d0]">&gt;&gt;</a>&nbsp;&nbsp;&nbsp;tmr_output_channel_immediately_set
<LI><a href="#[cf]">&gt;&gt;</a>&nbsp;&nbsp;&nbsp;tmr_output_channel_buffer_enable
<LI><a href="#[ce]">&gt;&gt;</a>&nbsp;&nbsp;&nbsp;tmr_channel_value_set
<LI><a href="#[cd]">&gt;&gt;</a>&nbsp;&nbsp;&nbsp;tmr_output_channel_config
<LI><a href="#[cc]">&gt;&gt;</a>&nbsp;&nbsp;&nbsp;tmr_primary_mode_select
<LI><a href="#[cb]">&gt;&gt;</a>&nbsp;&nbsp;&nbsp;tmr_sub_sync_mode_set
<LI><a href="#[ca]">&gt;&gt;</a>&nbsp;&nbsp;&nbsp;tmr_base_init
<LI><a href="#[c9]">&gt;&gt;</a>&nbsp;&nbsp;&nbsp;tmr_period_buffer_enable
<LI><a href="#[c8]">&gt;&gt;</a>&nbsp;&nbsp;&nbsp;tmr_clock_source_div_set
<LI><a href="#[c7]">&gt;&gt;</a>&nbsp;&nbsp;&nbsp;tmr_cnt_dir_set
<LI><a href="#[58]">&gt;&gt;</a>&nbsp;&nbsp;&nbsp;gpio_init
<LI><a href="#[c6]">&gt;&gt;</a>&nbsp;&nbsp;&nbsp;gpio_pin_mux_config
<LI><a href="#[a8]">&gt;&gt;</a>&nbsp;&nbsp;&nbsp;gpio_default_para_init
</UL>
<BR>[Called By]<UL><LI><a href="#[26]">&gt;&gt;</a>&nbsp;&nbsp;&nbsp;main
</UL>

<P><STRONG><a name="[63]"></a>perfc_init</STRONG> (Thumb, 116 bytes, Stack size 24 bytes, lto-llvm-82538a.o(.text.perfc_init))
<BR><BR>[Stack]<UL><LI>Max Depth = 176<LI>Call Chain = perfc_init &rArr; update_perf_counter &rArr; get_system_ticks &rArr; check_systick &rArr; __check_and_handle_ovf &rArr; perfc_port_insert_to_system_timer_insert_ovf_handler &rArr; perfc_port_resume_systimer_interrupt
</UL>
<BR>[Calls]<UL><LI><a href="#[9b]">&gt;&gt;</a>&nbsp;&nbsp;&nbsp;update_perf_counter
<LI><a href="#[72]">&gt;&gt;</a>&nbsp;&nbsp;&nbsp;perfc_port_resume_systimer_interrupt
<LI><a href="#[60]">&gt;&gt;</a>&nbsp;&nbsp;&nbsp;perfc_port_clear_system_timer_ovf_pending
<LI><a href="#[9a]">&gt;&gt;</a>&nbsp;&nbsp;&nbsp;perfc_port_init_system_timer
<LI><a href="#[71]">&gt;&gt;</a>&nbsp;&nbsp;&nbsp;perfc_port_mask_systimer_interrupt
</UL>
<BR>[Called By]<UL><LI><a href="#[34]">&gt;&gt;</a>&nbsp;&nbsp;&nbsp;__perf_counter_init
<LI><a href="#[26]">&gt;&gt;</a>&nbsp;&nbsp;&nbsp;main
</UL>

<P><STRONG><a name="[8d]"></a>tmt_init</STRONG> (Thumb, 118 bytes, Stack size 8 bytes, lto-llvm-82538a.o(.text.tmt_init))
<BR><BR>[Stack]<UL><LI>Max Depth = 8<LI>Call Chain = tmt_init
</UL>
<BR>[Called By]<UL><LI><a href="#[26]">&gt;&gt;</a>&nbsp;&nbsp;&nbsp;main
</UL>

<P><STRONG><a name="[7e]"></a>iap_init</STRONG> (Thumb, 42 bytes, Stack size 8 bytes, lto-llvm-82538a.o(.text.iap_init))
<BR><BR>[Stack]<UL><LI>Max Depth = 44<LI>Call Chain = iap_init &rArr; flash_sector_erase &rArr; flash_operation_wait_for &rArr; flash_operation_status_get
</UL>
<BR>[Calls]<UL><LI><a href="#[7c]">&gt;&gt;</a>&nbsp;&nbsp;&nbsp;flash_lock
<LI><a href="#[6c]">&gt;&gt;</a>&nbsp;&nbsp;&nbsp;flash_sector_erase
<LI><a href="#[7b]">&gt;&gt;</a>&nbsp;&nbsp;&nbsp;flash_unlock
</UL>
<BR>[Called By]<UL><LI><a href="#[26]">&gt;&gt;</a>&nbsp;&nbsp;&nbsp;main
</UL>

<P><STRONG><a name="[2b]"></a>iap_task</STRONG> (Thumb, 8 bytes, Stack size 8 bytes, lto-llvm-82538a.o(.text.iap_task))
<BR><BR>[Stack]<UL><LI>Max Depth = 60<LI>Call Chain = iap_task &rArr; iap_command_handle &rArr; flash_word_program &rArr; flash_operation_wait_for &rArr; flash_operation_status_get
</UL>
<BR>[Calls]<UL><LI><a href="#[7a]">&gt;&gt;</a>&nbsp;&nbsp;&nbsp;iap_command_handle
</UL>
<BR>[Address Reference Count : 1]<UL><LI> lto-llvm-82538a.o(.text.main)
</UL>
<P><STRONG><a name="[2c]"></a>ina226_task</STRONG> (Thumb, 110 bytes, Stack size 8 bytes, lto-llvm-82538a.o(.text.ina226_task))
<BR><BR>[Stack]<UL><LI>Max Depth = 208<LI>Call Chain = ina226_task &rArr; ina226_handle &rArr; INA226_GetCurrent &rArr; INA226_ReadReg &rArr; i2c_receive_byte &rArr; i2c_delay &rArr; perfc_delay_us &rArr; get_system_ticks &rArr; check_systick &rArr; __check_and_handle_ovf &rArr; perfc_port_insert_to_system_timer_insert_ovf_handler &rArr; perfc_port_resume_systimer_interrupt
</UL>
<BR>[Calls]<UL><LI><a href="#[7f]">&gt;&gt;</a>&nbsp;&nbsp;&nbsp;ina226_handle
<LI><a href="#[80]">&gt;&gt;</a>&nbsp;&nbsp;&nbsp;__aeabi_fcmplt
</UL>
<BR>[Address Reference Count : 1]<UL><LI> lto-llvm-82538a.o(.text.main)
</UL>
<P><STRONG><a name="[2d]"></a>send_heartbeat_task</STRONG> (Thumb, 56 bytes, Stack size 8 bytes, lto-llvm-82538a.o(.text.send_heartbeat_task))
<BR><BR>[Stack]<UL><LI>Max Depth = 436<LI>Call Chain = send_heartbeat_task &rArr; uart_printf &rArr; float_to_str &rArr; __aeabi_fsub &rArr; __aeabi_fadd &rArr; _float_epilogue
</UL>
<BR>[Calls]<UL><LI><a href="#[a1]">&gt;&gt;</a>&nbsp;&nbsp;&nbsp;uart_printf
<LI><a href="#[a0]">&gt;&gt;</a>&nbsp;&nbsp;&nbsp;__aeabi_f2d
</UL>
<BR>[Address Reference Count : 1]<UL><LI> lto-llvm-82538a.o(.text.main)
</UL>
<P><STRONG><a name="[76]"></a>i2c_config</STRONG> (Thumb, 92 bytes, Stack size 24 bytes, lto-llvm-82538a.o(.text.i2c_config))
<BR><BR>[Stack]<UL><LI>Max Depth = 36<LI>Call Chain = i2c_config &rArr; gpio_init
</UL>
<BR>[Calls]<UL><LI><a href="#[75]">&gt;&gt;</a>&nbsp;&nbsp;&nbsp;gpio_bits_set
<LI><a href="#[58]">&gt;&gt;</a>&nbsp;&nbsp;&nbsp;gpio_init
<LI><a href="#[77]">&gt;&gt;</a>&nbsp;&nbsp;&nbsp;crm_periph_clock_enable
</UL>
<BR>[Called By]<UL><LI><a href="#[26]">&gt;&gt;</a>&nbsp;&nbsp;&nbsp;main
</UL>

<P><STRONG><a name="[8e]"></a>wk_delay_ms</STRONG> (Thumb, 54 bytes, Stack size 16 bytes, lto-llvm-82538a.o(.text.wk_delay_ms))
<BR><BR>[Stack]<UL><LI>Max Depth = 16<LI>Call Chain = wk_delay_ms
</UL>
<BR>[Calls]<UL><LI><a href="#[b4]">&gt;&gt;</a>&nbsp;&nbsp;&nbsp;wk_timebase_get
</UL>
<BR>[Called By]<UL><LI><a href="#[26]">&gt;&gt;</a>&nbsp;&nbsp;&nbsp;main
</UL>

<P><STRONG><a name="[4f]"></a>INA226_Init</STRONG> (Thumb, 56 bytes, Stack size 16 bytes, lto-llvm-82538a.o(.text.INA226_Init))
<BR><BR>[Stack]<UL><LI>Max Depth = 192<LI>Call Chain = INA226_Init &rArr; INA226_WriteReg &rArr; i2c_wait_ack &rArr; i2c_delay &rArr; perfc_delay_us &rArr; get_system_ticks &rArr; check_systick &rArr; __check_and_handle_ovf &rArr; perfc_port_insert_to_system_timer_insert_ovf_handler &rArr; perfc_port_resume_systimer_interrupt
</UL>
<BR>[Calls]<UL><LI><a href="#[50]">&gt;&gt;</a>&nbsp;&nbsp;&nbsp;INA226_WriteReg
</UL>
<BR>[Called By]<UL><LI><a href="#[26]">&gt;&gt;</a>&nbsp;&nbsp;&nbsp;main
</UL>

<P><STRONG><a name="[7a]"></a>iap_command_handle</STRONG> (Thumb, 42 bytes, Stack size 8 bytes, lto-llvm-82538a.o(.text.iap_command_handle))
<BR><BR>[Stack]<UL><LI>Max Depth = 52<LI>Call Chain = iap_command_handle &rArr; flash_word_program &rArr; flash_operation_wait_for &rArr; flash_operation_status_get
</UL>
<BR>[Calls]<UL><LI><a href="#[7d]">&gt;&gt;</a>&nbsp;&nbsp;&nbsp;nvic_system_reset
<LI><a href="#[7c]">&gt;&gt;</a>&nbsp;&nbsp;&nbsp;flash_lock
<LI><a href="#[6d]">&gt;&gt;</a>&nbsp;&nbsp;&nbsp;flash_word_program
<LI><a href="#[6c]">&gt;&gt;</a>&nbsp;&nbsp;&nbsp;flash_sector_erase
<LI><a href="#[7b]">&gt;&gt;</a>&nbsp;&nbsp;&nbsp;flash_unlock
</UL>
<BR>[Called By]<UL><LI><a href="#[2b]">&gt;&gt;</a>&nbsp;&nbsp;&nbsp;iap_task
</UL>

<P><STRONG><a name="[7f]"></a>ina226_handle</STRONG> (Thumb, 82 bytes, Stack size 8 bytes, lto-llvm-82538a.o(.text.ina226_handle))
<BR><BR>[Stack]<UL><LI>Max Depth = 200<LI>Call Chain = ina226_handle &rArr; INA226_GetCurrent &rArr; INA226_ReadReg &rArr; i2c_receive_byte &rArr; i2c_delay &rArr; perfc_delay_us &rArr; get_system_ticks &rArr; check_systick &rArr; __check_and_handle_ovf &rArr; perfc_port_insert_to_system_timer_insert_ovf_handler &rArr; perfc_port_resume_systimer_interrupt
</UL>
<BR>[Calls]<UL><LI><a href="#[4d]">&gt;&gt;</a>&nbsp;&nbsp;&nbsp;INA226_GetCurrent
<LI><a href="#[4a]">&gt;&gt;</a>&nbsp;&nbsp;&nbsp;INA226_GetBusVoltage
</UL>
<BR>[Called By]<UL><LI><a href="#[2c]">&gt;&gt;</a>&nbsp;&nbsp;&nbsp;ina226_task
</UL>

<P><STRONG><a name="[a1]"></a>uart_printf</STRONG> (Thumb, 1146 bytes, Stack size 344 bytes, lto-llvm-82538a.o(.text.uart_printf))
<BR><BR>[Stack]<UL><LI>Max Depth = 428<LI>Call Chain = uart_printf &rArr; float_to_str &rArr; __aeabi_fsub &rArr; __aeabi_fadd &rArr; _float_epilogue
</UL>
<BR>[Calls]<UL><LI><a href="#[a5]">&gt;&gt;</a>&nbsp;&nbsp;&nbsp;usart_flag_get
<LI><a href="#[a4]">&gt;&gt;</a>&nbsp;&nbsp;&nbsp;usart_data_transmit
<LI><a href="#[6e]">&gt;&gt;</a>&nbsp;&nbsp;&nbsp;float_to_str
<LI><a href="#[a3]">&gt;&gt;</a>&nbsp;&nbsp;&nbsp;__aeabi_memcpy
<LI><a href="#[4e]">&gt;&gt;</a>&nbsp;&nbsp;&nbsp;__aeabi_d2f
</UL>
<BR>[Called By]<UL><LI><a href="#[2d]">&gt;&gt;</a>&nbsp;&nbsp;&nbsp;send_heartbeat_task
</UL>

<P><STRONG><a name="[6e]"></a>float_to_str</STRONG> (Thumb, 330 bytes, Stack size 64 bytes, lto-llvm-82538a.o(.text.float_to_str))
<BR><BR>[Stack]<UL><LI>Max Depth = 84<LI>Call Chain = float_to_str &rArr; __aeabi_fsub &rArr; __aeabi_fadd &rArr; _float_epilogue
</UL>
<BR>[Calls]<UL><LI><a href="#[4c]">&gt;&gt;</a>&nbsp;&nbsp;&nbsp;__aeabi_fmul
<LI><a href="#[44]">&gt;&gt;</a>&nbsp;&nbsp;&nbsp;__aeabi_fsub
<LI><a href="#[47]">&gt;&gt;</a>&nbsp;&nbsp;&nbsp;__aeabi_i2f
<LI><a href="#[6f]">&gt;&gt;</a>&nbsp;&nbsp;&nbsp;__aeabi_f2iz
</UL>
<BR>[Called By]<UL><LI><a href="#[a1]">&gt;&gt;</a>&nbsp;&nbsp;&nbsp;uart_printf
</UL>

<P><STRONG><a name="[a4]"></a>usart_data_transmit</STRONG> (Thumb, 32 bytes, Stack size 8 bytes, lto-llvm-82538a.o(.text.usart_data_transmit))
<BR><BR>[Stack]<UL><LI>Max Depth = 8<LI>Call Chain = usart_data_transmit
</UL>
<BR>[Called By]<UL><LI><a href="#[a1]">&gt;&gt;</a>&nbsp;&nbsp;&nbsp;uart_printf
</UL>

<P><STRONG><a name="[a5]"></a>usart_flag_get</STRONG> (Thumb, 52 bytes, Stack size 12 bytes, lto-llvm-82538a.o(.text.usart_flag_get))
<BR><BR>[Stack]<UL><LI>Max Depth = 12<LI>Call Chain = usart_flag_get
</UL>
<BR>[Called By]<UL><LI><a href="#[a1]">&gt;&gt;</a>&nbsp;&nbsp;&nbsp;uart_printf
</UL>

<P><STRONG><a name="[c4]"></a>wk_timebase_increase</STRONG> (Thumb, 16 bytes, Stack size 0 bytes, lto-llvm-82538a.o(.text.wk_timebase_increase))
<BR><BR>[Called By]<UL><LI><a href="#[5a]">&gt;&gt;</a>&nbsp;&nbsp;&nbsp;wk_timebase_handler
</UL>

<P><STRONG><a name="[b4]"></a>wk_timebase_get</STRONG> (Thumb, 12 bytes, Stack size 0 bytes, lto-llvm-82538a.o(.text.wk_timebase_get))
<BR><BR>[Called By]<UL><LI><a href="#[8e]">&gt;&gt;</a>&nbsp;&nbsp;&nbsp;wk_delay_ms
</UL>

<P><STRONG><a name="[68]"></a>crm_clocks_freq_get</STRONG> (Thumb, 610 bytes, Stack size 56 bytes, lto-llvm-82538a.o(.text.crm_clocks_freq_get))
<BR><BR>[Stack]<UL><LI>Max Depth = 96<LI>Call Chain = crm_clocks_freq_get &rArr; __aeabi_uldivmod
</UL>
<BR>[Calls]<UL><LI><a href="#[69]">&gt;&gt;</a>&nbsp;&nbsp;&nbsp;crm_sysclk_switch_status_get
<LI><a href="#[39]">&gt;&gt;</a>&nbsp;&nbsp;&nbsp;__aeabi_uldivmod
</UL>
<BR>[Called By]<UL><LI><a href="#[a7]">&gt;&gt;</a>&nbsp;&nbsp;&nbsp;usart_init
<LI><a href="#[85]">&gt;&gt;</a>&nbsp;&nbsp;&nbsp;wk_timebase_init
</UL>

<P><STRONG><a name="[c5]"></a>systick_clock_source_config</STRONG> (Thumb, 58 bytes, Stack size 4 bytes, lto-llvm-82538a.o(.text.systick_clock_source_config))
<BR><BR>[Stack]<UL><LI>Max Depth = 4<LI>Call Chain = systick_clock_source_config
</UL>
<BR>[Called By]<UL><LI><a href="#[85]">&gt;&gt;</a>&nbsp;&nbsp;&nbsp;wk_timebase_init
</UL>

<P><STRONG><a name="[a8]"></a>gpio_default_para_init</STRONG> (Thumb, 36 bytes, Stack size 4 bytes, lto-llvm-82538a.o(.text.gpio_default_para_init))
<BR><BR>[Stack]<UL><LI>Max Depth = 4<LI>Call Chain = gpio_default_para_init
</UL>
<BR>[Called By]<UL><LI><a href="#[8c]">&gt;&gt;</a>&nbsp;&nbsp;&nbsp;wk_tmr3_init
<LI><a href="#[8b]">&gt;&gt;</a>&nbsp;&nbsp;&nbsp;wk_usart1_init
<LI><a href="#[87]">&gt;&gt;</a>&nbsp;&nbsp;&nbsp;wk_adc1_init
<LI><a href="#[86]">&gt;&gt;</a>&nbsp;&nbsp;&nbsp;wk_gpio_config
</UL>

<P><STRONG><a name="[c6]"></a>gpio_pin_mux_config</STRONG> (Thumb, 142 bytes, Stack size 16 bytes, lto-llvm-82538a.o(.text.gpio_pin_mux_config))
<BR><BR>[Stack]<UL><LI>Max Depth = 16<LI>Call Chain = gpio_pin_mux_config
</UL>
<BR>[Called By]<UL><LI><a href="#[8c]">&gt;&gt;</a>&nbsp;&nbsp;&nbsp;wk_tmr3_init
<LI><a href="#[8b]">&gt;&gt;</a>&nbsp;&nbsp;&nbsp;wk_usart1_init
</UL>

<P><STRONG><a name="[58]"></a>gpio_init</STRONG> (Thumb, 230 bytes, Stack size 12 bytes, lto-llvm-82538a.o(.text.gpio_init))
<BR><BR>[Stack]<UL><LI>Max Depth = 12<LI>Call Chain = gpio_init
</UL>
<BR>[Called By]<UL><LI><a href="#[57]">&gt;&gt;</a>&nbsp;&nbsp;&nbsp;SDA_IN
<LI><a href="#[59]">&gt;&gt;</a>&nbsp;&nbsp;&nbsp;SDA_OUT
<LI><a href="#[76]">&gt;&gt;</a>&nbsp;&nbsp;&nbsp;i2c_config
<LI><a href="#[8c]">&gt;&gt;</a>&nbsp;&nbsp;&nbsp;wk_tmr3_init
<LI><a href="#[8b]">&gt;&gt;</a>&nbsp;&nbsp;&nbsp;wk_usart1_init
<LI><a href="#[87]">&gt;&gt;</a>&nbsp;&nbsp;&nbsp;wk_adc1_init
<LI><a href="#[86]">&gt;&gt;</a>&nbsp;&nbsp;&nbsp;wk_gpio_config
</UL>

<P><STRONG><a name="[a7]"></a>usart_init</STRONG> (Thumb, 212 bytes, Stack size 48 bytes, lto-llvm-82538a.o(.text.usart_init))
<BR><BR>[Stack]<UL><LI>Max Depth = 144<LI>Call Chain = usart_init &rArr; crm_clocks_freq_get &rArr; __aeabi_uldivmod
</UL>
<BR>[Calls]<UL><LI><a href="#[68]">&gt;&gt;</a>&nbsp;&nbsp;&nbsp;crm_clocks_freq_get
</UL>
<BR>[Called By]<UL><LI><a href="#[8b]">&gt;&gt;</a>&nbsp;&nbsp;&nbsp;wk_usart1_init
</UL>

<P><STRONG><a name="[d2]"></a>usart_transmitter_enable</STRONG> (Thumb, 44 bytes, Stack size 8 bytes, lto-llvm-82538a.o(.text.usart_transmitter_enable))
<BR><BR>[Stack]<UL><LI>Max Depth = 8<LI>Call Chain = usart_transmitter_enable
</UL>
<BR>[Called By]<UL><LI><a href="#[8b]">&gt;&gt;</a>&nbsp;&nbsp;&nbsp;wk_usart1_init
</UL>

<P><STRONG><a name="[d3]"></a>usart_receiver_enable</STRONG> (Thumb, 44 bytes, Stack size 8 bytes, lto-llvm-82538a.o(.text.usart_receiver_enable))
<BR><BR>[Stack]<UL><LI>Max Depth = 8<LI>Call Chain = usart_receiver_enable
</UL>
<BR>[Called By]<UL><LI><a href="#[8b]">&gt;&gt;</a>&nbsp;&nbsp;&nbsp;wk_usart1_init
</UL>

<P><STRONG><a name="[d4]"></a>usart_parity_selection_config</STRONG> (Thumb, 120 bytes, Stack size 8 bytes, lto-llvm-82538a.o(.text.usart_parity_selection_config))
<BR><BR>[Stack]<UL><LI>Max Depth = 8<LI>Call Chain = usart_parity_selection_config
</UL>
<BR>[Called By]<UL><LI><a href="#[8b]">&gt;&gt;</a>&nbsp;&nbsp;&nbsp;wk_usart1_init
</UL>

<P><STRONG><a name="[d5]"></a>usart_hardware_flow_control_set</STRONG> (Thumb, 154 bytes, Stack size 8 bytes, lto-llvm-82538a.o(.text.usart_hardware_flow_control_set))
<BR><BR>[Stack]<UL><LI>Max Depth = 8<LI>Call Chain = usart_hardware_flow_control_set
</UL>
<BR>[Called By]<UL><LI><a href="#[8b]">&gt;&gt;</a>&nbsp;&nbsp;&nbsp;wk_usart1_init
</UL>

<P><STRONG><a name="[d6]"></a>usart_interrupt_enable</STRONG> (Thumb, 90 bytes, Stack size 12 bytes, lto-llvm-82538a.o(.text.usart_interrupt_enable))
<BR><BR>[Stack]<UL><LI>Max Depth = 12<LI>Call Chain = usart_interrupt_enable
</UL>
<BR>[Called By]<UL><LI><a href="#[8b]">&gt;&gt;</a>&nbsp;&nbsp;&nbsp;wk_usart1_init
</UL>

<P><STRONG><a name="[d7]"></a>usart_enable</STRONG> (Thumb, 44 bytes, Stack size 8 bytes, lto-llvm-82538a.o(.text.usart_enable))
<BR><BR>[Stack]<UL><LI>Max Depth = 8<LI>Call Chain = usart_enable
</UL>
<BR>[Called By]<UL><LI><a href="#[8b]">&gt;&gt;</a>&nbsp;&nbsp;&nbsp;wk_usart1_init
</UL>

<P><STRONG><a name="[7b]"></a>flash_unlock</STRONG> (Thumb, 30 bytes, Stack size 0 bytes, lto-llvm-82538a.o(.text.flash_unlock))
<BR><BR>[Called By]<UL><LI><a href="#[7a]">&gt;&gt;</a>&nbsp;&nbsp;&nbsp;iap_command_handle
<LI><a href="#[7e]">&gt;&gt;</a>&nbsp;&nbsp;&nbsp;iap_init
</UL>

<P><STRONG><a name="[6c]"></a>flash_sector_erase</STRONG> (Thumb, 80 bytes, Stack size 16 bytes, lto-llvm-82538a.o(.text.flash_sector_erase))
<BR><BR>[Stack]<UL><LI>Max Depth = 36<LI>Call Chain = flash_sector_erase &rArr; flash_operation_wait_for &rArr; flash_operation_status_get
</UL>
<BR>[Calls]<UL><LI><a href="#[6a]">&gt;&gt;</a>&nbsp;&nbsp;&nbsp;flash_operation_wait_for
</UL>
<BR>[Called By]<UL><LI><a href="#[7a]">&gt;&gt;</a>&nbsp;&nbsp;&nbsp;iap_command_handle
<LI><a href="#[7e]">&gt;&gt;</a>&nbsp;&nbsp;&nbsp;iap_init
</UL>

<P><STRONG><a name="[6d]"></a>flash_word_program</STRONG> (Thumb, 76 bytes, Stack size 24 bytes, lto-llvm-82538a.o(.text.flash_word_program))
<BR><BR>[Stack]<UL><LI>Max Depth = 44<LI>Call Chain = flash_word_program &rArr; flash_operation_wait_for &rArr; flash_operation_status_get
</UL>
<BR>[Calls]<UL><LI><a href="#[6a]">&gt;&gt;</a>&nbsp;&nbsp;&nbsp;flash_operation_wait_for
</UL>
<BR>[Called By]<UL><LI><a href="#[7a]">&gt;&gt;</a>&nbsp;&nbsp;&nbsp;iap_command_handle
</UL>

<P><STRONG><a name="[7c]"></a>flash_lock</STRONG> (Thumb, 18 bytes, Stack size 0 bytes, lto-llvm-82538a.o(.text.flash_lock))
<BR><BR>[Called By]<UL><LI><a href="#[7a]">&gt;&gt;</a>&nbsp;&nbsp;&nbsp;iap_command_handle
<LI><a href="#[7e]">&gt;&gt;</a>&nbsp;&nbsp;&nbsp;iap_init
</UL>

<P><STRONG><a name="[7d]"></a>nvic_system_reset</STRONG> (Thumb, 4 bytes, Stack size 0 bytes, lto-llvm-82538a.o(.text.nvic_system_reset))
<BR><BR>[Calls]<UL><LI><a href="#[96]">&gt;&gt;</a>&nbsp;&nbsp;&nbsp;__NVIC_SystemReset
</UL>
<BR>[Called By]<UL><LI><a href="#[7a]">&gt;&gt;</a>&nbsp;&nbsp;&nbsp;iap_command_handle
</UL>

<P><STRONG><a name="[75]"></a>gpio_bits_set</STRONG> (Thumb, 28 bytes, Stack size 8 bytes, lto-llvm-82538a.o(.text.gpio_bits_set))
<BR><BR>[Stack]<UL><LI>Max Depth = 8<LI>Call Chain = gpio_bits_set
</UL>
<BR>[Called By]<UL><LI><a href="#[55]">&gt;&gt;</a>&nbsp;&nbsp;&nbsp;i2c_ack
<LI><a href="#[54]">&gt;&gt;</a>&nbsp;&nbsp;&nbsp;i2c_receive_byte
<LI><a href="#[56]">&gt;&gt;</a>&nbsp;&nbsp;&nbsp;i2c_stop
<LI><a href="#[53]">&gt;&gt;</a>&nbsp;&nbsp;&nbsp;i2c_wait_ack
<LI><a href="#[52]">&gt;&gt;</a>&nbsp;&nbsp;&nbsp;i2c_send_byte
<LI><a href="#[51]">&gt;&gt;</a>&nbsp;&nbsp;&nbsp;i2c_start
<LI><a href="#[76]">&gt;&gt;</a>&nbsp;&nbsp;&nbsp;i2c_config
<LI><a href="#[86]">&gt;&gt;</a>&nbsp;&nbsp;&nbsp;wk_gpio_config
</UL>

<P><STRONG><a name="[c7]"></a>tmr_cnt_dir_set</STRONG> (Thumb, 44 bytes, Stack size 8 bytes, lto-llvm-82538a.o(.text.tmr_cnt_dir_set))
<BR><BR>[Stack]<UL><LI>Max Depth = 8<LI>Call Chain = tmr_cnt_dir_set
</UL>
<BR>[Called By]<UL><LI><a href="#[8c]">&gt;&gt;</a>&nbsp;&nbsp;&nbsp;wk_tmr3_init
</UL>

<P><STRONG><a name="[c8]"></a>tmr_clock_source_div_set</STRONG> (Thumb, 44 bytes, Stack size 8 bytes, lto-llvm-82538a.o(.text.tmr_clock_source_div_set))
<BR><BR>[Stack]<UL><LI>Max Depth = 8<LI>Call Chain = tmr_clock_source_div_set
</UL>
<BR>[Called By]<UL><LI><a href="#[8c]">&gt;&gt;</a>&nbsp;&nbsp;&nbsp;wk_tmr3_init
</UL>

<P><STRONG><a name="[c9]"></a>tmr_period_buffer_enable</STRONG> (Thumb, 44 bytes, Stack size 8 bytes, lto-llvm-82538a.o(.text.tmr_period_buffer_enable))
<BR><BR>[Stack]<UL><LI>Max Depth = 8<LI>Call Chain = tmr_period_buffer_enable
</UL>
<BR>[Called By]<UL><LI><a href="#[8c]">&gt;&gt;</a>&nbsp;&nbsp;&nbsp;wk_tmr3_init
</UL>

<P><STRONG><a name="[ca]"></a>tmr_base_init</STRONG> (Thumb, 50 bytes, Stack size 12 bytes, lto-llvm-82538a.o(.text.tmr_base_init))
<BR><BR>[Stack]<UL><LI>Max Depth = 12<LI>Call Chain = tmr_base_init
</UL>
<BR>[Called By]<UL><LI><a href="#[8c]">&gt;&gt;</a>&nbsp;&nbsp;&nbsp;wk_tmr3_init
</UL>

<P><STRONG><a name="[cb]"></a>tmr_sub_sync_mode_set</STRONG> (Thumb, 44 bytes, Stack size 8 bytes, lto-llvm-82538a.o(.text.tmr_sub_sync_mode_set))
<BR><BR>[Stack]<UL><LI>Max Depth = 8<LI>Call Chain = tmr_sub_sync_mode_set
</UL>
<BR>[Called By]<UL><LI><a href="#[8c]">&gt;&gt;</a>&nbsp;&nbsp;&nbsp;wk_tmr3_init
</UL>

<P><STRONG><a name="[cc]"></a>tmr_primary_mode_select</STRONG> (Thumb, 44 bytes, Stack size 8 bytes, lto-llvm-82538a.o(.text.tmr_primary_mode_select))
<BR><BR>[Stack]<UL><LI>Max Depth = 8<LI>Call Chain = tmr_primary_mode_select
</UL>
<BR>[Called By]<UL><LI><a href="#[8c]">&gt;&gt;</a>&nbsp;&nbsp;&nbsp;wk_tmr3_init
</UL>

<P><STRONG><a name="[cd]"></a>tmr_output_channel_config</STRONG> (Thumb, 504 bytes, Stack size 24 bytes, lto-llvm-82538a.o(.text.tmr_output_channel_config))
<BR><BR>[Stack]<UL><LI>Max Depth = 24<LI>Call Chain = tmr_output_channel_config
</UL>
<BR>[Called By]<UL><LI><a href="#[8c]">&gt;&gt;</a>&nbsp;&nbsp;&nbsp;wk_tmr3_init
</UL>

<P><STRONG><a name="[ce]"></a>tmr_channel_value_set</STRONG> (Thumb, 86 bytes, Stack size 16 bytes, lto-llvm-82538a.o(.text.tmr_channel_value_set))
<BR><BR>[Stack]<UL><LI>Max Depth = 16<LI>Call Chain = tmr_channel_value_set
</UL>
<BR>[Called By]<UL><LI><a href="#[8c]">&gt;&gt;</a>&nbsp;&nbsp;&nbsp;wk_tmr3_init
</UL>

<P><STRONG><a name="[cf]"></a>tmr_output_channel_buffer_enable</STRONG> (Thumb, 152 bytes, Stack size 8 bytes, lto-llvm-82538a.o(.text.tmr_output_channel_buffer_enable))
<BR><BR>[Stack]<UL><LI>Max Depth = 8<LI>Call Chain = tmr_output_channel_buffer_enable
</UL>
<BR>[Called By]<UL><LI><a href="#[8c]">&gt;&gt;</a>&nbsp;&nbsp;&nbsp;wk_tmr3_init
</UL>

<P><STRONG><a name="[d0]"></a>tmr_output_channel_immediately_set</STRONG> (Thumb, 152 bytes, Stack size 8 bytes, lto-llvm-82538a.o(.text.tmr_output_channel_immediately_set))
<BR><BR>[Stack]<UL><LI>Max Depth = 8<LI>Call Chain = tmr_output_channel_immediately_set
</UL>
<BR>[Called By]<UL><LI><a href="#[8c]">&gt;&gt;</a>&nbsp;&nbsp;&nbsp;wk_tmr3_init
</UL>

<P><STRONG><a name="[d1]"></a>tmr_counter_enable</STRONG> (Thumb, 36 bytes, Stack size 8 bytes, lto-llvm-82538a.o(.text.tmr_counter_enable))
<BR><BR>[Stack]<UL><LI>Max Depth = 8<LI>Call Chain = tmr_counter_enable
</UL>
<BR>[Called By]<UL><LI><a href="#[8c]">&gt;&gt;</a>&nbsp;&nbsp;&nbsp;wk_tmr3_init
</UL>

<P><STRONG><a name="[64]"></a>adc_reset</STRONG> (Thumb, 40 bytes, Stack size 16 bytes, lto-llvm-82538a.o(.text.adc_reset))
<BR><BR>[Stack]<UL><LI>Max Depth = 24<LI>Call Chain = adc_reset &rArr; crm_periph_reset
</UL>
<BR>[Calls]<UL><LI><a href="#[65]">&gt;&gt;</a>&nbsp;&nbsp;&nbsp;crm_periph_reset
</UL>
<BR>[Called By]<UL><LI><a href="#[87]">&gt;&gt;</a>&nbsp;&nbsp;&nbsp;wk_adc1_init
</UL>

<P><STRONG><a name="[a9]"></a>crm_adc_clock_div_set</STRONG> (Thumb, 54 bytes, Stack size 4 bytes, lto-llvm-82538a.o(.text.crm_adc_clock_div_set))
<BR><BR>[Stack]<UL><LI>Max Depth = 4<LI>Call Chain = crm_adc_clock_div_set
</UL>
<BR>[Called By]<UL><LI><a href="#[87]">&gt;&gt;</a>&nbsp;&nbsp;&nbsp;wk_adc1_init
</UL>

<P><STRONG><a name="[aa]"></a>adc_base_default_para_init</STRONG> (Thumb, 28 bytes, Stack size 4 bytes, lto-llvm-82538a.o(.text.adc_base_default_para_init))
<BR><BR>[Stack]<UL><LI>Max Depth = 4<LI>Call Chain = adc_base_default_para_init
</UL>
<BR>[Called By]<UL><LI><a href="#[87]">&gt;&gt;</a>&nbsp;&nbsp;&nbsp;wk_adc1_init
</UL>

<P><STRONG><a name="[ab]"></a>adc_base_config</STRONG> (Thumb, 108 bytes, Stack size 8 bytes, lto-llvm-82538a.o(.text.adc_base_config))
<BR><BR>[Stack]<UL><LI>Max Depth = 8<LI>Call Chain = adc_base_config
</UL>
<BR>[Called By]<UL><LI><a href="#[87]">&gt;&gt;</a>&nbsp;&nbsp;&nbsp;wk_adc1_init
</UL>

<P><STRONG><a name="[ac]"></a>adc_ordinary_channel_set</STRONG> (Thumb, 360 bytes, Stack size 12 bytes, lto-llvm-82538a.o(.text.adc_ordinary_channel_set))
<BR><BR>[Stack]<UL><LI>Max Depth = 12<LI>Call Chain = adc_ordinary_channel_set
</UL>
<BR>[Called By]<UL><LI><a href="#[87]">&gt;&gt;</a>&nbsp;&nbsp;&nbsp;wk_adc1_init
</UL>

<P><STRONG><a name="[ad]"></a>adc_ordinary_conversion_trigger_set</STRONG> (Thumb, 108 bytes, Stack size 8 bytes, lto-llvm-82538a.o(.text.adc_ordinary_conversion_trigger_set))
<BR><BR>[Stack]<UL><LI>Max Depth = 8<LI>Call Chain = adc_ordinary_conversion_trigger_set
</UL>
<BR>[Called By]<UL><LI><a href="#[87]">&gt;&gt;</a>&nbsp;&nbsp;&nbsp;wk_adc1_init
</UL>

<P><STRONG><a name="[ae]"></a>adc_ordinary_part_mode_enable</STRONG> (Thumb, 44 bytes, Stack size 8 bytes, lto-llvm-82538a.o(.text.adc_ordinary_part_mode_enable))
<BR><BR>[Stack]<UL><LI>Max Depth = 8<LI>Call Chain = adc_ordinary_part_mode_enable
</UL>
<BR>[Called By]<UL><LI><a href="#[87]">&gt;&gt;</a>&nbsp;&nbsp;&nbsp;wk_adc1_init
</UL>

<P><STRONG><a name="[af]"></a>adc_enable</STRONG> (Thumb, 36 bytes, Stack size 8 bytes, lto-llvm-82538a.o(.text.adc_enable))
<BR><BR>[Stack]<UL><LI>Max Depth = 8<LI>Call Chain = adc_enable
</UL>
<BR>[Called By]<UL><LI><a href="#[87]">&gt;&gt;</a>&nbsp;&nbsp;&nbsp;wk_adc1_init
</UL>

<P><STRONG><a name="[b0]"></a>adc_calibration_init</STRONG> (Thumb, 26 bytes, Stack size 4 bytes, lto-llvm-82538a.o(.text.adc_calibration_init))
<BR><BR>[Stack]<UL><LI>Max Depth = 4<LI>Call Chain = adc_calibration_init
</UL>
<BR>[Called By]<UL><LI><a href="#[87]">&gt;&gt;</a>&nbsp;&nbsp;&nbsp;wk_adc1_init
</UL>

<P><STRONG><a name="[b1]"></a>adc_calibration_init_status_get</STRONG> (Thumb, 48 bytes, Stack size 8 bytes, lto-llvm-82538a.o(.text.adc_calibration_init_status_get))
<BR><BR>[Stack]<UL><LI>Max Depth = 8<LI>Call Chain = adc_calibration_init_status_get
</UL>
<BR>[Called By]<UL><LI><a href="#[87]">&gt;&gt;</a>&nbsp;&nbsp;&nbsp;wk_adc1_init
</UL>

<P><STRONG><a name="[b2]"></a>adc_calibration_start</STRONG> (Thumb, 26 bytes, Stack size 4 bytes, lto-llvm-82538a.o(.text.adc_calibration_start))
<BR><BR>[Stack]<UL><LI>Max Depth = 4<LI>Call Chain = adc_calibration_start
</UL>
<BR>[Called By]<UL><LI><a href="#[87]">&gt;&gt;</a>&nbsp;&nbsp;&nbsp;wk_adc1_init
</UL>

<P><STRONG><a name="[b3]"></a>adc_calibration_status_get</STRONG> (Thumb, 48 bytes, Stack size 8 bytes, lto-llvm-82538a.o(.text.adc_calibration_status_get))
<BR><BR>[Stack]<UL><LI>Max Depth = 8<LI>Call Chain = adc_calibration_status_get
</UL>
<BR>[Called By]<UL><LI><a href="#[87]">&gt;&gt;</a>&nbsp;&nbsp;&nbsp;wk_adc1_init
</UL>

<P><STRONG><a name="[b5]"></a>dma_reset</STRONG> (Thumb, 92 bytes, Stack size 8 bytes, lto-llvm-82538a.o(.text.dma_reset))
<BR><BR>[Stack]<UL><LI>Max Depth = 8<LI>Call Chain = dma_reset
</UL>
<BR>[Called By]<UL><LI><a href="#[88]">&gt;&gt;</a>&nbsp;&nbsp;&nbsp;wk_dma1_channel1_init
</UL>

<P><STRONG><a name="[b6]"></a>dma_default_para_init</STRONG> (Thumb, 50 bytes, Stack size 4 bytes, lto-llvm-82538a.o(.text.dma_default_para_init))
<BR><BR>[Stack]<UL><LI>Max Depth = 4<LI>Call Chain = dma_default_para_init
</UL>
<BR>[Called By]<UL><LI><a href="#[88]">&gt;&gt;</a>&nbsp;&nbsp;&nbsp;wk_dma1_channel1_init
</UL>

<P><STRONG><a name="[b7]"></a>dma_init</STRONG> (Thumb, 196 bytes, Stack size 8 bytes, lto-llvm-82538a.o(.text.dma_init))
<BR><BR>[Stack]<UL><LI>Max Depth = 8<LI>Call Chain = dma_init
</UL>
<BR>[Called By]<UL><LI><a href="#[88]">&gt;&gt;</a>&nbsp;&nbsp;&nbsp;wk_dma1_channel1_init
</UL>

<P><STRONG><a name="[2e]"></a>tmt_run</STRONG> (Thumb, 178 bytes, Stack size 16 bytes, lto-llvm-82538a.o(.text.tmt_run))
<BR><BR>[Stack]<UL><LI>Max Depth = 16<LI>Call Chain = tmt_run
</UL>
<BR>[Address Reference Count : 1]<UL><LI> lto-llvm-82538a.o(.text.tmt_init)
</UL>
<P><STRONG><a name="[2f]"></a>tmt_update_tick</STRONG> (Thumb, 106 bytes, Stack size 4 bytes, lto-llvm-82538a.o(.text.tmt_update_tick))
<BR><BR>[Stack]<UL><LI>Max Depth = 4<LI>Call Chain = tmt_update_tick
</UL>
<BR>[Address Reference Count : 1]<UL><LI> lto-llvm-82538a.o(.text.tmt_init)
</UL>
<P><STRONG><a name="[30]"></a>tmt_create</STRONG> (Thumb, 136 bytes, Stack size 12 bytes, lto-llvm-82538a.o(.text.tmt_create))
<BR><BR>[Stack]<UL><LI>Max Depth = 12<LI>Call Chain = tmt_create
</UL>
<BR>[Address Reference Count : 1]<UL><LI> lto-llvm-82538a.o(.text.tmt_init)
</UL>
<P><STRONG><a name="[31]"></a>tmt_delete</STRONG> (Thumb, 300 bytes, Stack size 12 bytes, lto-llvm-82538a.o(.text.tmt_delete))
<BR><BR>[Stack]<UL><LI>Max Depth = 12<LI>Call Chain = tmt_delete
</UL>
<BR>[Address Reference Count : 1]<UL><LI> lto-llvm-82538a.o(.text.tmt_init)
</UL>
<P><STRONG><a name="[32]"></a>tmt_time_ctrl</STRONG> (Thumb, 152 bytes, Stack size 12 bytes, lto-llvm-82538a.o(.text.tmt_time_ctrl))
<BR><BR>[Stack]<UL><LI>Max Depth = 12<LI>Call Chain = tmt_time_ctrl
</UL>
<BR>[Address Reference Count : 1]<UL><LI> lto-llvm-82538a.o(.text.tmt_init)
</UL>
<P><STRONG><a name="[33]"></a>tmt_run_ctrl</STRONG> (Thumb, 134 bytes, Stack size 12 bytes, lto-llvm-82538a.o(.text.tmt_run_ctrl))
<BR><BR>[Stack]<UL><LI>Max Depth = 12<LI>Call Chain = tmt_run_ctrl
</UL>
<BR>[Address Reference Count : 1]<UL><LI> lto-llvm-82538a.o(.text.tmt_init)
</UL>
<P><STRONG><a name="[65]"></a>crm_periph_reset</STRONG> (Thumb, 90 bytes, Stack size 8 bytes, lto-llvm-82538a.o(.text.crm_periph_reset))
<BR><BR>[Stack]<UL><LI>Max Depth = 8<LI>Call Chain = crm_periph_reset
</UL>
<BR>[Called By]<UL><LI><a href="#[64]">&gt;&gt;</a>&nbsp;&nbsp;&nbsp;adc_reset
</UL>

<P><STRONG><a name="[79]"></a>gpio_input_data_bit_read</STRONG> (Thumb, 64 bytes, Stack size 8 bytes, lto-llvm-82538a.o(.text.gpio_input_data_bit_read))
<BR><BR>[Stack]<UL><LI>Max Depth = 8<LI>Call Chain = gpio_input_data_bit_read
</UL>
<BR>[Called By]<UL><LI><a href="#[54]">&gt;&gt;</a>&nbsp;&nbsp;&nbsp;i2c_receive_byte
<LI><a href="#[53]">&gt;&gt;</a>&nbsp;&nbsp;&nbsp;i2c_wait_ack
</UL>

<P><STRONG><a name="[73]"></a>gpio_bits_reset</STRONG> (Thumb, 28 bytes, Stack size 8 bytes, lto-llvm-82538a.o(.text.gpio_bits_reset))
<BR><BR>[Stack]<UL><LI>Max Depth = 8<LI>Call Chain = gpio_bits_reset
</UL>
<BR>[Called By]<UL><LI><a href="#[55]">&gt;&gt;</a>&nbsp;&nbsp;&nbsp;i2c_ack
<LI><a href="#[54]">&gt;&gt;</a>&nbsp;&nbsp;&nbsp;i2c_receive_byte
<LI><a href="#[56]">&gt;&gt;</a>&nbsp;&nbsp;&nbsp;i2c_stop
<LI><a href="#[53]">&gt;&gt;</a>&nbsp;&nbsp;&nbsp;i2c_wait_ack
<LI><a href="#[52]">&gt;&gt;</a>&nbsp;&nbsp;&nbsp;i2c_send_byte
<LI><a href="#[51]">&gt;&gt;</a>&nbsp;&nbsp;&nbsp;i2c_start
</UL>

<P><STRONG><a name="[6b]"></a>flash_operation_status_get</STRONG> (Thumb, 104 bytes, Stack size 4 bytes, lto-llvm-82538a.o(.text.flash_operation_status_get))
<BR><BR>[Stack]<UL><LI>Max Depth = 4<LI>Call Chain = flash_operation_status_get
</UL>
<BR>[Called By]<UL><LI><a href="#[6a]">&gt;&gt;</a>&nbsp;&nbsp;&nbsp;flash_operation_wait_for
</UL>

<P><STRONG><a name="[6a]"></a>flash_operation_wait_for</STRONG> (Thumb, 86 bytes, Stack size 16 bytes, lto-llvm-82538a.o(.text.flash_operation_wait_for))
<BR><BR>[Stack]<UL><LI>Max Depth = 20<LI>Call Chain = flash_operation_wait_for &rArr; flash_operation_status_get
</UL>
<BR>[Calls]<UL><LI><a href="#[6b]">&gt;&gt;</a>&nbsp;&nbsp;&nbsp;flash_operation_status_get
</UL>
<BR>[Called By]<UL><LI><a href="#[6d]">&gt;&gt;</a>&nbsp;&nbsp;&nbsp;flash_word_program
<LI><a href="#[6c]">&gt;&gt;</a>&nbsp;&nbsp;&nbsp;flash_sector_erase
</UL>

<P><STRONG><a name="[96]"></a>__NVIC_SystemReset</STRONG> (Thumb, 38 bytes, Stack size 0 bytes, lto-llvm-82538a.o(.text.__NVIC_SystemReset))
<BR><BR>[Called By]<UL><LI><a href="#[7d]">&gt;&gt;</a>&nbsp;&nbsp;&nbsp;nvic_system_reset
</UL>

<P><STRONG><a name="[90]"></a>__NVIC_GetPriorityGrouping.151</STRONG> (Thumb, 16 bytes, Stack size 0 bytes, lto-llvm-82538a.o(.text.__NVIC_GetPriorityGrouping.151))
<BR><BR>[Called By]<UL><LI><a href="#[8f]">&gt;&gt;</a>&nbsp;&nbsp;&nbsp;nvic_irq_enable
</UL>

<P><STRONG><a name="[91]"></a>NVIC_EncodePriority.152</STRONG> (Thumb, 98 bytes, Stack size 24 bytes, lto-llvm-82538a.o(.text.NVIC_EncodePriority.152))
<BR><BR>[Stack]<UL><LI>Max Depth = 24<LI>Call Chain = NVIC_EncodePriority.152
</UL>
<BR>[Called By]<UL><LI><a href="#[8f]">&gt;&gt;</a>&nbsp;&nbsp;&nbsp;nvic_irq_enable
</UL>

<P><STRONG><a name="[92]"></a>__NVIC_SetPriority.153</STRONG> (Thumb, 66 bytes, Stack size 8 bytes, lto-llvm-82538a.o(.text.__NVIC_SetPriority.153))
<BR><BR>[Stack]<UL><LI>Max Depth = 8<LI>Call Chain = __NVIC_SetPriority.153
</UL>
<BR>[Called By]<UL><LI><a href="#[8f]">&gt;&gt;</a>&nbsp;&nbsp;&nbsp;nvic_irq_enable
</UL>

<P><STRONG><a name="[93]"></a>__NVIC_EnableIRQ</STRONG> (Thumb, 50 bytes, Stack size 4 bytes, lto-llvm-82538a.o(.text.__NVIC_EnableIRQ))
<BR><BR>[Stack]<UL><LI>Max Depth = 4<LI>Call Chain = __NVIC_EnableIRQ
</UL>
<BR>[Called By]<UL><LI><a href="#[8f]">&gt;&gt;</a>&nbsp;&nbsp;&nbsp;nvic_irq_enable
</UL>

<P><STRONG><a name="[95]"></a>__NVIC_SetPriorityGrouping</STRONG> (Thumb, 60 bytes, Stack size 12 bytes, lto-llvm-82538a.o(.text.__NVIC_SetPriorityGrouping))
<BR><BR>[Stack]<UL><LI>Max Depth = 12<LI>Call Chain = __NVIC_SetPriorityGrouping
</UL>
<BR>[Called By]<UL><LI><a href="#[94]">&gt;&gt;</a>&nbsp;&nbsp;&nbsp;nvic_priority_group_config
</UL>

<P><STRONG><a name="[50]"></a>INA226_WriteReg</STRONG> (Thumb, 74 bytes, Stack size 16 bytes, lto-llvm-82538a.o(.text.INA226_WriteReg))
<BR><BR>[Stack]<UL><LI>Max Depth = 176<LI>Call Chain = INA226_WriteReg &rArr; i2c_wait_ack &rArr; i2c_delay &rArr; perfc_delay_us &rArr; get_system_ticks &rArr; check_systick &rArr; __check_and_handle_ovf &rArr; perfc_port_insert_to_system_timer_insert_ovf_handler &rArr; perfc_port_resume_systimer_interrupt
</UL>
<BR>[Calls]<UL><LI><a href="#[56]">&gt;&gt;</a>&nbsp;&nbsp;&nbsp;i2c_stop
<LI><a href="#[53]">&gt;&gt;</a>&nbsp;&nbsp;&nbsp;i2c_wait_ack
<LI><a href="#[52]">&gt;&gt;</a>&nbsp;&nbsp;&nbsp;i2c_send_byte
<LI><a href="#[51]">&gt;&gt;</a>&nbsp;&nbsp;&nbsp;i2c_start
</UL>
<BR>[Called By]<UL><LI><a href="#[4f]">&gt;&gt;</a>&nbsp;&nbsp;&nbsp;INA226_Init
</UL>

<P><STRONG><a name="[51]"></a>i2c_start</STRONG> (Thumb, 44 bytes, Stack size 8 bytes, lto-llvm-82538a.o(.text.i2c_start))
<BR><BR>[Stack]<UL><LI>Max Depth = 152<LI>Call Chain = i2c_start &rArr; i2c_delay &rArr; perfc_delay_us &rArr; get_system_ticks &rArr; check_systick &rArr; __check_and_handle_ovf &rArr; perfc_port_insert_to_system_timer_insert_ovf_handler &rArr; perfc_port_resume_systimer_interrupt
</UL>
<BR>[Calls]<UL><LI><a href="#[74]">&gt;&gt;</a>&nbsp;&nbsp;&nbsp;i2c_delay
<LI><a href="#[59]">&gt;&gt;</a>&nbsp;&nbsp;&nbsp;SDA_OUT
<LI><a href="#[73]">&gt;&gt;</a>&nbsp;&nbsp;&nbsp;gpio_bits_reset
<LI><a href="#[75]">&gt;&gt;</a>&nbsp;&nbsp;&nbsp;gpio_bits_set
</UL>
<BR>[Called By]<UL><LI><a href="#[4b]">&gt;&gt;</a>&nbsp;&nbsp;&nbsp;INA226_ReadReg
<LI><a href="#[50]">&gt;&gt;</a>&nbsp;&nbsp;&nbsp;INA226_WriteReg
</UL>

<P><STRONG><a name="[52]"></a>i2c_send_byte</STRONG> (Thumb, 110 bytes, Stack size 16 bytes, lto-llvm-82538a.o(.text.i2c_send_byte))
<BR><BR>[Stack]<UL><LI>Max Depth = 160<LI>Call Chain = i2c_send_byte &rArr; i2c_delay &rArr; perfc_delay_us &rArr; get_system_ticks &rArr; check_systick &rArr; __check_and_handle_ovf &rArr; perfc_port_insert_to_system_timer_insert_ovf_handler &rArr; perfc_port_resume_systimer_interrupt
</UL>
<BR>[Calls]<UL><LI><a href="#[74]">&gt;&gt;</a>&nbsp;&nbsp;&nbsp;i2c_delay
<LI><a href="#[59]">&gt;&gt;</a>&nbsp;&nbsp;&nbsp;SDA_OUT
<LI><a href="#[73]">&gt;&gt;</a>&nbsp;&nbsp;&nbsp;gpio_bits_reset
<LI><a href="#[75]">&gt;&gt;</a>&nbsp;&nbsp;&nbsp;gpio_bits_set
</UL>
<BR>[Called By]<UL><LI><a href="#[4b]">&gt;&gt;</a>&nbsp;&nbsp;&nbsp;INA226_ReadReg
<LI><a href="#[50]">&gt;&gt;</a>&nbsp;&nbsp;&nbsp;INA226_WriteReg
</UL>

<P><STRONG><a name="[53]"></a>i2c_wait_ack</STRONG> (Thumb, 122 bytes, Stack size 16 bytes, lto-llvm-82538a.o(.text.i2c_wait_ack))
<BR><BR>[Stack]<UL><LI>Max Depth = 160<LI>Call Chain = i2c_wait_ack &rArr; i2c_delay &rArr; perfc_delay_us &rArr; get_system_ticks &rArr; check_systick &rArr; __check_and_handle_ovf &rArr; perfc_port_insert_to_system_timer_insert_ovf_handler &rArr; perfc_port_resume_systimer_interrupt
</UL>
<BR>[Calls]<UL><LI><a href="#[74]">&gt;&gt;</a>&nbsp;&nbsp;&nbsp;i2c_delay
<LI><a href="#[57]">&gt;&gt;</a>&nbsp;&nbsp;&nbsp;SDA_IN
<LI><a href="#[73]">&gt;&gt;</a>&nbsp;&nbsp;&nbsp;gpio_bits_reset
<LI><a href="#[79]">&gt;&gt;</a>&nbsp;&nbsp;&nbsp;gpio_input_data_bit_read
<LI><a href="#[75]">&gt;&gt;</a>&nbsp;&nbsp;&nbsp;gpio_bits_set
</UL>
<BR>[Called By]<UL><LI><a href="#[4b]">&gt;&gt;</a>&nbsp;&nbsp;&nbsp;INA226_ReadReg
<LI><a href="#[50]">&gt;&gt;</a>&nbsp;&nbsp;&nbsp;INA226_WriteReg
</UL>

<P><STRONG><a name="[56]"></a>i2c_stop</STRONG> (Thumb, 44 bytes, Stack size 8 bytes, lto-llvm-82538a.o(.text.i2c_stop))
<BR><BR>[Stack]<UL><LI>Max Depth = 152<LI>Call Chain = i2c_stop &rArr; i2c_delay &rArr; perfc_delay_us &rArr; get_system_ticks &rArr; check_systick &rArr; __check_and_handle_ovf &rArr; perfc_port_insert_to_system_timer_insert_ovf_handler &rArr; perfc_port_resume_systimer_interrupt
</UL>
<BR>[Calls]<UL><LI><a href="#[74]">&gt;&gt;</a>&nbsp;&nbsp;&nbsp;i2c_delay
<LI><a href="#[59]">&gt;&gt;</a>&nbsp;&nbsp;&nbsp;SDA_OUT
<LI><a href="#[73]">&gt;&gt;</a>&nbsp;&nbsp;&nbsp;gpio_bits_reset
<LI><a href="#[75]">&gt;&gt;</a>&nbsp;&nbsp;&nbsp;gpio_bits_set
</UL>
<BR>[Called By]<UL><LI><a href="#[4b]">&gt;&gt;</a>&nbsp;&nbsp;&nbsp;INA226_ReadReg
<LI><a href="#[50]">&gt;&gt;</a>&nbsp;&nbsp;&nbsp;INA226_WriteReg
</UL>

<P><STRONG><a name="[4b]"></a>INA226_ReadReg</STRONG> (Thumb, 80 bytes, Stack size 16 bytes, lto-llvm-82538a.o(.text.INA226_ReadReg))
<BR><BR>[Stack]<UL><LI>Max Depth = 176<LI>Call Chain = INA226_ReadReg &rArr; i2c_receive_byte &rArr; i2c_delay &rArr; perfc_delay_us &rArr; get_system_ticks &rArr; check_systick &rArr; __check_and_handle_ovf &rArr; perfc_port_insert_to_system_timer_insert_ovf_handler &rArr; perfc_port_resume_systimer_interrupt
</UL>
<BR>[Calls]<UL><LI><a href="#[55]">&gt;&gt;</a>&nbsp;&nbsp;&nbsp;i2c_ack
<LI><a href="#[54]">&gt;&gt;</a>&nbsp;&nbsp;&nbsp;i2c_receive_byte
<LI><a href="#[56]">&gt;&gt;</a>&nbsp;&nbsp;&nbsp;i2c_stop
<LI><a href="#[53]">&gt;&gt;</a>&nbsp;&nbsp;&nbsp;i2c_wait_ack
<LI><a href="#[52]">&gt;&gt;</a>&nbsp;&nbsp;&nbsp;i2c_send_byte
<LI><a href="#[51]">&gt;&gt;</a>&nbsp;&nbsp;&nbsp;i2c_start
</UL>
<BR>[Called By]<UL><LI><a href="#[4d]">&gt;&gt;</a>&nbsp;&nbsp;&nbsp;INA226_GetCurrent
<LI><a href="#[4a]">&gt;&gt;</a>&nbsp;&nbsp;&nbsp;INA226_GetBusVoltage
</UL>

<P><STRONG><a name="[54]"></a>i2c_receive_byte</STRONG> (Thumb, 112 bytes, Stack size 16 bytes, lto-llvm-82538a.o(.text.i2c_receive_byte))
<BR><BR>[Stack]<UL><LI>Max Depth = 160<LI>Call Chain = i2c_receive_byte &rArr; i2c_delay &rArr; perfc_delay_us &rArr; get_system_ticks &rArr; check_systick &rArr; __check_and_handle_ovf &rArr; perfc_port_insert_to_system_timer_insert_ovf_handler &rArr; perfc_port_resume_systimer_interrupt
</UL>
<BR>[Calls]<UL><LI><a href="#[74]">&gt;&gt;</a>&nbsp;&nbsp;&nbsp;i2c_delay
<LI><a href="#[57]">&gt;&gt;</a>&nbsp;&nbsp;&nbsp;SDA_IN
<LI><a href="#[73]">&gt;&gt;</a>&nbsp;&nbsp;&nbsp;gpio_bits_reset
<LI><a href="#[79]">&gt;&gt;</a>&nbsp;&nbsp;&nbsp;gpio_input_data_bit_read
<LI><a href="#[75]">&gt;&gt;</a>&nbsp;&nbsp;&nbsp;gpio_bits_set
</UL>
<BR>[Called By]<UL><LI><a href="#[4b]">&gt;&gt;</a>&nbsp;&nbsp;&nbsp;INA226_ReadReg
</UL>

<P><STRONG><a name="[55]"></a>i2c_ack</STRONG> (Thumb, 40 bytes, Stack size 8 bytes, lto-llvm-82538a.o(.text.i2c_ack))
<BR><BR>[Stack]<UL><LI>Max Depth = 152<LI>Call Chain = i2c_ack &rArr; i2c_delay &rArr; perfc_delay_us &rArr; get_system_ticks &rArr; check_systick &rArr; __check_and_handle_ovf &rArr; perfc_port_insert_to_system_timer_insert_ovf_handler &rArr; perfc_port_resume_systimer_interrupt
</UL>
<BR>[Calls]<UL><LI><a href="#[74]">&gt;&gt;</a>&nbsp;&nbsp;&nbsp;i2c_delay
<LI><a href="#[59]">&gt;&gt;</a>&nbsp;&nbsp;&nbsp;SDA_OUT
<LI><a href="#[73]">&gt;&gt;</a>&nbsp;&nbsp;&nbsp;gpio_bits_reset
<LI><a href="#[75]">&gt;&gt;</a>&nbsp;&nbsp;&nbsp;gpio_bits_set
</UL>
<BR>[Called By]<UL><LI><a href="#[4b]">&gt;&gt;</a>&nbsp;&nbsp;&nbsp;INA226_ReadReg
</UL>

<P><STRONG><a name="[4a]"></a>INA226_GetBusVoltage</STRONG> (Thumb, 34 bytes, Stack size 16 bytes, lto-llvm-82538a.o(.text.INA226_GetBusVoltage))
<BR><BR>[Stack]<UL><LI>Max Depth = 192<LI>Call Chain = INA226_GetBusVoltage &rArr; INA226_ReadReg &rArr; i2c_receive_byte &rArr; i2c_delay &rArr; perfc_delay_us &rArr; get_system_ticks &rArr; check_systick &rArr; __check_and_handle_ovf &rArr; perfc_port_insert_to_system_timer_insert_ovf_handler &rArr; perfc_port_resume_systimer_interrupt
</UL>
<BR>[Calls]<UL><LI><a href="#[4b]">&gt;&gt;</a>&nbsp;&nbsp;&nbsp;INA226_ReadReg
<LI><a href="#[48]">&gt;&gt;</a>&nbsp;&nbsp;&nbsp;__aeabi_ui2f
<LI><a href="#[4c]">&gt;&gt;</a>&nbsp;&nbsp;&nbsp;__aeabi_fmul
</UL>
<BR>[Called By]<UL><LI><a href="#[7f]">&gt;&gt;</a>&nbsp;&nbsp;&nbsp;ina226_handle
</UL>

<P><STRONG><a name="[4d]"></a>INA226_GetCurrent</STRONG> (Thumb, 38 bytes, Stack size 16 bytes, lto-llvm-82538a.o(.text.INA226_GetCurrent))
<BR><BR>[Stack]<UL><LI>Max Depth = 192<LI>Call Chain = INA226_GetCurrent &rArr; INA226_ReadReg &rArr; i2c_receive_byte &rArr; i2c_delay &rArr; perfc_delay_us &rArr; get_system_ticks &rArr; check_systick &rArr; __check_and_handle_ovf &rArr; perfc_port_insert_to_system_timer_insert_ovf_handler &rArr; perfc_port_resume_systimer_interrupt
</UL>
<BR>[Calls]<UL><LI><a href="#[4b]">&gt;&gt;</a>&nbsp;&nbsp;&nbsp;INA226_ReadReg
<LI><a href="#[3c]">&gt;&gt;</a>&nbsp;&nbsp;&nbsp;__aeabi_dmul
<LI><a href="#[49]">&gt;&gt;</a>&nbsp;&nbsp;&nbsp;__aeabi_ui2d
<LI><a href="#[4e]">&gt;&gt;</a>&nbsp;&nbsp;&nbsp;__aeabi_d2f
</UL>
<BR>[Called By]<UL><LI><a href="#[7f]">&gt;&gt;</a>&nbsp;&nbsp;&nbsp;ina226_handle
</UL>

<P><STRONG><a name="[59]"></a>SDA_OUT</STRONG> (Thumb, 48 bytes, Stack size 16 bytes, lto-llvm-82538a.o(.text.SDA_OUT))
<BR><BR>[Stack]<UL><LI>Max Depth = 28<LI>Call Chain = SDA_OUT &rArr; gpio_init
</UL>
<BR>[Calls]<UL><LI><a href="#[58]">&gt;&gt;</a>&nbsp;&nbsp;&nbsp;gpio_init
</UL>
<BR>[Called By]<UL><LI><a href="#[55]">&gt;&gt;</a>&nbsp;&nbsp;&nbsp;i2c_ack
<LI><a href="#[56]">&gt;&gt;</a>&nbsp;&nbsp;&nbsp;i2c_stop
<LI><a href="#[52]">&gt;&gt;</a>&nbsp;&nbsp;&nbsp;i2c_send_byte
<LI><a href="#[51]">&gt;&gt;</a>&nbsp;&nbsp;&nbsp;i2c_start
</UL>

<P><STRONG><a name="[57]"></a>SDA_IN</STRONG> (Thumb, 48 bytes, Stack size 16 bytes, lto-llvm-82538a.o(.text.SDA_IN))
<BR><BR>[Stack]<UL><LI>Max Depth = 28<LI>Call Chain = SDA_IN &rArr; gpio_init
</UL>
<BR>[Calls]<UL><LI><a href="#[58]">&gt;&gt;</a>&nbsp;&nbsp;&nbsp;gpio_init
</UL>
<BR>[Called By]<UL><LI><a href="#[54]">&gt;&gt;</a>&nbsp;&nbsp;&nbsp;i2c_receive_byte
<LI><a href="#[53]">&gt;&gt;</a>&nbsp;&nbsp;&nbsp;i2c_wait_ack
</UL>

<P><STRONG><a name="[74]"></a>i2c_delay</STRONG> (Thumb, 8 bytes, Stack size 8 bytes, lto-llvm-82538a.o(.text.i2c_delay))
<BR><BR>[Stack]<UL><LI>Max Depth = 144<LI>Call Chain = i2c_delay &rArr; perfc_delay_us &rArr; get_system_ticks &rArr; check_systick &rArr; __check_and_handle_ovf &rArr; perfc_port_insert_to_system_timer_insert_ovf_handler &rArr; perfc_port_resume_systimer_interrupt
</UL>
<BR>[Calls]<UL><LI><a href="#[78]">&gt;&gt;</a>&nbsp;&nbsp;&nbsp;perfc_delay_us
</UL>
<BR>[Called By]<UL><LI><a href="#[55]">&gt;&gt;</a>&nbsp;&nbsp;&nbsp;i2c_ack
<LI><a href="#[54]">&gt;&gt;</a>&nbsp;&nbsp;&nbsp;i2c_receive_byte
<LI><a href="#[56]">&gt;&gt;</a>&nbsp;&nbsp;&nbsp;i2c_stop
<LI><a href="#[53]">&gt;&gt;</a>&nbsp;&nbsp;&nbsp;i2c_wait_ack
<LI><a href="#[52]">&gt;&gt;</a>&nbsp;&nbsp;&nbsp;i2c_send_byte
<LI><a href="#[51]">&gt;&gt;</a>&nbsp;&nbsp;&nbsp;i2c_start
</UL>

<P><STRONG><a name="[78]"></a>perfc_delay_us</STRONG> (Thumb, 164 bytes, Stack size 40 bytes, lto-llvm-82538a.o(.text.perfc_delay_us))
<BR><BR>[Stack]<UL><LI>Max Depth = 136<LI>Call Chain = perfc_delay_us &rArr; get_system_ticks &rArr; check_systick &rArr; __check_and_handle_ovf &rArr; perfc_port_insert_to_system_timer_insert_ovf_handler &rArr; perfc_port_resume_systimer_interrupt
</UL>
<BR>[Calls]<UL><LI><a href="#[97]">&gt;&gt;</a>&nbsp;&nbsp;&nbsp;perfc_convert_ticks_to_us
<LI><a href="#[98]">&gt;&gt;</a>&nbsp;&nbsp;&nbsp;perfc_convert_us_to_ticks
<LI><a href="#[99]">&gt;&gt;</a>&nbsp;&nbsp;&nbsp;perfc_delay_us_user_code_in_loop
<LI><a href="#[70]">&gt;&gt;</a>&nbsp;&nbsp;&nbsp;get_system_ticks
</UL>
<BR>[Called By]<UL><LI><a href="#[74]">&gt;&gt;</a>&nbsp;&nbsp;&nbsp;i2c_delay
</UL>

<P><STRONG><a name="[34]"></a>__perf_counter_init</STRONG> (Thumb, 8 bytes, Stack size 8 bytes, lto-llvm-82538a.o(.text.__perf_counter_init))
<BR><BR>[Stack]<UL><LI>Max Depth = 184<LI>Call Chain = __perf_counter_init &rArr; perfc_init &rArr; update_perf_counter &rArr; get_system_ticks &rArr; check_systick &rArr; __check_and_handle_ovf &rArr; perfc_port_insert_to_system_timer_insert_ovf_handler &rArr; perfc_port_resume_systimer_interrupt
</UL>
<BR>[Calls]<UL><LI><a href="#[63]">&gt;&gt;</a>&nbsp;&nbsp;&nbsp;perfc_init
</UL>
<BR>[Address Reference Count : 1]<UL><LI> lto-llvm-82538a.o(.init_array)
</UL>
<P><STRONG><a name="[71]"></a>perfc_port_mask_systimer_interrupt</STRONG> (Thumb, 20 bytes, Stack size 8 bytes, lto-llvm-82538a.o(.text.perfc_port_mask_systimer_interrupt))
<BR><BR>[Stack]<UL><LI>Max Depth = 8<LI>Call Chain = perfc_port_mask_systimer_interrupt
</UL>
<BR>[Called By]<UL><LI><a href="#[70]">&gt;&gt;</a>&nbsp;&nbsp;&nbsp;get_system_ticks
<LI><a href="#[9b]">&gt;&gt;</a>&nbsp;&nbsp;&nbsp;update_perf_counter
<LI><a href="#[63]">&gt;&gt;</a>&nbsp;&nbsp;&nbsp;perfc_init
<LI><a href="#[29]">&gt;&gt;</a>&nbsp;&nbsp;&nbsp;perfc_port_insert_to_system_timer_insert_ovf_handler
</UL>

<P><STRONG><a name="[9a]"></a>perfc_port_init_system_timer</STRONG> (Thumb, 124 bytes, Stack size 24 bytes, lto-llvm-82538a.o(.text.perfc_port_init_system_timer))
<BR><BR>[Stack]<UL><LI>Max Depth = 32<LI>Call Chain = perfc_port_init_system_timer &rArr; perfc_port_resume_systimer_interrupt.193
</UL>
<BR>[Calls]<UL><LI><a href="#[9d]">&gt;&gt;</a>&nbsp;&nbsp;&nbsp;perfc_port_resume_systimer_interrupt.193
<LI><a href="#[9c]">&gt;&gt;</a>&nbsp;&nbsp;&nbsp;perfc_port_mask_systimer_interrupt.192
</UL>
<BR>[Called By]<UL><LI><a href="#[63]">&gt;&gt;</a>&nbsp;&nbsp;&nbsp;perfc_init
</UL>

<P><STRONG><a name="[60]"></a>perfc_port_clear_system_timer_ovf_pending</STRONG> (Thumb, 16 bytes, Stack size 0 bytes, lto-llvm-82538a.o(.text.perfc_port_clear_system_timer_ovf_pending))
<BR><BR>[Called By]<UL><LI><a href="#[5d]">&gt;&gt;</a>&nbsp;&nbsp;&nbsp;__check_and_handle_ovf
<LI><a href="#[63]">&gt;&gt;</a>&nbsp;&nbsp;&nbsp;perfc_init
</UL>

<P><STRONG><a name="[72]"></a>perfc_port_resume_systimer_interrupt</STRONG> (Thumb, 18 bytes, Stack size 8 bytes, lto-llvm-82538a.o(.text.perfc_port_resume_systimer_interrupt))
<BR><BR>[Stack]<UL><LI>Max Depth = 8<LI>Call Chain = perfc_port_resume_systimer_interrupt
</UL>
<BR>[Called By]<UL><LI><a href="#[70]">&gt;&gt;</a>&nbsp;&nbsp;&nbsp;get_system_ticks
<LI><a href="#[9b]">&gt;&gt;</a>&nbsp;&nbsp;&nbsp;update_perf_counter
<LI><a href="#[63]">&gt;&gt;</a>&nbsp;&nbsp;&nbsp;perfc_init
<LI><a href="#[29]">&gt;&gt;</a>&nbsp;&nbsp;&nbsp;perfc_port_insert_to_system_timer_insert_ovf_handler
</UL>

<P><STRONG><a name="[9b]"></a>update_perf_counter</STRONG> (Thumb, 324 bytes, Stack size 56 bytes, lto-llvm-82538a.o(.text.update_perf_counter))
<BR><BR>[Stack]<UL><LI>Max Depth = 152<LI>Call Chain = update_perf_counter &rArr; get_system_ticks &rArr; check_systick &rArr; __check_and_handle_ovf &rArr; perfc_port_insert_to_system_timer_insert_ovf_handler &rArr; perfc_port_resume_systimer_interrupt
</UL>
<BR>[Calls]<UL><LI><a href="#[70]">&gt;&gt;</a>&nbsp;&nbsp;&nbsp;get_system_ticks
<LI><a href="#[9e]">&gt;&gt;</a>&nbsp;&nbsp;&nbsp;reinterpret_q16_f32
<LI><a href="#[a6]">&gt;&gt;</a>&nbsp;&nbsp;&nbsp;perfc_port_get_system_timer_freq
<LI><a href="#[67]">&gt;&gt;</a>&nbsp;&nbsp;&nbsp;perfc_port_get_system_timer_top
<LI><a href="#[72]">&gt;&gt;</a>&nbsp;&nbsp;&nbsp;perfc_port_resume_systimer_interrupt
<LI><a href="#[71]">&gt;&gt;</a>&nbsp;&nbsp;&nbsp;perfc_port_mask_systimer_interrupt
<LI><a href="#[46]">&gt;&gt;</a>&nbsp;&nbsp;&nbsp;__aeabi_fdiv
<LI><a href="#[48]">&gt;&gt;</a>&nbsp;&nbsp;&nbsp;__aeabi_ui2f
</UL>
<BR>[Called By]<UL><LI><a href="#[63]">&gt;&gt;</a>&nbsp;&nbsp;&nbsp;perfc_init
</UL>

<P><STRONG><a name="[67]"></a>perfc_port_get_system_timer_top</STRONG> (Thumb, 14 bytes, Stack size 0 bytes, lto-llvm-82538a.o(.text.perfc_port_get_system_timer_top))
<BR><BR>[Called By]<UL><LI><a href="#[66]">&gt;&gt;</a>&nbsp;&nbsp;&nbsp;check_systick
<LI><a href="#[9b]">&gt;&gt;</a>&nbsp;&nbsp;&nbsp;update_perf_counter
<LI><a href="#[29]">&gt;&gt;</a>&nbsp;&nbsp;&nbsp;perfc_port_insert_to_system_timer_insert_ovf_handler
</UL>

<P><STRONG><a name="[a6]"></a>perfc_port_get_system_timer_freq</STRONG> (Thumb, 12 bytes, Stack size 0 bytes, lto-llvm-82538a.o(.text.perfc_port_get_system_timer_freq))
<BR><BR>[Called By]<UL><LI><a href="#[9b]">&gt;&gt;</a>&nbsp;&nbsp;&nbsp;update_perf_counter
</UL>

<P><STRONG><a name="[9e]"></a>reinterpret_q16_f32</STRONG> (Thumb, 52 bytes, Stack size 24 bytes, lto-llvm-82538a.o(.text.reinterpret_q16_f32))
<BR><BR>[Stack]<UL><LI>Max Depth = 44<LI>Call Chain = reinterpret_q16_f32 &rArr; __aeabi_fadd &rArr; _float_epilogue
</UL>
<BR>[Calls]<UL><LI><a href="#[41]">&gt;&gt;</a>&nbsp;&nbsp;&nbsp;__aeabi_fadd
<LI><a href="#[9f]">&gt;&gt;</a>&nbsp;&nbsp;&nbsp;__aeabi_fcmpge
<LI><a href="#[4c]">&gt;&gt;</a>&nbsp;&nbsp;&nbsp;__aeabi_fmul
<LI><a href="#[6f]">&gt;&gt;</a>&nbsp;&nbsp;&nbsp;__aeabi_f2iz
</UL>
<BR>[Called By]<UL><LI><a href="#[9b]">&gt;&gt;</a>&nbsp;&nbsp;&nbsp;update_perf_counter
</UL>

<P><STRONG><a name="[70]"></a>get_system_ticks</STRONG> (Thumb, 126 bytes, Stack size 24 bytes, lto-llvm-82538a.o(.text.get_system_ticks))
<BR><BR>[Stack]<UL><LI>Max Depth = 96<LI>Call Chain = get_system_ticks &rArr; check_systick &rArr; __check_and_handle_ovf &rArr; perfc_port_insert_to_system_timer_insert_ovf_handler &rArr; perfc_port_resume_systimer_interrupt
</UL>
<BR>[Calls]<UL><LI><a href="#[66]">&gt;&gt;</a>&nbsp;&nbsp;&nbsp;check_systick
<LI><a href="#[72]">&gt;&gt;</a>&nbsp;&nbsp;&nbsp;perfc_port_resume_systimer_interrupt
<LI><a href="#[71]">&gt;&gt;</a>&nbsp;&nbsp;&nbsp;perfc_port_mask_systimer_interrupt
</UL>
<BR>[Called By]<UL><LI><a href="#[9b]">&gt;&gt;</a>&nbsp;&nbsp;&nbsp;update_perf_counter
<LI><a href="#[78]">&gt;&gt;</a>&nbsp;&nbsp;&nbsp;perfc_delay_us
</UL>

<P><STRONG><a name="[66]"></a>check_systick</STRONG> (Thumb, 92 bytes, Stack size 16 bytes, lto-llvm-82538a.o(.text.check_systick))
<BR><BR>[Stack]<UL><LI>Max Depth = 72<LI>Call Chain = check_systick &rArr; __check_and_handle_ovf &rArr; perfc_port_insert_to_system_timer_insert_ovf_handler &rArr; perfc_port_resume_systimer_interrupt
</UL>
<BR>[Calls]<UL><LI><a href="#[5d]">&gt;&gt;</a>&nbsp;&nbsp;&nbsp;__check_and_handle_ovf
<LI><a href="#[5f]">&gt;&gt;</a>&nbsp;&nbsp;&nbsp;perfc_port_is_system_timer_ovf_pending
<LI><a href="#[61]">&gt;&gt;</a>&nbsp;&nbsp;&nbsp;perfc_port_get_system_timer_elapsed
<LI><a href="#[67]">&gt;&gt;</a>&nbsp;&nbsp;&nbsp;perfc_port_get_system_timer_top
</UL>
<BR>[Called By]<UL><LI><a href="#[70]">&gt;&gt;</a>&nbsp;&nbsp;&nbsp;get_system_ticks
</UL>

<P><STRONG><a name="[61]"></a>perfc_port_get_system_timer_elapsed</STRONG> (Thumb, 32 bytes, Stack size 0 bytes, lto-llvm-82538a.o(.text.perfc_port_get_system_timer_elapsed))
<BR><BR>[Called By]<UL><LI><a href="#[5d]">&gt;&gt;</a>&nbsp;&nbsp;&nbsp;__check_and_handle_ovf
<LI><a href="#[66]">&gt;&gt;</a>&nbsp;&nbsp;&nbsp;check_systick
</UL>

<P><STRONG><a name="[5f]"></a>perfc_port_is_system_timer_ovf_pending</STRONG> (Thumb, 16 bytes, Stack size 0 bytes, lto-llvm-82538a.o(.text.perfc_port_is_system_timer_ovf_pending))
<BR><BR>[Called By]<UL><LI><a href="#[5d]">&gt;&gt;</a>&nbsp;&nbsp;&nbsp;__check_and_handle_ovf
<LI><a href="#[66]">&gt;&gt;</a>&nbsp;&nbsp;&nbsp;check_systick
</UL>

<P><STRONG><a name="[5d]"></a>__check_and_handle_ovf</STRONG> (Thumb, 74 bytes, Stack size 24 bytes, lto-llvm-82538a.o(.text.__check_and_handle_ovf))
<BR><BR>[Stack]<UL><LI>Max Depth = 56<LI>Call Chain = __check_and_handle_ovf &rArr; perfc_port_insert_to_system_timer_insert_ovf_handler &rArr; perfc_port_resume_systimer_interrupt
</UL>
<BR>[Calls]<UL><LI><a href="#[62]">&gt;&gt;</a>&nbsp;&nbsp;&nbsp;perfc_port_resume_global_interrupt
<LI><a href="#[5e]">&gt;&gt;</a>&nbsp;&nbsp;&nbsp;perfc_port_disable_global_interrupt
<LI><a href="#[5f]">&gt;&gt;</a>&nbsp;&nbsp;&nbsp;perfc_port_is_system_timer_ovf_pending
<LI><a href="#[61]">&gt;&gt;</a>&nbsp;&nbsp;&nbsp;perfc_port_get_system_timer_elapsed
<LI><a href="#[60]">&gt;&gt;</a>&nbsp;&nbsp;&nbsp;perfc_port_clear_system_timer_ovf_pending
<LI><a href="#[29]">&gt;&gt;</a>&nbsp;&nbsp;&nbsp;perfc_port_insert_to_system_timer_insert_ovf_handler
</UL>
<BR>[Called By]<UL><LI><a href="#[66]">&gt;&gt;</a>&nbsp;&nbsp;&nbsp;check_systick
</UL>

<P><STRONG><a name="[5e]"></a>perfc_port_disable_global_interrupt</STRONG> (Thumb, 20 bytes, Stack size 8 bytes, lto-llvm-82538a.o(.text.perfc_port_disable_global_interrupt))
<BR><BR>[Stack]<UL><LI>Max Depth = 8<LI>Call Chain = perfc_port_disable_global_interrupt
</UL>
<BR>[Called By]<UL><LI><a href="#[5d]">&gt;&gt;</a>&nbsp;&nbsp;&nbsp;__check_and_handle_ovf
</UL>

<P><STRONG><a name="[62]"></a>perfc_port_resume_global_interrupt</STRONG> (Thumb, 18 bytes, Stack size 8 bytes, lto-llvm-82538a.o(.text.perfc_port_resume_global_interrupt))
<BR><BR>[Stack]<UL><LI>Max Depth = 8<LI>Call Chain = perfc_port_resume_global_interrupt
</UL>
<BR>[Called By]<UL><LI><a href="#[5d]">&gt;&gt;</a>&nbsp;&nbsp;&nbsp;__check_and_handle_ovf
</UL>

<P><STRONG><a name="[99]"></a>perfc_delay_us_user_code_in_loop</STRONG> (Thumb, 10 bytes, Stack size 8 bytes, lto-llvm-82538a.o(.text.perfc_delay_us_user_code_in_loop))
<BR><BR>[Stack]<UL><LI>Max Depth = 8<LI>Call Chain = perfc_delay_us_user_code_in_loop
</UL>
<BR>[Called By]<UL><LI><a href="#[78]">&gt;&gt;</a>&nbsp;&nbsp;&nbsp;perfc_delay_us
</UL>

<P><STRONG><a name="[98]"></a>perfc_convert_us_to_ticks</STRONG> (Thumb, 90 bytes, Stack size 16 bytes, lto-llvm-82538a.o(.text.perfc_convert_us_to_ticks))
<BR><BR>[Stack]<UL><LI>Max Depth = 16<LI>Call Chain = perfc_convert_us_to_ticks
</UL>
<BR>[Called By]<UL><LI><a href="#[78]">&gt;&gt;</a>&nbsp;&nbsp;&nbsp;perfc_delay_us
</UL>

<P><STRONG><a name="[97]"></a>perfc_convert_ticks_to_us</STRONG> (Thumb, 112 bytes, Stack size 24 bytes, lto-llvm-82538a.o(.text.perfc_convert_ticks_to_us))
<BR><BR>[Stack]<UL><LI>Max Depth = 88<LI>Call Chain = perfc_convert_ticks_to_us &rArr; __aeabi_ldivmod &rArr; __aeabi_uldivmod
</UL>
<BR>[Calls]<UL><LI><a href="#[40]">&gt;&gt;</a>&nbsp;&nbsp;&nbsp;__aeabi_ldivmod
</UL>
<BR>[Called By]<UL><LI><a href="#[78]">&gt;&gt;</a>&nbsp;&nbsp;&nbsp;perfc_delay_us
</UL>

<P><STRONG><a name="[9c]"></a>perfc_port_mask_systimer_interrupt.192</STRONG> (Thumb, 20 bytes, Stack size 8 bytes, lto-llvm-82538a.o(.text.perfc_port_mask_systimer_interrupt.192))
<BR><BR>[Stack]<UL><LI>Max Depth = 8<LI>Call Chain = perfc_port_mask_systimer_interrupt.192
</UL>
<BR>[Called By]<UL><LI><a href="#[9a]">&gt;&gt;</a>&nbsp;&nbsp;&nbsp;perfc_port_init_system_timer
</UL>

<P><STRONG><a name="[9d]"></a>perfc_port_resume_systimer_interrupt.193</STRONG> (Thumb, 18 bytes, Stack size 8 bytes, lto-llvm-82538a.o(.text.perfc_port_resume_systimer_interrupt.193))
<BR><BR>[Stack]<UL><LI>Max Depth = 8<LI>Call Chain = perfc_port_resume_systimer_interrupt.193
</UL>
<BR>[Called By]<UL><LI><a href="#[9a]">&gt;&gt;</a>&nbsp;&nbsp;&nbsp;perfc_port_init_system_timer
</UL>
<P>
<H3>
Undefined Global Symbols
</H3><HR></body></html>
